/home/user/passthrough/.venv/lib/python3.12/site-packages/ape/api/networks.py:125: PydanticDeprecatedSince212: Using `@model_validator` with mode='after' on a classmethod is deprecated. Instead, use an instance method. See the documentation at https://docs.pydantic.dev/2.12/concepts/validators/#model-after-validator. Deprecated in Pydantic V2.12 to be removed in V3.0.
  @model_validator(mode="after")
/home/user/passthrough/.venv/lib/python3.12/site-packages/ape_ethereum/transactions.py:148: PydanticDeprecatedSince212: Using `@model_validator` with mode='after' on a classmethod is deprecated. Instead, use an instance method. See the documentation at https://docs.pydantic.dev/2.12/concepts/validators/#model-after-validator. Deprecated in Pydantic V2.12 to be removed in V3.0.
  @model_validator(mode="after")
============================= test session starts ==============================
platform linux -- Python 3.12.3, pytest-8.4.2, pluggy-1.6.0 -- /home/user/passthrough/.venv/bin/python3.12
cachedir: .pytest_cache
rootdir: /home/user/passthrough
plugins: eth-ape-0.8.41
collecting ... collected 19 items

tests/test_factory.py::test_factory_deployment ERROR                     [  5%]
tests/test_factory.py::test_create_passthrough ERROR                     [ 10%]
tests/test_factory.py::test_multiple_passthroughs ERROR                  [ 15%]
tests/test_factory.py::test_passthrough_functionality ERROR              [ 21%]
tests/test_factory.py::test_set_blueprint ERROR                          [ 26%]
tests/test_factory.py::test_set_ownership_admin ERROR                    [ 31%]
tests/test_factory.py::test_set_parameter_admin ERROR                    [ 36%]
tests/test_factory.py::test_transfer_ownership ERROR                     [ 42%]
tests/test_factory.py::test_transfer_ownership_access_control ERROR      [ 47%]
tests/test_factory.py::test_transfer_ownership_zero_address ERROR        [ 52%]
tests/test_factory.py::test_get_passthrough_out_of_bounds ERROR          [ 57%]
tests/test_factory.py::test_anyone_can_create_passthrough ERROR          [ 63%]
tests/test_factory.py::test_passthrough_shares_factory_admins ERROR      [ 68%]
tests/test_factory.py::test_admin_change_affects_new_passthroughs ERROR  [ 73%]
tests/test_factory_integration.py::test_deploy_multiple_gauges_scenario ERROR [ 78%]
tests/test_factory_integration.py::test_factory_gas_savings ERROR        [ 84%]
tests/test_factory_integration.py::test_upgrade_blueprint_and_deploy ERROR [ 89%]
tests/test_factory_integration.py::test_batch_deployment_simulation ERROR [ 94%]
tests/test_factory_integration.py::test_centralized_admin_management ERROR [100%]

==================================== ERRORS ====================================
__________________ ERROR at setup of test_factory_deployment ___________________
/home/user/passthrough/.venv/lib/python3.12/site-packages/_pytest/runner.py:344: in from_call
    result: TResult | None = func()
                             ^^^^^^
        cls        = <class '_pytest.runner.CallInfo'>
        duration   = Duration(start=Instant(time=1763228717.1089182, perf_count=278.30144648), stop=Instant(time=1763228717.7043638, perf_count=278.896890968))
        excinfo    = <ExceptionInfo InvalidAddress('web3.py only accepts checksum addresses. The software that gave you this non-checksum a...wer safety, use Web3.to_checksum_address(lower_case_address).', '0x5fbdb2315678afecb367f032d93f642f64180aa3') tblen=44>
        func       = <function call_and_report.<locals>.<lambda> at 0x7eb6c1b77ec0>
        instant    = Instant(time=1763228717.1089182, perf_count=278.30144648)
        reraise    = (<class '_pytest.outcomes.Exit'>, <class 'KeyboardInterrupt'>)
        result     = None
        when       = 'setup'
/home/user/passthrough/.venv/lib/python3.12/site-packages/_pytest/runner.py:246: in <lambda>
    lambda: runtest_hook(item=item, **kwds), when=when, reraise=reraise
            ^^^^^^^^^^^^^^^^^^^^^^^^^^^^^^^
        item       = <Function test_factory_deployment>
        kwds       = {}
        runtest_hook = <HookCaller 'pytest_runtest_setup'>
/home/user/passthrough/.venv/lib/python3.12/site-packages/pluggy/_hooks.py:512: in __call__
    return self._hookexec(self.name, self._hookimpls.copy(), kwargs, firstresult)
           ^^^^^^^^^^^^^^^^^^^^^^^^^^^^^^^^^^^^^^^^^^^^^^^^^^^^^^^^^^^^^^^^^^^^^^
        firstresult = False
        kwargs     = {'item': <Function test_factory_deployment>}
        self       = <HookCaller 'pytest_runtest_setup'>
/home/user/passthrough/.venv/lib/python3.12/site-packages/pluggy/_manager.py:120: in _hookexec
    return self._inner_hookexec(hook_name, methods, kwargs, firstresult)
           ^^^^^^^^^^^^^^^^^^^^^^^^^^^^^^^^^^^^^^^^^^^^^^^^^^^^^^^^^^^^^
        firstresult = False
        hook_name  = 'pytest_runtest_setup'
        kwargs     = {'item': <Function test_factory_deployment>}
        methods    = [<HookImpl plugin_name='threadexception', plugin=<module '_pytest.threadexception' from '/home/user/passthrough/.venv/...pper name='/dev/null' mode='r' encoding='utf-8'>> _state='suspended' _in_suspended=False> _capture_fixture=None>>, ...]
        self       = <_pytest.config.PytestPluginManager object at 0x7eb6f1460f50>
/home/user/passthrough/.venv/lib/python3.12/site-packages/pluggy/_callers.py:167: in _multicall
    raise exception
        __tracebackhide__ = True
        args       = [<Function test_factory_deployment>]
        caller_kwargs = {'item': <Function test_factory_deployment>}
        exception  = InvalidAddress('web3.py only accepts checksum addresses. The software that gave you this non-checksum address should b... accept lower safety, use Web3.to_checksum_address(lower_case_address).', '0x5fbdb2315678afecb367f032d93f642f64180aa3')
        firstresult = False
        function_gen = <generator object CaptureManager.pytest_runtest_setup at 0x7eb6c1bb8d60>
        hook_impl  = <HookImpl plugin_name='runner', plugin=<module '_pytest.runner' from '/home/user/passthrough/.venv/lib/python3.12/site-packages/_pytest/runner.py'>>
        hook_impls = [<HookImpl plugin_name='threadexception', plugin=<module '_pytest.threadexception' from '/home/user/passthrough/.venv/...pper name='/dev/null' mode='r' encoding='utf-8'>> _state='suspended' _in_suspended=False> _capture_fixture=None>>, ...]
        hook_name  = 'pytest_runtest_setup'
        res        = None
        result     = []
        results    = []
        teardown   = <generator object LoggingPlugin.pytest_runtest_setup at 0x7eb6c1b717b0>
        teardowns  = [<generator object LoggingPlugin.pytest_runtest_setup at 0x7eb6c1b717b0>, <generator object CaptureManager.pytest_runtest_setup at 0x7eb6c1bb8d60>]
/home/user/passthrough/.venv/lib/python3.12/site-packages/pluggy/_callers.py:139: in _multicall
    teardown.throw(exception)
        __tracebackhide__ = True
        args       = [<Function test_factory_deployment>]
        caller_kwargs = {'item': <Function test_factory_deployment>}
        exception  = InvalidAddress('web3.py only accepts checksum addresses. The software that gave you this non-checksum address should b... accept lower safety, use Web3.to_checksum_address(lower_case_address).', '0x5fbdb2315678afecb367f032d93f642f64180aa3')
        firstresult = False
        function_gen = <generator object CaptureManager.pytest_runtest_setup at 0x7eb6c1bb8d60>
        hook_impl  = <HookImpl plugin_name='runner', plugin=<module '_pytest.runner' from '/home/user/passthrough/.venv/lib/python3.12/site-packages/_pytest/runner.py'>>
        hook_impls = [<HookImpl plugin_name='threadexception', plugin=<module '_pytest.threadexception' from '/home/user/passthrough/.venv/...pper name='/dev/null' mode='r' encoding='utf-8'>> _state='suspended' _in_suspended=False> _capture_fixture=None>>, ...]
        hook_name  = 'pytest_runtest_setup'
        res        = None
        result     = []
        results    = []
        teardown   = <generator object LoggingPlugin.pytest_runtest_setup at 0x7eb6c1b717b0>
        teardowns  = [<generator object LoggingPlugin.pytest_runtest_setup at 0x7eb6c1b717b0>, <generator object CaptureManager.pytest_runtest_setup at 0x7eb6c1bb8d60>]
/home/user/passthrough/.venv/lib/python3.12/site-packages/_pytest/logging.py:843: in pytest_runtest_setup
    yield
        empty      = {'setup': []}
        item       = <Function test_factory_deployment>
        self       = <_pytest.logging.LoggingPlugin object at 0x7eb6ee3dcf20>
/home/user/passthrough/.venv/lib/python3.12/site-packages/pluggy/_callers.py:139: in _multicall
    teardown.throw(exception)
        __tracebackhide__ = True
        args       = [<Function test_factory_deployment>]
        caller_kwargs = {'item': <Function test_factory_deployment>}
        exception  = InvalidAddress('web3.py only accepts checksum addresses. The software that gave you this non-checksum address should b... accept lower safety, use Web3.to_checksum_address(lower_case_address).', '0x5fbdb2315678afecb367f032d93f642f64180aa3')
        firstresult = False
        function_gen = <generator object CaptureManager.pytest_runtest_setup at 0x7eb6c1bb8d60>
        hook_impl  = <HookImpl plugin_name='runner', plugin=<module '_pytest.runner' from '/home/user/passthrough/.venv/lib/python3.12/site-packages/_pytest/runner.py'>>
        hook_impls = [<HookImpl plugin_name='threadexception', plugin=<module '_pytest.threadexception' from '/home/user/passthrough/.venv/...pper name='/dev/null' mode='r' encoding='utf-8'>> _state='suspended' _in_suspended=False> _capture_fixture=None>>, ...]
        hook_name  = 'pytest_runtest_setup'
        res        = None
        result     = []
        results    = []
        teardown   = <generator object LoggingPlugin.pytest_runtest_setup at 0x7eb6c1b717b0>
        teardowns  = [<generator object LoggingPlugin.pytest_runtest_setup at 0x7eb6c1b717b0>, <generator object CaptureManager.pytest_runtest_setup at 0x7eb6c1bb8d60>]
/home/user/passthrough/.venv/lib/python3.12/site-packages/_pytest/capture.py:895: in pytest_runtest_setup
    return (yield)
            ^^^^^
        item       = <Function test_factory_deployment>
        self       = <CaptureManager _method='fd' _global_capturing=<MultiCapture out=<FDCapture 1 oldfd=5 _state='suspended' tmpfile=<_io....xtIOWrapper name='/dev/null' mode='r' encoding='utf-8'>> _state='suspended' _in_suspended=False> _capture_fixture=None>
/home/user/passthrough/.venv/lib/python3.12/site-packages/pluggy/_callers.py:121: in _multicall
    res = hook_impl.function(*args)
          ^^^^^^^^^^^^^^^^^^^^^^^^^
        __tracebackhide__ = True
        args       = [<Function test_factory_deployment>]
        caller_kwargs = {'item': <Function test_factory_deployment>}
        exception  = InvalidAddress('web3.py only accepts checksum addresses. The software that gave you this non-checksum address should b... accept lower safety, use Web3.to_checksum_address(lower_case_address).', '0x5fbdb2315678afecb367f032d93f642f64180aa3')
        firstresult = False
        function_gen = <generator object CaptureManager.pytest_runtest_setup at 0x7eb6c1bb8d60>
        hook_impl  = <HookImpl plugin_name='runner', plugin=<module '_pytest.runner' from '/home/user/passthrough/.venv/lib/python3.12/site-packages/_pytest/runner.py'>>
        hook_impls = [<HookImpl plugin_name='threadexception', plugin=<module '_pytest.threadexception' from '/home/user/passthrough/.venv/...pper name='/dev/null' mode='r' encoding='utf-8'>> _state='suspended' _in_suspended=False> _capture_fixture=None>>, ...]
        hook_name  = 'pytest_runtest_setup'
        res        = None
        result     = []
        results    = []
        teardown   = <generator object LoggingPlugin.pytest_runtest_setup at 0x7eb6c1b717b0>
        teardowns  = [<generator object LoggingPlugin.pytest_runtest_setup at 0x7eb6c1b717b0>, <generator object CaptureManager.pytest_runtest_setup at 0x7eb6c1bb8d60>]
/home/user/passthrough/.venv/lib/python3.12/site-packages/_pytest/runner.py:164: in pytest_runtest_setup
    item.session._setupstate.setup(item)
        item       = <Function test_factory_deployment>
/home/user/passthrough/.venv/lib/python3.12/site-packages/_pytest/runner.py:514: in setup
    col.setup()
        col        = <Function test_factory_deployment>
        item       = <Function test_factory_deployment>
        needed_collectors = [<Session  exitstatus=<ExitCode.OK: 0> testsfailed=1 testscollected=19>, <Dir passthrough>, <Dir tests>, <Module test_factory.py>, <Function test_factory_deployment>]
        self       = <_pytest.runner.SetupState object at 0x7eb6ee3c72c0>
/home/user/passthrough/.venv/lib/python3.12/site-packages/_pytest/python.py:1674: in setup
    self._request._fillfixtures()
        self       = <Function test_factory_deployment>
/home/user/passthrough/.venv/lib/python3.12/site-packages/_pytest/fixtures.py:720: in _fillfixtures
    item.funcargs[argname] = self.getfixturevalue(argname)
                             ^^^^^^^^^^^^^^^^^^^^^^^^^^^^^
        argname    = 'blueprint'
        item       = <Function test_factory_deployment>
        self       = <FixtureRequest for <Function test_factory_deployment>>
/home/user/passthrough/.venv/lib/python3.12/site-packages/_pytest/fixtures.py:549: in getfixturevalue
    fixturedef = self._get_active_fixturedef(argname)
                 ^^^^^^^^^^^^^^^^^^^^^^^^^^^^^^^^^^^^
        argname    = 'blueprint'
        self       = <FixtureRequest for <Function test_factory_deployment>>
/home/user/passthrough/.venv/lib/python3.12/site-packages/_pytest/fixtures.py:640: in _get_active_fixturedef
    fixturedef.execute(request=subrequest)
        argname    = 'blueprint'
        callspec   = None
        fixturedef = <FixtureDef argname='blueprint' scope='function' baseid='tests/test_factory.py'>
        fixturedefs = (<FixtureDef argname='blueprint' scope='function' baseid='tests/test_factory.py'>,)
        index      = -1
        param      = <NotSetType.token: 0>
        param_index = 0
        scope      = <Scope.Function: 'function'>
        self       = <FixtureRequest for <Function test_factory_deployment>>
        subrequest = <SubRequest 'blueprint' for <Function test_factory_deployment>>
/home/user/passthrough/.venv/lib/python3.12/site-packages/_pytest/fixtures.py:1128: in execute
    result = ihook.pytest_fixture_setup(fixturedef=self, request=request)
             ^^^^^^^^^^^^^^^^^^^^^^^^^^^^^^^^^^^^^^^^^^^^^^^^^^^^^^^^^^^^
        argname    = 'owner'
        finalizer  = functools.partial(<bound method FixtureDef.finish of <FixtureDef argname='blueprint' scope='function' baseid='tests/test_factory.py'>>, request=<SubRequest 'blueprint' for <Function test_factory_deployment>>)
        fixturedef = <FixtureDef argname='owner' scope='function' baseid='tests/test_factory.py'>
        ihook      = <_pytest.config.compat.PathAwareHookProxy object at 0x7eb6f15e2e40>
        parent_fixture = <FixtureDef argname='owner' scope='function' baseid='tests/test_factory.py'>
        request    = <SubRequest 'blueprint' for <Function test_factory_deployment>>
        requested_fixtures_that_should_finalize_us = [<FixtureDef argname='owner' scope='function' baseid='tests/test_factory.py'>]
        self       = <FixtureDef argname='blueprint' scope='function' baseid='tests/test_factory.py'>
/home/user/passthrough/.venv/lib/python3.12/site-packages/pluggy/_hooks.py:512: in __call__
    return self._hookexec(self.name, self._hookimpls.copy(), kwargs, firstresult)
           ^^^^^^^^^^^^^^^^^^^^^^^^^^^^^^^^^^^^^^^^^^^^^^^^^^^^^^^^^^^^^^^^^^^^^^
        firstresult = True
        kwargs     = {'fixturedef': <FixtureDef argname='blueprint' scope='function' baseid='tests/test_factory.py'>, 'request': <SubRequest 'blueprint' for <Function test_factory_deployment>>}
        self       = <HookCaller 'pytest_fixture_setup'>
/home/user/passthrough/.venv/lib/python3.12/site-packages/pluggy/_manager.py:120: in _hookexec
    return self._inner_hookexec(hook_name, methods, kwargs, firstresult)
           ^^^^^^^^^^^^^^^^^^^^^^^^^^^^^^^^^^^^^^^^^^^^^^^^^^^^^^^^^^^^^
        firstresult = True
        hook_name  = 'pytest_fixture_setup'
        kwargs     = {'fixturedef': <FixtureDef argname='blueprint' scope='function' baseid='tests/test_factory.py'>, 'request': <SubRequest 'blueprint' for <Function test_factory_deployment>>}
        methods    = [<HookImpl plugin_name='fixtures', plugin=<module '_pytest.fixtures' from '/home/user/passthrough/.venv/lib/python3.12...in=<module '_pytest.setuponly' from '/home/user/passthrough/.venv/lib/python3.12/site-packages/_pytest/setuponly.py'>>]
        self       = <_pytest.config.PytestPluginManager object at 0x7eb6f1460f50>
/home/user/passthrough/.venv/lib/python3.12/site-packages/pluggy/_callers.py:167: in _multicall
    raise exception
        __tracebackhide__ = True
        args       = [<FixtureDef argname='blueprint' scope='function' baseid='tests/test_factory.py'>, <SubRequest 'blueprint' for <Function test_factory_deployment>>]
        caller_kwargs = {'fixturedef': <FixtureDef argname='blueprint' scope='function' baseid='tests/test_factory.py'>, 'request': <SubRequest 'blueprint' for <Function test_factory_deployment>>}
        exception  = InvalidAddress('web3.py only accepts checksum addresses. The software that gave you this non-checksum address should b... accept lower safety, use Web3.to_checksum_address(lower_case_address).', '0x5fbdb2315678afecb367f032d93f642f64180aa3')
        firstresult = True
        function_gen = <generator object pytest_fixture_setup at 0x7eb6c1b71b70>
        hook_impl  = <HookImpl plugin_name='fixtures', plugin=<module '_pytest.fixtures' from '/home/user/passthrough/.venv/lib/python3.12/site-packages/_pytest/fixtures.py'>>
        hook_impls = [<HookImpl plugin_name='fixtures', plugin=<module '_pytest.fixtures' from '/home/user/passthrough/.venv/lib/python3.12...in=<module '_pytest.setuponly' from '/home/user/passthrough/.venv/lib/python3.12/site-packages/_pytest/setuponly.py'>>]
        hook_name  = 'pytest_fixture_setup'
        res        = None
        result     = None
        results    = []
        teardown   = <generator object pytest_fixture_setup at 0x7eb6c1b71b70>
        teardowns  = [<generator object pytest_fixture_setup at 0x7eb6c1b71b70>]
/home/user/passthrough/.venv/lib/python3.12/site-packages/pluggy/_callers.py:139: in _multicall
    teardown.throw(exception)
        __tracebackhide__ = True
        args       = [<FixtureDef argname='blueprint' scope='function' baseid='tests/test_factory.py'>, <SubRequest 'blueprint' for <Function test_factory_deployment>>]
        caller_kwargs = {'fixturedef': <FixtureDef argname='blueprint' scope='function' baseid='tests/test_factory.py'>, 'request': <SubRequest 'blueprint' for <Function test_factory_deployment>>}
        exception  = InvalidAddress('web3.py only accepts checksum addresses. The software that gave you this non-checksum address should b... accept lower safety, use Web3.to_checksum_address(lower_case_address).', '0x5fbdb2315678afecb367f032d93f642f64180aa3')
        firstresult = True
        function_gen = <generator object pytest_fixture_setup at 0x7eb6c1b71b70>
        hook_impl  = <HookImpl plugin_name='fixtures', plugin=<module '_pytest.fixtures' from '/home/user/passthrough/.venv/lib/python3.12/site-packages/_pytest/fixtures.py'>>
        hook_impls = [<HookImpl plugin_name='fixtures', plugin=<module '_pytest.fixtures' from '/home/user/passthrough/.venv/lib/python3.12...in=<module '_pytest.setuponly' from '/home/user/passthrough/.venv/lib/python3.12/site-packages/_pytest/setuponly.py'>>]
        hook_name  = 'pytest_fixture_setup'
        res        = None
        result     = None
        results    = []
        teardown   = <generator object pytest_fixture_setup at 0x7eb6c1b71b70>
        teardowns  = [<generator object pytest_fixture_setup at 0x7eb6c1b71b70>]
/home/user/passthrough/.venv/lib/python3.12/site-packages/_pytest/setuponly.py:36: in pytest_fixture_setup
    return (yield)
            ^^^^^
        fixturedef = <FixtureDef argname='blueprint' scope='function' baseid='tests/test_factory.py'>
        request    = <SubRequest 'blueprint' for <Function test_factory_deployment>>
/home/user/passthrough/.venv/lib/python3.12/site-packages/pluggy/_callers.py:121: in _multicall
    res = hook_impl.function(*args)
          ^^^^^^^^^^^^^^^^^^^^^^^^^
        __tracebackhide__ = True
        args       = [<FixtureDef argname='blueprint' scope='function' baseid='tests/test_factory.py'>, <SubRequest 'blueprint' for <Function test_factory_deployment>>]
        caller_kwargs = {'fixturedef': <FixtureDef argname='blueprint' scope='function' baseid='tests/test_factory.py'>, 'request': <SubRequest 'blueprint' for <Function test_factory_deployment>>}
        exception  = InvalidAddress('web3.py only accepts checksum addresses. The software that gave you this non-checksum address should b... accept lower safety, use Web3.to_checksum_address(lower_case_address).', '0x5fbdb2315678afecb367f032d93f642f64180aa3')
        firstresult = True
        function_gen = <generator object pytest_fixture_setup at 0x7eb6c1b71b70>
        hook_impl  = <HookImpl plugin_name='fixtures', plugin=<module '_pytest.fixtures' from '/home/user/passthrough/.venv/lib/python3.12/site-packages/_pytest/fixtures.py'>>
        hook_impls = [<HookImpl plugin_name='fixtures', plugin=<module '_pytest.fixtures' from '/home/user/passthrough/.venv/lib/python3.12...in=<module '_pytest.setuponly' from '/home/user/passthrough/.venv/lib/python3.12/site-packages/_pytest/setuponly.py'>>]
        hook_name  = 'pytest_fixture_setup'
        res        = None
        result     = None
        results    = []
        teardown   = <generator object pytest_fixture_setup at 0x7eb6c1b71b70>
        teardowns  = [<generator object pytest_fixture_setup at 0x7eb6c1b71b70>]
/home/user/passthrough/.venv/lib/python3.12/site-packages/_pytest/fixtures.py:1196: in pytest_fixture_setup
    result = call_fixture_func(fixturefunc, request, kwargs)
             ^^^^^^^^^^^^^^^^^^^^^^^^^^^^^^^^^^^^^^^^^^^^^^^
        argname    = 'owner'
        fixturedef = <FixtureDef argname='blueprint' scope='function' baseid='tests/test_factory.py'>
        fixturefunc = <function blueprint at 0x7eb6c27cea20>
        kwargs     = {'owner': <TestAccount_0 0xf39Fd6e51aad88F6F4ce6aB8827279cffFb92266>}
        my_cache_key = None
        request    = <SubRequest 'blueprint' for <Function test_factory_deployment>>
/home/user/passthrough/.venv/lib/python3.12/site-packages/_pytest/fixtures.py:930: in call_fixture_func
    fixture_result = fixturefunc(**kwargs)
                     ^^^^^^^^^^^^^^^^^^^^^
        fixturefunc = <function blueprint at 0x7eb6c27cea20>
        kwargs     = {'owner': <TestAccount_0 0xf39Fd6e51aad88F6F4ce6aB8827279cffFb92266>}
        request    = <SubRequest 'blueprint' for <Function test_factory_deployment>>
/home/user/passthrough/tests/test_factory.py:40: in blueprint
    return deploy_blueprint(project.Passthrough, owner)
           ^^^^^^^^^^^^^^^^^^^^^^^^^^^^^^^^^^^^^^^^^^^^
        deploy_blueprint = <function deploy_blueprint at 0x7eb6f115fce0>
        owner      = <TestAccount_0 0xf39Fd6e51aad88F6F4ce6aB8827279cffFb92266>
/home/user/passthrough/tests/conftest.py:60: in deploy_blueprint
    runtime_bytecode = web3.eth.get_code(temp_address)
                       ^^^^^^^^^^^^^^^^^^^^^^^^^^^^^^^
        contract_container = <Passthrough>
        contract_type = <ContractType Passthrough>
        init_code  = '0x611b865150346103a2576020611f645f395f51600a602082611f64015f395f51116103a257602081611f64015f395f515f81600a81116103a25...401aa1855820852887320f0d404c27938a631eb6e7268477bf82e4f8608ee65c859a4d311bf9191b8681183e1820a1657679706572830004030038'
        keccak     = <function keccak at 0x7eb6f0fd5b20>
        nonce      = 0
        receipt    = AttributeDict({'blockHash': HexBytes('0x619038d233b3daeb5fe32b0e477aa50ec0464cdf6ea3b8e0071183238054902d'), 'blockNumb...sh': HexBytes('0x7af2175882a71fa8813fe5cb44583488df1652a3771d2041153745d27500e163'), 'transactionIndex': 0, 'type': 0})
        rlp        = <module 'rlp' from '/home/user/passthrough/.venv/lib/python3.12/site-packages/rlp/__init__.py'>
        rlp_encoded = b'\xd6\x94\xf3\x9f\xd6\xe5\x1a\xad\x88\xf6\xf4\xcej\xb8\x82ry\xcf\xff\xb9"f\x80'
        sender     = <TestAccount_0 0xf39Fd6e51aad88F6F4ce6aB8827279cffFb92266>
        temp_address = '0x5fbdb2315678afecb367f032d93f642f64180aa3'
        to_checksum_address = <function to_checksum_address at 0x7eb6f107d4e0>
        tx_dict    = {'data': '0x611b865150346103a2576020611f645f395f51600a602082611f64015f395f51116103a257602081611f64015f395f515f81600a81...706572830004030038', 'from': '0xf39Fd6e51aad88F6F4ce6aB8827279cffFb92266', 'gas': 3000000, 'gasPrice': 1000000000, ...}
        tx_hash    = HexBytes('0x7af2175882a71fa8813fe5cb44583488df1652a3771d2041153745d27500e163')
        web3       = <web3.main.Web3 object at 0x7eb6c234e4b0>
/home/user/passthrough/.venv/lib/python3.12/site-packages/web3/eth/eth.py:455: in get_code
    return self._get_code(account, block_identifier)
           ^^^^^^^^^^^^^^^^^^^^^^^^^^^^^^^^^^^^^^^^^
        account    = '0x5fbdb2315678afecb367f032d93f642f64180aa3'
        block_identifier = None
        self       = <web3.eth.eth.Eth object at 0x7eb6c1e167b0>
/home/user/passthrough/.venv/lib/python3.12/site-packages/web3/module.py:101: in caller
    (method_str, params), response_formatters = method.process_params(
        args       = ('0x5fbdb2315678afecb367f032d93f642f64180aa3', None)
        kwargs     = {}
        method     = <web3.method.Method object at 0x7eb6f1443320>
        module     = <web3.eth.eth.Eth object at 0x7eb6c1e167b0>
        w3         = <web3.main.Web3 object at 0x7eb6c234e4b0>
/home/user/passthrough/.venv/lib/python3.12/site-packages/web3/method.py:237: in process_params
    _apply_request_formatters(params, self.request_formatters(method)),
    ^^^^^^^^^^^^^^^^^^^^^^^^^^^^^^^^^^^^^^^^^^^^^^^^^^^^^^^^^^^^^^^^^^
        args       = ('0x5fbdb2315678afecb367f032d93f642f64180aa3', None)
        kwargs     = {}
        method     = 'eth_getCode'
        module     = <web3.eth.eth.Eth object at 0x7eb6c1e167b0>
        params     = ('0x5fbdb2315678afecb367f032d93f642f64180aa3', 'latest')
        response_formatters = (<class 'hexbytes.main.HexBytes'>, <cyfunction identity at 0x7eb6f0ec1840>, <cyfunction identity at 0x7eb6f0ec1840>)
        self       = <web3.method.Method object at 0x7eb6f1443320>
/home/user/passthrough/.venv/lib/python3.12/site-packages/eth_utils/functional.py:47: in inner
    return callback(fn(*args, **kwargs))
                    ^^^^^^^^^^^^^^^^^^^
        args       = (('0x5fbdb2315678afecb367f032d93f642f64180aa3', 'latest'), Compose(<function map_abi_data at 0x7eb6eed50d60>, <function apply_formatter_at_index at 0x7eb6f0e9b7e0>))
        callback   = <class 'tuple'>
        fn         = <function _apply_request_formatters at 0x7eb6ee874400>
        kwargs     = {}
/home/user/passthrough/.venv/lib/python3.12/site-packages/web3/method.py:64: in _apply_request_formatters
    formatted_params = pipe(params, request_formatters)
                       ^^^^^^^^^^^^^^^^^^^^^^^^^^^^^^^^
        params     = ('0x5fbdb2315678afecb367f032d93f642f64180aa3', 'latest')
        request_formatters = Compose(<function map_abi_data at 0x7eb6eed50d60>, <function apply_formatter_at_index at 0x7eb6f0e9b7e0>)
/home/user/passthrough/.venv/lib/python3.12/site-packages/web3/_utils/abi.py:613: in map_abi_data
    return pipe(
        data       = ('0x5fbdb2315678afecb367f032d93f642f64180aa3', 'latest')
        normalizers = [<function abi_bytes_to_hex at 0x7eb6eed6dc60>, <function abi_int_to_hex at 0x7eb6eed6de40>, <function abi_string_to_hex at 0x7eb6eed6df80>, <function abi_address_to_hex at 0x7eb6eed6e3e0>]
        types      = ['address', None]
/home/user/passthrough/.venv/lib/python3.12/site-packages/web3/_utils/abi.py:655: in data_tree_map
    return recursive_map(map_to_typed_data, data_tree)
           ^^^^^^^^^^^^^^^^^^^^^^^^^^^^^^^^^^^^^^^^^^^
        data_tree  = [ABITypedData(abi_type='address', data='0x5fbdb2315678afecb367f032d93f642f64180aa3'), ABITypedData(abi_type=None, data='latest')]
        func       = <function abi_address_to_hex at 0x7eb6eed6e3e0>
        map_to_typed_data = <function data_tree_map.<locals>.map_to_typed_data at 0x7eb6c1902340>
/home/user/passthrough/.venv/lib/python3.12/site-packages/web3/_utils/decorators.py:38: in wrapped
    return to_wrap(*args)
           ^^^^^^^^^^^^^^
        add_call   = <built-in method add of set object at 0x7eb6eeee0ba0>
        already_called = set()
        args       = (<function data_tree_map.<locals>.map_to_typed_data at 0x7eb6c1902340>, [ABITypedData(abi_type='address', data='0x5fbdb2315678afecb367f032d93f642f64180aa3'), ABITypedData(abi_type=None, data='latest')])
        remove_call = <built-in method remove of set object at 0x7eb6eeee0ba0>
        thread_local_args = (139324213223552, 139323396596544, 139323396847040)
        to_wrap    = <function recursive_map at 0x7eb6eecfef20>
/home/user/passthrough/.venv/lib/python3.12/site-packages/web3/_utils/formatters.py:89: in recursive_map
    items_mapped = map_collection(recurse, data)
                   ^^^^^^^^^^^^^^^^^^^^^^^^^^^^^
        data       = [ABITypedData(abi_type='address', data='0x5fbdb2315678afecb367f032d93f642f64180aa3'), ABITypedData(abi_type=None, data='latest')]
        func       = <function data_tree_map.<locals>.map_to_typed_data at 0x7eb6c1902340>
        recurse    = <function recursive_map.<locals>.recurse at 0x7eb6c1902840>
/home/user/passthrough/.venv/lib/python3.12/site-packages/web3/_utils/formatters.py:73: in map_collection
    return datatype(map(func, collection))
           ^^^^^^^^^^^^^^^^^^^^^^^^^^^^^^^
        collection = [ABITypedData(abi_type='address', data='0x5fbdb2315678afecb367f032d93f642f64180aa3'), ABITypedData(abi_type=None, data='latest')]
        datatype   = <class 'list'>
        func       = <function recursive_map.<locals>.recurse at 0x7eb6c1902840>
/home/user/passthrough/.venv/lib/python3.12/site-packages/web3/_utils/formatters.py:87: in recurse
    return recursive_map(func, item)
           ^^^^^^^^^^^^^^^^^^^^^^^^^
        func       = <function data_tree_map.<locals>.map_to_typed_data at 0x7eb6c1902340>
        item       = ABITypedData(abi_type='address', data='0x5fbdb2315678afecb367f032d93f642f64180aa3')
/home/user/passthrough/.venv/lib/python3.12/site-packages/web3/_utils/decorators.py:38: in wrapped
    return to_wrap(*args)
           ^^^^^^^^^^^^^^
        add_call   = <built-in method add of set object at 0x7eb6eeee0ba0>
        already_called = set()
        args       = (<function data_tree_map.<locals>.map_to_typed_data at 0x7eb6c1902340>, ABITypedData(abi_type='address', data='0x5fbdb2315678afecb367f032d93f642f64180aa3'))
        remove_call = <built-in method remove of set object at 0x7eb6eeee0ba0>
        thread_local_args = (139324213223552, 139323396596544, 139323396909776)
        to_wrap    = <function recursive_map at 0x7eb6eecfef20>
/home/user/passthrough/.venv/lib/python3.12/site-packages/web3/_utils/formatters.py:90: in recursive_map
    return func(items_mapped)
           ^^^^^^^^^^^^^^^^^^
        data       = ABITypedData(abi_type='address', data='0x5fbdb2315678afecb367f032d93f642f64180aa3')
        func       = <function data_tree_map.<locals>.map_to_typed_data at 0x7eb6c1902340>
        items_mapped = ABITypedData(abi_type='address', data='0x5fbdb2315678afecb367f032d93f642f64180aa3')
        recurse    = <function recursive_map.<locals>.recurse at 0x7eb6c1902700>
/home/user/passthrough/.venv/lib/python3.12/site-packages/web3/_utils/abi.py:651: in map_to_typed_data
    return ABITypedData(func(*elements))
                        ^^^^^^^^^^^^^^^
        elements   = ABITypedData(abi_type='address', data='0x5fbdb2315678afecb367f032d93f642f64180aa3')
        func       = <function abi_address_to_hex at 0x7eb6eed6e3e0>
/home/user/passthrough/.venv/lib/python3.12/site-packages/web3/_utils/normalizers.py:79: in wrapper
    modified = to_wrap(type_str, data)
               ^^^^^^^^^^^^^^^^^^^^^^^
        data       = '0x5fbdb2315678afecb367f032d93f642f64180aa3'
        to_wrap    = <function abi_address_to_hex at 0x7eb6eed6e340>
        type_str   = 'address'
/home/user/passthrough/.venv/lib/python3.12/site-packages/web3/_utils/normalizers.py:202: in abi_address_to_hex
    validate_address(data)
        data       = '0x5fbdb2315678afecb367f032d93f642f64180aa3'
        type_str   = 'address'
/home/user/passthrough/.venv/lib/python3.12/site-packages/web3/_utils/validation.py:201: in validate_address
    raise InvalidAddress(
E   web3.exceptions.InvalidAddress: ('web3.py only accepts checksum addresses. The software that gave you this non-checksum address should be considered unsafe, please file it as a bug on their platform. Try using an ENS name instead. Or, if you must accept lower safety, use Web3.to_checksum_address(lower_case_address).', '0x5fbdb2315678afecb367f032d93f642f64180aa3')
        value      = '0x5fbdb2315678afecb367f032d93f642f64180aa3'
__________________ ERROR at setup of test_create_passthrough ___________________
/home/user/passthrough/.venv/lib/python3.12/site-packages/_pytest/runner.py:344: in from_call
    result: TResult | None = func()
                             ^^^^^^
        cls        = <class '_pytest.runner.CallInfo'>
        duration   = Duration(start=Instant(time=1763228719.8674195, perf_count=281.059946285), stop=Instant(time=1763228719.9372766, perf_count=281.129805247))
        excinfo    = <ExceptionInfo InvalidAddress('web3.py only accepts checksum addresses. The software that gave you this non-checksum a...wer safety, use Web3.to_checksum_address(lower_case_address).', '0x5fbdb2315678afecb367f032d93f642f64180aa3') tblen=44>
        func       = <function call_and_report.<locals>.<lambda> at 0x7eb6c1bc1620>
        instant    = Instant(time=1763228719.8674195, perf_count=281.059946285)
        reraise    = (<class '_pytest.outcomes.Exit'>, <class 'KeyboardInterrupt'>)
        result     = None
        when       = 'setup'
/home/user/passthrough/.venv/lib/python3.12/site-packages/_pytest/runner.py:246: in <lambda>
    lambda: runtest_hook(item=item, **kwds), when=when, reraise=reraise
            ^^^^^^^^^^^^^^^^^^^^^^^^^^^^^^^
        item       = <Function test_create_passthrough>
        kwds       = {}
        runtest_hook = <HookCaller 'pytest_runtest_setup'>
/home/user/passthrough/.venv/lib/python3.12/site-packages/pluggy/_hooks.py:512: in __call__
    return self._hookexec(self.name, self._hookimpls.copy(), kwargs, firstresult)
           ^^^^^^^^^^^^^^^^^^^^^^^^^^^^^^^^^^^^^^^^^^^^^^^^^^^^^^^^^^^^^^^^^^^^^^
        firstresult = False
        kwargs     = {'item': <Function test_create_passthrough>}
        self       = <HookCaller 'pytest_runtest_setup'>
/home/user/passthrough/.venv/lib/python3.12/site-packages/pluggy/_manager.py:120: in _hookexec
    return self._inner_hookexec(hook_name, methods, kwargs, firstresult)
           ^^^^^^^^^^^^^^^^^^^^^^^^^^^^^^^^^^^^^^^^^^^^^^^^^^^^^^^^^^^^^
        firstresult = False
        hook_name  = 'pytest_runtest_setup'
        kwargs     = {'item': <Function test_create_passthrough>}
        methods    = [<HookImpl plugin_name='threadexception', plugin=<module '_pytest.threadexception' from '/home/user/passthrough/.venv/...pper name='/dev/null' mode='r' encoding='utf-8'>> _state='suspended' _in_suspended=False> _capture_fixture=None>>, ...]
        self       = <_pytest.config.PytestPluginManager object at 0x7eb6f1460f50>
/home/user/passthrough/.venv/lib/python3.12/site-packages/pluggy/_callers.py:167: in _multicall
    raise exception
        __tracebackhide__ = True
        args       = [<Function test_create_passthrough>]
        caller_kwargs = {'item': <Function test_create_passthrough>}
        exception  = InvalidAddress('web3.py only accepts checksum addresses. The software that gave you this non-checksum address should b... accept lower safety, use Web3.to_checksum_address(lower_case_address).', '0x5fbdb2315678afecb367f032d93f642f64180aa3')
        firstresult = False
        function_gen = <generator object CaptureManager.pytest_runtest_setup at 0x7eb6c195d620>
        hook_impl  = <HookImpl plugin_name='runner', plugin=<module '_pytest.runner' from '/home/user/passthrough/.venv/lib/python3.12/site-packages/_pytest/runner.py'>>
        hook_impls = [<HookImpl plugin_name='threadexception', plugin=<module '_pytest.threadexception' from '/home/user/passthrough/.venv/...pper name='/dev/null' mode='r' encoding='utf-8'>> _state='suspended' _in_suspended=False> _capture_fixture=None>>, ...]
        hook_name  = 'pytest_runtest_setup'
        res        = None
        result     = []
        results    = []
        teardown   = <generator object LoggingPlugin.pytest_runtest_setup at 0x7eb6c1b714e0>
        teardowns  = [<generator object LoggingPlugin.pytest_runtest_setup at 0x7eb6c1b714e0>, <generator object CaptureManager.pytest_runtest_setup at 0x7eb6c195d620>]
/home/user/passthrough/.venv/lib/python3.12/site-packages/pluggy/_callers.py:139: in _multicall
    teardown.throw(exception)
        __tracebackhide__ = True
        args       = [<Function test_create_passthrough>]
        caller_kwargs = {'item': <Function test_create_passthrough>}
        exception  = InvalidAddress('web3.py only accepts checksum addresses. The software that gave you this non-checksum address should b... accept lower safety, use Web3.to_checksum_address(lower_case_address).', '0x5fbdb2315678afecb367f032d93f642f64180aa3')
        firstresult = False
        function_gen = <generator object CaptureManager.pytest_runtest_setup at 0x7eb6c195d620>
        hook_impl  = <HookImpl plugin_name='runner', plugin=<module '_pytest.runner' from '/home/user/passthrough/.venv/lib/python3.12/site-packages/_pytest/runner.py'>>
        hook_impls = [<HookImpl plugin_name='threadexception', plugin=<module '_pytest.threadexception' from '/home/user/passthrough/.venv/...pper name='/dev/null' mode='r' encoding='utf-8'>> _state='suspended' _in_suspended=False> _capture_fixture=None>>, ...]
        hook_name  = 'pytest_runtest_setup'
        res        = None
        result     = []
        results    = []
        teardown   = <generator object LoggingPlugin.pytest_runtest_setup at 0x7eb6c1b714e0>
        teardowns  = [<generator object LoggingPlugin.pytest_runtest_setup at 0x7eb6c1b714e0>, <generator object CaptureManager.pytest_runtest_setup at 0x7eb6c195d620>]
/home/user/passthrough/.venv/lib/python3.12/site-packages/_pytest/logging.py:843: in pytest_runtest_setup
    yield
        empty      = {'setup': []}
        item       = <Function test_create_passthrough>
        self       = <_pytest.logging.LoggingPlugin object at 0x7eb6ee3dcf20>
/home/user/passthrough/.venv/lib/python3.12/site-packages/pluggy/_callers.py:139: in _multicall
    teardown.throw(exception)
        __tracebackhide__ = True
        args       = [<Function test_create_passthrough>]
        caller_kwargs = {'item': <Function test_create_passthrough>}
        exception  = InvalidAddress('web3.py only accepts checksum addresses. The software that gave you this non-checksum address should b... accept lower safety, use Web3.to_checksum_address(lower_case_address).', '0x5fbdb2315678afecb367f032d93f642f64180aa3')
        firstresult = False
        function_gen = <generator object CaptureManager.pytest_runtest_setup at 0x7eb6c195d620>
        hook_impl  = <HookImpl plugin_name='runner', plugin=<module '_pytest.runner' from '/home/user/passthrough/.venv/lib/python3.12/site-packages/_pytest/runner.py'>>
        hook_impls = [<HookImpl plugin_name='threadexception', plugin=<module '_pytest.threadexception' from '/home/user/passthrough/.venv/...pper name='/dev/null' mode='r' encoding='utf-8'>> _state='suspended' _in_suspended=False> _capture_fixture=None>>, ...]
        hook_name  = 'pytest_runtest_setup'
        res        = None
        result     = []
        results    = []
        teardown   = <generator object LoggingPlugin.pytest_runtest_setup at 0x7eb6c1b714e0>
        teardowns  = [<generator object LoggingPlugin.pytest_runtest_setup at 0x7eb6c1b714e0>, <generator object CaptureManager.pytest_runtest_setup at 0x7eb6c195d620>]
/home/user/passthrough/.venv/lib/python3.12/site-packages/_pytest/capture.py:895: in pytest_runtest_setup
    return (yield)
            ^^^^^
        item       = <Function test_create_passthrough>
        self       = <CaptureManager _method='fd' _global_capturing=<MultiCapture out=<FDCapture 1 oldfd=5 _state='suspended' tmpfile=<_io....xtIOWrapper name='/dev/null' mode='r' encoding='utf-8'>> _state='suspended' _in_suspended=False> _capture_fixture=None>
/home/user/passthrough/.venv/lib/python3.12/site-packages/pluggy/_callers.py:121: in _multicall
    res = hook_impl.function(*args)
          ^^^^^^^^^^^^^^^^^^^^^^^^^
        __tracebackhide__ = True
        args       = [<Function test_create_passthrough>]
        caller_kwargs = {'item': <Function test_create_passthrough>}
        exception  = InvalidAddress('web3.py only accepts checksum addresses. The software that gave you this non-checksum address should b... accept lower safety, use Web3.to_checksum_address(lower_case_address).', '0x5fbdb2315678afecb367f032d93f642f64180aa3')
        firstresult = False
        function_gen = <generator object CaptureManager.pytest_runtest_setup at 0x7eb6c195d620>
        hook_impl  = <HookImpl plugin_name='runner', plugin=<module '_pytest.runner' from '/home/user/passthrough/.venv/lib/python3.12/site-packages/_pytest/runner.py'>>
        hook_impls = [<HookImpl plugin_name='threadexception', plugin=<module '_pytest.threadexception' from '/home/user/passthrough/.venv/...pper name='/dev/null' mode='r' encoding='utf-8'>> _state='suspended' _in_suspended=False> _capture_fixture=None>>, ...]
        hook_name  = 'pytest_runtest_setup'
        res        = None
        result     = []
        results    = []
        teardown   = <generator object LoggingPlugin.pytest_runtest_setup at 0x7eb6c1b714e0>
        teardowns  = [<generator object LoggingPlugin.pytest_runtest_setup at 0x7eb6c1b714e0>, <generator object CaptureManager.pytest_runtest_setup at 0x7eb6c195d620>]
/home/user/passthrough/.venv/lib/python3.12/site-packages/_pytest/runner.py:164: in pytest_runtest_setup
    item.session._setupstate.setup(item)
        item       = <Function test_create_passthrough>
/home/user/passthrough/.venv/lib/python3.12/site-packages/_pytest/runner.py:514: in setup
    col.setup()
        col        = <Function test_create_passthrough>
        finalizers = [<bound method Node.teardown of <Module test_factory.py>>]
        item       = <Function test_create_passthrough>
        needed_collectors = [<Session  exitstatus=<ExitCode.OK: 0> testsfailed=2 testscollected=19>, <Dir passthrough>, <Dir tests>, <Module test_factory.py>, <Function test_create_passthrough>]
        self       = <_pytest.runner.SetupState object at 0x7eb6ee3c72c0>
/home/user/passthrough/.venv/lib/python3.12/site-packages/_pytest/python.py:1674: in setup
    self._request._fillfixtures()
        self       = <Function test_create_passthrough>
/home/user/passthrough/.venv/lib/python3.12/site-packages/_pytest/fixtures.py:720: in _fillfixtures
    item.funcargs[argname] = self.getfixturevalue(argname)
                             ^^^^^^^^^^^^^^^^^^^^^^^^^^^^^
        argname    = 'blueprint'
        item       = <Function test_create_passthrough>
        self       = <FixtureRequest for <Function test_create_passthrough>>
/home/user/passthrough/.venv/lib/python3.12/site-packages/_pytest/fixtures.py:549: in getfixturevalue
    fixturedef = self._get_active_fixturedef(argname)
                 ^^^^^^^^^^^^^^^^^^^^^^^^^^^^^^^^^^^^
        argname    = 'blueprint'
        self       = <FixtureRequest for <Function test_create_passthrough>>
/home/user/passthrough/.venv/lib/python3.12/site-packages/_pytest/fixtures.py:640: in _get_active_fixturedef
    fixturedef.execute(request=subrequest)
        argname    = 'blueprint'
        callspec   = None
        fixturedef = <FixtureDef argname='blueprint' scope='function' baseid='tests/test_factory.py'>
        fixturedefs = (<FixtureDef argname='blueprint' scope='function' baseid='tests/test_factory.py'>,)
        index      = -1
        param      = <NotSetType.token: 0>
        param_index = 0
        scope      = <Scope.Function: 'function'>
        self       = <FixtureRequest for <Function test_create_passthrough>>
        subrequest = <SubRequest 'blueprint' for <Function test_create_passthrough>>
/home/user/passthrough/.venv/lib/python3.12/site-packages/_pytest/fixtures.py:1128: in execute
    result = ihook.pytest_fixture_setup(fixturedef=self, request=request)
             ^^^^^^^^^^^^^^^^^^^^^^^^^^^^^^^^^^^^^^^^^^^^^^^^^^^^^^^^^^^^
        argname    = 'owner'
        finalizer  = functools.partial(<bound method FixtureDef.finish of <FixtureDef argname='blueprint' scope='function' baseid='tests/test_factory.py'>>, request=<SubRequest 'blueprint' for <Function test_create_passthrough>>)
        fixturedef = <FixtureDef argname='owner' scope='function' baseid='tests/test_factory.py'>
        ihook      = <_pytest.config.compat.PathAwareHookProxy object at 0x7eb6f15e2e40>
        parent_fixture = <FixtureDef argname='owner' scope='function' baseid='tests/test_factory.py'>
        request    = <SubRequest 'blueprint' for <Function test_create_passthrough>>
        requested_fixtures_that_should_finalize_us = [<FixtureDef argname='owner' scope='function' baseid='tests/test_factory.py'>]
        self       = <FixtureDef argname='blueprint' scope='function' baseid='tests/test_factory.py'>
/home/user/passthrough/.venv/lib/python3.12/site-packages/pluggy/_hooks.py:512: in __call__
    return self._hookexec(self.name, self._hookimpls.copy(), kwargs, firstresult)
           ^^^^^^^^^^^^^^^^^^^^^^^^^^^^^^^^^^^^^^^^^^^^^^^^^^^^^^^^^^^^^^^^^^^^^^
        firstresult = True
        kwargs     = {'fixturedef': <FixtureDef argname='blueprint' scope='function' baseid='tests/test_factory.py'>, 'request': <SubRequest 'blueprint' for <Function test_create_passthrough>>}
        self       = <HookCaller 'pytest_fixture_setup'>
/home/user/passthrough/.venv/lib/python3.12/site-packages/pluggy/_manager.py:120: in _hookexec
    return self._inner_hookexec(hook_name, methods, kwargs, firstresult)
           ^^^^^^^^^^^^^^^^^^^^^^^^^^^^^^^^^^^^^^^^^^^^^^^^^^^^^^^^^^^^^
        firstresult = True
        hook_name  = 'pytest_fixture_setup'
        kwargs     = {'fixturedef': <FixtureDef argname='blueprint' scope='function' baseid='tests/test_factory.py'>, 'request': <SubRequest 'blueprint' for <Function test_create_passthrough>>}
        methods    = [<HookImpl plugin_name='fixtures', plugin=<module '_pytest.fixtures' from '/home/user/passthrough/.venv/lib/python3.12...in=<module '_pytest.setuponly' from '/home/user/passthrough/.venv/lib/python3.12/site-packages/_pytest/setuponly.py'>>]
        self       = <_pytest.config.PytestPluginManager object at 0x7eb6f1460f50>
/home/user/passthrough/.venv/lib/python3.12/site-packages/pluggy/_callers.py:167: in _multicall
    raise exception
        __tracebackhide__ = True
        args       = [<FixtureDef argname='blueprint' scope='function' baseid='tests/test_factory.py'>, <SubRequest 'blueprint' for <Function test_create_passthrough>>]
        caller_kwargs = {'fixturedef': <FixtureDef argname='blueprint' scope='function' baseid='tests/test_factory.py'>, 'request': <SubRequest 'blueprint' for <Function test_create_passthrough>>}
        exception  = InvalidAddress('web3.py only accepts checksum addresses. The software that gave you this non-checksum address should b... accept lower safety, use Web3.to_checksum_address(lower_case_address).', '0x5fbdb2315678afecb367f032d93f642f64180aa3')
        firstresult = True
        function_gen = <generator object pytest_fixture_setup at 0x7eb6c1b72d40>
        hook_impl  = <HookImpl plugin_name='fixtures', plugin=<module '_pytest.fixtures' from '/home/user/passthrough/.venv/lib/python3.12/site-packages/_pytest/fixtures.py'>>
        hook_impls = [<HookImpl plugin_name='fixtures', plugin=<module '_pytest.fixtures' from '/home/user/passthrough/.venv/lib/python3.12...in=<module '_pytest.setuponly' from '/home/user/passthrough/.venv/lib/python3.12/site-packages/_pytest/setuponly.py'>>]
        hook_name  = 'pytest_fixture_setup'
        res        = None
        result     = None
        results    = []
        teardown   = <generator object pytest_fixture_setup at 0x7eb6c1b72d40>
        teardowns  = [<generator object pytest_fixture_setup at 0x7eb6c1b72d40>]
/home/user/passthrough/.venv/lib/python3.12/site-packages/pluggy/_callers.py:139: in _multicall
    teardown.throw(exception)
        __tracebackhide__ = True
        args       = [<FixtureDef argname='blueprint' scope='function' baseid='tests/test_factory.py'>, <SubRequest 'blueprint' for <Function test_create_passthrough>>]
        caller_kwargs = {'fixturedef': <FixtureDef argname='blueprint' scope='function' baseid='tests/test_factory.py'>, 'request': <SubRequest 'blueprint' for <Function test_create_passthrough>>}
        exception  = InvalidAddress('web3.py only accepts checksum addresses. The software that gave you this non-checksum address should b... accept lower safety, use Web3.to_checksum_address(lower_case_address).', '0x5fbdb2315678afecb367f032d93f642f64180aa3')
        firstresult = True
        function_gen = <generator object pytest_fixture_setup at 0x7eb6c1b72d40>
        hook_impl  = <HookImpl plugin_name='fixtures', plugin=<module '_pytest.fixtures' from '/home/user/passthrough/.venv/lib/python3.12/site-packages/_pytest/fixtures.py'>>
        hook_impls = [<HookImpl plugin_name='fixtures', plugin=<module '_pytest.fixtures' from '/home/user/passthrough/.venv/lib/python3.12...in=<module '_pytest.setuponly' from '/home/user/passthrough/.venv/lib/python3.12/site-packages/_pytest/setuponly.py'>>]
        hook_name  = 'pytest_fixture_setup'
        res        = None
        result     = None
        results    = []
        teardown   = <generator object pytest_fixture_setup at 0x7eb6c1b72d40>
        teardowns  = [<generator object pytest_fixture_setup at 0x7eb6c1b72d40>]
/home/user/passthrough/.venv/lib/python3.12/site-packages/_pytest/setuponly.py:36: in pytest_fixture_setup
    return (yield)
            ^^^^^
        fixturedef = <FixtureDef argname='blueprint' scope='function' baseid='tests/test_factory.py'>
        request    = <SubRequest 'blueprint' for <Function test_create_passthrough>>
/home/user/passthrough/.venv/lib/python3.12/site-packages/pluggy/_callers.py:121: in _multicall
    res = hook_impl.function(*args)
          ^^^^^^^^^^^^^^^^^^^^^^^^^
        __tracebackhide__ = True
        args       = [<FixtureDef argname='blueprint' scope='function' baseid='tests/test_factory.py'>, <SubRequest 'blueprint' for <Function test_create_passthrough>>]
        caller_kwargs = {'fixturedef': <FixtureDef argname='blueprint' scope='function' baseid='tests/test_factory.py'>, 'request': <SubRequest 'blueprint' for <Function test_create_passthrough>>}
        exception  = InvalidAddress('web3.py only accepts checksum addresses. The software that gave you this non-checksum address should b... accept lower safety, use Web3.to_checksum_address(lower_case_address).', '0x5fbdb2315678afecb367f032d93f642f64180aa3')
        firstresult = True
        function_gen = <generator object pytest_fixture_setup at 0x7eb6c1b72d40>
        hook_impl  = <HookImpl plugin_name='fixtures', plugin=<module '_pytest.fixtures' from '/home/user/passthrough/.venv/lib/python3.12/site-packages/_pytest/fixtures.py'>>
        hook_impls = [<HookImpl plugin_name='fixtures', plugin=<module '_pytest.fixtures' from '/home/user/passthrough/.venv/lib/python3.12...in=<module '_pytest.setuponly' from '/home/user/passthrough/.venv/lib/python3.12/site-packages/_pytest/setuponly.py'>>]
        hook_name  = 'pytest_fixture_setup'
        res        = None
        result     = None
        results    = []
        teardown   = <generator object pytest_fixture_setup at 0x7eb6c1b72d40>
        teardowns  = [<generator object pytest_fixture_setup at 0x7eb6c1b72d40>]
/home/user/passthrough/.venv/lib/python3.12/site-packages/_pytest/fixtures.py:1196: in pytest_fixture_setup
    result = call_fixture_func(fixturefunc, request, kwargs)
             ^^^^^^^^^^^^^^^^^^^^^^^^^^^^^^^^^^^^^^^^^^^^^^^
        argname    = 'owner'
        fixturedef = <FixtureDef argname='blueprint' scope='function' baseid='tests/test_factory.py'>
        fixturefunc = <function blueprint at 0x7eb6c27cea20>
        kwargs     = {'owner': <TestAccount_0 0xf39Fd6e51aad88F6F4ce6aB8827279cffFb92266>}
        my_cache_key = None
        request    = <SubRequest 'blueprint' for <Function test_create_passthrough>>
/home/user/passthrough/.venv/lib/python3.12/site-packages/_pytest/fixtures.py:930: in call_fixture_func
    fixture_result = fixturefunc(**kwargs)
                     ^^^^^^^^^^^^^^^^^^^^^
        fixturefunc = <function blueprint at 0x7eb6c27cea20>
        kwargs     = {'owner': <TestAccount_0 0xf39Fd6e51aad88F6F4ce6aB8827279cffFb92266>}
        request    = <SubRequest 'blueprint' for <Function test_create_passthrough>>
/home/user/passthrough/tests/test_factory.py:40: in blueprint
    return deploy_blueprint(project.Passthrough, owner)
           ^^^^^^^^^^^^^^^^^^^^^^^^^^^^^^^^^^^^^^^^^^^^
        deploy_blueprint = <function deploy_blueprint at 0x7eb6f115fce0>
        owner      = <TestAccount_0 0xf39Fd6e51aad88F6F4ce6aB8827279cffFb92266>
/home/user/passthrough/tests/conftest.py:60: in deploy_blueprint
    runtime_bytecode = web3.eth.get_code(temp_address)
                       ^^^^^^^^^^^^^^^^^^^^^^^^^^^^^^^
        contract_container = <Passthrough>
        contract_type = <ContractType Passthrough>
        init_code  = '0x611b865150346103a2576020611f645f395f51600a602082611f64015f395f51116103a257602081611f64015f395f515f81600a81116103a25...401aa1855820852887320f0d404c27938a631eb6e7268477bf82e4f8608ee65c859a4d311bf9191b8681183e1820a1657679706572830004030038'
        keccak     = <function keccak at 0x7eb6f0fd5b20>
        nonce      = 0
        receipt    = AttributeDict({'blockHash': HexBytes('0xa1452a2cfb3089d67e0e2195b5aa01c98fe50c341290f54c20627228c35c1c44'), 'blockNumb...sh': HexBytes('0x7af2175882a71fa8813fe5cb44583488df1652a3771d2041153745d27500e163'), 'transactionIndex': 0, 'type': 0})
        rlp        = <module 'rlp' from '/home/user/passthrough/.venv/lib/python3.12/site-packages/rlp/__init__.py'>
        rlp_encoded = b'\xd6\x94\xf3\x9f\xd6\xe5\x1a\xad\x88\xf6\xf4\xcej\xb8\x82ry\xcf\xff\xb9"f\x80'
        sender     = <TestAccount_0 0xf39Fd6e51aad88F6F4ce6aB8827279cffFb92266>
        temp_address = '0x5fbdb2315678afecb367f032d93f642f64180aa3'
        to_checksum_address = <function to_checksum_address at 0x7eb6f107d4e0>
        tx_dict    = {'data': '0x611b865150346103a2576020611f645f395f51600a602082611f64015f395f51116103a257602081611f64015f395f515f81600a81...706572830004030038', 'from': '0xf39Fd6e51aad88F6F4ce6aB8827279cffFb92266', 'gas': 3000000, 'gasPrice': 1000000000, ...}
        tx_hash    = HexBytes('0x7af2175882a71fa8813fe5cb44583488df1652a3771d2041153745d27500e163')
        web3       = <web3.main.Web3 object at 0x7eb6c234e4b0>
/home/user/passthrough/.venv/lib/python3.12/site-packages/web3/eth/eth.py:455: in get_code
    return self._get_code(account, block_identifier)
           ^^^^^^^^^^^^^^^^^^^^^^^^^^^^^^^^^^^^^^^^^
        account    = '0x5fbdb2315678afecb367f032d93f642f64180aa3'
        block_identifier = None
        self       = <web3.eth.eth.Eth object at 0x7eb6c1e167b0>
/home/user/passthrough/.venv/lib/python3.12/site-packages/web3/module.py:101: in caller
    (method_str, params), response_formatters = method.process_params(
        args       = ('0x5fbdb2315678afecb367f032d93f642f64180aa3', None)
        kwargs     = {}
        method     = <web3.method.Method object at 0x7eb6f1443320>
        module     = <web3.eth.eth.Eth object at 0x7eb6c1e167b0>
        w3         = <web3.main.Web3 object at 0x7eb6c234e4b0>
/home/user/passthrough/.venv/lib/python3.12/site-packages/web3/method.py:237: in process_params
    _apply_request_formatters(params, self.request_formatters(method)),
    ^^^^^^^^^^^^^^^^^^^^^^^^^^^^^^^^^^^^^^^^^^^^^^^^^^^^^^^^^^^^^^^^^^
        args       = ('0x5fbdb2315678afecb367f032d93f642f64180aa3', None)
        kwargs     = {}
        method     = 'eth_getCode'
        module     = <web3.eth.eth.Eth object at 0x7eb6c1e167b0>
        params     = ('0x5fbdb2315678afecb367f032d93f642f64180aa3', 'latest')
        response_formatters = (<class 'hexbytes.main.HexBytes'>, <cyfunction identity at 0x7eb6f0ec1840>, <cyfunction identity at 0x7eb6f0ec1840>)
        self       = <web3.method.Method object at 0x7eb6f1443320>
/home/user/passthrough/.venv/lib/python3.12/site-packages/eth_utils/functional.py:47: in inner
    return callback(fn(*args, **kwargs))
                    ^^^^^^^^^^^^^^^^^^^
        args       = (('0x5fbdb2315678afecb367f032d93f642f64180aa3', 'latest'), Compose(<function map_abi_data at 0x7eb6eed50d60>, <function apply_formatter_at_index at 0x7eb6f0e9b7e0>))
        callback   = <class 'tuple'>
        fn         = <function _apply_request_formatters at 0x7eb6ee874400>
        kwargs     = {}
/home/user/passthrough/.venv/lib/python3.12/site-packages/web3/method.py:64: in _apply_request_formatters
    formatted_params = pipe(params, request_formatters)
                       ^^^^^^^^^^^^^^^^^^^^^^^^^^^^^^^^
        params     = ('0x5fbdb2315678afecb367f032d93f642f64180aa3', 'latest')
        request_formatters = Compose(<function map_abi_data at 0x7eb6eed50d60>, <function apply_formatter_at_index at 0x7eb6f0e9b7e0>)
/home/user/passthrough/.venv/lib/python3.12/site-packages/web3/_utils/abi.py:613: in map_abi_data
    return pipe(
        data       = ('0x5fbdb2315678afecb367f032d93f642f64180aa3', 'latest')
        normalizers = [<function abi_bytes_to_hex at 0x7eb6eed6dc60>, <function abi_int_to_hex at 0x7eb6eed6de40>, <function abi_string_to_hex at 0x7eb6eed6df80>, <function abi_address_to_hex at 0x7eb6eed6e3e0>]
        types      = ['address', None]
/home/user/passthrough/.venv/lib/python3.12/site-packages/web3/_utils/abi.py:655: in data_tree_map
    return recursive_map(map_to_typed_data, data_tree)
           ^^^^^^^^^^^^^^^^^^^^^^^^^^^^^^^^^^^^^^^^^^^
        data_tree  = [ABITypedData(abi_type='address', data='0x5fbdb2315678afecb367f032d93f642f64180aa3'), ABITypedData(abi_type=None, data='latest')]
        func       = <function abi_address_to_hex at 0x7eb6eed6e3e0>
        map_to_typed_data = <function data_tree_map.<locals>.map_to_typed_data at 0x7eb6c21ba5c0>
/home/user/passthrough/.venv/lib/python3.12/site-packages/web3/_utils/decorators.py:38: in wrapped
    return to_wrap(*args)
           ^^^^^^^^^^^^^^
        add_call   = <built-in method add of set object at 0x7eb6eeee0ba0>
        already_called = set()
        args       = (<function data_tree_map.<locals>.map_to_typed_data at 0x7eb6c21ba5c0>, [ABITypedData(abi_type='address', data='0x5fbdb2315678afecb367f032d93f642f64180aa3'), ABITypedData(abi_type=None, data='latest')])
        remove_call = <built-in method remove of set object at 0x7eb6eeee0ba0>
        thread_local_args = (139324213223552, 139323405739456, 139323384234496)
        to_wrap    = <function recursive_map at 0x7eb6eecfef20>
/home/user/passthrough/.venv/lib/python3.12/site-packages/web3/_utils/formatters.py:89: in recursive_map
    items_mapped = map_collection(recurse, data)
                   ^^^^^^^^^^^^^^^^^^^^^^^^^^^^^
        data       = [ABITypedData(abi_type='address', data='0x5fbdb2315678afecb367f032d93f642f64180aa3'), ABITypedData(abi_type=None, data='latest')]
        func       = <function data_tree_map.<locals>.map_to_typed_data at 0x7eb6c21ba5c0>
        recurse    = <function recursive_map.<locals>.recurse at 0x7eb6c2182200>
/home/user/passthrough/.venv/lib/python3.12/site-packages/web3/_utils/formatters.py:73: in map_collection
    return datatype(map(func, collection))
           ^^^^^^^^^^^^^^^^^^^^^^^^^^^^^^^
        collection = [ABITypedData(abi_type='address', data='0x5fbdb2315678afecb367f032d93f642f64180aa3'), ABITypedData(abi_type=None, data='latest')]
        datatype   = <class 'list'>
        func       = <function recursive_map.<locals>.recurse at 0x7eb6c2182200>
/home/user/passthrough/.venv/lib/python3.12/site-packages/web3/_utils/formatters.py:87: in recurse
    return recursive_map(func, item)
           ^^^^^^^^^^^^^^^^^^^^^^^^^
        func       = <function data_tree_map.<locals>.map_to_typed_data at 0x7eb6c21ba5c0>
        item       = ABITypedData(abi_type='address', data='0x5fbdb2315678afecb367f032d93f642f64180aa3')
/home/user/passthrough/.venv/lib/python3.12/site-packages/web3/_utils/decorators.py:38: in wrapped
    return to_wrap(*args)
           ^^^^^^^^^^^^^^
        add_call   = <built-in method add of set object at 0x7eb6eeee0ba0>
        already_called = set()
        args       = (<function data_tree_map.<locals>.map_to_typed_data at 0x7eb6c21ba5c0>, ABITypedData(abi_type='address', data='0x5fbdb2315678afecb367f032d93f642f64180aa3'))
        remove_call = <built-in method remove of set object at 0x7eb6eeee0ba0>
        thread_local_args = (139324213223552, 139323405739456, 139323396856864)
        to_wrap    = <function recursive_map at 0x7eb6eecfef20>
/home/user/passthrough/.venv/lib/python3.12/site-packages/web3/_utils/formatters.py:90: in recursive_map
    return func(items_mapped)
           ^^^^^^^^^^^^^^^^^^
        data       = ABITypedData(abi_type='address', data='0x5fbdb2315678afecb367f032d93f642f64180aa3')
        func       = <function data_tree_map.<locals>.map_to_typed_data at 0x7eb6c21ba5c0>
        items_mapped = ABITypedData(abi_type='address', data='0x5fbdb2315678afecb367f032d93f642f64180aa3')
        recurse    = <function recursive_map.<locals>.recurse at 0x7eb6c1f1c5e0>
/home/user/passthrough/.venv/lib/python3.12/site-packages/web3/_utils/abi.py:651: in map_to_typed_data
    return ABITypedData(func(*elements))
                        ^^^^^^^^^^^^^^^
        elements   = ABITypedData(abi_type='address', data='0x5fbdb2315678afecb367f032d93f642f64180aa3')
        func       = <function abi_address_to_hex at 0x7eb6eed6e3e0>
/home/user/passthrough/.venv/lib/python3.12/site-packages/web3/_utils/normalizers.py:79: in wrapper
    modified = to_wrap(type_str, data)
               ^^^^^^^^^^^^^^^^^^^^^^^
        data       = '0x5fbdb2315678afecb367f032d93f642f64180aa3'
        to_wrap    = <function abi_address_to_hex at 0x7eb6eed6e340>
        type_str   = 'address'
/home/user/passthrough/.venv/lib/python3.12/site-packages/web3/_utils/normalizers.py:202: in abi_address_to_hex
    validate_address(data)
        data       = '0x5fbdb2315678afecb367f032d93f642f64180aa3'
        type_str   = 'address'
/home/user/passthrough/.venv/lib/python3.12/site-packages/web3/_utils/validation.py:201: in validate_address
    raise InvalidAddress(
E   web3.exceptions.InvalidAddress: ('web3.py only accepts checksum addresses. The software that gave you this non-checksum address should be considered unsafe, please file it as a bug on their platform. Try using an ENS name instead. Or, if you must accept lower safety, use Web3.to_checksum_address(lower_case_address).', '0x5fbdb2315678afecb367f032d93f642f64180aa3')
        value      = '0x5fbdb2315678afecb367f032d93f642f64180aa3'
_________________ ERROR at setup of test_multiple_passthroughs _________________
/home/user/passthrough/.venv/lib/python3.12/site-packages/_pytest/runner.py:344: in from_call
    result: TResult | None = func()
                             ^^^^^^
        cls        = <class '_pytest.runner.CallInfo'>
        duration   = Duration(start=Instant(time=1763228720.3435366, perf_count=281.536063334), stop=Instant(time=1763228720.4122484, perf_count=281.604776216))
        excinfo    = <ExceptionInfo InvalidAddress('web3.py only accepts checksum addresses. The software that gave you this non-checksum a...wer safety, use Web3.to_checksum_address(lower_case_address).', '0x5fbdb2315678afecb367f032d93f642f64180aa3') tblen=44>
        func       = <function call_and_report.<locals>.<lambda> at 0x7eb6eee891c0>
        instant    = Instant(time=1763228720.3435366, perf_count=281.536063334)
        reraise    = (<class '_pytest.outcomes.Exit'>, <class 'KeyboardInterrupt'>)
        result     = None
        when       = 'setup'
/home/user/passthrough/.venv/lib/python3.12/site-packages/_pytest/runner.py:246: in <lambda>
    lambda: runtest_hook(item=item, **kwds), when=when, reraise=reraise
            ^^^^^^^^^^^^^^^^^^^^^^^^^^^^^^^
        item       = <Function test_multiple_passthroughs>
        kwds       = {}
        runtest_hook = <HookCaller 'pytest_runtest_setup'>
/home/user/passthrough/.venv/lib/python3.12/site-packages/pluggy/_hooks.py:512: in __call__
    return self._hookexec(self.name, self._hookimpls.copy(), kwargs, firstresult)
           ^^^^^^^^^^^^^^^^^^^^^^^^^^^^^^^^^^^^^^^^^^^^^^^^^^^^^^^^^^^^^^^^^^^^^^
        firstresult = False
        kwargs     = {'item': <Function test_multiple_passthroughs>}
        self       = <HookCaller 'pytest_runtest_setup'>
/home/user/passthrough/.venv/lib/python3.12/site-packages/pluggy/_manager.py:120: in _hookexec
    return self._inner_hookexec(hook_name, methods, kwargs, firstresult)
           ^^^^^^^^^^^^^^^^^^^^^^^^^^^^^^^^^^^^^^^^^^^^^^^^^^^^^^^^^^^^^
        firstresult = False
        hook_name  = 'pytest_runtest_setup'
        kwargs     = {'item': <Function test_multiple_passthroughs>}
        methods    = [<HookImpl plugin_name='threadexception', plugin=<module '_pytest.threadexception' from '/home/user/passthrough/.venv/...pper name='/dev/null' mode='r' encoding='utf-8'>> _state='suspended' _in_suspended=False> _capture_fixture=None>>, ...]
        self       = <_pytest.config.PytestPluginManager object at 0x7eb6f1460f50>
/home/user/passthrough/.venv/lib/python3.12/site-packages/pluggy/_callers.py:167: in _multicall
    raise exception
        __tracebackhide__ = True
        args       = [<Function test_multiple_passthroughs>]
        caller_kwargs = {'item': <Function test_multiple_passthroughs>}
        exception  = InvalidAddress('web3.py only accepts checksum addresses. The software that gave you this non-checksum address should b... accept lower safety, use Web3.to_checksum_address(lower_case_address).', '0x5fbdb2315678afecb367f032d93f642f64180aa3')
        firstresult = False
        function_gen = <generator object CaptureManager.pytest_runtest_setup at 0x7eb6c195c040>
        hook_impl  = <HookImpl plugin_name='runner', plugin=<module '_pytest.runner' from '/home/user/passthrough/.venv/lib/python3.12/site-packages/_pytest/runner.py'>>
        hook_impls = [<HookImpl plugin_name='threadexception', plugin=<module '_pytest.threadexception' from '/home/user/passthrough/.venv/...pper name='/dev/null' mode='r' encoding='utf-8'>> _state='suspended' _in_suspended=False> _capture_fixture=None>>, ...]
        hook_name  = 'pytest_runtest_setup'
        res        = None
        result     = []
        results    = []
        teardown   = <generator object LoggingPlugin.pytest_runtest_setup at 0x7eb6c1b72890>
        teardowns  = [<generator object LoggingPlugin.pytest_runtest_setup at 0x7eb6c1b72890>, <generator object CaptureManager.pytest_runtest_setup at 0x7eb6c195c040>]
/home/user/passthrough/.venv/lib/python3.12/site-packages/pluggy/_callers.py:139: in _multicall
    teardown.throw(exception)
        __tracebackhide__ = True
        args       = [<Function test_multiple_passthroughs>]
        caller_kwargs = {'item': <Function test_multiple_passthroughs>}
        exception  = InvalidAddress('web3.py only accepts checksum addresses. The software that gave you this non-checksum address should b... accept lower safety, use Web3.to_checksum_address(lower_case_address).', '0x5fbdb2315678afecb367f032d93f642f64180aa3')
        firstresult = False
        function_gen = <generator object CaptureManager.pytest_runtest_setup at 0x7eb6c195c040>
        hook_impl  = <HookImpl plugin_name='runner', plugin=<module '_pytest.runner' from '/home/user/passthrough/.venv/lib/python3.12/site-packages/_pytest/runner.py'>>
        hook_impls = [<HookImpl plugin_name='threadexception', plugin=<module '_pytest.threadexception' from '/home/user/passthrough/.venv/...pper name='/dev/null' mode='r' encoding='utf-8'>> _state='suspended' _in_suspended=False> _capture_fixture=None>>, ...]
        hook_name  = 'pytest_runtest_setup'
        res        = None
        result     = []
        results    = []
        teardown   = <generator object LoggingPlugin.pytest_runtest_setup at 0x7eb6c1b72890>
        teardowns  = [<generator object LoggingPlugin.pytest_runtest_setup at 0x7eb6c1b72890>, <generator object CaptureManager.pytest_runtest_setup at 0x7eb6c195c040>]
/home/user/passthrough/.venv/lib/python3.12/site-packages/_pytest/logging.py:843: in pytest_runtest_setup
    yield
        empty      = {'setup': []}
        item       = <Function test_multiple_passthroughs>
        self       = <_pytest.logging.LoggingPlugin object at 0x7eb6ee3dcf20>
/home/user/passthrough/.venv/lib/python3.12/site-packages/pluggy/_callers.py:139: in _multicall
    teardown.throw(exception)
        __tracebackhide__ = True
        args       = [<Function test_multiple_passthroughs>]
        caller_kwargs = {'item': <Function test_multiple_passthroughs>}
        exception  = InvalidAddress('web3.py only accepts checksum addresses. The software that gave you this non-checksum address should b... accept lower safety, use Web3.to_checksum_address(lower_case_address).', '0x5fbdb2315678afecb367f032d93f642f64180aa3')
        firstresult = False
        function_gen = <generator object CaptureManager.pytest_runtest_setup at 0x7eb6c195c040>
        hook_impl  = <HookImpl plugin_name='runner', plugin=<module '_pytest.runner' from '/home/user/passthrough/.venv/lib/python3.12/site-packages/_pytest/runner.py'>>
        hook_impls = [<HookImpl plugin_name='threadexception', plugin=<module '_pytest.threadexception' from '/home/user/passthrough/.venv/...pper name='/dev/null' mode='r' encoding='utf-8'>> _state='suspended' _in_suspended=False> _capture_fixture=None>>, ...]
        hook_name  = 'pytest_runtest_setup'
        res        = None
        result     = []
        results    = []
        teardown   = <generator object LoggingPlugin.pytest_runtest_setup at 0x7eb6c1b72890>
        teardowns  = [<generator object LoggingPlugin.pytest_runtest_setup at 0x7eb6c1b72890>, <generator object CaptureManager.pytest_runtest_setup at 0x7eb6c195c040>]
/home/user/passthrough/.venv/lib/python3.12/site-packages/_pytest/capture.py:895: in pytest_runtest_setup
    return (yield)
            ^^^^^
        item       = <Function test_multiple_passthroughs>
        self       = <CaptureManager _method='fd' _global_capturing=<MultiCapture out=<FDCapture 1 oldfd=5 _state='suspended' tmpfile=<_io....xtIOWrapper name='/dev/null' mode='r' encoding='utf-8'>> _state='suspended' _in_suspended=False> _capture_fixture=None>
/home/user/passthrough/.venv/lib/python3.12/site-packages/pluggy/_callers.py:121: in _multicall
    res = hook_impl.function(*args)
          ^^^^^^^^^^^^^^^^^^^^^^^^^
        __tracebackhide__ = True
        args       = [<Function test_multiple_passthroughs>]
        caller_kwargs = {'item': <Function test_multiple_passthroughs>}
        exception  = InvalidAddress('web3.py only accepts checksum addresses. The software that gave you this non-checksum address should b... accept lower safety, use Web3.to_checksum_address(lower_case_address).', '0x5fbdb2315678afecb367f032d93f642f64180aa3')
        firstresult = False
        function_gen = <generator object CaptureManager.pytest_runtest_setup at 0x7eb6c195c040>
        hook_impl  = <HookImpl plugin_name='runner', plugin=<module '_pytest.runner' from '/home/user/passthrough/.venv/lib/python3.12/site-packages/_pytest/runner.py'>>
        hook_impls = [<HookImpl plugin_name='threadexception', plugin=<module '_pytest.threadexception' from '/home/user/passthrough/.venv/...pper name='/dev/null' mode='r' encoding='utf-8'>> _state='suspended' _in_suspended=False> _capture_fixture=None>>, ...]
        hook_name  = 'pytest_runtest_setup'
        res        = None
        result     = []
        results    = []
        teardown   = <generator object LoggingPlugin.pytest_runtest_setup at 0x7eb6c1b72890>
        teardowns  = [<generator object LoggingPlugin.pytest_runtest_setup at 0x7eb6c1b72890>, <generator object CaptureManager.pytest_runtest_setup at 0x7eb6c195c040>]
/home/user/passthrough/.venv/lib/python3.12/site-packages/_pytest/runner.py:164: in pytest_runtest_setup
    item.session._setupstate.setup(item)
        item       = <Function test_multiple_passthroughs>
/home/user/passthrough/.venv/lib/python3.12/site-packages/_pytest/runner.py:514: in setup
    col.setup()
        col        = <Function test_multiple_passthroughs>
        finalizers = [<bound method Node.teardown of <Module test_factory.py>>]
        item       = <Function test_multiple_passthroughs>
        needed_collectors = [<Session  exitstatus=<ExitCode.OK: 0> testsfailed=3 testscollected=19>, <Dir passthrough>, <Dir tests>, <Module test_factory.py>, <Function test_multiple_passthroughs>]
        self       = <_pytest.runner.SetupState object at 0x7eb6ee3c72c0>
/home/user/passthrough/.venv/lib/python3.12/site-packages/_pytest/python.py:1674: in setup
    self._request._fillfixtures()
        self       = <Function test_multiple_passthroughs>
/home/user/passthrough/.venv/lib/python3.12/site-packages/_pytest/fixtures.py:720: in _fillfixtures
    item.funcargs[argname] = self.getfixturevalue(argname)
                             ^^^^^^^^^^^^^^^^^^^^^^^^^^^^^
        argname    = 'blueprint'
        item       = <Function test_multiple_passthroughs>
        self       = <FixtureRequest for <Function test_multiple_passthroughs>>
/home/user/passthrough/.venv/lib/python3.12/site-packages/_pytest/fixtures.py:549: in getfixturevalue
    fixturedef = self._get_active_fixturedef(argname)
                 ^^^^^^^^^^^^^^^^^^^^^^^^^^^^^^^^^^^^
        argname    = 'blueprint'
        self       = <FixtureRequest for <Function test_multiple_passthroughs>>
/home/user/passthrough/.venv/lib/python3.12/site-packages/_pytest/fixtures.py:640: in _get_active_fixturedef
    fixturedef.execute(request=subrequest)
        argname    = 'blueprint'
        callspec   = None
        fixturedef = <FixtureDef argname='blueprint' scope='function' baseid='tests/test_factory.py'>
        fixturedefs = (<FixtureDef argname='blueprint' scope='function' baseid='tests/test_factory.py'>,)
        index      = -1
        param      = <NotSetType.token: 0>
        param_index = 0
        scope      = <Scope.Function: 'function'>
        self       = <FixtureRequest for <Function test_multiple_passthroughs>>
        subrequest = <SubRequest 'blueprint' for <Function test_multiple_passthroughs>>
/home/user/passthrough/.venv/lib/python3.12/site-packages/_pytest/fixtures.py:1128: in execute
    result = ihook.pytest_fixture_setup(fixturedef=self, request=request)
             ^^^^^^^^^^^^^^^^^^^^^^^^^^^^^^^^^^^^^^^^^^^^^^^^^^^^^^^^^^^^
        argname    = 'owner'
        finalizer  = functools.partial(<bound method FixtureDef.finish of <FixtureDef argname='blueprint' scope='function' baseid='tests/test_factory.py'>>, request=<SubRequest 'blueprint' for <Function test_multiple_passthroughs>>)
        fixturedef = <FixtureDef argname='owner' scope='function' baseid='tests/test_factory.py'>
        ihook      = <_pytest.config.compat.PathAwareHookProxy object at 0x7eb6f15e2e40>
        parent_fixture = <FixtureDef argname='owner' scope='function' baseid='tests/test_factory.py'>
        request    = <SubRequest 'blueprint' for <Function test_multiple_passthroughs>>
        requested_fixtures_that_should_finalize_us = [<FixtureDef argname='owner' scope='function' baseid='tests/test_factory.py'>]
        self       = <FixtureDef argname='blueprint' scope='function' baseid='tests/test_factory.py'>
/home/user/passthrough/.venv/lib/python3.12/site-packages/pluggy/_hooks.py:512: in __call__
    return self._hookexec(self.name, self._hookimpls.copy(), kwargs, firstresult)
           ^^^^^^^^^^^^^^^^^^^^^^^^^^^^^^^^^^^^^^^^^^^^^^^^^^^^^^^^^^^^^^^^^^^^^^
        firstresult = True
        kwargs     = {'fixturedef': <FixtureDef argname='blueprint' scope='function' baseid='tests/test_factory.py'>, 'request': <SubRequest 'blueprint' for <Function test_multiple_passthroughs>>}
        self       = <HookCaller 'pytest_fixture_setup'>
/home/user/passthrough/.venv/lib/python3.12/site-packages/pluggy/_manager.py:120: in _hookexec
    return self._inner_hookexec(hook_name, methods, kwargs, firstresult)
           ^^^^^^^^^^^^^^^^^^^^^^^^^^^^^^^^^^^^^^^^^^^^^^^^^^^^^^^^^^^^^
        firstresult = True
        hook_name  = 'pytest_fixture_setup'
        kwargs     = {'fixturedef': <FixtureDef argname='blueprint' scope='function' baseid='tests/test_factory.py'>, 'request': <SubRequest 'blueprint' for <Function test_multiple_passthroughs>>}
        methods    = [<HookImpl plugin_name='fixtures', plugin=<module '_pytest.fixtures' from '/home/user/passthrough/.venv/lib/python3.12...in=<module '_pytest.setuponly' from '/home/user/passthrough/.venv/lib/python3.12/site-packages/_pytest/setuponly.py'>>]
        self       = <_pytest.config.PytestPluginManager object at 0x7eb6f1460f50>
/home/user/passthrough/.venv/lib/python3.12/site-packages/pluggy/_callers.py:167: in _multicall
    raise exception
        __tracebackhide__ = True
        args       = [<FixtureDef argname='blueprint' scope='function' baseid='tests/test_factory.py'>, <SubRequest 'blueprint' for <Function test_multiple_passthroughs>>]
        caller_kwargs = {'fixturedef': <FixtureDef argname='blueprint' scope='function' baseid='tests/test_factory.py'>, 'request': <SubRequest 'blueprint' for <Function test_multiple_passthroughs>>}
        exception  = InvalidAddress('web3.py only accepts checksum addresses. The software that gave you this non-checksum address should b... accept lower safety, use Web3.to_checksum_address(lower_case_address).', '0x5fbdb2315678afecb367f032d93f642f64180aa3')
        firstresult = True
        function_gen = <generator object pytest_fixture_setup at 0x7eb6c1b73880>
        hook_impl  = <HookImpl plugin_name='fixtures', plugin=<module '_pytest.fixtures' from '/home/user/passthrough/.venv/lib/python3.12/site-packages/_pytest/fixtures.py'>>
        hook_impls = [<HookImpl plugin_name='fixtures', plugin=<module '_pytest.fixtures' from '/home/user/passthrough/.venv/lib/python3.12...in=<module '_pytest.setuponly' from '/home/user/passthrough/.venv/lib/python3.12/site-packages/_pytest/setuponly.py'>>]
        hook_name  = 'pytest_fixture_setup'
        res        = None
        result     = None
        results    = []
        teardown   = <generator object pytest_fixture_setup at 0x7eb6c1b73880>
        teardowns  = [<generator object pytest_fixture_setup at 0x7eb6c1b73880>]
/home/user/passthrough/.venv/lib/python3.12/site-packages/pluggy/_callers.py:139: in _multicall
    teardown.throw(exception)
        __tracebackhide__ = True
        args       = [<FixtureDef argname='blueprint' scope='function' baseid='tests/test_factory.py'>, <SubRequest 'blueprint' for <Function test_multiple_passthroughs>>]
        caller_kwargs = {'fixturedef': <FixtureDef argname='blueprint' scope='function' baseid='tests/test_factory.py'>, 'request': <SubRequest 'blueprint' for <Function test_multiple_passthroughs>>}
        exception  = InvalidAddress('web3.py only accepts checksum addresses. The software that gave you this non-checksum address should b... accept lower safety, use Web3.to_checksum_address(lower_case_address).', '0x5fbdb2315678afecb367f032d93f642f64180aa3')
        firstresult = True
        function_gen = <generator object pytest_fixture_setup at 0x7eb6c1b73880>
        hook_impl  = <HookImpl plugin_name='fixtures', plugin=<module '_pytest.fixtures' from '/home/user/passthrough/.venv/lib/python3.12/site-packages/_pytest/fixtures.py'>>
        hook_impls = [<HookImpl plugin_name='fixtures', plugin=<module '_pytest.fixtures' from '/home/user/passthrough/.venv/lib/python3.12...in=<module '_pytest.setuponly' from '/home/user/passthrough/.venv/lib/python3.12/site-packages/_pytest/setuponly.py'>>]
        hook_name  = 'pytest_fixture_setup'
        res        = None
        result     = None
        results    = []
        teardown   = <generator object pytest_fixture_setup at 0x7eb6c1b73880>
        teardowns  = [<generator object pytest_fixture_setup at 0x7eb6c1b73880>]
/home/user/passthrough/.venv/lib/python3.12/site-packages/_pytest/setuponly.py:36: in pytest_fixture_setup
    return (yield)
            ^^^^^
        fixturedef = <FixtureDef argname='blueprint' scope='function' baseid='tests/test_factory.py'>
        request    = <SubRequest 'blueprint' for <Function test_multiple_passthroughs>>
/home/user/passthrough/.venv/lib/python3.12/site-packages/pluggy/_callers.py:121: in _multicall
    res = hook_impl.function(*args)
          ^^^^^^^^^^^^^^^^^^^^^^^^^
        __tracebackhide__ = True
        args       = [<FixtureDef argname='blueprint' scope='function' baseid='tests/test_factory.py'>, <SubRequest 'blueprint' for <Function test_multiple_passthroughs>>]
        caller_kwargs = {'fixturedef': <FixtureDef argname='blueprint' scope='function' baseid='tests/test_factory.py'>, 'request': <SubRequest 'blueprint' for <Function test_multiple_passthroughs>>}
        exception  = InvalidAddress('web3.py only accepts checksum addresses. The software that gave you this non-checksum address should b... accept lower safety, use Web3.to_checksum_address(lower_case_address).', '0x5fbdb2315678afecb367f032d93f642f64180aa3')
        firstresult = True
        function_gen = <generator object pytest_fixture_setup at 0x7eb6c1b73880>
        hook_impl  = <HookImpl plugin_name='fixtures', plugin=<module '_pytest.fixtures' from '/home/user/passthrough/.venv/lib/python3.12/site-packages/_pytest/fixtures.py'>>
        hook_impls = [<HookImpl plugin_name='fixtures', plugin=<module '_pytest.fixtures' from '/home/user/passthrough/.venv/lib/python3.12...in=<module '_pytest.setuponly' from '/home/user/passthrough/.venv/lib/python3.12/site-packages/_pytest/setuponly.py'>>]
        hook_name  = 'pytest_fixture_setup'
        res        = None
        result     = None
        results    = []
        teardown   = <generator object pytest_fixture_setup at 0x7eb6c1b73880>
        teardowns  = [<generator object pytest_fixture_setup at 0x7eb6c1b73880>]
/home/user/passthrough/.venv/lib/python3.12/site-packages/_pytest/fixtures.py:1196: in pytest_fixture_setup
    result = call_fixture_func(fixturefunc, request, kwargs)
             ^^^^^^^^^^^^^^^^^^^^^^^^^^^^^^^^^^^^^^^^^^^^^^^
        argname    = 'owner'
        fixturedef = <FixtureDef argname='blueprint' scope='function' baseid='tests/test_factory.py'>
        fixturefunc = <function blueprint at 0x7eb6c27cea20>
        kwargs     = {'owner': <TestAccount_0 0xf39Fd6e51aad88F6F4ce6aB8827279cffFb92266>}
        my_cache_key = None
        request    = <SubRequest 'blueprint' for <Function test_multiple_passthroughs>>
/home/user/passthrough/.venv/lib/python3.12/site-packages/_pytest/fixtures.py:930: in call_fixture_func
    fixture_result = fixturefunc(**kwargs)
                     ^^^^^^^^^^^^^^^^^^^^^
        fixturefunc = <function blueprint at 0x7eb6c27cea20>
        kwargs     = {'owner': <TestAccount_0 0xf39Fd6e51aad88F6F4ce6aB8827279cffFb92266>}
        request    = <SubRequest 'blueprint' for <Function test_multiple_passthroughs>>
/home/user/passthrough/tests/test_factory.py:40: in blueprint
    return deploy_blueprint(project.Passthrough, owner)
           ^^^^^^^^^^^^^^^^^^^^^^^^^^^^^^^^^^^^^^^^^^^^
        deploy_blueprint = <function deploy_blueprint at 0x7eb6f115fce0>
        owner      = <TestAccount_0 0xf39Fd6e51aad88F6F4ce6aB8827279cffFb92266>
/home/user/passthrough/tests/conftest.py:60: in deploy_blueprint
    runtime_bytecode = web3.eth.get_code(temp_address)
                       ^^^^^^^^^^^^^^^^^^^^^^^^^^^^^^^
        contract_container = <Passthrough>
        contract_type = <ContractType Passthrough>
        init_code  = '0x611b865150346103a2576020611f645f395f51600a602082611f64015f395f51116103a257602081611f64015f395f515f81600a81116103a25...401aa1855820852887320f0d404c27938a631eb6e7268477bf82e4f8608ee65c859a4d311bf9191b8681183e1820a1657679706572830004030038'
        keccak     = <function keccak at 0x7eb6f0fd5b20>
        nonce      = 0
        receipt    = AttributeDict({'blockHash': HexBytes('0x58e9a9b229062b7acf49695a7b0f1201ee1a0654830ccece836fef00308cde1b'), 'blockNumb...sh': HexBytes('0x7af2175882a71fa8813fe5cb44583488df1652a3771d2041153745d27500e163'), 'transactionIndex': 0, 'type': 0})
        rlp        = <module 'rlp' from '/home/user/passthrough/.venv/lib/python3.12/site-packages/rlp/__init__.py'>
        rlp_encoded = b'\xd6\x94\xf3\x9f\xd6\xe5\x1a\xad\x88\xf6\xf4\xcej\xb8\x82ry\xcf\xff\xb9"f\x80'
        sender     = <TestAccount_0 0xf39Fd6e51aad88F6F4ce6aB8827279cffFb92266>
        temp_address = '0x5fbdb2315678afecb367f032d93f642f64180aa3'
        to_checksum_address = <function to_checksum_address at 0x7eb6f107d4e0>
        tx_dict    = {'data': '0x611b865150346103a2576020611f645f395f51600a602082611f64015f395f51116103a257602081611f64015f395f515f81600a81...706572830004030038', 'from': '0xf39Fd6e51aad88F6F4ce6aB8827279cffFb92266', 'gas': 3000000, 'gasPrice': 1000000000, ...}
        tx_hash    = HexBytes('0x7af2175882a71fa8813fe5cb44583488df1652a3771d2041153745d27500e163')
        web3       = <web3.main.Web3 object at 0x7eb6c234e4b0>
/home/user/passthrough/.venv/lib/python3.12/site-packages/web3/eth/eth.py:455: in get_code
    return self._get_code(account, block_identifier)
           ^^^^^^^^^^^^^^^^^^^^^^^^^^^^^^^^^^^^^^^^^
        account    = '0x5fbdb2315678afecb367f032d93f642f64180aa3'
        block_identifier = None
        self       = <web3.eth.eth.Eth object at 0x7eb6c1e167b0>
/home/user/passthrough/.venv/lib/python3.12/site-packages/web3/module.py:101: in caller
    (method_str, params), response_formatters = method.process_params(
        args       = ('0x5fbdb2315678afecb367f032d93f642f64180aa3', None)
        kwargs     = {}
        method     = <web3.method.Method object at 0x7eb6f1443320>
        module     = <web3.eth.eth.Eth object at 0x7eb6c1e167b0>
        w3         = <web3.main.Web3 object at 0x7eb6c234e4b0>
/home/user/passthrough/.venv/lib/python3.12/site-packages/web3/method.py:237: in process_params
    _apply_request_formatters(params, self.request_formatters(method)),
    ^^^^^^^^^^^^^^^^^^^^^^^^^^^^^^^^^^^^^^^^^^^^^^^^^^^^^^^^^^^^^^^^^^
        args       = ('0x5fbdb2315678afecb367f032d93f642f64180aa3', None)
        kwargs     = {}
        method     = 'eth_getCode'
        module     = <web3.eth.eth.Eth object at 0x7eb6c1e167b0>
        params     = ('0x5fbdb2315678afecb367f032d93f642f64180aa3', 'latest')
        response_formatters = (<class 'hexbytes.main.HexBytes'>, <cyfunction identity at 0x7eb6f0ec1840>, <cyfunction identity at 0x7eb6f0ec1840>)
        self       = <web3.method.Method object at 0x7eb6f1443320>
/home/user/passthrough/.venv/lib/python3.12/site-packages/eth_utils/functional.py:47: in inner
    return callback(fn(*args, **kwargs))
                    ^^^^^^^^^^^^^^^^^^^
        args       = (('0x5fbdb2315678afecb367f032d93f642f64180aa3', 'latest'), Compose(<function map_abi_data at 0x7eb6eed50d60>, <function apply_formatter_at_index at 0x7eb6f0e9b7e0>))
        callback   = <class 'tuple'>
        fn         = <function _apply_request_formatters at 0x7eb6ee874400>
        kwargs     = {}
/home/user/passthrough/.venv/lib/python3.12/site-packages/web3/method.py:64: in _apply_request_formatters
    formatted_params = pipe(params, request_formatters)
                       ^^^^^^^^^^^^^^^^^^^^^^^^^^^^^^^^
        params     = ('0x5fbdb2315678afecb367f032d93f642f64180aa3', 'latest')
        request_formatters = Compose(<function map_abi_data at 0x7eb6eed50d60>, <function apply_formatter_at_index at 0x7eb6f0e9b7e0>)
/home/user/passthrough/.venv/lib/python3.12/site-packages/web3/_utils/abi.py:613: in map_abi_data
    return pipe(
        data       = ('0x5fbdb2315678afecb367f032d93f642f64180aa3', 'latest')
        normalizers = [<function abi_bytes_to_hex at 0x7eb6eed6dc60>, <function abi_int_to_hex at 0x7eb6eed6de40>, <function abi_string_to_hex at 0x7eb6eed6df80>, <function abi_address_to_hex at 0x7eb6eed6e3e0>]
        types      = ['address', None]
/home/user/passthrough/.venv/lib/python3.12/site-packages/web3/_utils/abi.py:655: in data_tree_map
    return recursive_map(map_to_typed_data, data_tree)
           ^^^^^^^^^^^^^^^^^^^^^^^^^^^^^^^^^^^^^^^^^^^
        data_tree  = [ABITypedData(abi_type='address', data='0x5fbdb2315678afecb367f032d93f642f64180aa3'), ABITypedData(abi_type=None, data='latest')]
        func       = <function abi_address_to_hex at 0x7eb6eed6e3e0>
        map_to_typed_data = <function data_tree_map.<locals>.map_to_typed_data at 0x7eb6f119c860>
/home/user/passthrough/.venv/lib/python3.12/site-packages/web3/_utils/decorators.py:38: in wrapped
    return to_wrap(*args)
           ^^^^^^^^^^^^^^
        add_call   = <built-in method add of set object at 0x7eb6eeee0ba0>
        already_called = set()
        args       = (<function data_tree_map.<locals>.map_to_typed_data at 0x7eb6f119c860>, [ABITypedData(abi_type='address', data='0x5fbdb2315678afecb367f032d93f642f64180aa3'), ABITypedData(abi_type=None, data='latest')])
        remove_call = <built-in method remove of set object at 0x7eb6eeee0ba0>
        thread_local_args = (139324213223552, 139324194146400, 139323387414208)
        to_wrap    = <function recursive_map at 0x7eb6eecfef20>
/home/user/passthrough/.venv/lib/python3.12/site-packages/web3/_utils/formatters.py:89: in recursive_map
    items_mapped = map_collection(recurse, data)
                   ^^^^^^^^^^^^^^^^^^^^^^^^^^^^^
        data       = [ABITypedData(abi_type='address', data='0x5fbdb2315678afecb367f032d93f642f64180aa3'), ABITypedData(abi_type=None, data='latest')]
        func       = <function data_tree_map.<locals>.map_to_typed_data at 0x7eb6f119c860>
        recurse    = <function recursive_map.<locals>.recurse at 0x7eb6c1901f80>
/home/user/passthrough/.venv/lib/python3.12/site-packages/web3/_utils/formatters.py:73: in map_collection
    return datatype(map(func, collection))
           ^^^^^^^^^^^^^^^^^^^^^^^^^^^^^^^
        collection = [ABITypedData(abi_type='address', data='0x5fbdb2315678afecb367f032d93f642f64180aa3'), ABITypedData(abi_type=None, data='latest')]
        datatype   = <class 'list'>
        func       = <function recursive_map.<locals>.recurse at 0x7eb6c1901f80>
/home/user/passthrough/.venv/lib/python3.12/site-packages/web3/_utils/formatters.py:87: in recurse
    return recursive_map(func, item)
           ^^^^^^^^^^^^^^^^^^^^^^^^^
        func       = <function data_tree_map.<locals>.map_to_typed_data at 0x7eb6f119c860>
        item       = ABITypedData(abi_type='address', data='0x5fbdb2315678afecb367f032d93f642f64180aa3')
/home/user/passthrough/.venv/lib/python3.12/site-packages/web3/_utils/decorators.py:38: in wrapped
    return to_wrap(*args)
           ^^^^^^^^^^^^^^
        add_call   = <built-in method add of set object at 0x7eb6eeee0ba0>
        already_called = set()
        args       = (<function data_tree_map.<locals>.map_to_typed_data at 0x7eb6f119c860>, ABITypedData(abi_type='address', data='0x5fbdb2315678afecb367f032d93f642f64180aa3'))
        remove_call = <built-in method remove of set object at 0x7eb6eeee0ba0>
        thread_local_args = (139324213223552, 139324194146400, 139323396864944)
        to_wrap    = <function recursive_map at 0x7eb6eecfef20>
/home/user/passthrough/.venv/lib/python3.12/site-packages/web3/_utils/formatters.py:90: in recursive_map
    return func(items_mapped)
           ^^^^^^^^^^^^^^^^^^
        data       = ABITypedData(abi_type='address', data='0x5fbdb2315678afecb367f032d93f642f64180aa3')
        func       = <function data_tree_map.<locals>.map_to_typed_data at 0x7eb6f119c860>
        items_mapped = ABITypedData(abi_type='address', data='0x5fbdb2315678afecb367f032d93f642f64180aa3')
        recurse    = <function recursive_map.<locals>.recurse at 0x7eb6c2045760>
/home/user/passthrough/.venv/lib/python3.12/site-packages/web3/_utils/abi.py:651: in map_to_typed_data
    return ABITypedData(func(*elements))
                        ^^^^^^^^^^^^^^^
        elements   = ABITypedData(abi_type='address', data='0x5fbdb2315678afecb367f032d93f642f64180aa3')
        func       = <function abi_address_to_hex at 0x7eb6eed6e3e0>
/home/user/passthrough/.venv/lib/python3.12/site-packages/web3/_utils/normalizers.py:79: in wrapper
    modified = to_wrap(type_str, data)
               ^^^^^^^^^^^^^^^^^^^^^^^
        data       = '0x5fbdb2315678afecb367f032d93f642f64180aa3'
        to_wrap    = <function abi_address_to_hex at 0x7eb6eed6e340>
        type_str   = 'address'
/home/user/passthrough/.venv/lib/python3.12/site-packages/web3/_utils/normalizers.py:202: in abi_address_to_hex
    validate_address(data)
        data       = '0x5fbdb2315678afecb367f032d93f642f64180aa3'
        type_str   = 'address'
/home/user/passthrough/.venv/lib/python3.12/site-packages/web3/_utils/validation.py:201: in validate_address
    raise InvalidAddress(
E   web3.exceptions.InvalidAddress: ('web3.py only accepts checksum addresses. The software that gave you this non-checksum address should be considered unsafe, please file it as a bug on their platform. Try using an ENS name instead. Or, if you must accept lower safety, use Web3.to_checksum_address(lower_case_address).', '0x5fbdb2315678afecb367f032d93f642f64180aa3')
        value      = '0x5fbdb2315678afecb367f032d93f642f64180aa3'
_______________ ERROR at setup of test_passthrough_functionality _______________
/home/user/passthrough/.venv/lib/python3.12/site-packages/_pytest/runner.py:344: in from_call
    result: TResult | None = func()
                             ^^^^^^
        cls        = <class '_pytest.runner.CallInfo'>
        duration   = Duration(start=Instant(time=1763228720.7904894, perf_count=281.983016088), stop=Instant(time=1763228720.8562672, perf_count=282.048795355))
        excinfo    = <ExceptionInfo InvalidAddress('web3.py only accepts checksum addresses. The software that gave you this non-checksum a...wer safety, use Web3.to_checksum_address(lower_case_address).', '0x5fbdb2315678afecb367f032d93f642f64180aa3') tblen=44>
        func       = <function call_and_report.<locals>.<lambda> at 0x7eb6c1972d40>
        instant    = Instant(time=1763228720.7904894, perf_count=281.983016088)
        reraise    = (<class '_pytest.outcomes.Exit'>, <class 'KeyboardInterrupt'>)
        result     = None
        when       = 'setup'
/home/user/passthrough/.venv/lib/python3.12/site-packages/_pytest/runner.py:246: in <lambda>
    lambda: runtest_hook(item=item, **kwds), when=when, reraise=reraise
            ^^^^^^^^^^^^^^^^^^^^^^^^^^^^^^^
        item       = <Function test_passthrough_functionality>
        kwds       = {}
        runtest_hook = <HookCaller 'pytest_runtest_setup'>
/home/user/passthrough/.venv/lib/python3.12/site-packages/pluggy/_hooks.py:512: in __call__
    return self._hookexec(self.name, self._hookimpls.copy(), kwargs, firstresult)
           ^^^^^^^^^^^^^^^^^^^^^^^^^^^^^^^^^^^^^^^^^^^^^^^^^^^^^^^^^^^^^^^^^^^^^^
        firstresult = False
        kwargs     = {'item': <Function test_passthrough_functionality>}
        self       = <HookCaller 'pytest_runtest_setup'>
/home/user/passthrough/.venv/lib/python3.12/site-packages/pluggy/_manager.py:120: in _hookexec
    return self._inner_hookexec(hook_name, methods, kwargs, firstresult)
           ^^^^^^^^^^^^^^^^^^^^^^^^^^^^^^^^^^^^^^^^^^^^^^^^^^^^^^^^^^^^^
        firstresult = False
        hook_name  = 'pytest_runtest_setup'
        kwargs     = {'item': <Function test_passthrough_functionality>}
        methods    = [<HookImpl plugin_name='threadexception', plugin=<module '_pytest.threadexception' from '/home/user/passthrough/.venv/...pper name='/dev/null' mode='r' encoding='utf-8'>> _state='suspended' _in_suspended=False> _capture_fixture=None>>, ...]
        self       = <_pytest.config.PytestPluginManager object at 0x7eb6f1460f50>
/home/user/passthrough/.venv/lib/python3.12/site-packages/pluggy/_callers.py:167: in _multicall
    raise exception
        __tracebackhide__ = True
        args       = [<Function test_passthrough_functionality>]
        caller_kwargs = {'item': <Function test_passthrough_functionality>}
        exception  = InvalidAddress('web3.py only accepts checksum addresses. The software that gave you this non-checksum address should b... accept lower safety, use Web3.to_checksum_address(lower_case_address).', '0x5fbdb2315678afecb367f032d93f642f64180aa3')
        firstresult = False
        function_gen = <generator object CaptureManager.pytest_runtest_setup at 0x7eb6c195e7a0>
        hook_impl  = <HookImpl plugin_name='runner', plugin=<module '_pytest.runner' from '/home/user/passthrough/.venv/lib/python3.12/site-packages/_pytest/runner.py'>>
        hook_impls = [<HookImpl plugin_name='threadexception', plugin=<module '_pytest.threadexception' from '/home/user/passthrough/.venv/...pper name='/dev/null' mode='r' encoding='utf-8'>> _state='suspended' _in_suspended=False> _capture_fixture=None>>, ...]
        hook_name  = 'pytest_runtest_setup'
        res        = None
        result     = []
        results    = []
        teardown   = <generator object LoggingPlugin.pytest_runtest_setup at 0x7eb6c1e88d60>
        teardowns  = [<generator object LoggingPlugin.pytest_runtest_setup at 0x7eb6c1e88d60>, <generator object CaptureManager.pytest_runtest_setup at 0x7eb6c195e7a0>]
/home/user/passthrough/.venv/lib/python3.12/site-packages/pluggy/_callers.py:139: in _multicall
    teardown.throw(exception)
        __tracebackhide__ = True
        args       = [<Function test_passthrough_functionality>]
        caller_kwargs = {'item': <Function test_passthrough_functionality>}
        exception  = InvalidAddress('web3.py only accepts checksum addresses. The software that gave you this non-checksum address should b... accept lower safety, use Web3.to_checksum_address(lower_case_address).', '0x5fbdb2315678afecb367f032d93f642f64180aa3')
        firstresult = False
        function_gen = <generator object CaptureManager.pytest_runtest_setup at 0x7eb6c195e7a0>
        hook_impl  = <HookImpl plugin_name='runner', plugin=<module '_pytest.runner' from '/home/user/passthrough/.venv/lib/python3.12/site-packages/_pytest/runner.py'>>
        hook_impls = [<HookImpl plugin_name='threadexception', plugin=<module '_pytest.threadexception' from '/home/user/passthrough/.venv/...pper name='/dev/null' mode='r' encoding='utf-8'>> _state='suspended' _in_suspended=False> _capture_fixture=None>>, ...]
        hook_name  = 'pytest_runtest_setup'
        res        = None
        result     = []
        results    = []
        teardown   = <generator object LoggingPlugin.pytest_runtest_setup at 0x7eb6c1e88d60>
        teardowns  = [<generator object LoggingPlugin.pytest_runtest_setup at 0x7eb6c1e88d60>, <generator object CaptureManager.pytest_runtest_setup at 0x7eb6c195e7a0>]
/home/user/passthrough/.venv/lib/python3.12/site-packages/_pytest/logging.py:843: in pytest_runtest_setup
    yield
        empty      = {'setup': []}
        item       = <Function test_passthrough_functionality>
        self       = <_pytest.logging.LoggingPlugin object at 0x7eb6ee3dcf20>
/home/user/passthrough/.venv/lib/python3.12/site-packages/pluggy/_callers.py:139: in _multicall
    teardown.throw(exception)
        __tracebackhide__ = True
        args       = [<Function test_passthrough_functionality>]
        caller_kwargs = {'item': <Function test_passthrough_functionality>}
        exception  = InvalidAddress('web3.py only accepts checksum addresses. The software that gave you this non-checksum address should b... accept lower safety, use Web3.to_checksum_address(lower_case_address).', '0x5fbdb2315678afecb367f032d93f642f64180aa3')
        firstresult = False
        function_gen = <generator object CaptureManager.pytest_runtest_setup at 0x7eb6c195e7a0>
        hook_impl  = <HookImpl plugin_name='runner', plugin=<module '_pytest.runner' from '/home/user/passthrough/.venv/lib/python3.12/site-packages/_pytest/runner.py'>>
        hook_impls = [<HookImpl plugin_name='threadexception', plugin=<module '_pytest.threadexception' from '/home/user/passthrough/.venv/...pper name='/dev/null' mode='r' encoding='utf-8'>> _state='suspended' _in_suspended=False> _capture_fixture=None>>, ...]
        hook_name  = 'pytest_runtest_setup'
        res        = None
        result     = []
        results    = []
        teardown   = <generator object LoggingPlugin.pytest_runtest_setup at 0x7eb6c1e88d60>
        teardowns  = [<generator object LoggingPlugin.pytest_runtest_setup at 0x7eb6c1e88d60>, <generator object CaptureManager.pytest_runtest_setup at 0x7eb6c195e7a0>]
/home/user/passthrough/.venv/lib/python3.12/site-packages/_pytest/capture.py:895: in pytest_runtest_setup
    return (yield)
            ^^^^^
        item       = <Function test_passthrough_functionality>
        self       = <CaptureManager _method='fd' _global_capturing=<MultiCapture out=<FDCapture 1 oldfd=5 _state='suspended' tmpfile=<_io....xtIOWrapper name='/dev/null' mode='r' encoding='utf-8'>> _state='suspended' _in_suspended=False> _capture_fixture=None>
/home/user/passthrough/.venv/lib/python3.12/site-packages/pluggy/_callers.py:121: in _multicall
    res = hook_impl.function(*args)
          ^^^^^^^^^^^^^^^^^^^^^^^^^
        __tracebackhide__ = True
        args       = [<Function test_passthrough_functionality>]
        caller_kwargs = {'item': <Function test_passthrough_functionality>}
        exception  = InvalidAddress('web3.py only accepts checksum addresses. The software that gave you this non-checksum address should b... accept lower safety, use Web3.to_checksum_address(lower_case_address).', '0x5fbdb2315678afecb367f032d93f642f64180aa3')
        firstresult = False
        function_gen = <generator object CaptureManager.pytest_runtest_setup at 0x7eb6c195e7a0>
        hook_impl  = <HookImpl plugin_name='runner', plugin=<module '_pytest.runner' from '/home/user/passthrough/.venv/lib/python3.12/site-packages/_pytest/runner.py'>>
        hook_impls = [<HookImpl plugin_name='threadexception', plugin=<module '_pytest.threadexception' from '/home/user/passthrough/.venv/...pper name='/dev/null' mode='r' encoding='utf-8'>> _state='suspended' _in_suspended=False> _capture_fixture=None>>, ...]
        hook_name  = 'pytest_runtest_setup'
        res        = None
        result     = []
        results    = []
        teardown   = <generator object LoggingPlugin.pytest_runtest_setup at 0x7eb6c1e88d60>
        teardowns  = [<generator object LoggingPlugin.pytest_runtest_setup at 0x7eb6c1e88d60>, <generator object CaptureManager.pytest_runtest_setup at 0x7eb6c195e7a0>]
/home/user/passthrough/.venv/lib/python3.12/site-packages/_pytest/runner.py:164: in pytest_runtest_setup
    item.session._setupstate.setup(item)
        item       = <Function test_passthrough_functionality>
/home/user/passthrough/.venv/lib/python3.12/site-packages/_pytest/runner.py:514: in setup
    col.setup()
        col        = <Function test_passthrough_functionality>
        finalizers = [<bound method Node.teardown of <Module test_factory.py>>]
        item       = <Function test_passthrough_functionality>
        needed_collectors = [<Session  exitstatus=<ExitCode.OK: 0> testsfailed=4 testscollected=19>, <Dir passthrough>, <Dir tests>, <Module test_factory.py>, <Function test_passthrough_functionality>]
        self       = <_pytest.runner.SetupState object at 0x7eb6ee3c72c0>
/home/user/passthrough/.venv/lib/python3.12/site-packages/_pytest/python.py:1674: in setup
    self._request._fillfixtures()
        self       = <Function test_passthrough_functionality>
/home/user/passthrough/.venv/lib/python3.12/site-packages/_pytest/fixtures.py:720: in _fillfixtures
    item.funcargs[argname] = self.getfixturevalue(argname)
                             ^^^^^^^^^^^^^^^^^^^^^^^^^^^^^
        argname    = 'blueprint'
        item       = <Function test_passthrough_functionality>
        self       = <FixtureRequest for <Function test_passthrough_functionality>>
/home/user/passthrough/.venv/lib/python3.12/site-packages/_pytest/fixtures.py:549: in getfixturevalue
    fixturedef = self._get_active_fixturedef(argname)
                 ^^^^^^^^^^^^^^^^^^^^^^^^^^^^^^^^^^^^
        argname    = 'blueprint'
        self       = <FixtureRequest for <Function test_passthrough_functionality>>
/home/user/passthrough/.venv/lib/python3.12/site-packages/_pytest/fixtures.py:640: in _get_active_fixturedef
    fixturedef.execute(request=subrequest)
        argname    = 'blueprint'
        callspec   = None
        fixturedef = <FixtureDef argname='blueprint' scope='function' baseid='tests/test_factory.py'>
        fixturedefs = (<FixtureDef argname='blueprint' scope='function' baseid='tests/test_factory.py'>,)
        index      = -1
        param      = <NotSetType.token: 0>
        param_index = 0
        scope      = <Scope.Function: 'function'>
        self       = <FixtureRequest for <Function test_passthrough_functionality>>
        subrequest = <SubRequest 'blueprint' for <Function test_passthrough_functionality>>
/home/user/passthrough/.venv/lib/python3.12/site-packages/_pytest/fixtures.py:1128: in execute
    result = ihook.pytest_fixture_setup(fixturedef=self, request=request)
             ^^^^^^^^^^^^^^^^^^^^^^^^^^^^^^^^^^^^^^^^^^^^^^^^^^^^^^^^^^^^
        argname    = 'owner'
        finalizer  = functools.partial(<bound method FixtureDef.finish of <FixtureDef argname='blueprint' scope='function' baseid='tests/test_factory.py'>>, request=<SubRequest 'blueprint' for <Function test_passthrough_functionality>>)
        fixturedef = <FixtureDef argname='owner' scope='function' baseid='tests/test_factory.py'>
        ihook      = <_pytest.config.compat.PathAwareHookProxy object at 0x7eb6f15e2e40>
        parent_fixture = <FixtureDef argname='owner' scope='function' baseid='tests/test_factory.py'>
        request    = <SubRequest 'blueprint' for <Function test_passthrough_functionality>>
        requested_fixtures_that_should_finalize_us = [<FixtureDef argname='owner' scope='function' baseid='tests/test_factory.py'>]
        self       = <FixtureDef argname='blueprint' scope='function' baseid='tests/test_factory.py'>
/home/user/passthrough/.venv/lib/python3.12/site-packages/pluggy/_hooks.py:512: in __call__
    return self._hookexec(self.name, self._hookimpls.copy(), kwargs, firstresult)
           ^^^^^^^^^^^^^^^^^^^^^^^^^^^^^^^^^^^^^^^^^^^^^^^^^^^^^^^^^^^^^^^^^^^^^^
        firstresult = True
        kwargs     = {'fixturedef': <FixtureDef argname='blueprint' scope='function' baseid='tests/test_factory.py'>, 'request': <SubRequest 'blueprint' for <Function test_passthrough_functionality>>}
        self       = <HookCaller 'pytest_fixture_setup'>
/home/user/passthrough/.venv/lib/python3.12/site-packages/pluggy/_manager.py:120: in _hookexec
    return self._inner_hookexec(hook_name, methods, kwargs, firstresult)
           ^^^^^^^^^^^^^^^^^^^^^^^^^^^^^^^^^^^^^^^^^^^^^^^^^^^^^^^^^^^^^
        firstresult = True
        hook_name  = 'pytest_fixture_setup'
        kwargs     = {'fixturedef': <FixtureDef argname='blueprint' scope='function' baseid='tests/test_factory.py'>, 'request': <SubRequest 'blueprint' for <Function test_passthrough_functionality>>}
        methods    = [<HookImpl plugin_name='fixtures', plugin=<module '_pytest.fixtures' from '/home/user/passthrough/.venv/lib/python3.12...in=<module '_pytest.setuponly' from '/home/user/passthrough/.venv/lib/python3.12/site-packages/_pytest/setuponly.py'>>]
        self       = <_pytest.config.PytestPluginManager object at 0x7eb6f1460f50>
/home/user/passthrough/.venv/lib/python3.12/site-packages/pluggy/_callers.py:167: in _multicall
    raise exception
        __tracebackhide__ = True
        args       = [<FixtureDef argname='blueprint' scope='function' baseid='tests/test_factory.py'>, <SubRequest 'blueprint' for <Function test_passthrough_functionality>>]
        caller_kwargs = {'fixturedef': <FixtureDef argname='blueprint' scope='function' baseid='tests/test_factory.py'>, 'request': <SubRequest 'blueprint' for <Function test_passthrough_functionality>>}
        exception  = InvalidAddress('web3.py only accepts checksum addresses. The software that gave you this non-checksum address should b... accept lower safety, use Web3.to_checksum_address(lower_case_address).', '0x5fbdb2315678afecb367f032d93f642f64180aa3')
        firstresult = True
        function_gen = <generator object pytest_fixture_setup at 0x7eb6c1e88e50>
        hook_impl  = <HookImpl plugin_name='fixtures', plugin=<module '_pytest.fixtures' from '/home/user/passthrough/.venv/lib/python3.12/site-packages/_pytest/fixtures.py'>>
        hook_impls = [<HookImpl plugin_name='fixtures', plugin=<module '_pytest.fixtures' from '/home/user/passthrough/.venv/lib/python3.12...in=<module '_pytest.setuponly' from '/home/user/passthrough/.venv/lib/python3.12/site-packages/_pytest/setuponly.py'>>]
        hook_name  = 'pytest_fixture_setup'
        res        = None
        result     = None
        results    = []
        teardown   = <generator object pytest_fixture_setup at 0x7eb6c1e88e50>
        teardowns  = [<generator object pytest_fixture_setup at 0x7eb6c1e88e50>]
/home/user/passthrough/.venv/lib/python3.12/site-packages/pluggy/_callers.py:139: in _multicall
    teardown.throw(exception)
        __tracebackhide__ = True
        args       = [<FixtureDef argname='blueprint' scope='function' baseid='tests/test_factory.py'>, <SubRequest 'blueprint' for <Function test_passthrough_functionality>>]
        caller_kwargs = {'fixturedef': <FixtureDef argname='blueprint' scope='function' baseid='tests/test_factory.py'>, 'request': <SubRequest 'blueprint' for <Function test_passthrough_functionality>>}
        exception  = InvalidAddress('web3.py only accepts checksum addresses. The software that gave you this non-checksum address should b... accept lower safety, use Web3.to_checksum_address(lower_case_address).', '0x5fbdb2315678afecb367f032d93f642f64180aa3')
        firstresult = True
        function_gen = <generator object pytest_fixture_setup at 0x7eb6c1e88e50>
        hook_impl  = <HookImpl plugin_name='fixtures', plugin=<module '_pytest.fixtures' from '/home/user/passthrough/.venv/lib/python3.12/site-packages/_pytest/fixtures.py'>>
        hook_impls = [<HookImpl plugin_name='fixtures', plugin=<module '_pytest.fixtures' from '/home/user/passthrough/.venv/lib/python3.12...in=<module '_pytest.setuponly' from '/home/user/passthrough/.venv/lib/python3.12/site-packages/_pytest/setuponly.py'>>]
        hook_name  = 'pytest_fixture_setup'
        res        = None
        result     = None
        results    = []
        teardown   = <generator object pytest_fixture_setup at 0x7eb6c1e88e50>
        teardowns  = [<generator object pytest_fixture_setup at 0x7eb6c1e88e50>]
/home/user/passthrough/.venv/lib/python3.12/site-packages/_pytest/setuponly.py:36: in pytest_fixture_setup
    return (yield)
            ^^^^^
        fixturedef = <FixtureDef argname='blueprint' scope='function' baseid='tests/test_factory.py'>
        request    = <SubRequest 'blueprint' for <Function test_passthrough_functionality>>
/home/user/passthrough/.venv/lib/python3.12/site-packages/pluggy/_callers.py:121: in _multicall
    res = hook_impl.function(*args)
          ^^^^^^^^^^^^^^^^^^^^^^^^^
        __tracebackhide__ = True
        args       = [<FixtureDef argname='blueprint' scope='function' baseid='tests/test_factory.py'>, <SubRequest 'blueprint' for <Function test_passthrough_functionality>>]
        caller_kwargs = {'fixturedef': <FixtureDef argname='blueprint' scope='function' baseid='tests/test_factory.py'>, 'request': <SubRequest 'blueprint' for <Function test_passthrough_functionality>>}
        exception  = InvalidAddress('web3.py only accepts checksum addresses. The software that gave you this non-checksum address should b... accept lower safety, use Web3.to_checksum_address(lower_case_address).', '0x5fbdb2315678afecb367f032d93f642f64180aa3')
        firstresult = True
        function_gen = <generator object pytest_fixture_setup at 0x7eb6c1e88e50>
        hook_impl  = <HookImpl plugin_name='fixtures', plugin=<module '_pytest.fixtures' from '/home/user/passthrough/.venv/lib/python3.12/site-packages/_pytest/fixtures.py'>>
        hook_impls = [<HookImpl plugin_name='fixtures', plugin=<module '_pytest.fixtures' from '/home/user/passthrough/.venv/lib/python3.12...in=<module '_pytest.setuponly' from '/home/user/passthrough/.venv/lib/python3.12/site-packages/_pytest/setuponly.py'>>]
        hook_name  = 'pytest_fixture_setup'
        res        = None
        result     = None
        results    = []
        teardown   = <generator object pytest_fixture_setup at 0x7eb6c1e88e50>
        teardowns  = [<generator object pytest_fixture_setup at 0x7eb6c1e88e50>]
/home/user/passthrough/.venv/lib/python3.12/site-packages/_pytest/fixtures.py:1196: in pytest_fixture_setup
    result = call_fixture_func(fixturefunc, request, kwargs)
             ^^^^^^^^^^^^^^^^^^^^^^^^^^^^^^^^^^^^^^^^^^^^^^^
        argname    = 'owner'
        fixturedef = <FixtureDef argname='blueprint' scope='function' baseid='tests/test_factory.py'>
        fixturefunc = <function blueprint at 0x7eb6c27cea20>
        kwargs     = {'owner': <TestAccount_0 0xf39Fd6e51aad88F6F4ce6aB8827279cffFb92266>}
        my_cache_key = None
        request    = <SubRequest 'blueprint' for <Function test_passthrough_functionality>>
/home/user/passthrough/.venv/lib/python3.12/site-packages/_pytest/fixtures.py:930: in call_fixture_func
    fixture_result = fixturefunc(**kwargs)
                     ^^^^^^^^^^^^^^^^^^^^^
        fixturefunc = <function blueprint at 0x7eb6c27cea20>
        kwargs     = {'owner': <TestAccount_0 0xf39Fd6e51aad88F6F4ce6aB8827279cffFb92266>}
        request    = <SubRequest 'blueprint' for <Function test_passthrough_functionality>>
/home/user/passthrough/tests/test_factory.py:40: in blueprint
    return deploy_blueprint(project.Passthrough, owner)
           ^^^^^^^^^^^^^^^^^^^^^^^^^^^^^^^^^^^^^^^^^^^^
        deploy_blueprint = <function deploy_blueprint at 0x7eb6f115fce0>
        owner      = <TestAccount_0 0xf39Fd6e51aad88F6F4ce6aB8827279cffFb92266>
/home/user/passthrough/tests/conftest.py:60: in deploy_blueprint
    runtime_bytecode = web3.eth.get_code(temp_address)
                       ^^^^^^^^^^^^^^^^^^^^^^^^^^^^^^^
        contract_container = <Passthrough>
        contract_type = <ContractType Passthrough>
        init_code  = '0x611b865150346103a2576020611f645f395f51600a602082611f64015f395f51116103a257602081611f64015f395f515f81600a81116103a25...401aa1855820852887320f0d404c27938a631eb6e7268477bf82e4f8608ee65c859a4d311bf9191b8681183e1820a1657679706572830004030038'
        keccak     = <function keccak at 0x7eb6f0fd5b20>
        nonce      = 0
        receipt    = AttributeDict({'blockHash': HexBytes('0x3c2852703ae10c7952be7068cf36f5b91b27215d922b3a2eed031f74c06ccc3d'), 'blockNumb...sh': HexBytes('0x7af2175882a71fa8813fe5cb44583488df1652a3771d2041153745d27500e163'), 'transactionIndex': 0, 'type': 0})
        rlp        = <module 'rlp' from '/home/user/passthrough/.venv/lib/python3.12/site-packages/rlp/__init__.py'>
        rlp_encoded = b'\xd6\x94\xf3\x9f\xd6\xe5\x1a\xad\x88\xf6\xf4\xcej\xb8\x82ry\xcf\xff\xb9"f\x80'
        sender     = <TestAccount_0 0xf39Fd6e51aad88F6F4ce6aB8827279cffFb92266>
        temp_address = '0x5fbdb2315678afecb367f032d93f642f64180aa3'
        to_checksum_address = <function to_checksum_address at 0x7eb6f107d4e0>
        tx_dict    = {'data': '0x611b865150346103a2576020611f645f395f51600a602082611f64015f395f51116103a257602081611f64015f395f515f81600a81...706572830004030038', 'from': '0xf39Fd6e51aad88F6F4ce6aB8827279cffFb92266', 'gas': 3000000, 'gasPrice': 1000000000, ...}
        tx_hash    = HexBytes('0x7af2175882a71fa8813fe5cb44583488df1652a3771d2041153745d27500e163')
        web3       = <web3.main.Web3 object at 0x7eb6c234e4b0>
/home/user/passthrough/.venv/lib/python3.12/site-packages/web3/eth/eth.py:455: in get_code
    return self._get_code(account, block_identifier)
           ^^^^^^^^^^^^^^^^^^^^^^^^^^^^^^^^^^^^^^^^^
        account    = '0x5fbdb2315678afecb367f032d93f642f64180aa3'
        block_identifier = None
        self       = <web3.eth.eth.Eth object at 0x7eb6c1e167b0>
/home/user/passthrough/.venv/lib/python3.12/site-packages/web3/module.py:101: in caller
    (method_str, params), response_formatters = method.process_params(
        args       = ('0x5fbdb2315678afecb367f032d93f642f64180aa3', None)
        kwargs     = {}
        method     = <web3.method.Method object at 0x7eb6f1443320>
        module     = <web3.eth.eth.Eth object at 0x7eb6c1e167b0>
        w3         = <web3.main.Web3 object at 0x7eb6c234e4b0>
/home/user/passthrough/.venv/lib/python3.12/site-packages/web3/method.py:237: in process_params
    _apply_request_formatters(params, self.request_formatters(method)),
    ^^^^^^^^^^^^^^^^^^^^^^^^^^^^^^^^^^^^^^^^^^^^^^^^^^^^^^^^^^^^^^^^^^
        args       = ('0x5fbdb2315678afecb367f032d93f642f64180aa3', None)
        kwargs     = {}
        method     = 'eth_getCode'
        module     = <web3.eth.eth.Eth object at 0x7eb6c1e167b0>
        params     = ('0x5fbdb2315678afecb367f032d93f642f64180aa3', 'latest')
        response_formatters = (<class 'hexbytes.main.HexBytes'>, <cyfunction identity at 0x7eb6f0ec1840>, <cyfunction identity at 0x7eb6f0ec1840>)
        self       = <web3.method.Method object at 0x7eb6f1443320>
/home/user/passthrough/.venv/lib/python3.12/site-packages/eth_utils/functional.py:47: in inner
    return callback(fn(*args, **kwargs))
                    ^^^^^^^^^^^^^^^^^^^
        args       = (('0x5fbdb2315678afecb367f032d93f642f64180aa3', 'latest'), Compose(<function map_abi_data at 0x7eb6eed50d60>, <function apply_formatter_at_index at 0x7eb6f0e9b7e0>))
        callback   = <class 'tuple'>
        fn         = <function _apply_request_formatters at 0x7eb6ee874400>
        kwargs     = {}
/home/user/passthrough/.venv/lib/python3.12/site-packages/web3/method.py:64: in _apply_request_formatters
    formatted_params = pipe(params, request_formatters)
                       ^^^^^^^^^^^^^^^^^^^^^^^^^^^^^^^^
        params     = ('0x5fbdb2315678afecb367f032d93f642f64180aa3', 'latest')
        request_formatters = Compose(<function map_abi_data at 0x7eb6eed50d60>, <function apply_formatter_at_index at 0x7eb6f0e9b7e0>)
/home/user/passthrough/.venv/lib/python3.12/site-packages/web3/_utils/abi.py:613: in map_abi_data
    return pipe(
        data       = ('0x5fbdb2315678afecb367f032d93f642f64180aa3', 'latest')
        normalizers = [<function abi_bytes_to_hex at 0x7eb6eed6dc60>, <function abi_int_to_hex at 0x7eb6eed6de40>, <function abi_string_to_hex at 0x7eb6eed6df80>, <function abi_address_to_hex at 0x7eb6eed6e3e0>]
        types      = ['address', None]
/home/user/passthrough/.venv/lib/python3.12/site-packages/web3/_utils/abi.py:655: in data_tree_map
    return recursive_map(map_to_typed_data, data_tree)
           ^^^^^^^^^^^^^^^^^^^^^^^^^^^^^^^^^^^^^^^^^^^
        data_tree  = [ABITypedData(abi_type='address', data='0x5fbdb2315678afecb367f032d93f642f64180aa3'), ABITypedData(abi_type=None, data='latest')]
        func       = <function abi_address_to_hex at 0x7eb6eed6e3e0>
        map_to_typed_data = <function data_tree_map.<locals>.map_to_typed_data at 0x7eb6c1973d80>
/home/user/passthrough/.venv/lib/python3.12/site-packages/web3/_utils/decorators.py:38: in wrapped
    return to_wrap(*args)
           ^^^^^^^^^^^^^^
        add_call   = <built-in method add of set object at 0x7eb6eeee0ba0>
        already_called = set()
        args       = (<function data_tree_map.<locals>.map_to_typed_data at 0x7eb6c1973d80>, [ABITypedData(abi_type='address', data='0x5fbdb2315678afecb367f032d93f642f64180aa3'), ABITypedData(abi_type=None, data='latest')])
        remove_call = <built-in method remove of set object at 0x7eb6eeee0ba0>
        thread_local_args = (139324213223552, 139323397062016, 139323384668416)
        to_wrap    = <function recursive_map at 0x7eb6eecfef20>
/home/user/passthrough/.venv/lib/python3.12/site-packages/web3/_utils/formatters.py:89: in recursive_map
    items_mapped = map_collection(recurse, data)
                   ^^^^^^^^^^^^^^^^^^^^^^^^^^^^^
        data       = [ABITypedData(abi_type='address', data='0x5fbdb2315678afecb367f032d93f642f64180aa3'), ABITypedData(abi_type=None, data='latest')]
        func       = <function data_tree_map.<locals>.map_to_typed_data at 0x7eb6c1973d80>
        recurse    = <function recursive_map.<locals>.recurse at 0x7eb6c1972e80>
/home/user/passthrough/.venv/lib/python3.12/site-packages/web3/_utils/formatters.py:73: in map_collection
    return datatype(map(func, collection))
           ^^^^^^^^^^^^^^^^^^^^^^^^^^^^^^^
        collection = [ABITypedData(abi_type='address', data='0x5fbdb2315678afecb367f032d93f642f64180aa3'), ABITypedData(abi_type=None, data='latest')]
        datatype   = <class 'list'>
        func       = <function recursive_map.<locals>.recurse at 0x7eb6c1972e80>
/home/user/passthrough/.venv/lib/python3.12/site-packages/web3/_utils/formatters.py:87: in recurse
    return recursive_map(func, item)
           ^^^^^^^^^^^^^^^^^^^^^^^^^
        func       = <function data_tree_map.<locals>.map_to_typed_data at 0x7eb6c1973d80>
        item       = ABITypedData(abi_type='address', data='0x5fbdb2315678afecb367f032d93f642f64180aa3')
/home/user/passthrough/.venv/lib/python3.12/site-packages/web3/_utils/decorators.py:38: in wrapped
    return to_wrap(*args)
           ^^^^^^^^^^^^^^
        add_call   = <built-in method add of set object at 0x7eb6eeee0ba0>
        already_called = set()
        args       = (<function data_tree_map.<locals>.map_to_typed_data at 0x7eb6c1973d80>, ABITypedData(abi_type='address', data='0x5fbdb2315678afecb367f032d93f642f64180aa3'))
        remove_call = <built-in method remove of set object at 0x7eb6eeee0ba0>
        thread_local_args = (139324213223552, 139323397062016, 139323402357328)
        to_wrap    = <function recursive_map at 0x7eb6eecfef20>
/home/user/passthrough/.venv/lib/python3.12/site-packages/web3/_utils/formatters.py:90: in recursive_map
    return func(items_mapped)
           ^^^^^^^^^^^^^^^^^^
        data       = ABITypedData(abi_type='address', data='0x5fbdb2315678afecb367f032d93f642f64180aa3')
        func       = <function data_tree_map.<locals>.map_to_typed_data at 0x7eb6c1973d80>
        items_mapped = ABITypedData(abi_type='address', data='0x5fbdb2315678afecb367f032d93f642f64180aa3')
        recurse    = <function recursive_map.<locals>.recurse at 0x7eb6c1973c40>
/home/user/passthrough/.venv/lib/python3.12/site-packages/web3/_utils/abi.py:651: in map_to_typed_data
    return ABITypedData(func(*elements))
                        ^^^^^^^^^^^^^^^
        elements   = ABITypedData(abi_type='address', data='0x5fbdb2315678afecb367f032d93f642f64180aa3')
        func       = <function abi_address_to_hex at 0x7eb6eed6e3e0>
/home/user/passthrough/.venv/lib/python3.12/site-packages/web3/_utils/normalizers.py:79: in wrapper
    modified = to_wrap(type_str, data)
               ^^^^^^^^^^^^^^^^^^^^^^^
        data       = '0x5fbdb2315678afecb367f032d93f642f64180aa3'
        to_wrap    = <function abi_address_to_hex at 0x7eb6eed6e340>
        type_str   = 'address'
/home/user/passthrough/.venv/lib/python3.12/site-packages/web3/_utils/normalizers.py:202: in abi_address_to_hex
    validate_address(data)
        data       = '0x5fbdb2315678afecb367f032d93f642f64180aa3'
        type_str   = 'address'
/home/user/passthrough/.venv/lib/python3.12/site-packages/web3/_utils/validation.py:201: in validate_address
    raise InvalidAddress(
E   web3.exceptions.InvalidAddress: ('web3.py only accepts checksum addresses. The software that gave you this non-checksum address should be considered unsafe, please file it as a bug on their platform. Try using an ENS name instead. Or, if you must accept lower safety, use Web3.to_checksum_address(lower_case_address).', '0x5fbdb2315678afecb367f032d93f642f64180aa3')
        value      = '0x5fbdb2315678afecb367f032d93f642f64180aa3'
_____________________ ERROR at setup of test_set_blueprint _____________________
/home/user/passthrough/.venv/lib/python3.12/site-packages/_pytest/runner.py:344: in from_call
    result: TResult | None = func()
                             ^^^^^^
        cls        = <class '_pytest.runner.CallInfo'>
        duration   = Duration(start=Instant(time=1763228721.2525015, perf_count=282.445028407), stop=Instant(time=1763228721.32041, perf_count=282.512937431))
        excinfo    = <ExceptionInfo InvalidAddress('web3.py only accepts checksum addresses. The software that gave you this non-checksum a...wer safety, use Web3.to_checksum_address(lower_case_address).', '0x5fbdb2315678afecb367f032d93f642f64180aa3') tblen=44>
        func       = <function call_and_report.<locals>.<lambda> at 0x7eb6c1973380>
        instant    = Instant(time=1763228721.2525015, perf_count=282.445028407)
        reraise    = (<class '_pytest.outcomes.Exit'>, <class 'KeyboardInterrupt'>)
        result     = None
        when       = 'setup'
/home/user/passthrough/.venv/lib/python3.12/site-packages/_pytest/runner.py:246: in <lambda>
    lambda: runtest_hook(item=item, **kwds), when=when, reraise=reraise
            ^^^^^^^^^^^^^^^^^^^^^^^^^^^^^^^
        item       = <Function test_set_blueprint>
        kwds       = {}
        runtest_hook = <HookCaller 'pytest_runtest_setup'>
/home/user/passthrough/.venv/lib/python3.12/site-packages/pluggy/_hooks.py:512: in __call__
    return self._hookexec(self.name, self._hookimpls.copy(), kwargs, firstresult)
           ^^^^^^^^^^^^^^^^^^^^^^^^^^^^^^^^^^^^^^^^^^^^^^^^^^^^^^^^^^^^^^^^^^^^^^
        firstresult = False
        kwargs     = {'item': <Function test_set_blueprint>}
        self       = <HookCaller 'pytest_runtest_setup'>
/home/user/passthrough/.venv/lib/python3.12/site-packages/pluggy/_manager.py:120: in _hookexec
    return self._inner_hookexec(hook_name, methods, kwargs, firstresult)
           ^^^^^^^^^^^^^^^^^^^^^^^^^^^^^^^^^^^^^^^^^^^^^^^^^^^^^^^^^^^^^
        firstresult = False
        hook_name  = 'pytest_runtest_setup'
        kwargs     = {'item': <Function test_set_blueprint>}
        methods    = [<HookImpl plugin_name='threadexception', plugin=<module '_pytest.threadexception' from '/home/user/passthrough/.venv/...pper name='/dev/null' mode='r' encoding='utf-8'>> _state='suspended' _in_suspended=False> _capture_fixture=None>>, ...]
        self       = <_pytest.config.PytestPluginManager object at 0x7eb6f1460f50>
/home/user/passthrough/.venv/lib/python3.12/site-packages/pluggy/_callers.py:167: in _multicall
    raise exception
        __tracebackhide__ = True
        args       = [<Function test_set_blueprint>]
        caller_kwargs = {'item': <Function test_set_blueprint>}
        exception  = InvalidAddress('web3.py only accepts checksum addresses. The software that gave you this non-checksum address should b... accept lower safety, use Web3.to_checksum_address(lower_case_address).', '0x5fbdb2315678afecb367f032d93f642f64180aa3')
        firstresult = False
        function_gen = <generator object CaptureManager.pytest_runtest_setup at 0x7eb6c195f060>
        hook_impl  = <HookImpl plugin_name='runner', plugin=<module '_pytest.runner' from '/home/user/passthrough/.venv/lib/python3.12/site-packages/_pytest/runner.py'>>
        hook_impls = [<HookImpl plugin_name='threadexception', plugin=<module '_pytest.threadexception' from '/home/user/passthrough/.venv/...pper name='/dev/null' mode='r' encoding='utf-8'>> _state='suspended' _in_suspended=False> _capture_fixture=None>>, ...]
        hook_name  = 'pytest_runtest_setup'
        res        = None
        result     = []
        results    = []
        teardown   = <generator object LoggingPlugin.pytest_runtest_setup at 0x7eb6c1e89030>
        teardowns  = [<generator object LoggingPlugin.pytest_runtest_setup at 0x7eb6c1e89030>, <generator object CaptureManager.pytest_runtest_setup at 0x7eb6c195f060>]
/home/user/passthrough/.venv/lib/python3.12/site-packages/pluggy/_callers.py:139: in _multicall
    teardown.throw(exception)
        __tracebackhide__ = True
        args       = [<Function test_set_blueprint>]
        caller_kwargs = {'item': <Function test_set_blueprint>}
        exception  = InvalidAddress('web3.py only accepts checksum addresses. The software that gave you this non-checksum address should b... accept lower safety, use Web3.to_checksum_address(lower_case_address).', '0x5fbdb2315678afecb367f032d93f642f64180aa3')
        firstresult = False
        function_gen = <generator object CaptureManager.pytest_runtest_setup at 0x7eb6c195f060>
        hook_impl  = <HookImpl plugin_name='runner', plugin=<module '_pytest.runner' from '/home/user/passthrough/.venv/lib/python3.12/site-packages/_pytest/runner.py'>>
        hook_impls = [<HookImpl plugin_name='threadexception', plugin=<module '_pytest.threadexception' from '/home/user/passthrough/.venv/...pper name='/dev/null' mode='r' encoding='utf-8'>> _state='suspended' _in_suspended=False> _capture_fixture=None>>, ...]
        hook_name  = 'pytest_runtest_setup'
        res        = None
        result     = []
        results    = []
        teardown   = <generator object LoggingPlugin.pytest_runtest_setup at 0x7eb6c1e89030>
        teardowns  = [<generator object LoggingPlugin.pytest_runtest_setup at 0x7eb6c1e89030>, <generator object CaptureManager.pytest_runtest_setup at 0x7eb6c195f060>]
/home/user/passthrough/.venv/lib/python3.12/site-packages/_pytest/logging.py:843: in pytest_runtest_setup
    yield
        empty      = {'setup': []}
        item       = <Function test_set_blueprint>
        self       = <_pytest.logging.LoggingPlugin object at 0x7eb6ee3dcf20>
/home/user/passthrough/.venv/lib/python3.12/site-packages/pluggy/_callers.py:139: in _multicall
    teardown.throw(exception)
        __tracebackhide__ = True
        args       = [<Function test_set_blueprint>]
        caller_kwargs = {'item': <Function test_set_blueprint>}
        exception  = InvalidAddress('web3.py only accepts checksum addresses. The software that gave you this non-checksum address should b... accept lower safety, use Web3.to_checksum_address(lower_case_address).', '0x5fbdb2315678afecb367f032d93f642f64180aa3')
        firstresult = False
        function_gen = <generator object CaptureManager.pytest_runtest_setup at 0x7eb6c195f060>
        hook_impl  = <HookImpl plugin_name='runner', plugin=<module '_pytest.runner' from '/home/user/passthrough/.venv/lib/python3.12/site-packages/_pytest/runner.py'>>
        hook_impls = [<HookImpl plugin_name='threadexception', plugin=<module '_pytest.threadexception' from '/home/user/passthrough/.venv/...pper name='/dev/null' mode='r' encoding='utf-8'>> _state='suspended' _in_suspended=False> _capture_fixture=None>>, ...]
        hook_name  = 'pytest_runtest_setup'
        res        = None
        result     = []
        results    = []
        teardown   = <generator object LoggingPlugin.pytest_runtest_setup at 0x7eb6c1e89030>
        teardowns  = [<generator object LoggingPlugin.pytest_runtest_setup at 0x7eb6c1e89030>, <generator object CaptureManager.pytest_runtest_setup at 0x7eb6c195f060>]
/home/user/passthrough/.venv/lib/python3.12/site-packages/_pytest/capture.py:895: in pytest_runtest_setup
    return (yield)
            ^^^^^
        item       = <Function test_set_blueprint>
        self       = <CaptureManager _method='fd' _global_capturing=<MultiCapture out=<FDCapture 1 oldfd=5 _state='suspended' tmpfile=<_io....xtIOWrapper name='/dev/null' mode='r' encoding='utf-8'>> _state='suspended' _in_suspended=False> _capture_fixture=None>
/home/user/passthrough/.venv/lib/python3.12/site-packages/pluggy/_callers.py:121: in _multicall
    res = hook_impl.function(*args)
          ^^^^^^^^^^^^^^^^^^^^^^^^^
        __tracebackhide__ = True
        args       = [<Function test_set_blueprint>]
        caller_kwargs = {'item': <Function test_set_blueprint>}
        exception  = InvalidAddress('web3.py only accepts checksum addresses. The software that gave you this non-checksum address should b... accept lower safety, use Web3.to_checksum_address(lower_case_address).', '0x5fbdb2315678afecb367f032d93f642f64180aa3')
        firstresult = False
        function_gen = <generator object CaptureManager.pytest_runtest_setup at 0x7eb6c195f060>
        hook_impl  = <HookImpl plugin_name='runner', plugin=<module '_pytest.runner' from '/home/user/passthrough/.venv/lib/python3.12/site-packages/_pytest/runner.py'>>
        hook_impls = [<HookImpl plugin_name='threadexception', plugin=<module '_pytest.threadexception' from '/home/user/passthrough/.venv/...pper name='/dev/null' mode='r' encoding='utf-8'>> _state='suspended' _in_suspended=False> _capture_fixture=None>>, ...]
        hook_name  = 'pytest_runtest_setup'
        res        = None
        result     = []
        results    = []
        teardown   = <generator object LoggingPlugin.pytest_runtest_setup at 0x7eb6c1e89030>
        teardowns  = [<generator object LoggingPlugin.pytest_runtest_setup at 0x7eb6c1e89030>, <generator object CaptureManager.pytest_runtest_setup at 0x7eb6c195f060>]
/home/user/passthrough/.venv/lib/python3.12/site-packages/_pytest/runner.py:164: in pytest_runtest_setup
    item.session._setupstate.setup(item)
        item       = <Function test_set_blueprint>
/home/user/passthrough/.venv/lib/python3.12/site-packages/_pytest/runner.py:514: in setup
    col.setup()
        col        = <Function test_set_blueprint>
        finalizers = [<bound method Node.teardown of <Module test_factory.py>>]
        item       = <Function test_set_blueprint>
        needed_collectors = [<Session  exitstatus=<ExitCode.OK: 0> testsfailed=5 testscollected=19>, <Dir passthrough>, <Dir tests>, <Module test_factory.py>, <Function test_set_blueprint>]
        self       = <_pytest.runner.SetupState object at 0x7eb6ee3c72c0>
/home/user/passthrough/.venv/lib/python3.12/site-packages/_pytest/python.py:1674: in setup
    self._request._fillfixtures()
        self       = <Function test_set_blueprint>
/home/user/passthrough/.venv/lib/python3.12/site-packages/_pytest/fixtures.py:720: in _fillfixtures
    item.funcargs[argname] = self.getfixturevalue(argname)
                             ^^^^^^^^^^^^^^^^^^^^^^^^^^^^^
        argname    = 'blueprint'
        item       = <Function test_set_blueprint>
        self       = <FixtureRequest for <Function test_set_blueprint>>
/home/user/passthrough/.venv/lib/python3.12/site-packages/_pytest/fixtures.py:549: in getfixturevalue
    fixturedef = self._get_active_fixturedef(argname)
                 ^^^^^^^^^^^^^^^^^^^^^^^^^^^^^^^^^^^^
        argname    = 'blueprint'
        self       = <FixtureRequest for <Function test_set_blueprint>>
/home/user/passthrough/.venv/lib/python3.12/site-packages/_pytest/fixtures.py:640: in _get_active_fixturedef
    fixturedef.execute(request=subrequest)
        argname    = 'blueprint'
        callspec   = None
        fixturedef = <FixtureDef argname='blueprint' scope='function' baseid='tests/test_factory.py'>
        fixturedefs = (<FixtureDef argname='blueprint' scope='function' baseid='tests/test_factory.py'>,)
        index      = -1
        param      = <NotSetType.token: 0>
        param_index = 0
        scope      = <Scope.Function: 'function'>
        self       = <FixtureRequest for <Function test_set_blueprint>>
        subrequest = <SubRequest 'blueprint' for <Function test_set_blueprint>>
/home/user/passthrough/.venv/lib/python3.12/site-packages/_pytest/fixtures.py:1128: in execute
    result = ihook.pytest_fixture_setup(fixturedef=self, request=request)
             ^^^^^^^^^^^^^^^^^^^^^^^^^^^^^^^^^^^^^^^^^^^^^^^^^^^^^^^^^^^^
        argname    = 'owner'
        finalizer  = functools.partial(<bound method FixtureDef.finish of <FixtureDef argname='blueprint' scope='function' baseid='tests/test_factory.py'>>, request=<SubRequest 'blueprint' for <Function test_set_blueprint>>)
        fixturedef = <FixtureDef argname='owner' scope='function' baseid='tests/test_factory.py'>
        ihook      = <_pytest.config.compat.PathAwareHookProxy object at 0x7eb6f15e2e40>
        parent_fixture = <FixtureDef argname='owner' scope='function' baseid='tests/test_factory.py'>
        request    = <SubRequest 'blueprint' for <Function test_set_blueprint>>
        requested_fixtures_that_should_finalize_us = [<FixtureDef argname='owner' scope='function' baseid='tests/test_factory.py'>]
        self       = <FixtureDef argname='blueprint' scope='function' baseid='tests/test_factory.py'>
/home/user/passthrough/.venv/lib/python3.12/site-packages/pluggy/_hooks.py:512: in __call__
    return self._hookexec(self.name, self._hookimpls.copy(), kwargs, firstresult)
           ^^^^^^^^^^^^^^^^^^^^^^^^^^^^^^^^^^^^^^^^^^^^^^^^^^^^^^^^^^^^^^^^^^^^^^
        firstresult = True
        kwargs     = {'fixturedef': <FixtureDef argname='blueprint' scope='function' baseid='tests/test_factory.py'>, 'request': <SubRequest 'blueprint' for <Function test_set_blueprint>>}
        self       = <HookCaller 'pytest_fixture_setup'>
/home/user/passthrough/.venv/lib/python3.12/site-packages/pluggy/_manager.py:120: in _hookexec
    return self._inner_hookexec(hook_name, methods, kwargs, firstresult)
           ^^^^^^^^^^^^^^^^^^^^^^^^^^^^^^^^^^^^^^^^^^^^^^^^^^^^^^^^^^^^^
        firstresult = True
        hook_name  = 'pytest_fixture_setup'
        kwargs     = {'fixturedef': <FixtureDef argname='blueprint' scope='function' baseid='tests/test_factory.py'>, 'request': <SubRequest 'blueprint' for <Function test_set_blueprint>>}
        methods    = [<HookImpl plugin_name='fixtures', plugin=<module '_pytest.fixtures' from '/home/user/passthrough/.venv/lib/python3.12...in=<module '_pytest.setuponly' from '/home/user/passthrough/.venv/lib/python3.12/site-packages/_pytest/setuponly.py'>>]
        self       = <_pytest.config.PytestPluginManager object at 0x7eb6f1460f50>
/home/user/passthrough/.venv/lib/python3.12/site-packages/pluggy/_callers.py:167: in _multicall
    raise exception
        __tracebackhide__ = True
        args       = [<FixtureDef argname='blueprint' scope='function' baseid='tests/test_factory.py'>, <SubRequest 'blueprint' for <Function test_set_blueprint>>]
        caller_kwargs = {'fixturedef': <FixtureDef argname='blueprint' scope='function' baseid='tests/test_factory.py'>, 'request': <SubRequest 'blueprint' for <Function test_set_blueprint>>}
        exception  = InvalidAddress('web3.py only accepts checksum addresses. The software that gave you this non-checksum address should b... accept lower safety, use Web3.to_checksum_address(lower_case_address).', '0x5fbdb2315678afecb367f032d93f642f64180aa3')
        firstresult = True
        function_gen = <generator object pytest_fixture_setup at 0x7eb6c1e888b0>
        hook_impl  = <HookImpl plugin_name='fixtures', plugin=<module '_pytest.fixtures' from '/home/user/passthrough/.venv/lib/python3.12/site-packages/_pytest/fixtures.py'>>
        hook_impls = [<HookImpl plugin_name='fixtures', plugin=<module '_pytest.fixtures' from '/home/user/passthrough/.venv/lib/python3.12...in=<module '_pytest.setuponly' from '/home/user/passthrough/.venv/lib/python3.12/site-packages/_pytest/setuponly.py'>>]
        hook_name  = 'pytest_fixture_setup'
        res        = None
        result     = None
        results    = []
        teardown   = <generator object pytest_fixture_setup at 0x7eb6c1e888b0>
        teardowns  = [<generator object pytest_fixture_setup at 0x7eb6c1e888b0>]
/home/user/passthrough/.venv/lib/python3.12/site-packages/pluggy/_callers.py:139: in _multicall
    teardown.throw(exception)
        __tracebackhide__ = True
        args       = [<FixtureDef argname='blueprint' scope='function' baseid='tests/test_factory.py'>, <SubRequest 'blueprint' for <Function test_set_blueprint>>]
        caller_kwargs = {'fixturedef': <FixtureDef argname='blueprint' scope='function' baseid='tests/test_factory.py'>, 'request': <SubRequest 'blueprint' for <Function test_set_blueprint>>}
        exception  = InvalidAddress('web3.py only accepts checksum addresses. The software that gave you this non-checksum address should b... accept lower safety, use Web3.to_checksum_address(lower_case_address).', '0x5fbdb2315678afecb367f032d93f642f64180aa3')
        firstresult = True
        function_gen = <generator object pytest_fixture_setup at 0x7eb6c1e888b0>
        hook_impl  = <HookImpl plugin_name='fixtures', plugin=<module '_pytest.fixtures' from '/home/user/passthrough/.venv/lib/python3.12/site-packages/_pytest/fixtures.py'>>
        hook_impls = [<HookImpl plugin_name='fixtures', plugin=<module '_pytest.fixtures' from '/home/user/passthrough/.venv/lib/python3.12...in=<module '_pytest.setuponly' from '/home/user/passthrough/.venv/lib/python3.12/site-packages/_pytest/setuponly.py'>>]
        hook_name  = 'pytest_fixture_setup'
        res        = None
        result     = None
        results    = []
        teardown   = <generator object pytest_fixture_setup at 0x7eb6c1e888b0>
        teardowns  = [<generator object pytest_fixture_setup at 0x7eb6c1e888b0>]
/home/user/passthrough/.venv/lib/python3.12/site-packages/_pytest/setuponly.py:36: in pytest_fixture_setup
    return (yield)
            ^^^^^
        fixturedef = <FixtureDef argname='blueprint' scope='function' baseid='tests/test_factory.py'>
        request    = <SubRequest 'blueprint' for <Function test_set_blueprint>>
/home/user/passthrough/.venv/lib/python3.12/site-packages/pluggy/_callers.py:121: in _multicall
    res = hook_impl.function(*args)
          ^^^^^^^^^^^^^^^^^^^^^^^^^
        __tracebackhide__ = True
        args       = [<FixtureDef argname='blueprint' scope='function' baseid='tests/test_factory.py'>, <SubRequest 'blueprint' for <Function test_set_blueprint>>]
        caller_kwargs = {'fixturedef': <FixtureDef argname='blueprint' scope='function' baseid='tests/test_factory.py'>, 'request': <SubRequest 'blueprint' for <Function test_set_blueprint>>}
        exception  = InvalidAddress('web3.py only accepts checksum addresses. The software that gave you this non-checksum address should b... accept lower safety, use Web3.to_checksum_address(lower_case_address).', '0x5fbdb2315678afecb367f032d93f642f64180aa3')
        firstresult = True
        function_gen = <generator object pytest_fixture_setup at 0x7eb6c1e888b0>
        hook_impl  = <HookImpl plugin_name='fixtures', plugin=<module '_pytest.fixtures' from '/home/user/passthrough/.venv/lib/python3.12/site-packages/_pytest/fixtures.py'>>
        hook_impls = [<HookImpl plugin_name='fixtures', plugin=<module '_pytest.fixtures' from '/home/user/passthrough/.venv/lib/python3.12...in=<module '_pytest.setuponly' from '/home/user/passthrough/.venv/lib/python3.12/site-packages/_pytest/setuponly.py'>>]
        hook_name  = 'pytest_fixture_setup'
        res        = None
        result     = None
        results    = []
        teardown   = <generator object pytest_fixture_setup at 0x7eb6c1e888b0>
        teardowns  = [<generator object pytest_fixture_setup at 0x7eb6c1e888b0>]
/home/user/passthrough/.venv/lib/python3.12/site-packages/_pytest/fixtures.py:1196: in pytest_fixture_setup
    result = call_fixture_func(fixturefunc, request, kwargs)
             ^^^^^^^^^^^^^^^^^^^^^^^^^^^^^^^^^^^^^^^^^^^^^^^
        argname    = 'owner'
        fixturedef = <FixtureDef argname='blueprint' scope='function' baseid='tests/test_factory.py'>
        fixturefunc = <function blueprint at 0x7eb6c27cea20>
        kwargs     = {'owner': <TestAccount_0 0xf39Fd6e51aad88F6F4ce6aB8827279cffFb92266>}
        my_cache_key = None
        request    = <SubRequest 'blueprint' for <Function test_set_blueprint>>
/home/user/passthrough/.venv/lib/python3.12/site-packages/_pytest/fixtures.py:930: in call_fixture_func
    fixture_result = fixturefunc(**kwargs)
                     ^^^^^^^^^^^^^^^^^^^^^
        fixturefunc = <function blueprint at 0x7eb6c27cea20>
        kwargs     = {'owner': <TestAccount_0 0xf39Fd6e51aad88F6F4ce6aB8827279cffFb92266>}
        request    = <SubRequest 'blueprint' for <Function test_set_blueprint>>
/home/user/passthrough/tests/test_factory.py:40: in blueprint
    return deploy_blueprint(project.Passthrough, owner)
           ^^^^^^^^^^^^^^^^^^^^^^^^^^^^^^^^^^^^^^^^^^^^
        deploy_blueprint = <function deploy_blueprint at 0x7eb6f115fce0>
        owner      = <TestAccount_0 0xf39Fd6e51aad88F6F4ce6aB8827279cffFb92266>
/home/user/passthrough/tests/conftest.py:60: in deploy_blueprint
    runtime_bytecode = web3.eth.get_code(temp_address)
                       ^^^^^^^^^^^^^^^^^^^^^^^^^^^^^^^
        contract_container = <Passthrough>
        contract_type = <ContractType Passthrough>
        init_code  = '0x611b865150346103a2576020611f645f395f51600a602082611f64015f395f51116103a257602081611f64015f395f515f81600a81116103a25...401aa1855820852887320f0d404c27938a631eb6e7268477bf82e4f8608ee65c859a4d311bf9191b8681183e1820a1657679706572830004030038'
        keccak     = <function keccak at 0x7eb6f0fd5b20>
        nonce      = 0
        receipt    = AttributeDict({'blockHash': HexBytes('0x0621ba8c75e5947994ed6875bc4486a74596e423a7a974da74b69f3c5f98dcaf'), 'blockNumb...sh': HexBytes('0x7af2175882a71fa8813fe5cb44583488df1652a3771d2041153745d27500e163'), 'transactionIndex': 0, 'type': 0})
        rlp        = <module 'rlp' from '/home/user/passthrough/.venv/lib/python3.12/site-packages/rlp/__init__.py'>
        rlp_encoded = b'\xd6\x94\xf3\x9f\xd6\xe5\x1a\xad\x88\xf6\xf4\xcej\xb8\x82ry\xcf\xff\xb9"f\x80'
        sender     = <TestAccount_0 0xf39Fd6e51aad88F6F4ce6aB8827279cffFb92266>
        temp_address = '0x5fbdb2315678afecb367f032d93f642f64180aa3'
        to_checksum_address = <function to_checksum_address at 0x7eb6f107d4e0>
        tx_dict    = {'data': '0x611b865150346103a2576020611f645f395f51600a602082611f64015f395f51116103a257602081611f64015f395f515f81600a81...706572830004030038', 'from': '0xf39Fd6e51aad88F6F4ce6aB8827279cffFb92266', 'gas': 3000000, 'gasPrice': 1000000000, ...}
        tx_hash    = HexBytes('0x7af2175882a71fa8813fe5cb44583488df1652a3771d2041153745d27500e163')
        web3       = <web3.main.Web3 object at 0x7eb6c234e4b0>
/home/user/passthrough/.venv/lib/python3.12/site-packages/web3/eth/eth.py:455: in get_code
    return self._get_code(account, block_identifier)
           ^^^^^^^^^^^^^^^^^^^^^^^^^^^^^^^^^^^^^^^^^
        account    = '0x5fbdb2315678afecb367f032d93f642f64180aa3'
        block_identifier = None
        self       = <web3.eth.eth.Eth object at 0x7eb6c1e167b0>
/home/user/passthrough/.venv/lib/python3.12/site-packages/web3/module.py:101: in caller
    (method_str, params), response_formatters = method.process_params(
        args       = ('0x5fbdb2315678afecb367f032d93f642f64180aa3', None)
        kwargs     = {}
        method     = <web3.method.Method object at 0x7eb6f1443320>
        module     = <web3.eth.eth.Eth object at 0x7eb6c1e167b0>
        w3         = <web3.main.Web3 object at 0x7eb6c234e4b0>
/home/user/passthrough/.venv/lib/python3.12/site-packages/web3/method.py:237: in process_params
    _apply_request_formatters(params, self.request_formatters(method)),
    ^^^^^^^^^^^^^^^^^^^^^^^^^^^^^^^^^^^^^^^^^^^^^^^^^^^^^^^^^^^^^^^^^^
        args       = ('0x5fbdb2315678afecb367f032d93f642f64180aa3', None)
        kwargs     = {}
        method     = 'eth_getCode'
        module     = <web3.eth.eth.Eth object at 0x7eb6c1e167b0>
        params     = ('0x5fbdb2315678afecb367f032d93f642f64180aa3', 'latest')
        response_formatters = (<class 'hexbytes.main.HexBytes'>, <cyfunction identity at 0x7eb6f0ec1840>, <cyfunction identity at 0x7eb6f0ec1840>)
        self       = <web3.method.Method object at 0x7eb6f1443320>
/home/user/passthrough/.venv/lib/python3.12/site-packages/eth_utils/functional.py:47: in inner
    return callback(fn(*args, **kwargs))
                    ^^^^^^^^^^^^^^^^^^^
        args       = (('0x5fbdb2315678afecb367f032d93f642f64180aa3', 'latest'), Compose(<function map_abi_data at 0x7eb6eed50d60>, <function apply_formatter_at_index at 0x7eb6f0e9b7e0>))
        callback   = <class 'tuple'>
        fn         = <function _apply_request_formatters at 0x7eb6ee874400>
        kwargs     = {}
/home/user/passthrough/.venv/lib/python3.12/site-packages/web3/method.py:64: in _apply_request_formatters
    formatted_params = pipe(params, request_formatters)
                       ^^^^^^^^^^^^^^^^^^^^^^^^^^^^^^^^
        params     = ('0x5fbdb2315678afecb367f032d93f642f64180aa3', 'latest')
        request_formatters = Compose(<function map_abi_data at 0x7eb6eed50d60>, <function apply_formatter_at_index at 0x7eb6f0e9b7e0>)
/home/user/passthrough/.venv/lib/python3.12/site-packages/web3/_utils/abi.py:613: in map_abi_data
    return pipe(
        data       = ('0x5fbdb2315678afecb367f032d93f642f64180aa3', 'latest')
        normalizers = [<function abi_bytes_to_hex at 0x7eb6eed6dc60>, <function abi_int_to_hex at 0x7eb6eed6de40>, <function abi_string_to_hex at 0x7eb6eed6df80>, <function abi_address_to_hex at 0x7eb6eed6e3e0>]
        types      = ['address', None]
/home/user/passthrough/.venv/lib/python3.12/site-packages/web3/_utils/abi.py:655: in data_tree_map
    return recursive_map(map_to_typed_data, data_tree)
           ^^^^^^^^^^^^^^^^^^^^^^^^^^^^^^^^^^^^^^^^^^^
        data_tree  = [ABITypedData(abi_type='address', data='0x5fbdb2315678afecb367f032d93f642f64180aa3'), ABITypedData(abi_type=None, data='latest')]
        func       = <function abi_address_to_hex at 0x7eb6eed6e3e0>
        map_to_typed_data = <function data_tree_map.<locals>.map_to_typed_data at 0x7eb6c1bc0720>
/home/user/passthrough/.venv/lib/python3.12/site-packages/web3/_utils/decorators.py:38: in wrapped
    return to_wrap(*args)
           ^^^^^^^^^^^^^^
        add_call   = <built-in method add of set object at 0x7eb6eeee0ba0>
        already_called = set()
        args       = (<function data_tree_map.<locals>.map_to_typed_data at 0x7eb6c1bc0720>, [ABITypedData(abi_type='address', data='0x5fbdb2315678afecb367f032d93f642f64180aa3'), ABITypedData(abi_type=None, data='latest')])
        remove_call = <built-in method remove of set object at 0x7eb6eeee0ba0>
        thread_local_args = (139324213223552, 139323399472928, 139323388951680)
        to_wrap    = <function recursive_map at 0x7eb6eecfef20>
/home/user/passthrough/.venv/lib/python3.12/site-packages/web3/_utils/formatters.py:89: in recursive_map
    items_mapped = map_collection(recurse, data)
                   ^^^^^^^^^^^^^^^^^^^^^^^^^^^^^
        data       = [ABITypedData(abi_type='address', data='0x5fbdb2315678afecb367f032d93f642f64180aa3'), ABITypedData(abi_type=None, data='latest')]
        func       = <function data_tree_map.<locals>.map_to_typed_data at 0x7eb6c1bc0720>
        recurse    = <function recursive_map.<locals>.recurse at 0x7eb6c1973e20>
/home/user/passthrough/.venv/lib/python3.12/site-packages/web3/_utils/formatters.py:73: in map_collection
    return datatype(map(func, collection))
           ^^^^^^^^^^^^^^^^^^^^^^^^^^^^^^^
        collection = [ABITypedData(abi_type='address', data='0x5fbdb2315678afecb367f032d93f642f64180aa3'), ABITypedData(abi_type=None, data='latest')]
        datatype   = <class 'list'>
        func       = <function recursive_map.<locals>.recurse at 0x7eb6c1973e20>
/home/user/passthrough/.venv/lib/python3.12/site-packages/web3/_utils/formatters.py:87: in recurse
    return recursive_map(func, item)
           ^^^^^^^^^^^^^^^^^^^^^^^^^
        func       = <function data_tree_map.<locals>.map_to_typed_data at 0x7eb6c1bc0720>
        item       = ABITypedData(abi_type='address', data='0x5fbdb2315678afecb367f032d93f642f64180aa3')
/home/user/passthrough/.venv/lib/python3.12/site-packages/web3/_utils/decorators.py:38: in wrapped
    return to_wrap(*args)
           ^^^^^^^^^^^^^^
        add_call   = <built-in method add of set object at 0x7eb6eeee0ba0>
        already_called = set()
        args       = (<function data_tree_map.<locals>.map_to_typed_data at 0x7eb6c1bc0720>, ABITypedData(abi_type='address', data='0x5fbdb2315678afecb367f032d93f642f64180aa3'))
        remove_call = <built-in method remove of set object at 0x7eb6eeee0ba0>
        thread_local_args = (139324213223552, 139323399472928, 139323402249840)
        to_wrap    = <function recursive_map at 0x7eb6eecfef20>
/home/user/passthrough/.venv/lib/python3.12/site-packages/web3/_utils/formatters.py:90: in recursive_map
    return func(items_mapped)
           ^^^^^^^^^^^^^^^^^^
        data       = ABITypedData(abi_type='address', data='0x5fbdb2315678afecb367f032d93f642f64180aa3')
        func       = <function data_tree_map.<locals>.map_to_typed_data at 0x7eb6c1bc0720>
        items_mapped = ABITypedData(abi_type='address', data='0x5fbdb2315678afecb367f032d93f642f64180aa3')
        recurse    = <function recursive_map.<locals>.recurse at 0x7eb6c1973a60>
/home/user/passthrough/.venv/lib/python3.12/site-packages/web3/_utils/abi.py:651: in map_to_typed_data
    return ABITypedData(func(*elements))
                        ^^^^^^^^^^^^^^^
        elements   = ABITypedData(abi_type='address', data='0x5fbdb2315678afecb367f032d93f642f64180aa3')
        func       = <function abi_address_to_hex at 0x7eb6eed6e3e0>
/home/user/passthrough/.venv/lib/python3.12/site-packages/web3/_utils/normalizers.py:79: in wrapper
    modified = to_wrap(type_str, data)
               ^^^^^^^^^^^^^^^^^^^^^^^
        data       = '0x5fbdb2315678afecb367f032d93f642f64180aa3'
        to_wrap    = <function abi_address_to_hex at 0x7eb6eed6e340>
        type_str   = 'address'
/home/user/passthrough/.venv/lib/python3.12/site-packages/web3/_utils/normalizers.py:202: in abi_address_to_hex
    validate_address(data)
        data       = '0x5fbdb2315678afecb367f032d93f642f64180aa3'
        type_str   = 'address'
/home/user/passthrough/.venv/lib/python3.12/site-packages/web3/_utils/validation.py:201: in validate_address
    raise InvalidAddress(
E   web3.exceptions.InvalidAddress: ('web3.py only accepts checksum addresses. The software that gave you this non-checksum address should be considered unsafe, please file it as a bug on their platform. Try using an ENS name instead. Or, if you must accept lower safety, use Web3.to_checksum_address(lower_case_address).', '0x5fbdb2315678afecb367f032d93f642f64180aa3')
        value      = '0x5fbdb2315678afecb367f032d93f642f64180aa3'
__________________ ERROR at setup of test_set_ownership_admin __________________
/home/user/passthrough/.venv/lib/python3.12/site-packages/_pytest/runner.py:344: in from_call
    result: TResult | None = func()
                             ^^^^^^
        cls        = <class '_pytest.runner.CallInfo'>
        duration   = Duration(start=Instant(time=1763228721.7181604, perf_count=282.910687168), stop=Instant(time=1763228721.786685, perf_count=282.979212777))
        excinfo    = <ExceptionInfo InvalidAddress('web3.py only accepts checksum addresses. The software that gave you this non-checksum a...wer safety, use Web3.to_checksum_address(lower_case_address).', '0x5fbdb2315678afecb367f032d93f642f64180aa3') tblen=44>
        func       = <function call_and_report.<locals>.<lambda> at 0x7eb6c1bc05e0>
        instant    = Instant(time=1763228721.7181604, perf_count=282.910687168)
        reraise    = (<class '_pytest.outcomes.Exit'>, <class 'KeyboardInterrupt'>)
        result     = None
        when       = 'setup'
/home/user/passthrough/.venv/lib/python3.12/site-packages/_pytest/runner.py:246: in <lambda>
    lambda: runtest_hook(item=item, **kwds), when=when, reraise=reraise
            ^^^^^^^^^^^^^^^^^^^^^^^^^^^^^^^
        item       = <Function test_set_ownership_admin>
        kwds       = {}
        runtest_hook = <HookCaller 'pytest_runtest_setup'>
/home/user/passthrough/.venv/lib/python3.12/site-packages/pluggy/_hooks.py:512: in __call__
    return self._hookexec(self.name, self._hookimpls.copy(), kwargs, firstresult)
           ^^^^^^^^^^^^^^^^^^^^^^^^^^^^^^^^^^^^^^^^^^^^^^^^^^^^^^^^^^^^^^^^^^^^^^
        firstresult = False
        kwargs     = {'item': <Function test_set_ownership_admin>}
        self       = <HookCaller 'pytest_runtest_setup'>
/home/user/passthrough/.venv/lib/python3.12/site-packages/pluggy/_manager.py:120: in _hookexec
    return self._inner_hookexec(hook_name, methods, kwargs, firstresult)
           ^^^^^^^^^^^^^^^^^^^^^^^^^^^^^^^^^^^^^^^^^^^^^^^^^^^^^^^^^^^^^
        firstresult = False
        hook_name  = 'pytest_runtest_setup'
        kwargs     = {'item': <Function test_set_ownership_admin>}
        methods    = [<HookImpl plugin_name='threadexception', plugin=<module '_pytest.threadexception' from '/home/user/passthrough/.venv/...pper name='/dev/null' mode='r' encoding='utf-8'>> _state='suspended' _in_suspended=False> _capture_fixture=None>>, ...]
        self       = <_pytest.config.PytestPluginManager object at 0x7eb6f1460f50>
/home/user/passthrough/.venv/lib/python3.12/site-packages/pluggy/_callers.py:167: in _multicall
    raise exception
        __tracebackhide__ = True
        args       = [<Function test_set_ownership_admin>]
        caller_kwargs = {'item': <Function test_set_ownership_admin>}
        exception  = InvalidAddress('web3.py only accepts checksum addresses. The software that gave you this non-checksum address should b... accept lower safety, use Web3.to_checksum_address(lower_case_address).', '0x5fbdb2315678afecb367f032d93f642f64180aa3')
        firstresult = False
        function_gen = <generator object CaptureManager.pytest_runtest_setup at 0x7eb6c1e727a0>
        hook_impl  = <HookImpl plugin_name='runner', plugin=<module '_pytest.runner' from '/home/user/passthrough/.venv/lib/python3.12/site-packages/_pytest/runner.py'>>
        hook_impls = [<HookImpl plugin_name='threadexception', plugin=<module '_pytest.threadexception' from '/home/user/passthrough/.venv/...pper name='/dev/null' mode='r' encoding='utf-8'>> _state='suspended' _in_suspended=False> _capture_fixture=None>>, ...]
        hook_name  = 'pytest_runtest_setup'
        res        = None
        result     = []
        results    = []
        teardown   = <generator object LoggingPlugin.pytest_runtest_setup at 0x7eb6c1e88400>
        teardowns  = [<generator object LoggingPlugin.pytest_runtest_setup at 0x7eb6c1e88400>, <generator object CaptureManager.pytest_runtest_setup at 0x7eb6c1e727a0>]
/home/user/passthrough/.venv/lib/python3.12/site-packages/pluggy/_callers.py:139: in _multicall
    teardown.throw(exception)
        __tracebackhide__ = True
        args       = [<Function test_set_ownership_admin>]
        caller_kwargs = {'item': <Function test_set_ownership_admin>}
        exception  = InvalidAddress('web3.py only accepts checksum addresses. The software that gave you this non-checksum address should b... accept lower safety, use Web3.to_checksum_address(lower_case_address).', '0x5fbdb2315678afecb367f032d93f642f64180aa3')
        firstresult = False
        function_gen = <generator object CaptureManager.pytest_runtest_setup at 0x7eb6c1e727a0>
        hook_impl  = <HookImpl plugin_name='runner', plugin=<module '_pytest.runner' from '/home/user/passthrough/.venv/lib/python3.12/site-packages/_pytest/runner.py'>>
        hook_impls = [<HookImpl plugin_name='threadexception', plugin=<module '_pytest.threadexception' from '/home/user/passthrough/.venv/...pper name='/dev/null' mode='r' encoding='utf-8'>> _state='suspended' _in_suspended=False> _capture_fixture=None>>, ...]
        hook_name  = 'pytest_runtest_setup'
        res        = None
        result     = []
        results    = []
        teardown   = <generator object LoggingPlugin.pytest_runtest_setup at 0x7eb6c1e88400>
        teardowns  = [<generator object LoggingPlugin.pytest_runtest_setup at 0x7eb6c1e88400>, <generator object CaptureManager.pytest_runtest_setup at 0x7eb6c1e727a0>]
/home/user/passthrough/.venv/lib/python3.12/site-packages/_pytest/logging.py:843: in pytest_runtest_setup
    yield
        empty      = {'setup': []}
        item       = <Function test_set_ownership_admin>
        self       = <_pytest.logging.LoggingPlugin object at 0x7eb6ee3dcf20>
/home/user/passthrough/.venv/lib/python3.12/site-packages/pluggy/_callers.py:139: in _multicall
    teardown.throw(exception)
        __tracebackhide__ = True
        args       = [<Function test_set_ownership_admin>]
        caller_kwargs = {'item': <Function test_set_ownership_admin>}
        exception  = InvalidAddress('web3.py only accepts checksum addresses. The software that gave you this non-checksum address should b... accept lower safety, use Web3.to_checksum_address(lower_case_address).', '0x5fbdb2315678afecb367f032d93f642f64180aa3')
        firstresult = False
        function_gen = <generator object CaptureManager.pytest_runtest_setup at 0x7eb6c1e727a0>
        hook_impl  = <HookImpl plugin_name='runner', plugin=<module '_pytest.runner' from '/home/user/passthrough/.venv/lib/python3.12/site-packages/_pytest/runner.py'>>
        hook_impls = [<HookImpl plugin_name='threadexception', plugin=<module '_pytest.threadexception' from '/home/user/passthrough/.venv/...pper name='/dev/null' mode='r' encoding='utf-8'>> _state='suspended' _in_suspended=False> _capture_fixture=None>>, ...]
        hook_name  = 'pytest_runtest_setup'
        res        = None
        result     = []
        results    = []
        teardown   = <generator object LoggingPlugin.pytest_runtest_setup at 0x7eb6c1e88400>
        teardowns  = [<generator object LoggingPlugin.pytest_runtest_setup at 0x7eb6c1e88400>, <generator object CaptureManager.pytest_runtest_setup at 0x7eb6c1e727a0>]
/home/user/passthrough/.venv/lib/python3.12/site-packages/_pytest/capture.py:895: in pytest_runtest_setup
    return (yield)
            ^^^^^
        item       = <Function test_set_ownership_admin>
        self       = <CaptureManager _method='fd' _global_capturing=<MultiCapture out=<FDCapture 1 oldfd=5 _state='suspended' tmpfile=<_io....xtIOWrapper name='/dev/null' mode='r' encoding='utf-8'>> _state='suspended' _in_suspended=False> _capture_fixture=None>
/home/user/passthrough/.venv/lib/python3.12/site-packages/pluggy/_callers.py:121: in _multicall
    res = hook_impl.function(*args)
          ^^^^^^^^^^^^^^^^^^^^^^^^^
        __tracebackhide__ = True
        args       = [<Function test_set_ownership_admin>]
        caller_kwargs = {'item': <Function test_set_ownership_admin>}
        exception  = InvalidAddress('web3.py only accepts checksum addresses. The software that gave you this non-checksum address should b... accept lower safety, use Web3.to_checksum_address(lower_case_address).', '0x5fbdb2315678afecb367f032d93f642f64180aa3')
        firstresult = False
        function_gen = <generator object CaptureManager.pytest_runtest_setup at 0x7eb6c1e727a0>
        hook_impl  = <HookImpl plugin_name='runner', plugin=<module '_pytest.runner' from '/home/user/passthrough/.venv/lib/python3.12/site-packages/_pytest/runner.py'>>
        hook_impls = [<HookImpl plugin_name='threadexception', plugin=<module '_pytest.threadexception' from '/home/user/passthrough/.venv/...pper name='/dev/null' mode='r' encoding='utf-8'>> _state='suspended' _in_suspended=False> _capture_fixture=None>>, ...]
        hook_name  = 'pytest_runtest_setup'
        res        = None
        result     = []
        results    = []
        teardown   = <generator object LoggingPlugin.pytest_runtest_setup at 0x7eb6c1e88400>
        teardowns  = [<generator object LoggingPlugin.pytest_runtest_setup at 0x7eb6c1e88400>, <generator object CaptureManager.pytest_runtest_setup at 0x7eb6c1e727a0>]
/home/user/passthrough/.venv/lib/python3.12/site-packages/_pytest/runner.py:164: in pytest_runtest_setup
    item.session._setupstate.setup(item)
        item       = <Function test_set_ownership_admin>
/home/user/passthrough/.venv/lib/python3.12/site-packages/_pytest/runner.py:514: in setup
    col.setup()
        col        = <Function test_set_ownership_admin>
        finalizers = [<bound method Node.teardown of <Module test_factory.py>>]
        item       = <Function test_set_ownership_admin>
        needed_collectors = [<Session  exitstatus=<ExitCode.OK: 0> testsfailed=6 testscollected=19>, <Dir passthrough>, <Dir tests>, <Module test_factory.py>, <Function test_set_ownership_admin>]
        self       = <_pytest.runner.SetupState object at 0x7eb6ee3c72c0>
/home/user/passthrough/.venv/lib/python3.12/site-packages/_pytest/python.py:1674: in setup
    self._request._fillfixtures()
        self       = <Function test_set_ownership_admin>
/home/user/passthrough/.venv/lib/python3.12/site-packages/_pytest/fixtures.py:720: in _fillfixtures
    item.funcargs[argname] = self.getfixturevalue(argname)
                             ^^^^^^^^^^^^^^^^^^^^^^^^^^^^^
        argname    = 'blueprint'
        item       = <Function test_set_ownership_admin>
        self       = <FixtureRequest for <Function test_set_ownership_admin>>
/home/user/passthrough/.venv/lib/python3.12/site-packages/_pytest/fixtures.py:549: in getfixturevalue
    fixturedef = self._get_active_fixturedef(argname)
                 ^^^^^^^^^^^^^^^^^^^^^^^^^^^^^^^^^^^^
        argname    = 'blueprint'
        self       = <FixtureRequest for <Function test_set_ownership_admin>>
/home/user/passthrough/.venv/lib/python3.12/site-packages/_pytest/fixtures.py:640: in _get_active_fixturedef
    fixturedef.execute(request=subrequest)
        argname    = 'blueprint'
        callspec   = None
        fixturedef = <FixtureDef argname='blueprint' scope='function' baseid='tests/test_factory.py'>
        fixturedefs = (<FixtureDef argname='blueprint' scope='function' baseid='tests/test_factory.py'>,)
        index      = -1
        param      = <NotSetType.token: 0>
        param_index = 0
        scope      = <Scope.Function: 'function'>
        self       = <FixtureRequest for <Function test_set_ownership_admin>>
        subrequest = <SubRequest 'blueprint' for <Function test_set_ownership_admin>>
/home/user/passthrough/.venv/lib/python3.12/site-packages/_pytest/fixtures.py:1128: in execute
    result = ihook.pytest_fixture_setup(fixturedef=self, request=request)
             ^^^^^^^^^^^^^^^^^^^^^^^^^^^^^^^^^^^^^^^^^^^^^^^^^^^^^^^^^^^^
        argname    = 'owner'
        finalizer  = functools.partial(<bound method FixtureDef.finish of <FixtureDef argname='blueprint' scope='function' baseid='tests/test_factory.py'>>, request=<SubRequest 'blueprint' for <Function test_set_ownership_admin>>)
        fixturedef = <FixtureDef argname='owner' scope='function' baseid='tests/test_factory.py'>
        ihook      = <_pytest.config.compat.PathAwareHookProxy object at 0x7eb6f15e2e40>
        parent_fixture = <FixtureDef argname='owner' scope='function' baseid='tests/test_factory.py'>
        request    = <SubRequest 'blueprint' for <Function test_set_ownership_admin>>
        requested_fixtures_that_should_finalize_us = [<FixtureDef argname='owner' scope='function' baseid='tests/test_factory.py'>]
        self       = <FixtureDef argname='blueprint' scope='function' baseid='tests/test_factory.py'>
/home/user/passthrough/.venv/lib/python3.12/site-packages/pluggy/_hooks.py:512: in __call__
    return self._hookexec(self.name, self._hookimpls.copy(), kwargs, firstresult)
           ^^^^^^^^^^^^^^^^^^^^^^^^^^^^^^^^^^^^^^^^^^^^^^^^^^^^^^^^^^^^^^^^^^^^^^
        firstresult = True
        kwargs     = {'fixturedef': <FixtureDef argname='blueprint' scope='function' baseid='tests/test_factory.py'>, 'request': <SubRequest 'blueprint' for <Function test_set_ownership_admin>>}
        self       = <HookCaller 'pytest_fixture_setup'>
/home/user/passthrough/.venv/lib/python3.12/site-packages/pluggy/_manager.py:120: in _hookexec
    return self._inner_hookexec(hook_name, methods, kwargs, firstresult)
           ^^^^^^^^^^^^^^^^^^^^^^^^^^^^^^^^^^^^^^^^^^^^^^^^^^^^^^^^^^^^^
        firstresult = True
        hook_name  = 'pytest_fixture_setup'
        kwargs     = {'fixturedef': <FixtureDef argname='blueprint' scope='function' baseid='tests/test_factory.py'>, 'request': <SubRequest 'blueprint' for <Function test_set_ownership_admin>>}
        methods    = [<HookImpl plugin_name='fixtures', plugin=<module '_pytest.fixtures' from '/home/user/passthrough/.venv/lib/python3.12...in=<module '_pytest.setuponly' from '/home/user/passthrough/.venv/lib/python3.12/site-packages/_pytest/setuponly.py'>>]
        self       = <_pytest.config.PytestPluginManager object at 0x7eb6f1460f50>
/home/user/passthrough/.venv/lib/python3.12/site-packages/pluggy/_callers.py:167: in _multicall
    raise exception
        __tracebackhide__ = True
        args       = [<FixtureDef argname='blueprint' scope='function' baseid='tests/test_factory.py'>, <SubRequest 'blueprint' for <Function test_set_ownership_admin>>]
        caller_kwargs = {'fixturedef': <FixtureDef argname='blueprint' scope='function' baseid='tests/test_factory.py'>, 'request': <SubRequest 'blueprint' for <Function test_set_ownership_admin>>}
        exception  = InvalidAddress('web3.py only accepts checksum addresses. The software that gave you this non-checksum address should b... accept lower safety, use Web3.to_checksum_address(lower_case_address).', '0x5fbdb2315678afecb367f032d93f642f64180aa3')
        firstresult = True
        function_gen = <generator object pytest_fixture_setup at 0x7eb6c1e89a80>
        hook_impl  = <HookImpl plugin_name='fixtures', plugin=<module '_pytest.fixtures' from '/home/user/passthrough/.venv/lib/python3.12/site-packages/_pytest/fixtures.py'>>
        hook_impls = [<HookImpl plugin_name='fixtures', plugin=<module '_pytest.fixtures' from '/home/user/passthrough/.venv/lib/python3.12...in=<module '_pytest.setuponly' from '/home/user/passthrough/.venv/lib/python3.12/site-packages/_pytest/setuponly.py'>>]
        hook_name  = 'pytest_fixture_setup'
        res        = None
        result     = None
        results    = []
        teardown   = <generator object pytest_fixture_setup at 0x7eb6c1e89a80>
        teardowns  = [<generator object pytest_fixture_setup at 0x7eb6c1e89a80>]
/home/user/passthrough/.venv/lib/python3.12/site-packages/pluggy/_callers.py:139: in _multicall
    teardown.throw(exception)
        __tracebackhide__ = True
        args       = [<FixtureDef argname='blueprint' scope='function' baseid='tests/test_factory.py'>, <SubRequest 'blueprint' for <Function test_set_ownership_admin>>]
        caller_kwargs = {'fixturedef': <FixtureDef argname='blueprint' scope='function' baseid='tests/test_factory.py'>, 'request': <SubRequest 'blueprint' for <Function test_set_ownership_admin>>}
        exception  = InvalidAddress('web3.py only accepts checksum addresses. The software that gave you this non-checksum address should b... accept lower safety, use Web3.to_checksum_address(lower_case_address).', '0x5fbdb2315678afecb367f032d93f642f64180aa3')
        firstresult = True
        function_gen = <generator object pytest_fixture_setup at 0x7eb6c1e89a80>
        hook_impl  = <HookImpl plugin_name='fixtures', plugin=<module '_pytest.fixtures' from '/home/user/passthrough/.venv/lib/python3.12/site-packages/_pytest/fixtures.py'>>
        hook_impls = [<HookImpl plugin_name='fixtures', plugin=<module '_pytest.fixtures' from '/home/user/passthrough/.venv/lib/python3.12...in=<module '_pytest.setuponly' from '/home/user/passthrough/.venv/lib/python3.12/site-packages/_pytest/setuponly.py'>>]
        hook_name  = 'pytest_fixture_setup'
        res        = None
        result     = None
        results    = []
        teardown   = <generator object pytest_fixture_setup at 0x7eb6c1e89a80>
        teardowns  = [<generator object pytest_fixture_setup at 0x7eb6c1e89a80>]
/home/user/passthrough/.venv/lib/python3.12/site-packages/_pytest/setuponly.py:36: in pytest_fixture_setup
    return (yield)
            ^^^^^
        fixturedef = <FixtureDef argname='blueprint' scope='function' baseid='tests/test_factory.py'>
        request    = <SubRequest 'blueprint' for <Function test_set_ownership_admin>>
/home/user/passthrough/.venv/lib/python3.12/site-packages/pluggy/_callers.py:121: in _multicall
    res = hook_impl.function(*args)
          ^^^^^^^^^^^^^^^^^^^^^^^^^
        __tracebackhide__ = True
        args       = [<FixtureDef argname='blueprint' scope='function' baseid='tests/test_factory.py'>, <SubRequest 'blueprint' for <Function test_set_ownership_admin>>]
        caller_kwargs = {'fixturedef': <FixtureDef argname='blueprint' scope='function' baseid='tests/test_factory.py'>, 'request': <SubRequest 'blueprint' for <Function test_set_ownership_admin>>}
        exception  = InvalidAddress('web3.py only accepts checksum addresses. The software that gave you this non-checksum address should b... accept lower safety, use Web3.to_checksum_address(lower_case_address).', '0x5fbdb2315678afecb367f032d93f642f64180aa3')
        firstresult = True
        function_gen = <generator object pytest_fixture_setup at 0x7eb6c1e89a80>
        hook_impl  = <HookImpl plugin_name='fixtures', plugin=<module '_pytest.fixtures' from '/home/user/passthrough/.venv/lib/python3.12/site-packages/_pytest/fixtures.py'>>
        hook_impls = [<HookImpl plugin_name='fixtures', plugin=<module '_pytest.fixtures' from '/home/user/passthrough/.venv/lib/python3.12...in=<module '_pytest.setuponly' from '/home/user/passthrough/.venv/lib/python3.12/site-packages/_pytest/setuponly.py'>>]
        hook_name  = 'pytest_fixture_setup'
        res        = None
        result     = None
        results    = []
        teardown   = <generator object pytest_fixture_setup at 0x7eb6c1e89a80>
        teardowns  = [<generator object pytest_fixture_setup at 0x7eb6c1e89a80>]
/home/user/passthrough/.venv/lib/python3.12/site-packages/_pytest/fixtures.py:1196: in pytest_fixture_setup
    result = call_fixture_func(fixturefunc, request, kwargs)
             ^^^^^^^^^^^^^^^^^^^^^^^^^^^^^^^^^^^^^^^^^^^^^^^
        argname    = 'owner'
        fixturedef = <FixtureDef argname='blueprint' scope='function' baseid='tests/test_factory.py'>
        fixturefunc = <function blueprint at 0x7eb6c27cea20>
        kwargs     = {'owner': <TestAccount_0 0xf39Fd6e51aad88F6F4ce6aB8827279cffFb92266>}
        my_cache_key = None
        request    = <SubRequest 'blueprint' for <Function test_set_ownership_admin>>
/home/user/passthrough/.venv/lib/python3.12/site-packages/_pytest/fixtures.py:930: in call_fixture_func
    fixture_result = fixturefunc(**kwargs)
                     ^^^^^^^^^^^^^^^^^^^^^
        fixturefunc = <function blueprint at 0x7eb6c27cea20>
        kwargs     = {'owner': <TestAccount_0 0xf39Fd6e51aad88F6F4ce6aB8827279cffFb92266>}
        request    = <SubRequest 'blueprint' for <Function test_set_ownership_admin>>
/home/user/passthrough/tests/test_factory.py:40: in blueprint
    return deploy_blueprint(project.Passthrough, owner)
           ^^^^^^^^^^^^^^^^^^^^^^^^^^^^^^^^^^^^^^^^^^^^
        deploy_blueprint = <function deploy_blueprint at 0x7eb6f115fce0>
        owner      = <TestAccount_0 0xf39Fd6e51aad88F6F4ce6aB8827279cffFb92266>
/home/user/passthrough/tests/conftest.py:60: in deploy_blueprint
    runtime_bytecode = web3.eth.get_code(temp_address)
                       ^^^^^^^^^^^^^^^^^^^^^^^^^^^^^^^
        contract_container = <Passthrough>
        contract_type = <ContractType Passthrough>
        init_code  = '0x611b865150346103a2576020611f645f395f51600a602082611f64015f395f51116103a257602081611f64015f395f515f81600a81116103a25...401aa1855820852887320f0d404c27938a631eb6e7268477bf82e4f8608ee65c859a4d311bf9191b8681183e1820a1657679706572830004030038'
        keccak     = <function keccak at 0x7eb6f0fd5b20>
        nonce      = 0
        receipt    = AttributeDict({'blockHash': HexBytes('0x8eb84176d2f122ebab6c9dbabcca63b6c0243d604b2d95e7be25338a5fc5f175'), 'blockNumb...sh': HexBytes('0x7af2175882a71fa8813fe5cb44583488df1652a3771d2041153745d27500e163'), 'transactionIndex': 0, 'type': 0})
        rlp        = <module 'rlp' from '/home/user/passthrough/.venv/lib/python3.12/site-packages/rlp/__init__.py'>
        rlp_encoded = b'\xd6\x94\xf3\x9f\xd6\xe5\x1a\xad\x88\xf6\xf4\xcej\xb8\x82ry\xcf\xff\xb9"f\x80'
        sender     = <TestAccount_0 0xf39Fd6e51aad88F6F4ce6aB8827279cffFb92266>
        temp_address = '0x5fbdb2315678afecb367f032d93f642f64180aa3'
        to_checksum_address = <function to_checksum_address at 0x7eb6f107d4e0>
        tx_dict    = {'data': '0x611b865150346103a2576020611f645f395f51600a602082611f64015f395f51116103a257602081611f64015f395f515f81600a81...706572830004030038', 'from': '0xf39Fd6e51aad88F6F4ce6aB8827279cffFb92266', 'gas': 3000000, 'gasPrice': 1000000000, ...}
        tx_hash    = HexBytes('0x7af2175882a71fa8813fe5cb44583488df1652a3771d2041153745d27500e163')
        web3       = <web3.main.Web3 object at 0x7eb6c234e4b0>
/home/user/passthrough/.venv/lib/python3.12/site-packages/web3/eth/eth.py:455: in get_code
    return self._get_code(account, block_identifier)
           ^^^^^^^^^^^^^^^^^^^^^^^^^^^^^^^^^^^^^^^^^
        account    = '0x5fbdb2315678afecb367f032d93f642f64180aa3'
        block_identifier = None
        self       = <web3.eth.eth.Eth object at 0x7eb6c1e167b0>
/home/user/passthrough/.venv/lib/python3.12/site-packages/web3/module.py:101: in caller
    (method_str, params), response_formatters = method.process_params(
        args       = ('0x5fbdb2315678afecb367f032d93f642f64180aa3', None)
        kwargs     = {}
        method     = <web3.method.Method object at 0x7eb6f1443320>
        module     = <web3.eth.eth.Eth object at 0x7eb6c1e167b0>
        w3         = <web3.main.Web3 object at 0x7eb6c234e4b0>
/home/user/passthrough/.venv/lib/python3.12/site-packages/web3/method.py:237: in process_params
    _apply_request_formatters(params, self.request_formatters(method)),
    ^^^^^^^^^^^^^^^^^^^^^^^^^^^^^^^^^^^^^^^^^^^^^^^^^^^^^^^^^^^^^^^^^^
        args       = ('0x5fbdb2315678afecb367f032d93f642f64180aa3', None)
        kwargs     = {}
        method     = 'eth_getCode'
        module     = <web3.eth.eth.Eth object at 0x7eb6c1e167b0>
        params     = ('0x5fbdb2315678afecb367f032d93f642f64180aa3', 'latest')
        response_formatters = (<class 'hexbytes.main.HexBytes'>, <cyfunction identity at 0x7eb6f0ec1840>, <cyfunction identity at 0x7eb6f0ec1840>)
        self       = <web3.method.Method object at 0x7eb6f1443320>
/home/user/passthrough/.venv/lib/python3.12/site-packages/eth_utils/functional.py:47: in inner
    return callback(fn(*args, **kwargs))
                    ^^^^^^^^^^^^^^^^^^^
        args       = (('0x5fbdb2315678afecb367f032d93f642f64180aa3', 'latest'), Compose(<function map_abi_data at 0x7eb6eed50d60>, <function apply_formatter_at_index at 0x7eb6f0e9b7e0>))
        callback   = <class 'tuple'>
        fn         = <function _apply_request_formatters at 0x7eb6ee874400>
        kwargs     = {}
/home/user/passthrough/.venv/lib/python3.12/site-packages/web3/method.py:64: in _apply_request_formatters
    formatted_params = pipe(params, request_formatters)
                       ^^^^^^^^^^^^^^^^^^^^^^^^^^^^^^^^
        params     = ('0x5fbdb2315678afecb367f032d93f642f64180aa3', 'latest')
        request_formatters = Compose(<function map_abi_data at 0x7eb6eed50d60>, <function apply_formatter_at_index at 0x7eb6f0e9b7e0>)
/home/user/passthrough/.venv/lib/python3.12/site-packages/web3/_utils/abi.py:613: in map_abi_data
    return pipe(
        data       = ('0x5fbdb2315678afecb367f032d93f642f64180aa3', 'latest')
        normalizers = [<function abi_bytes_to_hex at 0x7eb6eed6dc60>, <function abi_int_to_hex at 0x7eb6eed6de40>, <function abi_string_to_hex at 0x7eb6eed6df80>, <function abi_address_to_hex at 0x7eb6eed6e3e0>]
        types      = ['address', None]
/home/user/passthrough/.venv/lib/python3.12/site-packages/web3/_utils/abi.py:655: in data_tree_map
    return recursive_map(map_to_typed_data, data_tree)
           ^^^^^^^^^^^^^^^^^^^^^^^^^^^^^^^^^^^^^^^^^^^
        data_tree  = [ABITypedData(abi_type='address', data='0x5fbdb2315678afecb367f032d93f642f64180aa3'), ABITypedData(abi_type=None, data='latest')]
        func       = <function abi_address_to_hex at 0x7eb6eed6e3e0>
        map_to_typed_data = <function data_tree_map.<locals>.map_to_typed_data at 0x7eb6c1e98680>
/home/user/passthrough/.venv/lib/python3.12/site-packages/web3/_utils/decorators.py:38: in wrapped
    return to_wrap(*args)
           ^^^^^^^^^^^^^^
        add_call   = <built-in method add of set object at 0x7eb6eeee0ba0>
        already_called = set()
        args       = (<function data_tree_map.<locals>.map_to_typed_data at 0x7eb6c1e98680>, [ABITypedData(abi_type='address', data='0x5fbdb2315678afecb367f032d93f642f64180aa3'), ABITypedData(abi_type=None, data='latest')])
        remove_call = <built-in method remove of set object at 0x7eb6eeee0ba0>
        thread_local_args = (139324213223552, 139323402454656, 139323390160448)
        to_wrap    = <function recursive_map at 0x7eb6eecfef20>
/home/user/passthrough/.venv/lib/python3.12/site-packages/web3/_utils/formatters.py:89: in recursive_map
    items_mapped = map_collection(recurse, data)
                   ^^^^^^^^^^^^^^^^^^^^^^^^^^^^^
        data       = [ABITypedData(abi_type='address', data='0x5fbdb2315678afecb367f032d93f642f64180aa3'), ABITypedData(abi_type=None, data='latest')]
        func       = <function data_tree_map.<locals>.map_to_typed_data at 0x7eb6c1e98680>
        recurse    = <function recursive_map.<locals>.recurse at 0x7eb6c1e98180>
/home/user/passthrough/.venv/lib/python3.12/site-packages/web3/_utils/formatters.py:73: in map_collection
    return datatype(map(func, collection))
           ^^^^^^^^^^^^^^^^^^^^^^^^^^^^^^^
        collection = [ABITypedData(abi_type='address', data='0x5fbdb2315678afecb367f032d93f642f64180aa3'), ABITypedData(abi_type=None, data='latest')]
        datatype   = <class 'list'>
        func       = <function recursive_map.<locals>.recurse at 0x7eb6c1e98180>
/home/user/passthrough/.venv/lib/python3.12/site-packages/web3/_utils/formatters.py:87: in recurse
    return recursive_map(func, item)
           ^^^^^^^^^^^^^^^^^^^^^^^^^
        func       = <function data_tree_map.<locals>.map_to_typed_data at 0x7eb6c1e98680>
        item       = ABITypedData(abi_type='address', data='0x5fbdb2315678afecb367f032d93f642f64180aa3')
/home/user/passthrough/.venv/lib/python3.12/site-packages/web3/_utils/decorators.py:38: in wrapped
    return to_wrap(*args)
           ^^^^^^^^^^^^^^
        add_call   = <built-in method add of set object at 0x7eb6eeee0ba0>
        already_called = set()
        args       = (<function data_tree_map.<locals>.map_to_typed_data at 0x7eb6c1e98680>, ABITypedData(abi_type='address', data='0x5fbdb2315678afecb367f032d93f642f64180aa3'))
        remove_call = <built-in method remove of set object at 0x7eb6eeee0ba0>
        thread_local_args = (139324213223552, 139323402454656, 139323402443328)
        to_wrap    = <function recursive_map at 0x7eb6eecfef20>
/home/user/passthrough/.venv/lib/python3.12/site-packages/web3/_utils/formatters.py:90: in recursive_map
    return func(items_mapped)
           ^^^^^^^^^^^^^^^^^^
        data       = ABITypedData(abi_type='address', data='0x5fbdb2315678afecb367f032d93f642f64180aa3')
        func       = <function data_tree_map.<locals>.map_to_typed_data at 0x7eb6c1e98680>
        items_mapped = ABITypedData(abi_type='address', data='0x5fbdb2315678afecb367f032d93f642f64180aa3')
        recurse    = <function recursive_map.<locals>.recurse at 0x7eb6c1e98b80>
/home/user/passthrough/.venv/lib/python3.12/site-packages/web3/_utils/abi.py:651: in map_to_typed_data
    return ABITypedData(func(*elements))
                        ^^^^^^^^^^^^^^^
        elements   = ABITypedData(abi_type='address', data='0x5fbdb2315678afecb367f032d93f642f64180aa3')
        func       = <function abi_address_to_hex at 0x7eb6eed6e3e0>
/home/user/passthrough/.venv/lib/python3.12/site-packages/web3/_utils/normalizers.py:79: in wrapper
    modified = to_wrap(type_str, data)
               ^^^^^^^^^^^^^^^^^^^^^^^
        data       = '0x5fbdb2315678afecb367f032d93f642f64180aa3'
        to_wrap    = <function abi_address_to_hex at 0x7eb6eed6e340>
        type_str   = 'address'
/home/user/passthrough/.venv/lib/python3.12/site-packages/web3/_utils/normalizers.py:202: in abi_address_to_hex
    validate_address(data)
        data       = '0x5fbdb2315678afecb367f032d93f642f64180aa3'
        type_str   = 'address'
/home/user/passthrough/.venv/lib/python3.12/site-packages/web3/_utils/validation.py:201: in validate_address
    raise InvalidAddress(
E   web3.exceptions.InvalidAddress: ('web3.py only accepts checksum addresses. The software that gave you this non-checksum address should be considered unsafe, please file it as a bug on their platform. Try using an ENS name instead. Or, if you must accept lower safety, use Web3.to_checksum_address(lower_case_address).', '0x5fbdb2315678afecb367f032d93f642f64180aa3')
        value      = '0x5fbdb2315678afecb367f032d93f642f64180aa3'
__________________ ERROR at setup of test_set_parameter_admin __________________
/home/user/passthrough/.venv/lib/python3.12/site-packages/_pytest/runner.py:344: in from_call
    result: TResult | None = func()
                             ^^^^^^
        cls        = <class '_pytest.runner.CallInfo'>
        duration   = Duration(start=Instant(time=1763228722.2916057, perf_count=283.484132308), stop=Instant(time=1763228722.3587456, perf_count=283.551274157))
        excinfo    = <ExceptionInfo InvalidAddress('web3.py only accepts checksum addresses. The software that gave you this non-checksum a...wer safety, use Web3.to_checksum_address(lower_case_address).', '0x5fbdb2315678afecb367f032d93f642f64180aa3') tblen=44>
        func       = <function call_and_report.<locals>.<lambda> at 0x7eb6f119c860>
        instant    = Instant(time=1763228722.2916057, perf_count=283.484132308)
        reraise    = (<class '_pytest.outcomes.Exit'>, <class 'KeyboardInterrupt'>)
        result     = None
        when       = 'setup'
/home/user/passthrough/.venv/lib/python3.12/site-packages/_pytest/runner.py:246: in <lambda>
    lambda: runtest_hook(item=item, **kwds), when=when, reraise=reraise
            ^^^^^^^^^^^^^^^^^^^^^^^^^^^^^^^
        item       = <Function test_set_parameter_admin>
        kwds       = {}
        runtest_hook = <HookCaller 'pytest_runtest_setup'>
/home/user/passthrough/.venv/lib/python3.12/site-packages/pluggy/_hooks.py:512: in __call__
    return self._hookexec(self.name, self._hookimpls.copy(), kwargs, firstresult)
           ^^^^^^^^^^^^^^^^^^^^^^^^^^^^^^^^^^^^^^^^^^^^^^^^^^^^^^^^^^^^^^^^^^^^^^
        firstresult = False
        kwargs     = {'item': <Function test_set_parameter_admin>}
        self       = <HookCaller 'pytest_runtest_setup'>
/home/user/passthrough/.venv/lib/python3.12/site-packages/pluggy/_manager.py:120: in _hookexec
    return self._inner_hookexec(hook_name, methods, kwargs, firstresult)
           ^^^^^^^^^^^^^^^^^^^^^^^^^^^^^^^^^^^^^^^^^^^^^^^^^^^^^^^^^^^^^
        firstresult = False
        hook_name  = 'pytest_runtest_setup'
        kwargs     = {'item': <Function test_set_parameter_admin>}
        methods    = [<HookImpl plugin_name='threadexception', plugin=<module '_pytest.threadexception' from '/home/user/passthrough/.venv/...pper name='/dev/null' mode='r' encoding='utf-8'>> _state='suspended' _in_suspended=False> _capture_fixture=None>>, ...]
        self       = <_pytest.config.PytestPluginManager object at 0x7eb6f1460f50>
/home/user/passthrough/.venv/lib/python3.12/site-packages/pluggy/_callers.py:167: in _multicall
    raise exception
        __tracebackhide__ = True
        args       = [<Function test_set_parameter_admin>]
        caller_kwargs = {'item': <Function test_set_parameter_admin>}
        exception  = InvalidAddress('web3.py only accepts checksum addresses. The software that gave you this non-checksum address should b... accept lower safety, use Web3.to_checksum_address(lower_case_address).', '0x5fbdb2315678afecb367f032d93f642f64180aa3')
        firstresult = False
        function_gen = <generator object CaptureManager.pytest_runtest_setup at 0x7eb6c195d8c0>
        hook_impl  = <HookImpl plugin_name='runner', plugin=<module '_pytest.runner' from '/home/user/passthrough/.venv/lib/python3.12/site-packages/_pytest/runner.py'>>
        hook_impls = [<HookImpl plugin_name='threadexception', plugin=<module '_pytest.threadexception' from '/home/user/passthrough/.venv/...pper name='/dev/null' mode='r' encoding='utf-8'>> _state='suspended' _in_suspended=False> _capture_fixture=None>>, ...]
        hook_name  = 'pytest_runtest_setup'
        res        = None
        result     = []
        results    = []
        teardown   = <generator object LoggingPlugin.pytest_runtest_setup at 0x7eb6c1b73d30>
        teardowns  = [<generator object LoggingPlugin.pytest_runtest_setup at 0x7eb6c1b73d30>, <generator object CaptureManager.pytest_runtest_setup at 0x7eb6c195d8c0>]
/home/user/passthrough/.venv/lib/python3.12/site-packages/pluggy/_callers.py:139: in _multicall
    teardown.throw(exception)
        __tracebackhide__ = True
        args       = [<Function test_set_parameter_admin>]
        caller_kwargs = {'item': <Function test_set_parameter_admin>}
        exception  = InvalidAddress('web3.py only accepts checksum addresses. The software that gave you this non-checksum address should b... accept lower safety, use Web3.to_checksum_address(lower_case_address).', '0x5fbdb2315678afecb367f032d93f642f64180aa3')
        firstresult = False
        function_gen = <generator object CaptureManager.pytest_runtest_setup at 0x7eb6c195d8c0>
        hook_impl  = <HookImpl plugin_name='runner', plugin=<module '_pytest.runner' from '/home/user/passthrough/.venv/lib/python3.12/site-packages/_pytest/runner.py'>>
        hook_impls = [<HookImpl plugin_name='threadexception', plugin=<module '_pytest.threadexception' from '/home/user/passthrough/.venv/...pper name='/dev/null' mode='r' encoding='utf-8'>> _state='suspended' _in_suspended=False> _capture_fixture=None>>, ...]
        hook_name  = 'pytest_runtest_setup'
        res        = None
        result     = []
        results    = []
        teardown   = <generator object LoggingPlugin.pytest_runtest_setup at 0x7eb6c1b73d30>
        teardowns  = [<generator object LoggingPlugin.pytest_runtest_setup at 0x7eb6c1b73d30>, <generator object CaptureManager.pytest_runtest_setup at 0x7eb6c195d8c0>]
/home/user/passthrough/.venv/lib/python3.12/site-packages/_pytest/logging.py:843: in pytest_runtest_setup
    yield
        empty      = {'setup': []}
        item       = <Function test_set_parameter_admin>
        self       = <_pytest.logging.LoggingPlugin object at 0x7eb6ee3dcf20>
/home/user/passthrough/.venv/lib/python3.12/site-packages/pluggy/_callers.py:139: in _multicall
    teardown.throw(exception)
        __tracebackhide__ = True
        args       = [<Function test_set_parameter_admin>]
        caller_kwargs = {'item': <Function test_set_parameter_admin>}
        exception  = InvalidAddress('web3.py only accepts checksum addresses. The software that gave you this non-checksum address should b... accept lower safety, use Web3.to_checksum_address(lower_case_address).', '0x5fbdb2315678afecb367f032d93f642f64180aa3')
        firstresult = False
        function_gen = <generator object CaptureManager.pytest_runtest_setup at 0x7eb6c195d8c0>
        hook_impl  = <HookImpl plugin_name='runner', plugin=<module '_pytest.runner' from '/home/user/passthrough/.venv/lib/python3.12/site-packages/_pytest/runner.py'>>
        hook_impls = [<HookImpl plugin_name='threadexception', plugin=<module '_pytest.threadexception' from '/home/user/passthrough/.venv/...pper name='/dev/null' mode='r' encoding='utf-8'>> _state='suspended' _in_suspended=False> _capture_fixture=None>>, ...]
        hook_name  = 'pytest_runtest_setup'
        res        = None
        result     = []
        results    = []
        teardown   = <generator object LoggingPlugin.pytest_runtest_setup at 0x7eb6c1b73d30>
        teardowns  = [<generator object LoggingPlugin.pytest_runtest_setup at 0x7eb6c1b73d30>, <generator object CaptureManager.pytest_runtest_setup at 0x7eb6c195d8c0>]
/home/user/passthrough/.venv/lib/python3.12/site-packages/_pytest/capture.py:895: in pytest_runtest_setup
    return (yield)
            ^^^^^
        item       = <Function test_set_parameter_admin>
        self       = <CaptureManager _method='fd' _global_capturing=<MultiCapture out=<FDCapture 1 oldfd=5 _state='suspended' tmpfile=<_io....xtIOWrapper name='/dev/null' mode='r' encoding='utf-8'>> _state='suspended' _in_suspended=False> _capture_fixture=None>
/home/user/passthrough/.venv/lib/python3.12/site-packages/pluggy/_callers.py:121: in _multicall
    res = hook_impl.function(*args)
          ^^^^^^^^^^^^^^^^^^^^^^^^^
        __tracebackhide__ = True
        args       = [<Function test_set_parameter_admin>]
        caller_kwargs = {'item': <Function test_set_parameter_admin>}
        exception  = InvalidAddress('web3.py only accepts checksum addresses. The software that gave you this non-checksum address should b... accept lower safety, use Web3.to_checksum_address(lower_case_address).', '0x5fbdb2315678afecb367f032d93f642f64180aa3')
        firstresult = False
        function_gen = <generator object CaptureManager.pytest_runtest_setup at 0x7eb6c195d8c0>
        hook_impl  = <HookImpl plugin_name='runner', plugin=<module '_pytest.runner' from '/home/user/passthrough/.venv/lib/python3.12/site-packages/_pytest/runner.py'>>
        hook_impls = [<HookImpl plugin_name='threadexception', plugin=<module '_pytest.threadexception' from '/home/user/passthrough/.venv/...pper name='/dev/null' mode='r' encoding='utf-8'>> _state='suspended' _in_suspended=False> _capture_fixture=None>>, ...]
        hook_name  = 'pytest_runtest_setup'
        res        = None
        result     = []
        results    = []
        teardown   = <generator object LoggingPlugin.pytest_runtest_setup at 0x7eb6c1b73d30>
        teardowns  = [<generator object LoggingPlugin.pytest_runtest_setup at 0x7eb6c1b73d30>, <generator object CaptureManager.pytest_runtest_setup at 0x7eb6c195d8c0>]
/home/user/passthrough/.venv/lib/python3.12/site-packages/_pytest/runner.py:164: in pytest_runtest_setup
    item.session._setupstate.setup(item)
        item       = <Function test_set_parameter_admin>
/home/user/passthrough/.venv/lib/python3.12/site-packages/_pytest/runner.py:514: in setup
    col.setup()
        col        = <Function test_set_parameter_admin>
        finalizers = [<bound method Node.teardown of <Module test_factory.py>>]
        item       = <Function test_set_parameter_admin>
        needed_collectors = [<Session  exitstatus=<ExitCode.OK: 0> testsfailed=7 testscollected=19>, <Dir passthrough>, <Dir tests>, <Module test_factory.py>, <Function test_set_parameter_admin>]
        self       = <_pytest.runner.SetupState object at 0x7eb6ee3c72c0>
/home/user/passthrough/.venv/lib/python3.12/site-packages/_pytest/python.py:1674: in setup
    self._request._fillfixtures()
        self       = <Function test_set_parameter_admin>
/home/user/passthrough/.venv/lib/python3.12/site-packages/_pytest/fixtures.py:720: in _fillfixtures
    item.funcargs[argname] = self.getfixturevalue(argname)
                             ^^^^^^^^^^^^^^^^^^^^^^^^^^^^^
        argname    = 'blueprint'
        item       = <Function test_set_parameter_admin>
        self       = <FixtureRequest for <Function test_set_parameter_admin>>
/home/user/passthrough/.venv/lib/python3.12/site-packages/_pytest/fixtures.py:549: in getfixturevalue
    fixturedef = self._get_active_fixturedef(argname)
                 ^^^^^^^^^^^^^^^^^^^^^^^^^^^^^^^^^^^^
        argname    = 'blueprint'
        self       = <FixtureRequest for <Function test_set_parameter_admin>>
/home/user/passthrough/.venv/lib/python3.12/site-packages/_pytest/fixtures.py:640: in _get_active_fixturedef
    fixturedef.execute(request=subrequest)
        argname    = 'blueprint'
        callspec   = None
        fixturedef = <FixtureDef argname='blueprint' scope='function' baseid='tests/test_factory.py'>
        fixturedefs = (<FixtureDef argname='blueprint' scope='function' baseid='tests/test_factory.py'>,)
        index      = -1
        param      = <NotSetType.token: 0>
        param_index = 0
        scope      = <Scope.Function: 'function'>
        self       = <FixtureRequest for <Function test_set_parameter_admin>>
        subrequest = <SubRequest 'blueprint' for <Function test_set_parameter_admin>>
/home/user/passthrough/.venv/lib/python3.12/site-packages/_pytest/fixtures.py:1128: in execute
    result = ihook.pytest_fixture_setup(fixturedef=self, request=request)
             ^^^^^^^^^^^^^^^^^^^^^^^^^^^^^^^^^^^^^^^^^^^^^^^^^^^^^^^^^^^^
        argname    = 'owner'
        finalizer  = functools.partial(<bound method FixtureDef.finish of <FixtureDef argname='blueprint' scope='function' baseid='tests/test_factory.py'>>, request=<SubRequest 'blueprint' for <Function test_set_parameter_admin>>)
        fixturedef = <FixtureDef argname='owner' scope='function' baseid='tests/test_factory.py'>
        ihook      = <_pytest.config.compat.PathAwareHookProxy object at 0x7eb6f15e2e40>
        parent_fixture = <FixtureDef argname='owner' scope='function' baseid='tests/test_factory.py'>
        request    = <SubRequest 'blueprint' for <Function test_set_parameter_admin>>
        requested_fixtures_that_should_finalize_us = [<FixtureDef argname='owner' scope='function' baseid='tests/test_factory.py'>]
        self       = <FixtureDef argname='blueprint' scope='function' baseid='tests/test_factory.py'>
/home/user/passthrough/.venv/lib/python3.12/site-packages/pluggy/_hooks.py:512: in __call__
    return self._hookexec(self.name, self._hookimpls.copy(), kwargs, firstresult)
           ^^^^^^^^^^^^^^^^^^^^^^^^^^^^^^^^^^^^^^^^^^^^^^^^^^^^^^^^^^^^^^^^^^^^^^
        firstresult = True
        kwargs     = {'fixturedef': <FixtureDef argname='blueprint' scope='function' baseid='tests/test_factory.py'>, 'request': <SubRequest 'blueprint' for <Function test_set_parameter_admin>>}
        self       = <HookCaller 'pytest_fixture_setup'>
/home/user/passthrough/.venv/lib/python3.12/site-packages/pluggy/_manager.py:120: in _hookexec
    return self._inner_hookexec(hook_name, methods, kwargs, firstresult)
           ^^^^^^^^^^^^^^^^^^^^^^^^^^^^^^^^^^^^^^^^^^^^^^^^^^^^^^^^^^^^^
        firstresult = True
        hook_name  = 'pytest_fixture_setup'
        kwargs     = {'fixturedef': <FixtureDef argname='blueprint' scope='function' baseid='tests/test_factory.py'>, 'request': <SubRequest 'blueprint' for <Function test_set_parameter_admin>>}
        methods    = [<HookImpl plugin_name='fixtures', plugin=<module '_pytest.fixtures' from '/home/user/passthrough/.venv/lib/python3.12...in=<module '_pytest.setuponly' from '/home/user/passthrough/.venv/lib/python3.12/site-packages/_pytest/setuponly.py'>>]
        self       = <_pytest.config.PytestPluginManager object at 0x7eb6f1460f50>
/home/user/passthrough/.venv/lib/python3.12/site-packages/pluggy/_callers.py:167: in _multicall
    raise exception
        __tracebackhide__ = True
        args       = [<FixtureDef argname='blueprint' scope='function' baseid='tests/test_factory.py'>, <SubRequest 'blueprint' for <Function test_set_parameter_admin>>]
        caller_kwargs = {'fixturedef': <FixtureDef argname='blueprint' scope='function' baseid='tests/test_factory.py'>, 'request': <SubRequest 'blueprint' for <Function test_set_parameter_admin>>}
        exception  = InvalidAddress('web3.py only accepts checksum addresses. The software that gave you this non-checksum address should b... accept lower safety, use Web3.to_checksum_address(lower_case_address).', '0x5fbdb2315678afecb367f032d93f642f64180aa3')
        firstresult = True
        function_gen = <generator object pytest_fixture_setup at 0x7eb6c1b72c50>
        hook_impl  = <HookImpl plugin_name='fixtures', plugin=<module '_pytest.fixtures' from '/home/user/passthrough/.venv/lib/python3.12/site-packages/_pytest/fixtures.py'>>
        hook_impls = [<HookImpl plugin_name='fixtures', plugin=<module '_pytest.fixtures' from '/home/user/passthrough/.venv/lib/python3.12...in=<module '_pytest.setuponly' from '/home/user/passthrough/.venv/lib/python3.12/site-packages/_pytest/setuponly.py'>>]
        hook_name  = 'pytest_fixture_setup'
        res        = None
        result     = None
        results    = []
        teardown   = <generator object pytest_fixture_setup at 0x7eb6c1b72c50>
        teardowns  = [<generator object pytest_fixture_setup at 0x7eb6c1b72c50>]
/home/user/passthrough/.venv/lib/python3.12/site-packages/pluggy/_callers.py:139: in _multicall
    teardown.throw(exception)
        __tracebackhide__ = True
        args       = [<FixtureDef argname='blueprint' scope='function' baseid='tests/test_factory.py'>, <SubRequest 'blueprint' for <Function test_set_parameter_admin>>]
        caller_kwargs = {'fixturedef': <FixtureDef argname='blueprint' scope='function' baseid='tests/test_factory.py'>, 'request': <SubRequest 'blueprint' for <Function test_set_parameter_admin>>}
        exception  = InvalidAddress('web3.py only accepts checksum addresses. The software that gave you this non-checksum address should b... accept lower safety, use Web3.to_checksum_address(lower_case_address).', '0x5fbdb2315678afecb367f032d93f642f64180aa3')
        firstresult = True
        function_gen = <generator object pytest_fixture_setup at 0x7eb6c1b72c50>
        hook_impl  = <HookImpl plugin_name='fixtures', plugin=<module '_pytest.fixtures' from '/home/user/passthrough/.venv/lib/python3.12/site-packages/_pytest/fixtures.py'>>
        hook_impls = [<HookImpl plugin_name='fixtures', plugin=<module '_pytest.fixtures' from '/home/user/passthrough/.venv/lib/python3.12...in=<module '_pytest.setuponly' from '/home/user/passthrough/.venv/lib/python3.12/site-packages/_pytest/setuponly.py'>>]
        hook_name  = 'pytest_fixture_setup'
        res        = None
        result     = None
        results    = []
        teardown   = <generator object pytest_fixture_setup at 0x7eb6c1b72c50>
        teardowns  = [<generator object pytest_fixture_setup at 0x7eb6c1b72c50>]
/home/user/passthrough/.venv/lib/python3.12/site-packages/_pytest/setuponly.py:36: in pytest_fixture_setup
    return (yield)
            ^^^^^
        fixturedef = <FixtureDef argname='blueprint' scope='function' baseid='tests/test_factory.py'>
        request    = <SubRequest 'blueprint' for <Function test_set_parameter_admin>>
/home/user/passthrough/.venv/lib/python3.12/site-packages/pluggy/_callers.py:121: in _multicall
    res = hook_impl.function(*args)
          ^^^^^^^^^^^^^^^^^^^^^^^^^
        __tracebackhide__ = True
        args       = [<FixtureDef argname='blueprint' scope='function' baseid='tests/test_factory.py'>, <SubRequest 'blueprint' for <Function test_set_parameter_admin>>]
        caller_kwargs = {'fixturedef': <FixtureDef argname='blueprint' scope='function' baseid='tests/test_factory.py'>, 'request': <SubRequest 'blueprint' for <Function test_set_parameter_admin>>}
        exception  = InvalidAddress('web3.py only accepts checksum addresses. The software that gave you this non-checksum address should b... accept lower safety, use Web3.to_checksum_address(lower_case_address).', '0x5fbdb2315678afecb367f032d93f642f64180aa3')
        firstresult = True
        function_gen = <generator object pytest_fixture_setup at 0x7eb6c1b72c50>
        hook_impl  = <HookImpl plugin_name='fixtures', plugin=<module '_pytest.fixtures' from '/home/user/passthrough/.venv/lib/python3.12/site-packages/_pytest/fixtures.py'>>
        hook_impls = [<HookImpl plugin_name='fixtures', plugin=<module '_pytest.fixtures' from '/home/user/passthrough/.venv/lib/python3.12...in=<module '_pytest.setuponly' from '/home/user/passthrough/.venv/lib/python3.12/site-packages/_pytest/setuponly.py'>>]
        hook_name  = 'pytest_fixture_setup'
        res        = None
        result     = None
        results    = []
        teardown   = <generator object pytest_fixture_setup at 0x7eb6c1b72c50>
        teardowns  = [<generator object pytest_fixture_setup at 0x7eb6c1b72c50>]
/home/user/passthrough/.venv/lib/python3.12/site-packages/_pytest/fixtures.py:1196: in pytest_fixture_setup
    result = call_fixture_func(fixturefunc, request, kwargs)
             ^^^^^^^^^^^^^^^^^^^^^^^^^^^^^^^^^^^^^^^^^^^^^^^
        argname    = 'owner'
        fixturedef = <FixtureDef argname='blueprint' scope='function' baseid='tests/test_factory.py'>
        fixturefunc = <function blueprint at 0x7eb6c27cea20>
        kwargs     = {'owner': <TestAccount_0 0xf39Fd6e51aad88F6F4ce6aB8827279cffFb92266>}
        my_cache_key = None
        request    = <SubRequest 'blueprint' for <Function test_set_parameter_admin>>
/home/user/passthrough/.venv/lib/python3.12/site-packages/_pytest/fixtures.py:930: in call_fixture_func
    fixture_result = fixturefunc(**kwargs)
                     ^^^^^^^^^^^^^^^^^^^^^
        fixturefunc = <function blueprint at 0x7eb6c27cea20>
        kwargs     = {'owner': <TestAccount_0 0xf39Fd6e51aad88F6F4ce6aB8827279cffFb92266>}
        request    = <SubRequest 'blueprint' for <Function test_set_parameter_admin>>
/home/user/passthrough/tests/test_factory.py:40: in blueprint
    return deploy_blueprint(project.Passthrough, owner)
           ^^^^^^^^^^^^^^^^^^^^^^^^^^^^^^^^^^^^^^^^^^^^
        deploy_blueprint = <function deploy_blueprint at 0x7eb6f115fce0>
        owner      = <TestAccount_0 0xf39Fd6e51aad88F6F4ce6aB8827279cffFb92266>
/home/user/passthrough/tests/conftest.py:60: in deploy_blueprint
    runtime_bytecode = web3.eth.get_code(temp_address)
                       ^^^^^^^^^^^^^^^^^^^^^^^^^^^^^^^
        contract_container = <Passthrough>
        contract_type = <ContractType Passthrough>
        init_code  = '0x611b865150346103a2576020611f645f395f51600a602082611f64015f395f51116103a257602081611f64015f395f515f81600a81116103a25...401aa1855820852887320f0d404c27938a631eb6e7268477bf82e4f8608ee65c859a4d311bf9191b8681183e1820a1657679706572830004030038'
        keccak     = <function keccak at 0x7eb6f0fd5b20>
        nonce      = 0
        receipt    = AttributeDict({'blockHash': HexBytes('0xdcf65003c287d1971e9036c3ab4fb6f6e062795ab7bab52a3df6b2aaad7b4828'), 'blockNumb...sh': HexBytes('0x7af2175882a71fa8813fe5cb44583488df1652a3771d2041153745d27500e163'), 'transactionIndex': 0, 'type': 0})
        rlp        = <module 'rlp' from '/home/user/passthrough/.venv/lib/python3.12/site-packages/rlp/__init__.py'>
        rlp_encoded = b'\xd6\x94\xf3\x9f\xd6\xe5\x1a\xad\x88\xf6\xf4\xcej\xb8\x82ry\xcf\xff\xb9"f\x80'
        sender     = <TestAccount_0 0xf39Fd6e51aad88F6F4ce6aB8827279cffFb92266>
        temp_address = '0x5fbdb2315678afecb367f032d93f642f64180aa3'
        to_checksum_address = <function to_checksum_address at 0x7eb6f107d4e0>
        tx_dict    = {'data': '0x611b865150346103a2576020611f645f395f51600a602082611f64015f395f51116103a257602081611f64015f395f515f81600a81...706572830004030038', 'from': '0xf39Fd6e51aad88F6F4ce6aB8827279cffFb92266', 'gas': 3000000, 'gasPrice': 1000000000, ...}
        tx_hash    = HexBytes('0x7af2175882a71fa8813fe5cb44583488df1652a3771d2041153745d27500e163')
        web3       = <web3.main.Web3 object at 0x7eb6c234e4b0>
/home/user/passthrough/.venv/lib/python3.12/site-packages/web3/eth/eth.py:455: in get_code
    return self._get_code(account, block_identifier)
           ^^^^^^^^^^^^^^^^^^^^^^^^^^^^^^^^^^^^^^^^^
        account    = '0x5fbdb2315678afecb367f032d93f642f64180aa3'
        block_identifier = None
        self       = <web3.eth.eth.Eth object at 0x7eb6c1e167b0>
/home/user/passthrough/.venv/lib/python3.12/site-packages/web3/module.py:101: in caller
    (method_str, params), response_formatters = method.process_params(
        args       = ('0x5fbdb2315678afecb367f032d93f642f64180aa3', None)
        kwargs     = {}
        method     = <web3.method.Method object at 0x7eb6f1443320>
        module     = <web3.eth.eth.Eth object at 0x7eb6c1e167b0>
        w3         = <web3.main.Web3 object at 0x7eb6c234e4b0>
/home/user/passthrough/.venv/lib/python3.12/site-packages/web3/method.py:237: in process_params
    _apply_request_formatters(params, self.request_formatters(method)),
    ^^^^^^^^^^^^^^^^^^^^^^^^^^^^^^^^^^^^^^^^^^^^^^^^^^^^^^^^^^^^^^^^^^
        args       = ('0x5fbdb2315678afecb367f032d93f642f64180aa3', None)
        kwargs     = {}
        method     = 'eth_getCode'
        module     = <web3.eth.eth.Eth object at 0x7eb6c1e167b0>
        params     = ('0x5fbdb2315678afecb367f032d93f642f64180aa3', 'latest')
        response_formatters = (<class 'hexbytes.main.HexBytes'>, <cyfunction identity at 0x7eb6f0ec1840>, <cyfunction identity at 0x7eb6f0ec1840>)
        self       = <web3.method.Method object at 0x7eb6f1443320>
/home/user/passthrough/.venv/lib/python3.12/site-packages/eth_utils/functional.py:47: in inner
    return callback(fn(*args, **kwargs))
                    ^^^^^^^^^^^^^^^^^^^
        args       = (('0x5fbdb2315678afecb367f032d93f642f64180aa3', 'latest'), Compose(<function map_abi_data at 0x7eb6eed50d60>, <function apply_formatter_at_index at 0x7eb6f0e9b7e0>))
        callback   = <class 'tuple'>
        fn         = <function _apply_request_formatters at 0x7eb6ee874400>
        kwargs     = {}
/home/user/passthrough/.venv/lib/python3.12/site-packages/web3/method.py:64: in _apply_request_formatters
    formatted_params = pipe(params, request_formatters)
                       ^^^^^^^^^^^^^^^^^^^^^^^^^^^^^^^^
        params     = ('0x5fbdb2315678afecb367f032d93f642f64180aa3', 'latest')
        request_formatters = Compose(<function map_abi_data at 0x7eb6eed50d60>, <function apply_formatter_at_index at 0x7eb6f0e9b7e0>)
/home/user/passthrough/.venv/lib/python3.12/site-packages/web3/_utils/abi.py:613: in map_abi_data
    return pipe(
        data       = ('0x5fbdb2315678afecb367f032d93f642f64180aa3', 'latest')
        normalizers = [<function abi_bytes_to_hex at 0x7eb6eed6dc60>, <function abi_int_to_hex at 0x7eb6eed6de40>, <function abi_string_to_hex at 0x7eb6eed6df80>, <function abi_address_to_hex at 0x7eb6eed6e3e0>]
        types      = ['address', None]
/home/user/passthrough/.venv/lib/python3.12/site-packages/web3/_utils/abi.py:655: in data_tree_map
    return recursive_map(map_to_typed_data, data_tree)
           ^^^^^^^^^^^^^^^^^^^^^^^^^^^^^^^^^^^^^^^^^^^
        data_tree  = [ABITypedData(abi_type='address', data='0x5fbdb2315678afecb367f032d93f642f64180aa3'), ABITypedData(abi_type=None, data='latest')]
        func       = <function abi_address_to_hex at 0x7eb6eed6e3e0>
        map_to_typed_data = <function data_tree_map.<locals>.map_to_typed_data at 0x7eb6c1b56ca0>
/home/user/passthrough/.venv/lib/python3.12/site-packages/web3/_utils/decorators.py:38: in wrapped
    return to_wrap(*args)
           ^^^^^^^^^^^^^^
        add_call   = <built-in method add of set object at 0x7eb6eeee0ba0>
        already_called = set()
        args       = (<function data_tree_map.<locals>.map_to_typed_data at 0x7eb6c1b56ca0>, [ABITypedData(abi_type='address', data='0x5fbdb2315678afecb367f032d93f642f64180aa3'), ABITypedData(abi_type=None, data='latest')])
        remove_call = <built-in method remove of set object at 0x7eb6eeee0ba0>
        thread_local_args = (139324213223552, 139323399040160, 139323388870272)
        to_wrap    = <function recursive_map at 0x7eb6eecfef20>
/home/user/passthrough/.venv/lib/python3.12/site-packages/web3/_utils/formatters.py:89: in recursive_map
    items_mapped = map_collection(recurse, data)
                   ^^^^^^^^^^^^^^^^^^^^^^^^^^^^^
        data       = [ABITypedData(abi_type='address', data='0x5fbdb2315678afecb367f032d93f642f64180aa3'), ABITypedData(abi_type=None, data='latest')]
        func       = <function data_tree_map.<locals>.map_to_typed_data at 0x7eb6c1b56ca0>
        recurse    = <function recursive_map.<locals>.recurse at 0x7eb6c1b56fc0>
/home/user/passthrough/.venv/lib/python3.12/site-packages/web3/_utils/formatters.py:73: in map_collection
    return datatype(map(func, collection))
           ^^^^^^^^^^^^^^^^^^^^^^^^^^^^^^^
        collection = [ABITypedData(abi_type='address', data='0x5fbdb2315678afecb367f032d93f642f64180aa3'), ABITypedData(abi_type=None, data='latest')]
        datatype   = <class 'list'>
        func       = <function recursive_map.<locals>.recurse at 0x7eb6c1b56fc0>
/home/user/passthrough/.venv/lib/python3.12/site-packages/web3/_utils/formatters.py:87: in recurse
    return recursive_map(func, item)
           ^^^^^^^^^^^^^^^^^^^^^^^^^
        func       = <function data_tree_map.<locals>.map_to_typed_data at 0x7eb6c1b56ca0>
        item       = ABITypedData(abi_type='address', data='0x5fbdb2315678afecb367f032d93f642f64180aa3')
/home/user/passthrough/.venv/lib/python3.12/site-packages/web3/_utils/decorators.py:38: in wrapped
    return to_wrap(*args)
           ^^^^^^^^^^^^^^
        add_call   = <built-in method add of set object at 0x7eb6eeee0ba0>
        already_called = set()
        args       = (<function data_tree_map.<locals>.map_to_typed_data at 0x7eb6c1b56ca0>, ABITypedData(abi_type='address', data='0x5fbdb2315678afecb367f032d93f642f64180aa3'))
        remove_call = <built-in method remove of set object at 0x7eb6eeee0ba0>
        thread_local_args = (139324213223552, 139323399040160, 139323402442048)
        to_wrap    = <function recursive_map at 0x7eb6eecfef20>
/home/user/passthrough/.venv/lib/python3.12/site-packages/web3/_utils/formatters.py:90: in recursive_map
    return func(items_mapped)
           ^^^^^^^^^^^^^^^^^^
        data       = ABITypedData(abi_type='address', data='0x5fbdb2315678afecb367f032d93f642f64180aa3')
        func       = <function data_tree_map.<locals>.map_to_typed_data at 0x7eb6c1b56ca0>
        items_mapped = ABITypedData(abi_type='address', data='0x5fbdb2315678afecb367f032d93f642f64180aa3')
        recurse    = <function recursive_map.<locals>.recurse at 0x7eb6c1f1c5e0>
/home/user/passthrough/.venv/lib/python3.12/site-packages/web3/_utils/abi.py:651: in map_to_typed_data
    return ABITypedData(func(*elements))
                        ^^^^^^^^^^^^^^^
        elements   = ABITypedData(abi_type='address', data='0x5fbdb2315678afecb367f032d93f642f64180aa3')
        func       = <function abi_address_to_hex at 0x7eb6eed6e3e0>
/home/user/passthrough/.venv/lib/python3.12/site-packages/web3/_utils/normalizers.py:79: in wrapper
    modified = to_wrap(type_str, data)
               ^^^^^^^^^^^^^^^^^^^^^^^
        data       = '0x5fbdb2315678afecb367f032d93f642f64180aa3'
        to_wrap    = <function abi_address_to_hex at 0x7eb6eed6e340>
        type_str   = 'address'
/home/user/passthrough/.venv/lib/python3.12/site-packages/web3/_utils/normalizers.py:202: in abi_address_to_hex
    validate_address(data)
        data       = '0x5fbdb2315678afecb367f032d93f642f64180aa3'
        type_str   = 'address'
/home/user/passthrough/.venv/lib/python3.12/site-packages/web3/_utils/validation.py:201: in validate_address
    raise InvalidAddress(
E   web3.exceptions.InvalidAddress: ('web3.py only accepts checksum addresses. The software that gave you this non-checksum address should be considered unsafe, please file it as a bug on their platform. Try using an ENS name instead. Or, if you must accept lower safety, use Web3.to_checksum_address(lower_case_address).', '0x5fbdb2315678afecb367f032d93f642f64180aa3')
        value      = '0x5fbdb2315678afecb367f032d93f642f64180aa3'
__________________ ERROR at setup of test_transfer_ownership ___________________
/home/user/passthrough/.venv/lib/python3.12/site-packages/_pytest/runner.py:344: in from_call
    result: TResult | None = func()
                             ^^^^^^
        cls        = <class '_pytest.runner.CallInfo'>
        duration   = Duration(start=Instant(time=1763228722.7436724, perf_count=283.936199956), stop=Instant(time=1763228722.8167226, perf_count=284.009252467))
        excinfo    = <ExceptionInfo InvalidAddress('web3.py only accepts checksum addresses. The software that gave you this non-checksum a...wer safety, use Web3.to_checksum_address(lower_case_address).', '0x5fbdb2315678afecb367f032d93f642f64180aa3') tblen=44>
        func       = <function call_and_report.<locals>.<lambda> at 0x7eb6c1973ba0>
        instant    = Instant(time=1763228722.7436724, perf_count=283.936199956)
        reraise    = (<class '_pytest.outcomes.Exit'>, <class 'KeyboardInterrupt'>)
        result     = None
        when       = 'setup'
/home/user/passthrough/.venv/lib/python3.12/site-packages/_pytest/runner.py:246: in <lambda>
    lambda: runtest_hook(item=item, **kwds), when=when, reraise=reraise
            ^^^^^^^^^^^^^^^^^^^^^^^^^^^^^^^
        item       = <Function test_transfer_ownership>
        kwds       = {}
        runtest_hook = <HookCaller 'pytest_runtest_setup'>
/home/user/passthrough/.venv/lib/python3.12/site-packages/pluggy/_hooks.py:512: in __call__
    return self._hookexec(self.name, self._hookimpls.copy(), kwargs, firstresult)
           ^^^^^^^^^^^^^^^^^^^^^^^^^^^^^^^^^^^^^^^^^^^^^^^^^^^^^^^^^^^^^^^^^^^^^^
        firstresult = False
        kwargs     = {'item': <Function test_transfer_ownership>}
        self       = <HookCaller 'pytest_runtest_setup'>
/home/user/passthrough/.venv/lib/python3.12/site-packages/pluggy/_manager.py:120: in _hookexec
    return self._inner_hookexec(hook_name, methods, kwargs, firstresult)
           ^^^^^^^^^^^^^^^^^^^^^^^^^^^^^^^^^^^^^^^^^^^^^^^^^^^^^^^^^^^^^
        firstresult = False
        hook_name  = 'pytest_runtest_setup'
        kwargs     = {'item': <Function test_transfer_ownership>}
        methods    = [<HookImpl plugin_name='threadexception', plugin=<module '_pytest.threadexception' from '/home/user/passthrough/.venv/...pper name='/dev/null' mode='r' encoding='utf-8'>> _state='suspended' _in_suspended=False> _capture_fixture=None>>, ...]
        self       = <_pytest.config.PytestPluginManager object at 0x7eb6f1460f50>
/home/user/passthrough/.venv/lib/python3.12/site-packages/pluggy/_callers.py:167: in _multicall
    raise exception
        __tracebackhide__ = True
        args       = [<Function test_transfer_ownership>]
        caller_kwargs = {'item': <Function test_transfer_ownership>}
        exception  = InvalidAddress('web3.py only accepts checksum addresses. The software that gave you this non-checksum address should b... accept lower safety, use Web3.to_checksum_address(lower_case_address).', '0x5fbdb2315678afecb367f032d93f642f64180aa3')
        firstresult = False
        function_gen = <generator object CaptureManager.pytest_runtest_setup at 0x7eb6c195f5a0>
        hook_impl  = <HookImpl plugin_name='runner', plugin=<module '_pytest.runner' from '/home/user/passthrough/.venv/lib/python3.12/site-packages/_pytest/runner.py'>>
        hook_impls = [<HookImpl plugin_name='threadexception', plugin=<module '_pytest.threadexception' from '/home/user/passthrough/.venv/...pper name='/dev/null' mode='r' encoding='utf-8'>> _state='suspended' _in_suspended=False> _capture_fixture=None>>, ...]
        hook_name  = 'pytest_runtest_setup'
        res        = None
        result     = []
        results    = []
        teardown   = <generator object LoggingPlugin.pytest_runtest_setup at 0x7eb6c1b723e0>
        teardowns  = [<generator object LoggingPlugin.pytest_runtest_setup at 0x7eb6c1b723e0>, <generator object CaptureManager.pytest_runtest_setup at 0x7eb6c195f5a0>]
/home/user/passthrough/.venv/lib/python3.12/site-packages/pluggy/_callers.py:139: in _multicall
    teardown.throw(exception)
        __tracebackhide__ = True
        args       = [<Function test_transfer_ownership>]
        caller_kwargs = {'item': <Function test_transfer_ownership>}
        exception  = InvalidAddress('web3.py only accepts checksum addresses. The software that gave you this non-checksum address should b... accept lower safety, use Web3.to_checksum_address(lower_case_address).', '0x5fbdb2315678afecb367f032d93f642f64180aa3')
        firstresult = False
        function_gen = <generator object CaptureManager.pytest_runtest_setup at 0x7eb6c195f5a0>
        hook_impl  = <HookImpl plugin_name='runner', plugin=<module '_pytest.runner' from '/home/user/passthrough/.venv/lib/python3.12/site-packages/_pytest/runner.py'>>
        hook_impls = [<HookImpl plugin_name='threadexception', plugin=<module '_pytest.threadexception' from '/home/user/passthrough/.venv/...pper name='/dev/null' mode='r' encoding='utf-8'>> _state='suspended' _in_suspended=False> _capture_fixture=None>>, ...]
        hook_name  = 'pytest_runtest_setup'
        res        = None
        result     = []
        results    = []
        teardown   = <generator object LoggingPlugin.pytest_runtest_setup at 0x7eb6c1b723e0>
        teardowns  = [<generator object LoggingPlugin.pytest_runtest_setup at 0x7eb6c1b723e0>, <generator object CaptureManager.pytest_runtest_setup at 0x7eb6c195f5a0>]
/home/user/passthrough/.venv/lib/python3.12/site-packages/_pytest/logging.py:843: in pytest_runtest_setup
    yield
        empty      = {'setup': []}
        item       = <Function test_transfer_ownership>
        self       = <_pytest.logging.LoggingPlugin object at 0x7eb6ee3dcf20>
/home/user/passthrough/.venv/lib/python3.12/site-packages/pluggy/_callers.py:139: in _multicall
    teardown.throw(exception)
        __tracebackhide__ = True
        args       = [<Function test_transfer_ownership>]
        caller_kwargs = {'item': <Function test_transfer_ownership>}
        exception  = InvalidAddress('web3.py only accepts checksum addresses. The software that gave you this non-checksum address should b... accept lower safety, use Web3.to_checksum_address(lower_case_address).', '0x5fbdb2315678afecb367f032d93f642f64180aa3')
        firstresult = False
        function_gen = <generator object CaptureManager.pytest_runtest_setup at 0x7eb6c195f5a0>
        hook_impl  = <HookImpl plugin_name='runner', plugin=<module '_pytest.runner' from '/home/user/passthrough/.venv/lib/python3.12/site-packages/_pytest/runner.py'>>
        hook_impls = [<HookImpl plugin_name='threadexception', plugin=<module '_pytest.threadexception' from '/home/user/passthrough/.venv/...pper name='/dev/null' mode='r' encoding='utf-8'>> _state='suspended' _in_suspended=False> _capture_fixture=None>>, ...]
        hook_name  = 'pytest_runtest_setup'
        res        = None
        result     = []
        results    = []
        teardown   = <generator object LoggingPlugin.pytest_runtest_setup at 0x7eb6c1b723e0>
        teardowns  = [<generator object LoggingPlugin.pytest_runtest_setup at 0x7eb6c1b723e0>, <generator object CaptureManager.pytest_runtest_setup at 0x7eb6c195f5a0>]
/home/user/passthrough/.venv/lib/python3.12/site-packages/_pytest/capture.py:895: in pytest_runtest_setup
    return (yield)
            ^^^^^
        item       = <Function test_transfer_ownership>
        self       = <CaptureManager _method='fd' _global_capturing=<MultiCapture out=<FDCapture 1 oldfd=5 _state='suspended' tmpfile=<_io....xtIOWrapper name='/dev/null' mode='r' encoding='utf-8'>> _state='suspended' _in_suspended=False> _capture_fixture=None>
/home/user/passthrough/.venv/lib/python3.12/site-packages/pluggy/_callers.py:121: in _multicall
    res = hook_impl.function(*args)
          ^^^^^^^^^^^^^^^^^^^^^^^^^
        __tracebackhide__ = True
        args       = [<Function test_transfer_ownership>]
        caller_kwargs = {'item': <Function test_transfer_ownership>}
        exception  = InvalidAddress('web3.py only accepts checksum addresses. The software that gave you this non-checksum address should b... accept lower safety, use Web3.to_checksum_address(lower_case_address).', '0x5fbdb2315678afecb367f032d93f642f64180aa3')
        firstresult = False
        function_gen = <generator object CaptureManager.pytest_runtest_setup at 0x7eb6c195f5a0>
        hook_impl  = <HookImpl plugin_name='runner', plugin=<module '_pytest.runner' from '/home/user/passthrough/.venv/lib/python3.12/site-packages/_pytest/runner.py'>>
        hook_impls = [<HookImpl plugin_name='threadexception', plugin=<module '_pytest.threadexception' from '/home/user/passthrough/.venv/...pper name='/dev/null' mode='r' encoding='utf-8'>> _state='suspended' _in_suspended=False> _capture_fixture=None>>, ...]
        hook_name  = 'pytest_runtest_setup'
        res        = None
        result     = []
        results    = []
        teardown   = <generator object LoggingPlugin.pytest_runtest_setup at 0x7eb6c1b723e0>
        teardowns  = [<generator object LoggingPlugin.pytest_runtest_setup at 0x7eb6c1b723e0>, <generator object CaptureManager.pytest_runtest_setup at 0x7eb6c195f5a0>]
/home/user/passthrough/.venv/lib/python3.12/site-packages/_pytest/runner.py:164: in pytest_runtest_setup
    item.session._setupstate.setup(item)
        item       = <Function test_transfer_ownership>
/home/user/passthrough/.venv/lib/python3.12/site-packages/_pytest/runner.py:514: in setup
    col.setup()
        col        = <Function test_transfer_ownership>
        finalizers = [<bound method Node.teardown of <Module test_factory.py>>]
        item       = <Function test_transfer_ownership>
        needed_collectors = [<Session  exitstatus=<ExitCode.OK: 0> testsfailed=8 testscollected=19>, <Dir passthrough>, <Dir tests>, <Module test_factory.py>, <Function test_transfer_ownership>]
        self       = <_pytest.runner.SetupState object at 0x7eb6ee3c72c0>
/home/user/passthrough/.venv/lib/python3.12/site-packages/_pytest/python.py:1674: in setup
    self._request._fillfixtures()
        self       = <Function test_transfer_ownership>
/home/user/passthrough/.venv/lib/python3.12/site-packages/_pytest/fixtures.py:720: in _fillfixtures
    item.funcargs[argname] = self.getfixturevalue(argname)
                             ^^^^^^^^^^^^^^^^^^^^^^^^^^^^^
        argname    = 'blueprint'
        item       = <Function test_transfer_ownership>
        self       = <FixtureRequest for <Function test_transfer_ownership>>
/home/user/passthrough/.venv/lib/python3.12/site-packages/_pytest/fixtures.py:549: in getfixturevalue
    fixturedef = self._get_active_fixturedef(argname)
                 ^^^^^^^^^^^^^^^^^^^^^^^^^^^^^^^^^^^^
        argname    = 'blueprint'
        self       = <FixtureRequest for <Function test_transfer_ownership>>
/home/user/passthrough/.venv/lib/python3.12/site-packages/_pytest/fixtures.py:640: in _get_active_fixturedef
    fixturedef.execute(request=subrequest)
        argname    = 'blueprint'
        callspec   = None
        fixturedef = <FixtureDef argname='blueprint' scope='function' baseid='tests/test_factory.py'>
        fixturedefs = (<FixtureDef argname='blueprint' scope='function' baseid='tests/test_factory.py'>,)
        index      = -1
        param      = <NotSetType.token: 0>
        param_index = 0
        scope      = <Scope.Function: 'function'>
        self       = <FixtureRequest for <Function test_transfer_ownership>>
        subrequest = <SubRequest 'blueprint' for <Function test_transfer_ownership>>
/home/user/passthrough/.venv/lib/python3.12/site-packages/_pytest/fixtures.py:1128: in execute
    result = ihook.pytest_fixture_setup(fixturedef=self, request=request)
             ^^^^^^^^^^^^^^^^^^^^^^^^^^^^^^^^^^^^^^^^^^^^^^^^^^^^^^^^^^^^
        argname    = 'owner'
        finalizer  = functools.partial(<bound method FixtureDef.finish of <FixtureDef argname='blueprint' scope='function' baseid='tests/test_factory.py'>>, request=<SubRequest 'blueprint' for <Function test_transfer_ownership>>)
        fixturedef = <FixtureDef argname='owner' scope='function' baseid='tests/test_factory.py'>
        ihook      = <_pytest.config.compat.PathAwareHookProxy object at 0x7eb6f15e2e40>
        parent_fixture = <FixtureDef argname='owner' scope='function' baseid='tests/test_factory.py'>
        request    = <SubRequest 'blueprint' for <Function test_transfer_ownership>>
        requested_fixtures_that_should_finalize_us = [<FixtureDef argname='owner' scope='function' baseid='tests/test_factory.py'>]
        self       = <FixtureDef argname='blueprint' scope='function' baseid='tests/test_factory.py'>
/home/user/passthrough/.venv/lib/python3.12/site-packages/pluggy/_hooks.py:512: in __call__
    return self._hookexec(self.name, self._hookimpls.copy(), kwargs, firstresult)
           ^^^^^^^^^^^^^^^^^^^^^^^^^^^^^^^^^^^^^^^^^^^^^^^^^^^^^^^^^^^^^^^^^^^^^^
        firstresult = True
        kwargs     = {'fixturedef': <FixtureDef argname='blueprint' scope='function' baseid='tests/test_factory.py'>, 'request': <SubRequest 'blueprint' for <Function test_transfer_ownership>>}
        self       = <HookCaller 'pytest_fixture_setup'>
/home/user/passthrough/.venv/lib/python3.12/site-packages/pluggy/_manager.py:120: in _hookexec
    return self._inner_hookexec(hook_name, methods, kwargs, firstresult)
           ^^^^^^^^^^^^^^^^^^^^^^^^^^^^^^^^^^^^^^^^^^^^^^^^^^^^^^^^^^^^^
        firstresult = True
        hook_name  = 'pytest_fixture_setup'
        kwargs     = {'fixturedef': <FixtureDef argname='blueprint' scope='function' baseid='tests/test_factory.py'>, 'request': <SubRequest 'blueprint' for <Function test_transfer_ownership>>}
        methods    = [<HookImpl plugin_name='fixtures', plugin=<module '_pytest.fixtures' from '/home/user/passthrough/.venv/lib/python3.12...in=<module '_pytest.setuponly' from '/home/user/passthrough/.venv/lib/python3.12/site-packages/_pytest/setuponly.py'>>]
        self       = <_pytest.config.PytestPluginManager object at 0x7eb6f1460f50>
/home/user/passthrough/.venv/lib/python3.12/site-packages/pluggy/_callers.py:167: in _multicall
    raise exception
        __tracebackhide__ = True
        args       = [<FixtureDef argname='blueprint' scope='function' baseid='tests/test_factory.py'>, <SubRequest 'blueprint' for <Function test_transfer_ownership>>]
        caller_kwargs = {'fixturedef': <FixtureDef argname='blueprint' scope='function' baseid='tests/test_factory.py'>, 'request': <SubRequest 'blueprint' for <Function test_transfer_ownership>>}
        exception  = InvalidAddress('web3.py only accepts checksum addresses. The software that gave you this non-checksum address should b... accept lower safety, use Web3.to_checksum_address(lower_case_address).', '0x5fbdb2315678afecb367f032d93f642f64180aa3')
        firstresult = True
        function_gen = <generator object pytest_fixture_setup at 0x7eb6c1b718a0>
        hook_impl  = <HookImpl plugin_name='fixtures', plugin=<module '_pytest.fixtures' from '/home/user/passthrough/.venv/lib/python3.12/site-packages/_pytest/fixtures.py'>>
        hook_impls = [<HookImpl plugin_name='fixtures', plugin=<module '_pytest.fixtures' from '/home/user/passthrough/.venv/lib/python3.12...in=<module '_pytest.setuponly' from '/home/user/passthrough/.venv/lib/python3.12/site-packages/_pytest/setuponly.py'>>]
        hook_name  = 'pytest_fixture_setup'
        res        = None
        result     = None
        results    = []
        teardown   = <generator object pytest_fixture_setup at 0x7eb6c1b718a0>
        teardowns  = [<generator object pytest_fixture_setup at 0x7eb6c1b718a0>]
/home/user/passthrough/.venv/lib/python3.12/site-packages/pluggy/_callers.py:139: in _multicall
    teardown.throw(exception)
        __tracebackhide__ = True
        args       = [<FixtureDef argname='blueprint' scope='function' baseid='tests/test_factory.py'>, <SubRequest 'blueprint' for <Function test_transfer_ownership>>]
        caller_kwargs = {'fixturedef': <FixtureDef argname='blueprint' scope='function' baseid='tests/test_factory.py'>, 'request': <SubRequest 'blueprint' for <Function test_transfer_ownership>>}
        exception  = InvalidAddress('web3.py only accepts checksum addresses. The software that gave you this non-checksum address should b... accept lower safety, use Web3.to_checksum_address(lower_case_address).', '0x5fbdb2315678afecb367f032d93f642f64180aa3')
        firstresult = True
        function_gen = <generator object pytest_fixture_setup at 0x7eb6c1b718a0>
        hook_impl  = <HookImpl plugin_name='fixtures', plugin=<module '_pytest.fixtures' from '/home/user/passthrough/.venv/lib/python3.12/site-packages/_pytest/fixtures.py'>>
        hook_impls = [<HookImpl plugin_name='fixtures', plugin=<module '_pytest.fixtures' from '/home/user/passthrough/.venv/lib/python3.12...in=<module '_pytest.setuponly' from '/home/user/passthrough/.venv/lib/python3.12/site-packages/_pytest/setuponly.py'>>]
        hook_name  = 'pytest_fixture_setup'
        res        = None
        result     = None
        results    = []
        teardown   = <generator object pytest_fixture_setup at 0x7eb6c1b718a0>
        teardowns  = [<generator object pytest_fixture_setup at 0x7eb6c1b718a0>]
/home/user/passthrough/.venv/lib/python3.12/site-packages/_pytest/setuponly.py:36: in pytest_fixture_setup
    return (yield)
            ^^^^^
        fixturedef = <FixtureDef argname='blueprint' scope='function' baseid='tests/test_factory.py'>
        request    = <SubRequest 'blueprint' for <Function test_transfer_ownership>>
/home/user/passthrough/.venv/lib/python3.12/site-packages/pluggy/_callers.py:121: in _multicall
    res = hook_impl.function(*args)
          ^^^^^^^^^^^^^^^^^^^^^^^^^
        __tracebackhide__ = True
        args       = [<FixtureDef argname='blueprint' scope='function' baseid='tests/test_factory.py'>, <SubRequest 'blueprint' for <Function test_transfer_ownership>>]
        caller_kwargs = {'fixturedef': <FixtureDef argname='blueprint' scope='function' baseid='tests/test_factory.py'>, 'request': <SubRequest 'blueprint' for <Function test_transfer_ownership>>}
        exception  = InvalidAddress('web3.py only accepts checksum addresses. The software that gave you this non-checksum address should b... accept lower safety, use Web3.to_checksum_address(lower_case_address).', '0x5fbdb2315678afecb367f032d93f642f64180aa3')
        firstresult = True
        function_gen = <generator object pytest_fixture_setup at 0x7eb6c1b718a0>
        hook_impl  = <HookImpl plugin_name='fixtures', plugin=<module '_pytest.fixtures' from '/home/user/passthrough/.venv/lib/python3.12/site-packages/_pytest/fixtures.py'>>
        hook_impls = [<HookImpl plugin_name='fixtures', plugin=<module '_pytest.fixtures' from '/home/user/passthrough/.venv/lib/python3.12...in=<module '_pytest.setuponly' from '/home/user/passthrough/.venv/lib/python3.12/site-packages/_pytest/setuponly.py'>>]
        hook_name  = 'pytest_fixture_setup'
        res        = None
        result     = None
        results    = []
        teardown   = <generator object pytest_fixture_setup at 0x7eb6c1b718a0>
        teardowns  = [<generator object pytest_fixture_setup at 0x7eb6c1b718a0>]
/home/user/passthrough/.venv/lib/python3.12/site-packages/_pytest/fixtures.py:1196: in pytest_fixture_setup
    result = call_fixture_func(fixturefunc, request, kwargs)
             ^^^^^^^^^^^^^^^^^^^^^^^^^^^^^^^^^^^^^^^^^^^^^^^
        argname    = 'owner'
        fixturedef = <FixtureDef argname='blueprint' scope='function' baseid='tests/test_factory.py'>
        fixturefunc = <function blueprint at 0x7eb6c27cea20>
        kwargs     = {'owner': <TestAccount_0 0xf39Fd6e51aad88F6F4ce6aB8827279cffFb92266>}
        my_cache_key = None
        request    = <SubRequest 'blueprint' for <Function test_transfer_ownership>>
/home/user/passthrough/.venv/lib/python3.12/site-packages/_pytest/fixtures.py:930: in call_fixture_func
    fixture_result = fixturefunc(**kwargs)
                     ^^^^^^^^^^^^^^^^^^^^^
        fixturefunc = <function blueprint at 0x7eb6c27cea20>
        kwargs     = {'owner': <TestAccount_0 0xf39Fd6e51aad88F6F4ce6aB8827279cffFb92266>}
        request    = <SubRequest 'blueprint' for <Function test_transfer_ownership>>
/home/user/passthrough/tests/test_factory.py:40: in blueprint
    return deploy_blueprint(project.Passthrough, owner)
           ^^^^^^^^^^^^^^^^^^^^^^^^^^^^^^^^^^^^^^^^^^^^
        deploy_blueprint = <function deploy_blueprint at 0x7eb6f115fce0>
        owner      = <TestAccount_0 0xf39Fd6e51aad88F6F4ce6aB8827279cffFb92266>
/home/user/passthrough/tests/conftest.py:60: in deploy_blueprint
    runtime_bytecode = web3.eth.get_code(temp_address)
                       ^^^^^^^^^^^^^^^^^^^^^^^^^^^^^^^
        contract_container = <Passthrough>
        contract_type = <ContractType Passthrough>
        init_code  = '0x611b865150346103a2576020611f645f395f51600a602082611f64015f395f51116103a257602081611f64015f395f515f81600a81116103a25...401aa1855820852887320f0d404c27938a631eb6e7268477bf82e4f8608ee65c859a4d311bf9191b8681183e1820a1657679706572830004030038'
        keccak     = <function keccak at 0x7eb6f0fd5b20>
        nonce      = 0
        receipt    = AttributeDict({'blockHash': HexBytes('0x032905666429f5d7069c148413c92b040a1e34930a5ae26672cacd94cb792cec'), 'blockNumb...sh': HexBytes('0x7af2175882a71fa8813fe5cb44583488df1652a3771d2041153745d27500e163'), 'transactionIndex': 0, 'type': 0})
        rlp        = <module 'rlp' from '/home/user/passthrough/.venv/lib/python3.12/site-packages/rlp/__init__.py'>
        rlp_encoded = b'\xd6\x94\xf3\x9f\xd6\xe5\x1a\xad\x88\xf6\xf4\xcej\xb8\x82ry\xcf\xff\xb9"f\x80'
        sender     = <TestAccount_0 0xf39Fd6e51aad88F6F4ce6aB8827279cffFb92266>
        temp_address = '0x5fbdb2315678afecb367f032d93f642f64180aa3'
        to_checksum_address = <function to_checksum_address at 0x7eb6f107d4e0>
        tx_dict    = {'data': '0x611b865150346103a2576020611f645f395f51600a602082611f64015f395f51116103a257602081611f64015f395f515f81600a81...706572830004030038', 'from': '0xf39Fd6e51aad88F6F4ce6aB8827279cffFb92266', 'gas': 3000000, 'gasPrice': 1000000000, ...}
        tx_hash    = HexBytes('0x7af2175882a71fa8813fe5cb44583488df1652a3771d2041153745d27500e163')
        web3       = <web3.main.Web3 object at 0x7eb6c234e4b0>
/home/user/passthrough/.venv/lib/python3.12/site-packages/web3/eth/eth.py:455: in get_code
    return self._get_code(account, block_identifier)
           ^^^^^^^^^^^^^^^^^^^^^^^^^^^^^^^^^^^^^^^^^
        account    = '0x5fbdb2315678afecb367f032d93f642f64180aa3'
        block_identifier = None
        self       = <web3.eth.eth.Eth object at 0x7eb6c1e167b0>
/home/user/passthrough/.venv/lib/python3.12/site-packages/web3/module.py:101: in caller
    (method_str, params), response_formatters = method.process_params(
        args       = ('0x5fbdb2315678afecb367f032d93f642f64180aa3', None)
        kwargs     = {}
        method     = <web3.method.Method object at 0x7eb6f1443320>
        module     = <web3.eth.eth.Eth object at 0x7eb6c1e167b0>
        w3         = <web3.main.Web3 object at 0x7eb6c234e4b0>
/home/user/passthrough/.venv/lib/python3.12/site-packages/web3/method.py:237: in process_params
    _apply_request_formatters(params, self.request_formatters(method)),
    ^^^^^^^^^^^^^^^^^^^^^^^^^^^^^^^^^^^^^^^^^^^^^^^^^^^^^^^^^^^^^^^^^^
        args       = ('0x5fbdb2315678afecb367f032d93f642f64180aa3', None)
        kwargs     = {}
        method     = 'eth_getCode'
        module     = <web3.eth.eth.Eth object at 0x7eb6c1e167b0>
        params     = ('0x5fbdb2315678afecb367f032d93f642f64180aa3', 'latest')
        response_formatters = (<class 'hexbytes.main.HexBytes'>, <cyfunction identity at 0x7eb6f0ec1840>, <cyfunction identity at 0x7eb6f0ec1840>)
        self       = <web3.method.Method object at 0x7eb6f1443320>
/home/user/passthrough/.venv/lib/python3.12/site-packages/eth_utils/functional.py:47: in inner
    return callback(fn(*args, **kwargs))
                    ^^^^^^^^^^^^^^^^^^^
        args       = (('0x5fbdb2315678afecb367f032d93f642f64180aa3', 'latest'), Compose(<function map_abi_data at 0x7eb6eed50d60>, <function apply_formatter_at_index at 0x7eb6f0e9b7e0>))
        callback   = <class 'tuple'>
        fn         = <function _apply_request_formatters at 0x7eb6ee874400>
        kwargs     = {}
/home/user/passthrough/.venv/lib/python3.12/site-packages/web3/method.py:64: in _apply_request_formatters
    formatted_params = pipe(params, request_formatters)
                       ^^^^^^^^^^^^^^^^^^^^^^^^^^^^^^^^
        params     = ('0x5fbdb2315678afecb367f032d93f642f64180aa3', 'latest')
        request_formatters = Compose(<function map_abi_data at 0x7eb6eed50d60>, <function apply_formatter_at_index at 0x7eb6f0e9b7e0>)
/home/user/passthrough/.venv/lib/python3.12/site-packages/web3/_utils/abi.py:613: in map_abi_data
    return pipe(
        data       = ('0x5fbdb2315678afecb367f032d93f642f64180aa3', 'latest')
        normalizers = [<function abi_bytes_to_hex at 0x7eb6eed6dc60>, <function abi_int_to_hex at 0x7eb6eed6de40>, <function abi_string_to_hex at 0x7eb6eed6df80>, <function abi_address_to_hex at 0x7eb6eed6e3e0>]
        types      = ['address', None]
/home/user/passthrough/.venv/lib/python3.12/site-packages/web3/_utils/abi.py:655: in data_tree_map
    return recursive_map(map_to_typed_data, data_tree)
           ^^^^^^^^^^^^^^^^^^^^^^^^^^^^^^^^^^^^^^^^^^^
        data_tree  = [ABITypedData(abi_type='address', data='0x5fbdb2315678afecb367f032d93f642f64180aa3'), ABITypedData(abi_type=None, data='latest')]
        func       = <function abi_address_to_hex at 0x7eb6eed6e3e0>
        map_to_typed_data = <function data_tree_map.<locals>.map_to_typed_data at 0x7eb6c1bc0720>
/home/user/passthrough/.venv/lib/python3.12/site-packages/web3/_utils/decorators.py:38: in wrapped
    return to_wrap(*args)
           ^^^^^^^^^^^^^^
        add_call   = <built-in method add of set object at 0x7eb6eeee0ba0>
        already_called = set()
        args       = (<function data_tree_map.<locals>.map_to_typed_data at 0x7eb6c1bc0720>, [ABITypedData(abi_type='address', data='0x5fbdb2315678afecb367f032d93f642f64180aa3'), ABITypedData(abi_type=None, data='latest')])
        remove_call = <built-in method remove of set object at 0x7eb6eeee0ba0>
        thread_local_args = (139324213223552, 139323399472928, 139323387823808)
        to_wrap    = <function recursive_map at 0x7eb6eecfef20>
/home/user/passthrough/.venv/lib/python3.12/site-packages/web3/_utils/formatters.py:89: in recursive_map
    items_mapped = map_collection(recurse, data)
                   ^^^^^^^^^^^^^^^^^^^^^^^^^^^^^
        data       = [ABITypedData(abi_type='address', data='0x5fbdb2315678afecb367f032d93f642f64180aa3'), ABITypedData(abi_type=None, data='latest')]
        func       = <function data_tree_map.<locals>.map_to_typed_data at 0x7eb6c1bc0720>
        recurse    = <function recursive_map.<locals>.recurse at 0x7eb6c1972a20>
/home/user/passthrough/.venv/lib/python3.12/site-packages/web3/_utils/formatters.py:73: in map_collection
    return datatype(map(func, collection))
           ^^^^^^^^^^^^^^^^^^^^^^^^^^^^^^^
        collection = [ABITypedData(abi_type='address', data='0x5fbdb2315678afecb367f032d93f642f64180aa3'), ABITypedData(abi_type=None, data='latest')]
        datatype   = <class 'list'>
        func       = <function recursive_map.<locals>.recurse at 0x7eb6c1972a20>
/home/user/passthrough/.venv/lib/python3.12/site-packages/web3/_utils/formatters.py:87: in recurse
    return recursive_map(func, item)
           ^^^^^^^^^^^^^^^^^^^^^^^^^
        func       = <function data_tree_map.<locals>.map_to_typed_data at 0x7eb6c1bc0720>
        item       = ABITypedData(abi_type='address', data='0x5fbdb2315678afecb367f032d93f642f64180aa3')
/home/user/passthrough/.venv/lib/python3.12/site-packages/web3/_utils/decorators.py:38: in wrapped
    return to_wrap(*args)
           ^^^^^^^^^^^^^^
        add_call   = <built-in method add of set object at 0x7eb6eeee0ba0>
        already_called = set()
        args       = (<function data_tree_map.<locals>.map_to_typed_data at 0x7eb6c1bc0720>, ABITypedData(abi_type='address', data='0x5fbdb2315678afecb367f032d93f642f64180aa3'))
        remove_call = <built-in method remove of set object at 0x7eb6eeee0ba0>
        thread_local_args = (139324213223552, 139323399472928, 139323402359648)
        to_wrap    = <function recursive_map at 0x7eb6eecfef20>
/home/user/passthrough/.venv/lib/python3.12/site-packages/web3/_utils/formatters.py:90: in recursive_map
    return func(items_mapped)
           ^^^^^^^^^^^^^^^^^^
        data       = ABITypedData(abi_type='address', data='0x5fbdb2315678afecb367f032d93f642f64180aa3')
        func       = <function data_tree_map.<locals>.map_to_typed_data at 0x7eb6c1bc0720>
        items_mapped = ABITypedData(abi_type='address', data='0x5fbdb2315678afecb367f032d93f642f64180aa3')
        recurse    = <function recursive_map.<locals>.recurse at 0x7eb6c1973600>
/home/user/passthrough/.venv/lib/python3.12/site-packages/web3/_utils/abi.py:651: in map_to_typed_data
    return ABITypedData(func(*elements))
                        ^^^^^^^^^^^^^^^
        elements   = ABITypedData(abi_type='address', data='0x5fbdb2315678afecb367f032d93f642f64180aa3')
        func       = <function abi_address_to_hex at 0x7eb6eed6e3e0>
/home/user/passthrough/.venv/lib/python3.12/site-packages/web3/_utils/normalizers.py:79: in wrapper
    modified = to_wrap(type_str, data)
               ^^^^^^^^^^^^^^^^^^^^^^^
        data       = '0x5fbdb2315678afecb367f032d93f642f64180aa3'
        to_wrap    = <function abi_address_to_hex at 0x7eb6eed6e340>
        type_str   = 'address'
/home/user/passthrough/.venv/lib/python3.12/site-packages/web3/_utils/normalizers.py:202: in abi_address_to_hex
    validate_address(data)
        data       = '0x5fbdb2315678afecb367f032d93f642f64180aa3'
        type_str   = 'address'
/home/user/passthrough/.venv/lib/python3.12/site-packages/web3/_utils/validation.py:201: in validate_address
    raise InvalidAddress(
E   web3.exceptions.InvalidAddress: ('web3.py only accepts checksum addresses. The software that gave you this non-checksum address should be considered unsafe, please file it as a bug on their platform. Try using an ENS name instead. Or, if you must accept lower safety, use Web3.to_checksum_address(lower_case_address).', '0x5fbdb2315678afecb367f032d93f642f64180aa3')
        value      = '0x5fbdb2315678afecb367f032d93f642f64180aa3'
___________ ERROR at setup of test_transfer_ownership_access_control ___________
/home/user/passthrough/.venv/lib/python3.12/site-packages/_pytest/runner.py:344: in from_call
    result: TResult | None = func()
                             ^^^^^^
        cls        = <class '_pytest.runner.CallInfo'>
        duration   = Duration(start=Instant(time=1763228723.2155337, perf_count=284.408060472), stop=Instant(time=1763228723.2846487, perf_count=284.477176472))
        excinfo    = <ExceptionInfo InvalidAddress('web3.py only accepts checksum addresses. The software that gave you this non-checksum a...wer safety, use Web3.to_checksum_address(lower_case_address).', '0x5fbdb2315678afecb367f032d93f642f64180aa3') tblen=44>
        func       = <function call_and_report.<locals>.<lambda> at 0x7eb6c1973c40>
        instant    = Instant(time=1763228723.2155337, perf_count=284.408060472)
        reraise    = (<class '_pytest.outcomes.Exit'>, <class 'KeyboardInterrupt'>)
        result     = None
        when       = 'setup'
/home/user/passthrough/.venv/lib/python3.12/site-packages/_pytest/runner.py:246: in <lambda>
    lambda: runtest_hook(item=item, **kwds), when=when, reraise=reraise
            ^^^^^^^^^^^^^^^^^^^^^^^^^^^^^^^
        item       = <Function test_transfer_ownership_access_control>
        kwds       = {}
        runtest_hook = <HookCaller 'pytest_runtest_setup'>
/home/user/passthrough/.venv/lib/python3.12/site-packages/pluggy/_hooks.py:512: in __call__
    return self._hookexec(self.name, self._hookimpls.copy(), kwargs, firstresult)
           ^^^^^^^^^^^^^^^^^^^^^^^^^^^^^^^^^^^^^^^^^^^^^^^^^^^^^^^^^^^^^^^^^^^^^^
        firstresult = False
        kwargs     = {'item': <Function test_transfer_ownership_access_control>}
        self       = <HookCaller 'pytest_runtest_setup'>
/home/user/passthrough/.venv/lib/python3.12/site-packages/pluggy/_manager.py:120: in _hookexec
    return self._inner_hookexec(hook_name, methods, kwargs, firstresult)
           ^^^^^^^^^^^^^^^^^^^^^^^^^^^^^^^^^^^^^^^^^^^^^^^^^^^^^^^^^^^^^
        firstresult = False
        hook_name  = 'pytest_runtest_setup'
        kwargs     = {'item': <Function test_transfer_ownership_access_control>}
        methods    = [<HookImpl plugin_name='threadexception', plugin=<module '_pytest.threadexception' from '/home/user/passthrough/.venv/...pper name='/dev/null' mode='r' encoding='utf-8'>> _state='suspended' _in_suspended=False> _capture_fixture=None>>, ...]
        self       = <_pytest.config.PytestPluginManager object at 0x7eb6f1460f50>
/home/user/passthrough/.venv/lib/python3.12/site-packages/pluggy/_callers.py:167: in _multicall
    raise exception
        __tracebackhide__ = True
        args       = [<Function test_transfer_ownership_access_control>]
        caller_kwargs = {'item': <Function test_transfer_ownership_access_control>}
        exception  = InvalidAddress('web3.py only accepts checksum addresses. The software that gave you this non-checksum address should b... accept lower safety, use Web3.to_checksum_address(lower_case_address).', '0x5fbdb2315678afecb367f032d93f642f64180aa3')
        firstresult = False
        function_gen = <generator object CaptureManager.pytest_runtest_setup at 0x7eb6c195de00>
        hook_impl  = <HookImpl plugin_name='runner', plugin=<module '_pytest.runner' from '/home/user/passthrough/.venv/lib/python3.12/site-packages/_pytest/runner.py'>>
        hook_impls = [<HookImpl plugin_name='threadexception', plugin=<module '_pytest.threadexception' from '/home/user/passthrough/.venv/...pper name='/dev/null' mode='r' encoding='utf-8'>> _state='suspended' _in_suspended=False> _capture_fixture=None>>, ...]
        hook_name  = 'pytest_runtest_setup'
        res        = None
        result     = []
        results    = []
        teardown   = <generator object LoggingPlugin.pytest_runtest_setup at 0x7eb6c1e8af20>
        teardowns  = [<generator object LoggingPlugin.pytest_runtest_setup at 0x7eb6c1e8af20>, <generator object CaptureManager.pytest_runtest_setup at 0x7eb6c195de00>]
/home/user/passthrough/.venv/lib/python3.12/site-packages/pluggy/_callers.py:139: in _multicall
    teardown.throw(exception)
        __tracebackhide__ = True
        args       = [<Function test_transfer_ownership_access_control>]
        caller_kwargs = {'item': <Function test_transfer_ownership_access_control>}
        exception  = InvalidAddress('web3.py only accepts checksum addresses. The software that gave you this non-checksum address should b... accept lower safety, use Web3.to_checksum_address(lower_case_address).', '0x5fbdb2315678afecb367f032d93f642f64180aa3')
        firstresult = False
        function_gen = <generator object CaptureManager.pytest_runtest_setup at 0x7eb6c195de00>
        hook_impl  = <HookImpl plugin_name='runner', plugin=<module '_pytest.runner' from '/home/user/passthrough/.venv/lib/python3.12/site-packages/_pytest/runner.py'>>
        hook_impls = [<HookImpl plugin_name='threadexception', plugin=<module '_pytest.threadexception' from '/home/user/passthrough/.venv/...pper name='/dev/null' mode='r' encoding='utf-8'>> _state='suspended' _in_suspended=False> _capture_fixture=None>>, ...]
        hook_name  = 'pytest_runtest_setup'
        res        = None
        result     = []
        results    = []
        teardown   = <generator object LoggingPlugin.pytest_runtest_setup at 0x7eb6c1e8af20>
        teardowns  = [<generator object LoggingPlugin.pytest_runtest_setup at 0x7eb6c1e8af20>, <generator object CaptureManager.pytest_runtest_setup at 0x7eb6c195de00>]
/home/user/passthrough/.venv/lib/python3.12/site-packages/_pytest/logging.py:843: in pytest_runtest_setup
    yield
        empty      = {'setup': []}
        item       = <Function test_transfer_ownership_access_control>
        self       = <_pytest.logging.LoggingPlugin object at 0x7eb6ee3dcf20>
/home/user/passthrough/.venv/lib/python3.12/site-packages/pluggy/_callers.py:139: in _multicall
    teardown.throw(exception)
        __tracebackhide__ = True
        args       = [<Function test_transfer_ownership_access_control>]
        caller_kwargs = {'item': <Function test_transfer_ownership_access_control>}
        exception  = InvalidAddress('web3.py only accepts checksum addresses. The software that gave you this non-checksum address should b... accept lower safety, use Web3.to_checksum_address(lower_case_address).', '0x5fbdb2315678afecb367f032d93f642f64180aa3')
        firstresult = False
        function_gen = <generator object CaptureManager.pytest_runtest_setup at 0x7eb6c195de00>
        hook_impl  = <HookImpl plugin_name='runner', plugin=<module '_pytest.runner' from '/home/user/passthrough/.venv/lib/python3.12/site-packages/_pytest/runner.py'>>
        hook_impls = [<HookImpl plugin_name='threadexception', plugin=<module '_pytest.threadexception' from '/home/user/passthrough/.venv/...pper name='/dev/null' mode='r' encoding='utf-8'>> _state='suspended' _in_suspended=False> _capture_fixture=None>>, ...]
        hook_name  = 'pytest_runtest_setup'
        res        = None
        result     = []
        results    = []
        teardown   = <generator object LoggingPlugin.pytest_runtest_setup at 0x7eb6c1e8af20>
        teardowns  = [<generator object LoggingPlugin.pytest_runtest_setup at 0x7eb6c1e8af20>, <generator object CaptureManager.pytest_runtest_setup at 0x7eb6c195de00>]
/home/user/passthrough/.venv/lib/python3.12/site-packages/_pytest/capture.py:895: in pytest_runtest_setup
    return (yield)
            ^^^^^
        item       = <Function test_transfer_ownership_access_control>
        self       = <CaptureManager _method='fd' _global_capturing=<MultiCapture out=<FDCapture 1 oldfd=5 _state='suspended' tmpfile=<_io....xtIOWrapper name='/dev/null' mode='r' encoding='utf-8'>> _state='suspended' _in_suspended=False> _capture_fixture=None>
/home/user/passthrough/.venv/lib/python3.12/site-packages/pluggy/_callers.py:121: in _multicall
    res = hook_impl.function(*args)
          ^^^^^^^^^^^^^^^^^^^^^^^^^
        __tracebackhide__ = True
        args       = [<Function test_transfer_ownership_access_control>]
        caller_kwargs = {'item': <Function test_transfer_ownership_access_control>}
        exception  = InvalidAddress('web3.py only accepts checksum addresses. The software that gave you this non-checksum address should b... accept lower safety, use Web3.to_checksum_address(lower_case_address).', '0x5fbdb2315678afecb367f032d93f642f64180aa3')
        firstresult = False
        function_gen = <generator object CaptureManager.pytest_runtest_setup at 0x7eb6c195de00>
        hook_impl  = <HookImpl plugin_name='runner', plugin=<module '_pytest.runner' from '/home/user/passthrough/.venv/lib/python3.12/site-packages/_pytest/runner.py'>>
        hook_impls = [<HookImpl plugin_name='threadexception', plugin=<module '_pytest.threadexception' from '/home/user/passthrough/.venv/...pper name='/dev/null' mode='r' encoding='utf-8'>> _state='suspended' _in_suspended=False> _capture_fixture=None>>, ...]
        hook_name  = 'pytest_runtest_setup'
        res        = None
        result     = []
        results    = []
        teardown   = <generator object LoggingPlugin.pytest_runtest_setup at 0x7eb6c1e8af20>
        teardowns  = [<generator object LoggingPlugin.pytest_runtest_setup at 0x7eb6c1e8af20>, <generator object CaptureManager.pytest_runtest_setup at 0x7eb6c195de00>]
/home/user/passthrough/.venv/lib/python3.12/site-packages/_pytest/runner.py:164: in pytest_runtest_setup
    item.session._setupstate.setup(item)
        item       = <Function test_transfer_ownership_access_control>
/home/user/passthrough/.venv/lib/python3.12/site-packages/_pytest/runner.py:514: in setup
    col.setup()
        col        = <Function test_transfer_ownership_access_control>
        finalizers = [<bound method Node.teardown of <Module test_factory.py>>]
        item       = <Function test_transfer_ownership_access_control>
        needed_collectors = [<Session  exitstatus=<ExitCode.OK: 0> testsfailed=9 testscollected=19>, <Dir passthrough>, <Dir tests>, <Module test_factory.py>, <Function test_transfer_ownership_access_control>]
        self       = <_pytest.runner.SetupState object at 0x7eb6ee3c72c0>
/home/user/passthrough/.venv/lib/python3.12/site-packages/_pytest/python.py:1674: in setup
    self._request._fillfixtures()
        self       = <Function test_transfer_ownership_access_control>
/home/user/passthrough/.venv/lib/python3.12/site-packages/_pytest/fixtures.py:720: in _fillfixtures
    item.funcargs[argname] = self.getfixturevalue(argname)
                             ^^^^^^^^^^^^^^^^^^^^^^^^^^^^^
        argname    = 'blueprint'
        item       = <Function test_transfer_ownership_access_control>
        self       = <FixtureRequest for <Function test_transfer_ownership_access_control>>
/home/user/passthrough/.venv/lib/python3.12/site-packages/_pytest/fixtures.py:549: in getfixturevalue
    fixturedef = self._get_active_fixturedef(argname)
                 ^^^^^^^^^^^^^^^^^^^^^^^^^^^^^^^^^^^^
        argname    = 'blueprint'
        self       = <FixtureRequest for <Function test_transfer_ownership_access_control>>
/home/user/passthrough/.venv/lib/python3.12/site-packages/_pytest/fixtures.py:640: in _get_active_fixturedef
    fixturedef.execute(request=subrequest)
        argname    = 'blueprint'
        callspec   = None
        fixturedef = <FixtureDef argname='blueprint' scope='function' baseid='tests/test_factory.py'>
        fixturedefs = (<FixtureDef argname='blueprint' scope='function' baseid='tests/test_factory.py'>,)
        index      = -1
        param      = <NotSetType.token: 0>
        param_index = 0
        scope      = <Scope.Function: 'function'>
        self       = <FixtureRequest for <Function test_transfer_ownership_access_control>>
        subrequest = <SubRequest 'blueprint' for <Function test_transfer_ownership_access_control>>
/home/user/passthrough/.venv/lib/python3.12/site-packages/_pytest/fixtures.py:1128: in execute
    result = ihook.pytest_fixture_setup(fixturedef=self, request=request)
             ^^^^^^^^^^^^^^^^^^^^^^^^^^^^^^^^^^^^^^^^^^^^^^^^^^^^^^^^^^^^
        argname    = 'owner'
        finalizer  = functools.partial(<bound method FixtureDef.finish of <FixtureDef argname='blueprint' scope='function' baseid='tests/test_factory.py'>>, request=<SubRequest 'blueprint' for <Function test_transfer_ownership_access_control>>)
        fixturedef = <FixtureDef argname='owner' scope='function' baseid='tests/test_factory.py'>
        ihook      = <_pytest.config.compat.PathAwareHookProxy object at 0x7eb6f15e2e40>
        parent_fixture = <FixtureDef argname='owner' scope='function' baseid='tests/test_factory.py'>
        request    = <SubRequest 'blueprint' for <Function test_transfer_ownership_access_control>>
        requested_fixtures_that_should_finalize_us = [<FixtureDef argname='owner' scope='function' baseid='tests/test_factory.py'>]
        self       = <FixtureDef argname='blueprint' scope='function' baseid='tests/test_factory.py'>
/home/user/passthrough/.venv/lib/python3.12/site-packages/pluggy/_hooks.py:512: in __call__
    return self._hookexec(self.name, self._hookimpls.copy(), kwargs, firstresult)
           ^^^^^^^^^^^^^^^^^^^^^^^^^^^^^^^^^^^^^^^^^^^^^^^^^^^^^^^^^^^^^^^^^^^^^^
        firstresult = True
        kwargs     = {'fixturedef': <FixtureDef argname='blueprint' scope='function' baseid='tests/test_factory.py'>, 'request': <SubRequest 'blueprint' for <Function test_transfer_ownership_access_control>>}
        self       = <HookCaller 'pytest_fixture_setup'>
/home/user/passthrough/.venv/lib/python3.12/site-packages/pluggy/_manager.py:120: in _hookexec
    return self._inner_hookexec(hook_name, methods, kwargs, firstresult)
           ^^^^^^^^^^^^^^^^^^^^^^^^^^^^^^^^^^^^^^^^^^^^^^^^^^^^^^^^^^^^^
        firstresult = True
        hook_name  = 'pytest_fixture_setup'
        kwargs     = {'fixturedef': <FixtureDef argname='blueprint' scope='function' baseid='tests/test_factory.py'>, 'request': <SubRequest 'blueprint' for <Function test_transfer_ownership_access_control>>}
        methods    = [<HookImpl plugin_name='fixtures', plugin=<module '_pytest.fixtures' from '/home/user/passthrough/.venv/lib/python3.12...in=<module '_pytest.setuponly' from '/home/user/passthrough/.venv/lib/python3.12/site-packages/_pytest/setuponly.py'>>]
        self       = <_pytest.config.PytestPluginManager object at 0x7eb6f1460f50>
/home/user/passthrough/.venv/lib/python3.12/site-packages/pluggy/_callers.py:167: in _multicall
    raise exception
        __tracebackhide__ = True
        args       = [<FixtureDef argname='blueprint' scope='function' baseid='tests/test_factory.py'>, <SubRequest 'blueprint' for <Function test_transfer_ownership_access_control>>]
        caller_kwargs = {'fixturedef': <FixtureDef argname='blueprint' scope='function' baseid='tests/test_factory.py'>, 'request': <SubRequest 'blueprint' for <Function test_transfer_ownership_access_control>>}
        exception  = InvalidAddress('web3.py only accepts checksum addresses. The software that gave you this non-checksum address should b... accept lower safety, use Web3.to_checksum_address(lower_case_address).', '0x5fbdb2315678afecb367f032d93f642f64180aa3')
        firstresult = True
        function_gen = <generator object pytest_fixture_setup at 0x7eb6c1e8ad40>
        hook_impl  = <HookImpl plugin_name='fixtures', plugin=<module '_pytest.fixtures' from '/home/user/passthrough/.venv/lib/python3.12/site-packages/_pytest/fixtures.py'>>
        hook_impls = [<HookImpl plugin_name='fixtures', plugin=<module '_pytest.fixtures' from '/home/user/passthrough/.venv/lib/python3.12...in=<module '_pytest.setuponly' from '/home/user/passthrough/.venv/lib/python3.12/site-packages/_pytest/setuponly.py'>>]
        hook_name  = 'pytest_fixture_setup'
        res        = None
        result     = None
        results    = []
        teardown   = <generator object pytest_fixture_setup at 0x7eb6c1e8ad40>
        teardowns  = [<generator object pytest_fixture_setup at 0x7eb6c1e8ad40>]
/home/user/passthrough/.venv/lib/python3.12/site-packages/pluggy/_callers.py:139: in _multicall
    teardown.throw(exception)
        __tracebackhide__ = True
        args       = [<FixtureDef argname='blueprint' scope='function' baseid='tests/test_factory.py'>, <SubRequest 'blueprint' for <Function test_transfer_ownership_access_control>>]
        caller_kwargs = {'fixturedef': <FixtureDef argname='blueprint' scope='function' baseid='tests/test_factory.py'>, 'request': <SubRequest 'blueprint' for <Function test_transfer_ownership_access_control>>}
        exception  = InvalidAddress('web3.py only accepts checksum addresses. The software that gave you this non-checksum address should b... accept lower safety, use Web3.to_checksum_address(lower_case_address).', '0x5fbdb2315678afecb367f032d93f642f64180aa3')
        firstresult = True
        function_gen = <generator object pytest_fixture_setup at 0x7eb6c1e8ad40>
        hook_impl  = <HookImpl plugin_name='fixtures', plugin=<module '_pytest.fixtures' from '/home/user/passthrough/.venv/lib/python3.12/site-packages/_pytest/fixtures.py'>>
        hook_impls = [<HookImpl plugin_name='fixtures', plugin=<module '_pytest.fixtures' from '/home/user/passthrough/.venv/lib/python3.12...in=<module '_pytest.setuponly' from '/home/user/passthrough/.venv/lib/python3.12/site-packages/_pytest/setuponly.py'>>]
        hook_name  = 'pytest_fixture_setup'
        res        = None
        result     = None
        results    = []
        teardown   = <generator object pytest_fixture_setup at 0x7eb6c1e8ad40>
        teardowns  = [<generator object pytest_fixture_setup at 0x7eb6c1e8ad40>]
/home/user/passthrough/.venv/lib/python3.12/site-packages/_pytest/setuponly.py:36: in pytest_fixture_setup
    return (yield)
            ^^^^^
        fixturedef = <FixtureDef argname='blueprint' scope='function' baseid='tests/test_factory.py'>
        request    = <SubRequest 'blueprint' for <Function test_transfer_ownership_access_control>>
/home/user/passthrough/.venv/lib/python3.12/site-packages/pluggy/_callers.py:121: in _multicall
    res = hook_impl.function(*args)
          ^^^^^^^^^^^^^^^^^^^^^^^^^
        __tracebackhide__ = True
        args       = [<FixtureDef argname='blueprint' scope='function' baseid='tests/test_factory.py'>, <SubRequest 'blueprint' for <Function test_transfer_ownership_access_control>>]
        caller_kwargs = {'fixturedef': <FixtureDef argname='blueprint' scope='function' baseid='tests/test_factory.py'>, 'request': <SubRequest 'blueprint' for <Function test_transfer_ownership_access_control>>}
        exception  = InvalidAddress('web3.py only accepts checksum addresses. The software that gave you this non-checksum address should b... accept lower safety, use Web3.to_checksum_address(lower_case_address).', '0x5fbdb2315678afecb367f032d93f642f64180aa3')
        firstresult = True
        function_gen = <generator object pytest_fixture_setup at 0x7eb6c1e8ad40>
        hook_impl  = <HookImpl plugin_name='fixtures', plugin=<module '_pytest.fixtures' from '/home/user/passthrough/.venv/lib/python3.12/site-packages/_pytest/fixtures.py'>>
        hook_impls = [<HookImpl plugin_name='fixtures', plugin=<module '_pytest.fixtures' from '/home/user/passthrough/.venv/lib/python3.12...in=<module '_pytest.setuponly' from '/home/user/passthrough/.venv/lib/python3.12/site-packages/_pytest/setuponly.py'>>]
        hook_name  = 'pytest_fixture_setup'
        res        = None
        result     = None
        results    = []
        teardown   = <generator object pytest_fixture_setup at 0x7eb6c1e8ad40>
        teardowns  = [<generator object pytest_fixture_setup at 0x7eb6c1e8ad40>]
/home/user/passthrough/.venv/lib/python3.12/site-packages/_pytest/fixtures.py:1196: in pytest_fixture_setup
    result = call_fixture_func(fixturefunc, request, kwargs)
             ^^^^^^^^^^^^^^^^^^^^^^^^^^^^^^^^^^^^^^^^^^^^^^^
        argname    = 'owner'
        fixturedef = <FixtureDef argname='blueprint' scope='function' baseid='tests/test_factory.py'>
        fixturefunc = <function blueprint at 0x7eb6c27cea20>
        kwargs     = {'owner': <TestAccount_0 0xf39Fd6e51aad88F6F4ce6aB8827279cffFb92266>}
        my_cache_key = None
        request    = <SubRequest 'blueprint' for <Function test_transfer_ownership_access_control>>
/home/user/passthrough/.venv/lib/python3.12/site-packages/_pytest/fixtures.py:930: in call_fixture_func
    fixture_result = fixturefunc(**kwargs)
                     ^^^^^^^^^^^^^^^^^^^^^
        fixturefunc = <function blueprint at 0x7eb6c27cea20>
        kwargs     = {'owner': <TestAccount_0 0xf39Fd6e51aad88F6F4ce6aB8827279cffFb92266>}
        request    = <SubRequest 'blueprint' for <Function test_transfer_ownership_access_control>>
/home/user/passthrough/tests/test_factory.py:40: in blueprint
    return deploy_blueprint(project.Passthrough, owner)
           ^^^^^^^^^^^^^^^^^^^^^^^^^^^^^^^^^^^^^^^^^^^^
        deploy_blueprint = <function deploy_blueprint at 0x7eb6f115fce0>
        owner      = <TestAccount_0 0xf39Fd6e51aad88F6F4ce6aB8827279cffFb92266>
/home/user/passthrough/tests/conftest.py:60: in deploy_blueprint
    runtime_bytecode = web3.eth.get_code(temp_address)
                       ^^^^^^^^^^^^^^^^^^^^^^^^^^^^^^^
        contract_container = <Passthrough>
        contract_type = <ContractType Passthrough>
        init_code  = '0x611b865150346103a2576020611f645f395f51600a602082611f64015f395f51116103a257602081611f64015f395f515f81600a81116103a25...401aa1855820852887320f0d404c27938a631eb6e7268477bf82e4f8608ee65c859a4d311bf9191b8681183e1820a1657679706572830004030038'
        keccak     = <function keccak at 0x7eb6f0fd5b20>
        nonce      = 0
        receipt    = AttributeDict({'blockHash': HexBytes('0xa465b979b677986dfcdd22188866f27cc0b43c16821a75c4a69239f7609752b8'), 'blockNumb...sh': HexBytes('0x7af2175882a71fa8813fe5cb44583488df1652a3771d2041153745d27500e163'), 'transactionIndex': 0, 'type': 0})
        rlp        = <module 'rlp' from '/home/user/passthrough/.venv/lib/python3.12/site-packages/rlp/__init__.py'>
        rlp_encoded = b'\xd6\x94\xf3\x9f\xd6\xe5\x1a\xad\x88\xf6\xf4\xcej\xb8\x82ry\xcf\xff\xb9"f\x80'
        sender     = <TestAccount_0 0xf39Fd6e51aad88F6F4ce6aB8827279cffFb92266>
        temp_address = '0x5fbdb2315678afecb367f032d93f642f64180aa3'
        to_checksum_address = <function to_checksum_address at 0x7eb6f107d4e0>
        tx_dict    = {'data': '0x611b865150346103a2576020611f645f395f51600a602082611f64015f395f51116103a257602081611f64015f395f515f81600a81...706572830004030038', 'from': '0xf39Fd6e51aad88F6F4ce6aB8827279cffFb92266', 'gas': 3000000, 'gasPrice': 1000000000, ...}
        tx_hash    = HexBytes('0x7af2175882a71fa8813fe5cb44583488df1652a3771d2041153745d27500e163')
        web3       = <web3.main.Web3 object at 0x7eb6c234e4b0>
/home/user/passthrough/.venv/lib/python3.12/site-packages/web3/eth/eth.py:455: in get_code
    return self._get_code(account, block_identifier)
           ^^^^^^^^^^^^^^^^^^^^^^^^^^^^^^^^^^^^^^^^^
        account    = '0x5fbdb2315678afecb367f032d93f642f64180aa3'
        block_identifier = None
        self       = <web3.eth.eth.Eth object at 0x7eb6c1e167b0>
/home/user/passthrough/.venv/lib/python3.12/site-packages/web3/module.py:101: in caller
    (method_str, params), response_formatters = method.process_params(
        args       = ('0x5fbdb2315678afecb367f032d93f642f64180aa3', None)
        kwargs     = {}
        method     = <web3.method.Method object at 0x7eb6f1443320>
        module     = <web3.eth.eth.Eth object at 0x7eb6c1e167b0>
        w3         = <web3.main.Web3 object at 0x7eb6c234e4b0>
/home/user/passthrough/.venv/lib/python3.12/site-packages/web3/method.py:237: in process_params
    _apply_request_formatters(params, self.request_formatters(method)),
    ^^^^^^^^^^^^^^^^^^^^^^^^^^^^^^^^^^^^^^^^^^^^^^^^^^^^^^^^^^^^^^^^^^
        args       = ('0x5fbdb2315678afecb367f032d93f642f64180aa3', None)
        kwargs     = {}
        method     = 'eth_getCode'
        module     = <web3.eth.eth.Eth object at 0x7eb6c1e167b0>
        params     = ('0x5fbdb2315678afecb367f032d93f642f64180aa3', 'latest')
        response_formatters = (<class 'hexbytes.main.HexBytes'>, <cyfunction identity at 0x7eb6f0ec1840>, <cyfunction identity at 0x7eb6f0ec1840>)
        self       = <web3.method.Method object at 0x7eb6f1443320>
/home/user/passthrough/.venv/lib/python3.12/site-packages/eth_utils/functional.py:47: in inner
    return callback(fn(*args, **kwargs))
                    ^^^^^^^^^^^^^^^^^^^
        args       = (('0x5fbdb2315678afecb367f032d93f642f64180aa3', 'latest'), Compose(<function map_abi_data at 0x7eb6eed50d60>, <function apply_formatter_at_index at 0x7eb6f0e9b7e0>))
        callback   = <class 'tuple'>
        fn         = <function _apply_request_formatters at 0x7eb6ee874400>
        kwargs     = {}
/home/user/passthrough/.venv/lib/python3.12/site-packages/web3/method.py:64: in _apply_request_formatters
    formatted_params = pipe(params, request_formatters)
                       ^^^^^^^^^^^^^^^^^^^^^^^^^^^^^^^^
        params     = ('0x5fbdb2315678afecb367f032d93f642f64180aa3', 'latest')
        request_formatters = Compose(<function map_abi_data at 0x7eb6eed50d60>, <function apply_formatter_at_index at 0x7eb6f0e9b7e0>)
/home/user/passthrough/.venv/lib/python3.12/site-packages/web3/_utils/abi.py:613: in map_abi_data
    return pipe(
        data       = ('0x5fbdb2315678afecb367f032d93f642f64180aa3', 'latest')
        normalizers = [<function abi_bytes_to_hex at 0x7eb6eed6dc60>, <function abi_int_to_hex at 0x7eb6eed6de40>, <function abi_string_to_hex at 0x7eb6eed6df80>, <function abi_address_to_hex at 0x7eb6eed6e3e0>]
        types      = ['address', None]
/home/user/passthrough/.venv/lib/python3.12/site-packages/web3/_utils/abi.py:655: in data_tree_map
    return recursive_map(map_to_typed_data, data_tree)
           ^^^^^^^^^^^^^^^^^^^^^^^^^^^^^^^^^^^^^^^^^^^
        data_tree  = [ABITypedData(abi_type='address', data='0x5fbdb2315678afecb367f032d93f642f64180aa3'), ABITypedData(abi_type=None, data='latest')]
        func       = <function abi_address_to_hex at 0x7eb6eed6e3e0>
        map_to_typed_data = <function data_tree_map.<locals>.map_to_typed_data at 0x7eb6c1901800>
/home/user/passthrough/.venv/lib/python3.12/site-packages/web3/_utils/decorators.py:38: in wrapped
    return to_wrap(*args)
           ^^^^^^^^^^^^^^
        add_call   = <built-in method add of set object at 0x7eb6eeee0ba0>
        already_called = set()
        args       = (<function data_tree_map.<locals>.map_to_typed_data at 0x7eb6c1901800>, [ABITypedData(abi_type='address', data='0x5fbdb2315678afecb367f032d93f642f64180aa3'), ABITypedData(abi_type=None, data='latest')])
        remove_call = <built-in method remove of set object at 0x7eb6eeee0ba0>
        thread_local_args = (139324213223552, 139323396593664, 139323389626176)
        to_wrap    = <function recursive_map at 0x7eb6eecfef20>
/home/user/passthrough/.venv/lib/python3.12/site-packages/web3/_utils/formatters.py:89: in recursive_map
    items_mapped = map_collection(recurse, data)
                   ^^^^^^^^^^^^^^^^^^^^^^^^^^^^^
        data       = [ABITypedData(abi_type='address', data='0x5fbdb2315678afecb367f032d93f642f64180aa3'), ABITypedData(abi_type=None, data='latest')]
        func       = <function data_tree_map.<locals>.map_to_typed_data at 0x7eb6c1901800>
        recurse    = <function recursive_map.<locals>.recurse at 0x7eb6c1902840>
/home/user/passthrough/.venv/lib/python3.12/site-packages/web3/_utils/formatters.py:73: in map_collection
    return datatype(map(func, collection))
           ^^^^^^^^^^^^^^^^^^^^^^^^^^^^^^^
        collection = [ABITypedData(abi_type='address', data='0x5fbdb2315678afecb367f032d93f642f64180aa3'), ABITypedData(abi_type=None, data='latest')]
        datatype   = <class 'list'>
        func       = <function recursive_map.<locals>.recurse at 0x7eb6c1902840>
/home/user/passthrough/.venv/lib/python3.12/site-packages/web3/_utils/formatters.py:87: in recurse
    return recursive_map(func, item)
           ^^^^^^^^^^^^^^^^^^^^^^^^^
        func       = <function data_tree_map.<locals>.map_to_typed_data at 0x7eb6c1901800>
        item       = ABITypedData(abi_type='address', data='0x5fbdb2315678afecb367f032d93f642f64180aa3')
/home/user/passthrough/.venv/lib/python3.12/site-packages/web3/_utils/decorators.py:38: in wrapped
    return to_wrap(*args)
           ^^^^^^^^^^^^^^
        add_call   = <built-in method add of set object at 0x7eb6eeee0ba0>
        already_called = set()
        args       = (<function data_tree_map.<locals>.map_to_typed_data at 0x7eb6c1901800>, ABITypedData(abi_type='address', data='0x5fbdb2315678afecb367f032d93f642f64180aa3'))
        remove_call = <built-in method remove of set object at 0x7eb6eeee0ba0>
        thread_local_args = (139324213223552, 139323396593664, 139323397599584)
        to_wrap    = <function recursive_map at 0x7eb6eecfef20>
/home/user/passthrough/.venv/lib/python3.12/site-packages/web3/_utils/formatters.py:90: in recursive_map
    return func(items_mapped)
           ^^^^^^^^^^^^^^^^^^
        data       = ABITypedData(abi_type='address', data='0x5fbdb2315678afecb367f032d93f642f64180aa3')
        func       = <function data_tree_map.<locals>.map_to_typed_data at 0x7eb6c1901800>
        items_mapped = ABITypedData(abi_type='address', data='0x5fbdb2315678afecb367f032d93f642f64180aa3')
        recurse    = <function recursive_map.<locals>.recurse at 0x7eb6c19028e0>
/home/user/passthrough/.venv/lib/python3.12/site-packages/web3/_utils/abi.py:651: in map_to_typed_data
    return ABITypedData(func(*elements))
                        ^^^^^^^^^^^^^^^
        elements   = ABITypedData(abi_type='address', data='0x5fbdb2315678afecb367f032d93f642f64180aa3')
        func       = <function abi_address_to_hex at 0x7eb6eed6e3e0>
/home/user/passthrough/.venv/lib/python3.12/site-packages/web3/_utils/normalizers.py:79: in wrapper
    modified = to_wrap(type_str, data)
               ^^^^^^^^^^^^^^^^^^^^^^^
        data       = '0x5fbdb2315678afecb367f032d93f642f64180aa3'
        to_wrap    = <function abi_address_to_hex at 0x7eb6eed6e340>
        type_str   = 'address'
/home/user/passthrough/.venv/lib/python3.12/site-packages/web3/_utils/normalizers.py:202: in abi_address_to_hex
    validate_address(data)
        data       = '0x5fbdb2315678afecb367f032d93f642f64180aa3'
        type_str   = 'address'
/home/user/passthrough/.venv/lib/python3.12/site-packages/web3/_utils/validation.py:201: in validate_address
    raise InvalidAddress(
E   web3.exceptions.InvalidAddress: ('web3.py only accepts checksum addresses. The software that gave you this non-checksum address should be considered unsafe, please file it as a bug on their platform. Try using an ENS name instead. Or, if you must accept lower safety, use Web3.to_checksum_address(lower_case_address).', '0x5fbdb2315678afecb367f032d93f642f64180aa3')
        value      = '0x5fbdb2315678afecb367f032d93f642f64180aa3'
____________ ERROR at setup of test_transfer_ownership_zero_address ____________
/home/user/passthrough/.venv/lib/python3.12/site-packages/_pytest/runner.py:344: in from_call
    result: TResult | None = func()
                             ^^^^^^
        cls        = <class '_pytest.runner.CallInfo'>
        duration   = Duration(start=Instant(time=1763228723.6816502, perf_count=284.874177057), stop=Instant(time=1763228723.74627, perf_count=284.938797445))
        excinfo    = <ExceptionInfo InvalidAddress('web3.py only accepts checksum addresses. The software that gave you this non-checksum a...wer safety, use Web3.to_checksum_address(lower_case_address).', '0x5fbdb2315678afecb367f032d93f642f64180aa3') tblen=44>
        func       = <function call_and_report.<locals>.<lambda> at 0x7eb6c1e999e0>
        instant    = Instant(time=1763228723.6816502, perf_count=284.874177057)
        reraise    = (<class '_pytest.outcomes.Exit'>, <class 'KeyboardInterrupt'>)
        result     = None
        when       = 'setup'
/home/user/passthrough/.venv/lib/python3.12/site-packages/_pytest/runner.py:246: in <lambda>
    lambda: runtest_hook(item=item, **kwds), when=when, reraise=reraise
            ^^^^^^^^^^^^^^^^^^^^^^^^^^^^^^^
        item       = <Function test_transfer_ownership_zero_address>
        kwds       = {}
        runtest_hook = <HookCaller 'pytest_runtest_setup'>
/home/user/passthrough/.venv/lib/python3.12/site-packages/pluggy/_hooks.py:512: in __call__
    return self._hookexec(self.name, self._hookimpls.copy(), kwargs, firstresult)
           ^^^^^^^^^^^^^^^^^^^^^^^^^^^^^^^^^^^^^^^^^^^^^^^^^^^^^^^^^^^^^^^^^^^^^^
        firstresult = False
        kwargs     = {'item': <Function test_transfer_ownership_zero_address>}
        self       = <HookCaller 'pytest_runtest_setup'>
/home/user/passthrough/.venv/lib/python3.12/site-packages/pluggy/_manager.py:120: in _hookexec
    return self._inner_hookexec(hook_name, methods, kwargs, firstresult)
           ^^^^^^^^^^^^^^^^^^^^^^^^^^^^^^^^^^^^^^^^^^^^^^^^^^^^^^^^^^^^^
        firstresult = False
        hook_name  = 'pytest_runtest_setup'
        kwargs     = {'item': <Function test_transfer_ownership_zero_address>}
        methods    = [<HookImpl plugin_name='threadexception', plugin=<module '_pytest.threadexception' from '/home/user/passthrough/.venv/...pper name='/dev/null' mode='r' encoding='utf-8'>> _state='suspended' _in_suspended=False> _capture_fixture=None>>, ...]
        self       = <_pytest.config.PytestPluginManager object at 0x7eb6f1460f50>
/home/user/passthrough/.venv/lib/python3.12/site-packages/pluggy/_callers.py:167: in _multicall
    raise exception
        __tracebackhide__ = True
        args       = [<Function test_transfer_ownership_zero_address>]
        caller_kwargs = {'item': <Function test_transfer_ownership_zero_address>}
        exception  = InvalidAddress('web3.py only accepts checksum addresses. The software that gave you this non-checksum address should b... accept lower safety, use Web3.to_checksum_address(lower_case_address).', '0x5fbdb2315678afecb367f032d93f642f64180aa3')
        firstresult = False
        function_gen = <generator object CaptureManager.pytest_runtest_setup at 0x7eb6c195f4c0>
        hook_impl  = <HookImpl plugin_name='runner', plugin=<module '_pytest.runner' from '/home/user/passthrough/.venv/lib/python3.12/site-packages/_pytest/runner.py'>>
        hook_impls = [<HookImpl plugin_name='threadexception', plugin=<module '_pytest.threadexception' from '/home/user/passthrough/.venv/...pper name='/dev/null' mode='r' encoding='utf-8'>> _state='suspended' _in_suspended=False> _capture_fixture=None>>, ...]
        hook_name  = 'pytest_runtest_setup'
        res        = None
        result     = []
        results    = []
        teardown   = <generator object LoggingPlugin.pytest_runtest_setup at 0x7eb6c1e89300>
        teardowns  = [<generator object LoggingPlugin.pytest_runtest_setup at 0x7eb6c1e89300>, <generator object CaptureManager.pytest_runtest_setup at 0x7eb6c195f4c0>]
/home/user/passthrough/.venv/lib/python3.12/site-packages/pluggy/_callers.py:139: in _multicall
    teardown.throw(exception)
        __tracebackhide__ = True
        args       = [<Function test_transfer_ownership_zero_address>]
        caller_kwargs = {'item': <Function test_transfer_ownership_zero_address>}
        exception  = InvalidAddress('web3.py only accepts checksum addresses. The software that gave you this non-checksum address should b... accept lower safety, use Web3.to_checksum_address(lower_case_address).', '0x5fbdb2315678afecb367f032d93f642f64180aa3')
        firstresult = False
        function_gen = <generator object CaptureManager.pytest_runtest_setup at 0x7eb6c195f4c0>
        hook_impl  = <HookImpl plugin_name='runner', plugin=<module '_pytest.runner' from '/home/user/passthrough/.venv/lib/python3.12/site-packages/_pytest/runner.py'>>
        hook_impls = [<HookImpl plugin_name='threadexception', plugin=<module '_pytest.threadexception' from '/home/user/passthrough/.venv/...pper name='/dev/null' mode='r' encoding='utf-8'>> _state='suspended' _in_suspended=False> _capture_fixture=None>>, ...]
        hook_name  = 'pytest_runtest_setup'
        res        = None
        result     = []
        results    = []
        teardown   = <generator object LoggingPlugin.pytest_runtest_setup at 0x7eb6c1e89300>
        teardowns  = [<generator object LoggingPlugin.pytest_runtest_setup at 0x7eb6c1e89300>, <generator object CaptureManager.pytest_runtest_setup at 0x7eb6c195f4c0>]
/home/user/passthrough/.venv/lib/python3.12/site-packages/_pytest/logging.py:843: in pytest_runtest_setup
    yield
        empty      = {'setup': []}
        item       = <Function test_transfer_ownership_zero_address>
        self       = <_pytest.logging.LoggingPlugin object at 0x7eb6ee3dcf20>
/home/user/passthrough/.venv/lib/python3.12/site-packages/pluggy/_callers.py:139: in _multicall
    teardown.throw(exception)
        __tracebackhide__ = True
        args       = [<Function test_transfer_ownership_zero_address>]
        caller_kwargs = {'item': <Function test_transfer_ownership_zero_address>}
        exception  = InvalidAddress('web3.py only accepts checksum addresses. The software that gave you this non-checksum address should b... accept lower safety, use Web3.to_checksum_address(lower_case_address).', '0x5fbdb2315678afecb367f032d93f642f64180aa3')
        firstresult = False
        function_gen = <generator object CaptureManager.pytest_runtest_setup at 0x7eb6c195f4c0>
        hook_impl  = <HookImpl plugin_name='runner', plugin=<module '_pytest.runner' from '/home/user/passthrough/.venv/lib/python3.12/site-packages/_pytest/runner.py'>>
        hook_impls = [<HookImpl plugin_name='threadexception', plugin=<module '_pytest.threadexception' from '/home/user/passthrough/.venv/...pper name='/dev/null' mode='r' encoding='utf-8'>> _state='suspended' _in_suspended=False> _capture_fixture=None>>, ...]
        hook_name  = 'pytest_runtest_setup'
        res        = None
        result     = []
        results    = []
        teardown   = <generator object LoggingPlugin.pytest_runtest_setup at 0x7eb6c1e89300>
        teardowns  = [<generator object LoggingPlugin.pytest_runtest_setup at 0x7eb6c1e89300>, <generator object CaptureManager.pytest_runtest_setup at 0x7eb6c195f4c0>]
/home/user/passthrough/.venv/lib/python3.12/site-packages/_pytest/capture.py:895: in pytest_runtest_setup
    return (yield)
            ^^^^^
        item       = <Function test_transfer_ownership_zero_address>
        self       = <CaptureManager _method='fd' _global_capturing=<MultiCapture out=<FDCapture 1 oldfd=5 _state='suspended' tmpfile=<_io....xtIOWrapper name='/dev/null' mode='r' encoding='utf-8'>> _state='suspended' _in_suspended=False> _capture_fixture=None>
/home/user/passthrough/.venv/lib/python3.12/site-packages/pluggy/_callers.py:121: in _multicall
    res = hook_impl.function(*args)
          ^^^^^^^^^^^^^^^^^^^^^^^^^
        __tracebackhide__ = True
        args       = [<Function test_transfer_ownership_zero_address>]
        caller_kwargs = {'item': <Function test_transfer_ownership_zero_address>}
        exception  = InvalidAddress('web3.py only accepts checksum addresses. The software that gave you this non-checksum address should b... accept lower safety, use Web3.to_checksum_address(lower_case_address).', '0x5fbdb2315678afecb367f032d93f642f64180aa3')
        firstresult = False
        function_gen = <generator object CaptureManager.pytest_runtest_setup at 0x7eb6c195f4c0>
        hook_impl  = <HookImpl plugin_name='runner', plugin=<module '_pytest.runner' from '/home/user/passthrough/.venv/lib/python3.12/site-packages/_pytest/runner.py'>>
        hook_impls = [<HookImpl plugin_name='threadexception', plugin=<module '_pytest.threadexception' from '/home/user/passthrough/.venv/...pper name='/dev/null' mode='r' encoding='utf-8'>> _state='suspended' _in_suspended=False> _capture_fixture=None>>, ...]
        hook_name  = 'pytest_runtest_setup'
        res        = None
        result     = []
        results    = []
        teardown   = <generator object LoggingPlugin.pytest_runtest_setup at 0x7eb6c1e89300>
        teardowns  = [<generator object LoggingPlugin.pytest_runtest_setup at 0x7eb6c1e89300>, <generator object CaptureManager.pytest_runtest_setup at 0x7eb6c195f4c0>]
/home/user/passthrough/.venv/lib/python3.12/site-packages/_pytest/runner.py:164: in pytest_runtest_setup
    item.session._setupstate.setup(item)
        item       = <Function test_transfer_ownership_zero_address>
/home/user/passthrough/.venv/lib/python3.12/site-packages/_pytest/runner.py:514: in setup
    col.setup()
        col        = <Function test_transfer_ownership_zero_address>
        finalizers = [<bound method Node.teardown of <Module test_factory.py>>]
        item       = <Function test_transfer_ownership_zero_address>
        needed_collectors = [<Session  exitstatus=<ExitCode.OK: 0> testsfailed=10 testscollected=19>, <Dir passthrough>, <Dir tests>, <Module test_factory.py>, <Function test_transfer_ownership_zero_address>]
        self       = <_pytest.runner.SetupState object at 0x7eb6ee3c72c0>
/home/user/passthrough/.venv/lib/python3.12/site-packages/_pytest/python.py:1674: in setup
    self._request._fillfixtures()
        self       = <Function test_transfer_ownership_zero_address>
/home/user/passthrough/.venv/lib/python3.12/site-packages/_pytest/fixtures.py:720: in _fillfixtures
    item.funcargs[argname] = self.getfixturevalue(argname)
                             ^^^^^^^^^^^^^^^^^^^^^^^^^^^^^
        argname    = 'blueprint'
        item       = <Function test_transfer_ownership_zero_address>
        self       = <FixtureRequest for <Function test_transfer_ownership_zero_address>>
/home/user/passthrough/.venv/lib/python3.12/site-packages/_pytest/fixtures.py:549: in getfixturevalue
    fixturedef = self._get_active_fixturedef(argname)
                 ^^^^^^^^^^^^^^^^^^^^^^^^^^^^^^^^^^^^
        argname    = 'blueprint'
        self       = <FixtureRequest for <Function test_transfer_ownership_zero_address>>
/home/user/passthrough/.venv/lib/python3.12/site-packages/_pytest/fixtures.py:640: in _get_active_fixturedef
    fixturedef.execute(request=subrequest)
        argname    = 'blueprint'
        callspec   = None
        fixturedef = <FixtureDef argname='blueprint' scope='function' baseid='tests/test_factory.py'>
        fixturedefs = (<FixtureDef argname='blueprint' scope='function' baseid='tests/test_factory.py'>,)
        index      = -1
        param      = <NotSetType.token: 0>
        param_index = 0
        scope      = <Scope.Function: 'function'>
        self       = <FixtureRequest for <Function test_transfer_ownership_zero_address>>
        subrequest = <SubRequest 'blueprint' for <Function test_transfer_ownership_zero_address>>
/home/user/passthrough/.venv/lib/python3.12/site-packages/_pytest/fixtures.py:1128: in execute
    result = ihook.pytest_fixture_setup(fixturedef=self, request=request)
             ^^^^^^^^^^^^^^^^^^^^^^^^^^^^^^^^^^^^^^^^^^^^^^^^^^^^^^^^^^^^
        argname    = 'owner'
        finalizer  = functools.partial(<bound method FixtureDef.finish of <FixtureDef argname='blueprint' scope='function' baseid='tests/test_factory.py'>>, request=<SubRequest 'blueprint' for <Function test_transfer_ownership_zero_address>>)
        fixturedef = <FixtureDef argname='owner' scope='function' baseid='tests/test_factory.py'>
        ihook      = <_pytest.config.compat.PathAwareHookProxy object at 0x7eb6f15e2e40>
        parent_fixture = <FixtureDef argname='owner' scope='function' baseid='tests/test_factory.py'>
        request    = <SubRequest 'blueprint' for <Function test_transfer_ownership_zero_address>>
        requested_fixtures_that_should_finalize_us = [<FixtureDef argname='owner' scope='function' baseid='tests/test_factory.py'>]
        self       = <FixtureDef argname='blueprint' scope='function' baseid='tests/test_factory.py'>
/home/user/passthrough/.venv/lib/python3.12/site-packages/pluggy/_hooks.py:512: in __call__
    return self._hookexec(self.name, self._hookimpls.copy(), kwargs, firstresult)
           ^^^^^^^^^^^^^^^^^^^^^^^^^^^^^^^^^^^^^^^^^^^^^^^^^^^^^^^^^^^^^^^^^^^^^^
        firstresult = True
        kwargs     = {'fixturedef': <FixtureDef argname='blueprint' scope='function' baseid='tests/test_factory.py'>, 'request': <SubRequest 'blueprint' for <Function test_transfer_ownership_zero_address>>}
        self       = <HookCaller 'pytest_fixture_setup'>
/home/user/passthrough/.venv/lib/python3.12/site-packages/pluggy/_manager.py:120: in _hookexec
    return self._inner_hookexec(hook_name, methods, kwargs, firstresult)
           ^^^^^^^^^^^^^^^^^^^^^^^^^^^^^^^^^^^^^^^^^^^^^^^^^^^^^^^^^^^^^
        firstresult = True
        hook_name  = 'pytest_fixture_setup'
        kwargs     = {'fixturedef': <FixtureDef argname='blueprint' scope='function' baseid='tests/test_factory.py'>, 'request': <SubRequest 'blueprint' for <Function test_transfer_ownership_zero_address>>}
        methods    = [<HookImpl plugin_name='fixtures', plugin=<module '_pytest.fixtures' from '/home/user/passthrough/.venv/lib/python3.12...in=<module '_pytest.setuponly' from '/home/user/passthrough/.venv/lib/python3.12/site-packages/_pytest/setuponly.py'>>]
        self       = <_pytest.config.PytestPluginManager object at 0x7eb6f1460f50>
/home/user/passthrough/.venv/lib/python3.12/site-packages/pluggy/_callers.py:167: in _multicall
    raise exception
        __tracebackhide__ = True
        args       = [<FixtureDef argname='blueprint' scope='function' baseid='tests/test_factory.py'>, <SubRequest 'blueprint' for <Function test_transfer_ownership_zero_address>>]
        caller_kwargs = {'fixturedef': <FixtureDef argname='blueprint' scope='function' baseid='tests/test_factory.py'>, 'request': <SubRequest 'blueprint' for <Function test_transfer_ownership_zero_address>>}
        exception  = InvalidAddress('web3.py only accepts checksum addresses. The software that gave you this non-checksum address should b... accept lower safety, use Web3.to_checksum_address(lower_case_address).', '0x5fbdb2315678afecb367f032d93f642f64180aa3')
        firstresult = True
        function_gen = <generator object pytest_fixture_setup at 0x7eb6c1e88d60>
        hook_impl  = <HookImpl plugin_name='fixtures', plugin=<module '_pytest.fixtures' from '/home/user/passthrough/.venv/lib/python3.12/site-packages/_pytest/fixtures.py'>>
        hook_impls = [<HookImpl plugin_name='fixtures', plugin=<module '_pytest.fixtures' from '/home/user/passthrough/.venv/lib/python3.12...in=<module '_pytest.setuponly' from '/home/user/passthrough/.venv/lib/python3.12/site-packages/_pytest/setuponly.py'>>]
        hook_name  = 'pytest_fixture_setup'
        res        = None
        result     = None
        results    = []
        teardown   = <generator object pytest_fixture_setup at 0x7eb6c1e88d60>
        teardowns  = [<generator object pytest_fixture_setup at 0x7eb6c1e88d60>]
/home/user/passthrough/.venv/lib/python3.12/site-packages/pluggy/_callers.py:139: in _multicall
    teardown.throw(exception)
        __tracebackhide__ = True
        args       = [<FixtureDef argname='blueprint' scope='function' baseid='tests/test_factory.py'>, <SubRequest 'blueprint' for <Function test_transfer_ownership_zero_address>>]
        caller_kwargs = {'fixturedef': <FixtureDef argname='blueprint' scope='function' baseid='tests/test_factory.py'>, 'request': <SubRequest 'blueprint' for <Function test_transfer_ownership_zero_address>>}
        exception  = InvalidAddress('web3.py only accepts checksum addresses. The software that gave you this non-checksum address should b... accept lower safety, use Web3.to_checksum_address(lower_case_address).', '0x5fbdb2315678afecb367f032d93f642f64180aa3')
        firstresult = True
        function_gen = <generator object pytest_fixture_setup at 0x7eb6c1e88d60>
        hook_impl  = <HookImpl plugin_name='fixtures', plugin=<module '_pytest.fixtures' from '/home/user/passthrough/.venv/lib/python3.12/site-packages/_pytest/fixtures.py'>>
        hook_impls = [<HookImpl plugin_name='fixtures', plugin=<module '_pytest.fixtures' from '/home/user/passthrough/.venv/lib/python3.12...in=<module '_pytest.setuponly' from '/home/user/passthrough/.venv/lib/python3.12/site-packages/_pytest/setuponly.py'>>]
        hook_name  = 'pytest_fixture_setup'
        res        = None
        result     = None
        results    = []
        teardown   = <generator object pytest_fixture_setup at 0x7eb6c1e88d60>
        teardowns  = [<generator object pytest_fixture_setup at 0x7eb6c1e88d60>]
/home/user/passthrough/.venv/lib/python3.12/site-packages/_pytest/setuponly.py:36: in pytest_fixture_setup
    return (yield)
            ^^^^^
        fixturedef = <FixtureDef argname='blueprint' scope='function' baseid='tests/test_factory.py'>
        request    = <SubRequest 'blueprint' for <Function test_transfer_ownership_zero_address>>
/home/user/passthrough/.venv/lib/python3.12/site-packages/pluggy/_callers.py:121: in _multicall
    res = hook_impl.function(*args)
          ^^^^^^^^^^^^^^^^^^^^^^^^^
        __tracebackhide__ = True
        args       = [<FixtureDef argname='blueprint' scope='function' baseid='tests/test_factory.py'>, <SubRequest 'blueprint' for <Function test_transfer_ownership_zero_address>>]
        caller_kwargs = {'fixturedef': <FixtureDef argname='blueprint' scope='function' baseid='tests/test_factory.py'>, 'request': <SubRequest 'blueprint' for <Function test_transfer_ownership_zero_address>>}
        exception  = InvalidAddress('web3.py only accepts checksum addresses. The software that gave you this non-checksum address should b... accept lower safety, use Web3.to_checksum_address(lower_case_address).', '0x5fbdb2315678afecb367f032d93f642f64180aa3')
        firstresult = True
        function_gen = <generator object pytest_fixture_setup at 0x7eb6c1e88d60>
        hook_impl  = <HookImpl plugin_name='fixtures', plugin=<module '_pytest.fixtures' from '/home/user/passthrough/.venv/lib/python3.12/site-packages/_pytest/fixtures.py'>>
        hook_impls = [<HookImpl plugin_name='fixtures', plugin=<module '_pytest.fixtures' from '/home/user/passthrough/.venv/lib/python3.12...in=<module '_pytest.setuponly' from '/home/user/passthrough/.venv/lib/python3.12/site-packages/_pytest/setuponly.py'>>]
        hook_name  = 'pytest_fixture_setup'
        res        = None
        result     = None
        results    = []
        teardown   = <generator object pytest_fixture_setup at 0x7eb6c1e88d60>
        teardowns  = [<generator object pytest_fixture_setup at 0x7eb6c1e88d60>]
/home/user/passthrough/.venv/lib/python3.12/site-packages/_pytest/fixtures.py:1196: in pytest_fixture_setup
    result = call_fixture_func(fixturefunc, request, kwargs)
             ^^^^^^^^^^^^^^^^^^^^^^^^^^^^^^^^^^^^^^^^^^^^^^^
        argname    = 'owner'
        fixturedef = <FixtureDef argname='blueprint' scope='function' baseid='tests/test_factory.py'>
        fixturefunc = <function blueprint at 0x7eb6c27cea20>
        kwargs     = {'owner': <TestAccount_0 0xf39Fd6e51aad88F6F4ce6aB8827279cffFb92266>}
        my_cache_key = None
        request    = <SubRequest 'blueprint' for <Function test_transfer_ownership_zero_address>>
/home/user/passthrough/.venv/lib/python3.12/site-packages/_pytest/fixtures.py:930: in call_fixture_func
    fixture_result = fixturefunc(**kwargs)
                     ^^^^^^^^^^^^^^^^^^^^^
        fixturefunc = <function blueprint at 0x7eb6c27cea20>
        kwargs     = {'owner': <TestAccount_0 0xf39Fd6e51aad88F6F4ce6aB8827279cffFb92266>}
        request    = <SubRequest 'blueprint' for <Function test_transfer_ownership_zero_address>>
/home/user/passthrough/tests/test_factory.py:40: in blueprint
    return deploy_blueprint(project.Passthrough, owner)
           ^^^^^^^^^^^^^^^^^^^^^^^^^^^^^^^^^^^^^^^^^^^^
        deploy_blueprint = <function deploy_blueprint at 0x7eb6f115fce0>
        owner      = <TestAccount_0 0xf39Fd6e51aad88F6F4ce6aB8827279cffFb92266>
/home/user/passthrough/tests/conftest.py:60: in deploy_blueprint
    runtime_bytecode = web3.eth.get_code(temp_address)
                       ^^^^^^^^^^^^^^^^^^^^^^^^^^^^^^^
        contract_container = <Passthrough>
        contract_type = <ContractType Passthrough>
        init_code  = '0x611b865150346103a2576020611f645f395f51600a602082611f64015f395f51116103a257602081611f64015f395f515f81600a81116103a25...401aa1855820852887320f0d404c27938a631eb6e7268477bf82e4f8608ee65c859a4d311bf9191b8681183e1820a1657679706572830004030038'
        keccak     = <function keccak at 0x7eb6f0fd5b20>
        nonce      = 0
        receipt    = AttributeDict({'blockHash': HexBytes('0xc7967a4d86b8ce24f0cf169d128470bb26e58d57078aed59ec891060ee90643b'), 'blockNumb...sh': HexBytes('0x7af2175882a71fa8813fe5cb44583488df1652a3771d2041153745d27500e163'), 'transactionIndex': 0, 'type': 0})
        rlp        = <module 'rlp' from '/home/user/passthrough/.venv/lib/python3.12/site-packages/rlp/__init__.py'>
        rlp_encoded = b'\xd6\x94\xf3\x9f\xd6\xe5\x1a\xad\x88\xf6\xf4\xcej\xb8\x82ry\xcf\xff\xb9"f\x80'
        sender     = <TestAccount_0 0xf39Fd6e51aad88F6F4ce6aB8827279cffFb92266>
        temp_address = '0x5fbdb2315678afecb367f032d93f642f64180aa3'
        to_checksum_address = <function to_checksum_address at 0x7eb6f107d4e0>
        tx_dict    = {'data': '0x611b865150346103a2576020611f645f395f51600a602082611f64015f395f51116103a257602081611f64015f395f515f81600a81...706572830004030038', 'from': '0xf39Fd6e51aad88F6F4ce6aB8827279cffFb92266', 'gas': 3000000, 'gasPrice': 1000000000, ...}
        tx_hash    = HexBytes('0x7af2175882a71fa8813fe5cb44583488df1652a3771d2041153745d27500e163')
        web3       = <web3.main.Web3 object at 0x7eb6c234e4b0>
/home/user/passthrough/.venv/lib/python3.12/site-packages/web3/eth/eth.py:455: in get_code
    return self._get_code(account, block_identifier)
           ^^^^^^^^^^^^^^^^^^^^^^^^^^^^^^^^^^^^^^^^^
        account    = '0x5fbdb2315678afecb367f032d93f642f64180aa3'
        block_identifier = None
        self       = <web3.eth.eth.Eth object at 0x7eb6c1e167b0>
/home/user/passthrough/.venv/lib/python3.12/site-packages/web3/module.py:101: in caller
    (method_str, params), response_formatters = method.process_params(
        args       = ('0x5fbdb2315678afecb367f032d93f642f64180aa3', None)
        kwargs     = {}
        method     = <web3.method.Method object at 0x7eb6f1443320>
        module     = <web3.eth.eth.Eth object at 0x7eb6c1e167b0>
        w3         = <web3.main.Web3 object at 0x7eb6c234e4b0>
/home/user/passthrough/.venv/lib/python3.12/site-packages/web3/method.py:237: in process_params
    _apply_request_formatters(params, self.request_formatters(method)),
    ^^^^^^^^^^^^^^^^^^^^^^^^^^^^^^^^^^^^^^^^^^^^^^^^^^^^^^^^^^^^^^^^^^
        args       = ('0x5fbdb2315678afecb367f032d93f642f64180aa3', None)
        kwargs     = {}
        method     = 'eth_getCode'
        module     = <web3.eth.eth.Eth object at 0x7eb6c1e167b0>
        params     = ('0x5fbdb2315678afecb367f032d93f642f64180aa3', 'latest')
        response_formatters = (<class 'hexbytes.main.HexBytes'>, <cyfunction identity at 0x7eb6f0ec1840>, <cyfunction identity at 0x7eb6f0ec1840>)
        self       = <web3.method.Method object at 0x7eb6f1443320>
/home/user/passthrough/.venv/lib/python3.12/site-packages/eth_utils/functional.py:47: in inner
    return callback(fn(*args, **kwargs))
                    ^^^^^^^^^^^^^^^^^^^
        args       = (('0x5fbdb2315678afecb367f032d93f642f64180aa3', 'latest'), Compose(<function map_abi_data at 0x7eb6eed50d60>, <function apply_formatter_at_index at 0x7eb6f0e9b7e0>))
        callback   = <class 'tuple'>
        fn         = <function _apply_request_formatters at 0x7eb6ee874400>
        kwargs     = {}
/home/user/passthrough/.venv/lib/python3.12/site-packages/web3/method.py:64: in _apply_request_formatters
    formatted_params = pipe(params, request_formatters)
                       ^^^^^^^^^^^^^^^^^^^^^^^^^^^^^^^^
        params     = ('0x5fbdb2315678afecb367f032d93f642f64180aa3', 'latest')
        request_formatters = Compose(<function map_abi_data at 0x7eb6eed50d60>, <function apply_formatter_at_index at 0x7eb6f0e9b7e0>)
/home/user/passthrough/.venv/lib/python3.12/site-packages/web3/_utils/abi.py:613: in map_abi_data
    return pipe(
        data       = ('0x5fbdb2315678afecb367f032d93f642f64180aa3', 'latest')
        normalizers = [<function abi_bytes_to_hex at 0x7eb6eed6dc60>, <function abi_int_to_hex at 0x7eb6eed6de40>, <function abi_string_to_hex at 0x7eb6eed6df80>, <function abi_address_to_hex at 0x7eb6eed6e3e0>]
        types      = ['address', None]
/home/user/passthrough/.venv/lib/python3.12/site-packages/web3/_utils/abi.py:655: in data_tree_map
    return recursive_map(map_to_typed_data, data_tree)
           ^^^^^^^^^^^^^^^^^^^^^^^^^^^^^^^^^^^^^^^^^^^
        data_tree  = [ABITypedData(abi_type='address', data='0x5fbdb2315678afecb367f032d93f642f64180aa3'), ABITypedData(abi_type=None, data='latest')]
        func       = <function abi_address_to_hex at 0x7eb6eed6e3e0>
        map_to_typed_data = <function data_tree_map.<locals>.map_to_typed_data at 0x7eb6c1e9aca0>
/home/user/passthrough/.venv/lib/python3.12/site-packages/web3/_utils/decorators.py:38: in wrapped
    return to_wrap(*args)
           ^^^^^^^^^^^^^^
        add_call   = <built-in method add of set object at 0x7eb6eeee0ba0>
        already_called = set()
        args       = (<function data_tree_map.<locals>.map_to_typed_data at 0x7eb6c1e9aca0>, [ABITypedData(abi_type='address', data='0x5fbdb2315678afecb367f032d93f642f64180aa3'), ABITypedData(abi_type=None, data='latest')])
        remove_call = <built-in method remove of set object at 0x7eb6eeee0ba0>
        thread_local_args = (139324213223552, 139323402464416, 139323386503168)
        to_wrap    = <function recursive_map at 0x7eb6eecfef20>
/home/user/passthrough/.venv/lib/python3.12/site-packages/web3/_utils/formatters.py:89: in recursive_map
    items_mapped = map_collection(recurse, data)
                   ^^^^^^^^^^^^^^^^^^^^^^^^^^^^^
        data       = [ABITypedData(abi_type='address', data='0x5fbdb2315678afecb367f032d93f642f64180aa3'), ABITypedData(abi_type=None, data='latest')]
        func       = <function data_tree_map.<locals>.map_to_typed_data at 0x7eb6c1e9aca0>
        recurse    = <function recursive_map.<locals>.recurse at 0x7eb6c1e9b420>
/home/user/passthrough/.venv/lib/python3.12/site-packages/web3/_utils/formatters.py:73: in map_collection
    return datatype(map(func, collection))
           ^^^^^^^^^^^^^^^^^^^^^^^^^^^^^^^
        collection = [ABITypedData(abi_type='address', data='0x5fbdb2315678afecb367f032d93f642f64180aa3'), ABITypedData(abi_type=None, data='latest')]
        datatype   = <class 'list'>
        func       = <function recursive_map.<locals>.recurse at 0x7eb6c1e9b420>
/home/user/passthrough/.venv/lib/python3.12/site-packages/web3/_utils/formatters.py:87: in recurse
    return recursive_map(func, item)
           ^^^^^^^^^^^^^^^^^^^^^^^^^
        func       = <function data_tree_map.<locals>.map_to_typed_data at 0x7eb6c1e9aca0>
        item       = ABITypedData(abi_type='address', data='0x5fbdb2315678afecb367f032d93f642f64180aa3')
/home/user/passthrough/.venv/lib/python3.12/site-packages/web3/_utils/decorators.py:38: in wrapped
    return to_wrap(*args)
           ^^^^^^^^^^^^^^
        add_call   = <built-in method add of set object at 0x7eb6eeee0ba0>
        already_called = set()
        args       = (<function data_tree_map.<locals>.map_to_typed_data at 0x7eb6c1e9aca0>, ABITypedData(abi_type='address', data='0x5fbdb2315678afecb367f032d93f642f64180aa3'))
        remove_call = <built-in method remove of set object at 0x7eb6eeee0ba0>
        thread_local_args = (139324213223552, 139323402464416, 139323397294192)
        to_wrap    = <function recursive_map at 0x7eb6eecfef20>
/home/user/passthrough/.venv/lib/python3.12/site-packages/web3/_utils/formatters.py:90: in recursive_map
    return func(items_mapped)
           ^^^^^^^^^^^^^^^^^^
        data       = ABITypedData(abi_type='address', data='0x5fbdb2315678afecb367f032d93f642f64180aa3')
        func       = <function data_tree_map.<locals>.map_to_typed_data at 0x7eb6c1e9aca0>
        items_mapped = ABITypedData(abi_type='address', data='0x5fbdb2315678afecb367f032d93f642f64180aa3')
        recurse    = <function recursive_map.<locals>.recurse at 0x7eb6c1e99e40>
/home/user/passthrough/.venv/lib/python3.12/site-packages/web3/_utils/abi.py:651: in map_to_typed_data
    return ABITypedData(func(*elements))
                        ^^^^^^^^^^^^^^^
        elements   = ABITypedData(abi_type='address', data='0x5fbdb2315678afecb367f032d93f642f64180aa3')
        func       = <function abi_address_to_hex at 0x7eb6eed6e3e0>
/home/user/passthrough/.venv/lib/python3.12/site-packages/web3/_utils/normalizers.py:79: in wrapper
    modified = to_wrap(type_str, data)
               ^^^^^^^^^^^^^^^^^^^^^^^
        data       = '0x5fbdb2315678afecb367f032d93f642f64180aa3'
        to_wrap    = <function abi_address_to_hex at 0x7eb6eed6e340>
        type_str   = 'address'
/home/user/passthrough/.venv/lib/python3.12/site-packages/web3/_utils/normalizers.py:202: in abi_address_to_hex
    validate_address(data)
        data       = '0x5fbdb2315678afecb367f032d93f642f64180aa3'
        type_str   = 'address'
/home/user/passthrough/.venv/lib/python3.12/site-packages/web3/_utils/validation.py:201: in validate_address
    raise InvalidAddress(
E   web3.exceptions.InvalidAddress: ('web3.py only accepts checksum addresses. The software that gave you this non-checksum address should be considered unsafe, please file it as a bug on their platform. Try using an ENS name instead. Or, if you must accept lower safety, use Web3.to_checksum_address(lower_case_address).', '0x5fbdb2315678afecb367f032d93f642f64180aa3')
        value      = '0x5fbdb2315678afecb367f032d93f642f64180aa3'
_____________ ERROR at setup of test_get_passthrough_out_of_bounds _____________
/home/user/passthrough/.venv/lib/python3.12/site-packages/_pytest/runner.py:344: in from_call
    result: TResult | None = func()
                             ^^^^^^
        cls        = <class '_pytest.runner.CallInfo'>
        duration   = Duration(start=Instant(time=1763228724.1585321, perf_count=285.351059012), stop=Instant(time=1763228724.2332337, perf_count=285.425762386))
        excinfo    = <ExceptionInfo InvalidAddress('web3.py only accepts checksum addresses. The software that gave you this non-checksum a...wer safety, use Web3.to_checksum_address(lower_case_address).', '0x5fbdb2315678afecb367f032d93f642f64180aa3') tblen=44>
        func       = <function call_and_report.<locals>.<lambda> at 0x7eb6c1e9b4c0>
        instant    = Instant(time=1763228724.1585321, perf_count=285.351059012)
        reraise    = (<class '_pytest.outcomes.Exit'>, <class 'KeyboardInterrupt'>)
        result     = None
        when       = 'setup'
/home/user/passthrough/.venv/lib/python3.12/site-packages/_pytest/runner.py:246: in <lambda>
    lambda: runtest_hook(item=item, **kwds), when=when, reraise=reraise
            ^^^^^^^^^^^^^^^^^^^^^^^^^^^^^^^
        item       = <Function test_get_passthrough_out_of_bounds>
        kwds       = {}
        runtest_hook = <HookCaller 'pytest_runtest_setup'>
/home/user/passthrough/.venv/lib/python3.12/site-packages/pluggy/_hooks.py:512: in __call__
    return self._hookexec(self.name, self._hookimpls.copy(), kwargs, firstresult)
           ^^^^^^^^^^^^^^^^^^^^^^^^^^^^^^^^^^^^^^^^^^^^^^^^^^^^^^^^^^^^^^^^^^^^^^
        firstresult = False
        kwargs     = {'item': <Function test_get_passthrough_out_of_bounds>}
        self       = <HookCaller 'pytest_runtest_setup'>
/home/user/passthrough/.venv/lib/python3.12/site-packages/pluggy/_manager.py:120: in _hookexec
    return self._inner_hookexec(hook_name, methods, kwargs, firstresult)
           ^^^^^^^^^^^^^^^^^^^^^^^^^^^^^^^^^^^^^^^^^^^^^^^^^^^^^^^^^^^^^
        firstresult = False
        hook_name  = 'pytest_runtest_setup'
        kwargs     = {'item': <Function test_get_passthrough_out_of_bounds>}
        methods    = [<HookImpl plugin_name='threadexception', plugin=<module '_pytest.threadexception' from '/home/user/passthrough/.venv/...pper name='/dev/null' mode='r' encoding='utf-8'>> _state='suspended' _in_suspended=False> _capture_fixture=None>>, ...]
        self       = <_pytest.config.PytestPluginManager object at 0x7eb6f1460f50>
/home/user/passthrough/.venv/lib/python3.12/site-packages/pluggy/_callers.py:167: in _multicall
    raise exception
        __tracebackhide__ = True
        args       = [<Function test_get_passthrough_out_of_bounds>]
        caller_kwargs = {'item': <Function test_get_passthrough_out_of_bounds>}
        exception  = InvalidAddress('web3.py only accepts checksum addresses. The software that gave you this non-checksum address should b... accept lower safety, use Web3.to_checksum_address(lower_case_address).', '0x5fbdb2315678afecb367f032d93f642f64180aa3')
        firstresult = False
        function_gen = <generator object CaptureManager.pytest_runtest_setup at 0x7eb6c1e72960>
        hook_impl  = <HookImpl plugin_name='runner', plugin=<module '_pytest.runner' from '/home/user/passthrough/.venv/lib/python3.12/site-packages/_pytest/runner.py'>>
        hook_impls = [<HookImpl plugin_name='threadexception', plugin=<module '_pytest.threadexception' from '/home/user/passthrough/.venv/...pper name='/dev/null' mode='r' encoding='utf-8'>> _state='suspended' _in_suspended=False> _capture_fixture=None>>, ...]
        hook_name  = 'pytest_runtest_setup'
        res        = None
        result     = []
        results    = []
        teardown   = <generator object LoggingPlugin.pytest_runtest_setup at 0x7eb6c1e898a0>
        teardowns  = [<generator object LoggingPlugin.pytest_runtest_setup at 0x7eb6c1e898a0>, <generator object CaptureManager.pytest_runtest_setup at 0x7eb6c1e72960>]
/home/user/passthrough/.venv/lib/python3.12/site-packages/pluggy/_callers.py:139: in _multicall
    teardown.throw(exception)
        __tracebackhide__ = True
        args       = [<Function test_get_passthrough_out_of_bounds>]
        caller_kwargs = {'item': <Function test_get_passthrough_out_of_bounds>}
        exception  = InvalidAddress('web3.py only accepts checksum addresses. The software that gave you this non-checksum address should b... accept lower safety, use Web3.to_checksum_address(lower_case_address).', '0x5fbdb2315678afecb367f032d93f642f64180aa3')
        firstresult = False
        function_gen = <generator object CaptureManager.pytest_runtest_setup at 0x7eb6c1e72960>
        hook_impl  = <HookImpl plugin_name='runner', plugin=<module '_pytest.runner' from '/home/user/passthrough/.venv/lib/python3.12/site-packages/_pytest/runner.py'>>
        hook_impls = [<HookImpl plugin_name='threadexception', plugin=<module '_pytest.threadexception' from '/home/user/passthrough/.venv/...pper name='/dev/null' mode='r' encoding='utf-8'>> _state='suspended' _in_suspended=False> _capture_fixture=None>>, ...]
        hook_name  = 'pytest_runtest_setup'
        res        = None
        result     = []
        results    = []
        teardown   = <generator object LoggingPlugin.pytest_runtest_setup at 0x7eb6c1e898a0>
        teardowns  = [<generator object LoggingPlugin.pytest_runtest_setup at 0x7eb6c1e898a0>, <generator object CaptureManager.pytest_runtest_setup at 0x7eb6c1e72960>]
/home/user/passthrough/.venv/lib/python3.12/site-packages/_pytest/logging.py:843: in pytest_runtest_setup
    yield
        empty      = {'setup': []}
        item       = <Function test_get_passthrough_out_of_bounds>
        self       = <_pytest.logging.LoggingPlugin object at 0x7eb6ee3dcf20>
/home/user/passthrough/.venv/lib/python3.12/site-packages/pluggy/_callers.py:139: in _multicall
    teardown.throw(exception)
        __tracebackhide__ = True
        args       = [<Function test_get_passthrough_out_of_bounds>]
        caller_kwargs = {'item': <Function test_get_passthrough_out_of_bounds>}
        exception  = InvalidAddress('web3.py only accepts checksum addresses. The software that gave you this non-checksum address should b... accept lower safety, use Web3.to_checksum_address(lower_case_address).', '0x5fbdb2315678afecb367f032d93f642f64180aa3')
        firstresult = False
        function_gen = <generator object CaptureManager.pytest_runtest_setup at 0x7eb6c1e72960>
        hook_impl  = <HookImpl plugin_name='runner', plugin=<module '_pytest.runner' from '/home/user/passthrough/.venv/lib/python3.12/site-packages/_pytest/runner.py'>>
        hook_impls = [<HookImpl plugin_name='threadexception', plugin=<module '_pytest.threadexception' from '/home/user/passthrough/.venv/...pper name='/dev/null' mode='r' encoding='utf-8'>> _state='suspended' _in_suspended=False> _capture_fixture=None>>, ...]
        hook_name  = 'pytest_runtest_setup'
        res        = None
        result     = []
        results    = []
        teardown   = <generator object LoggingPlugin.pytest_runtest_setup at 0x7eb6c1e898a0>
        teardowns  = [<generator object LoggingPlugin.pytest_runtest_setup at 0x7eb6c1e898a0>, <generator object CaptureManager.pytest_runtest_setup at 0x7eb6c1e72960>]
/home/user/passthrough/.venv/lib/python3.12/site-packages/_pytest/capture.py:895: in pytest_runtest_setup
    return (yield)
            ^^^^^
        item       = <Function test_get_passthrough_out_of_bounds>
        self       = <CaptureManager _method='fd' _global_capturing=<MultiCapture out=<FDCapture 1 oldfd=5 _state='suspended' tmpfile=<_io....xtIOWrapper name='/dev/null' mode='r' encoding='utf-8'>> _state='suspended' _in_suspended=False> _capture_fixture=None>
/home/user/passthrough/.venv/lib/python3.12/site-packages/pluggy/_callers.py:121: in _multicall
    res = hook_impl.function(*args)
          ^^^^^^^^^^^^^^^^^^^^^^^^^
        __tracebackhide__ = True
        args       = [<Function test_get_passthrough_out_of_bounds>]
        caller_kwargs = {'item': <Function test_get_passthrough_out_of_bounds>}
        exception  = InvalidAddress('web3.py only accepts checksum addresses. The software that gave you this non-checksum address should b... accept lower safety, use Web3.to_checksum_address(lower_case_address).', '0x5fbdb2315678afecb367f032d93f642f64180aa3')
        firstresult = False
        function_gen = <generator object CaptureManager.pytest_runtest_setup at 0x7eb6c1e72960>
        hook_impl  = <HookImpl plugin_name='runner', plugin=<module '_pytest.runner' from '/home/user/passthrough/.venv/lib/python3.12/site-packages/_pytest/runner.py'>>
        hook_impls = [<HookImpl plugin_name='threadexception', plugin=<module '_pytest.threadexception' from '/home/user/passthrough/.venv/...pper name='/dev/null' mode='r' encoding='utf-8'>> _state='suspended' _in_suspended=False> _capture_fixture=None>>, ...]
        hook_name  = 'pytest_runtest_setup'
        res        = None
        result     = []
        results    = []
        teardown   = <generator object LoggingPlugin.pytest_runtest_setup at 0x7eb6c1e898a0>
        teardowns  = [<generator object LoggingPlugin.pytest_runtest_setup at 0x7eb6c1e898a0>, <generator object CaptureManager.pytest_runtest_setup at 0x7eb6c1e72960>]
/home/user/passthrough/.venv/lib/python3.12/site-packages/_pytest/runner.py:164: in pytest_runtest_setup
    item.session._setupstate.setup(item)
        item       = <Function test_get_passthrough_out_of_bounds>
/home/user/passthrough/.venv/lib/python3.12/site-packages/_pytest/runner.py:514: in setup
    col.setup()
        col        = <Function test_get_passthrough_out_of_bounds>
        finalizers = [<bound method Node.teardown of <Module test_factory.py>>]
        item       = <Function test_get_passthrough_out_of_bounds>
        needed_collectors = [<Session  exitstatus=<ExitCode.OK: 0> testsfailed=11 testscollected=19>, <Dir passthrough>, <Dir tests>, <Module test_factory.py>, <Function test_get_passthrough_out_of_bounds>]
        self       = <_pytest.runner.SetupState object at 0x7eb6ee3c72c0>
/home/user/passthrough/.venv/lib/python3.12/site-packages/_pytest/python.py:1674: in setup
    self._request._fillfixtures()
        self       = <Function test_get_passthrough_out_of_bounds>
/home/user/passthrough/.venv/lib/python3.12/site-packages/_pytest/fixtures.py:720: in _fillfixtures
    item.funcargs[argname] = self.getfixturevalue(argname)
                             ^^^^^^^^^^^^^^^^^^^^^^^^^^^^^
        argname    = 'blueprint'
        item       = <Function test_get_passthrough_out_of_bounds>
        self       = <FixtureRequest for <Function test_get_passthrough_out_of_bounds>>
/home/user/passthrough/.venv/lib/python3.12/site-packages/_pytest/fixtures.py:549: in getfixturevalue
    fixturedef = self._get_active_fixturedef(argname)
                 ^^^^^^^^^^^^^^^^^^^^^^^^^^^^^^^^^^^^
        argname    = 'blueprint'
        self       = <FixtureRequest for <Function test_get_passthrough_out_of_bounds>>
/home/user/passthrough/.venv/lib/python3.12/site-packages/_pytest/fixtures.py:640: in _get_active_fixturedef
    fixturedef.execute(request=subrequest)
        argname    = 'blueprint'
        callspec   = None
        fixturedef = <FixtureDef argname='blueprint' scope='function' baseid='tests/test_factory.py'>
        fixturedefs = (<FixtureDef argname='blueprint' scope='function' baseid='tests/test_factory.py'>,)
        index      = -1
        param      = <NotSetType.token: 0>
        param_index = 0
        scope      = <Scope.Function: 'function'>
        self       = <FixtureRequest for <Function test_get_passthrough_out_of_bounds>>
        subrequest = <SubRequest 'blueprint' for <Function test_get_passthrough_out_of_bounds>>
/home/user/passthrough/.venv/lib/python3.12/site-packages/_pytest/fixtures.py:1128: in execute
    result = ihook.pytest_fixture_setup(fixturedef=self, request=request)
             ^^^^^^^^^^^^^^^^^^^^^^^^^^^^^^^^^^^^^^^^^^^^^^^^^^^^^^^^^^^^
        argname    = 'owner'
        finalizer  = functools.partial(<bound method FixtureDef.finish of <FixtureDef argname='blueprint' scope='function' baseid='tests/test_factory.py'>>, request=<SubRequest 'blueprint' for <Function test_get_passthrough_out_of_bounds>>)
        fixturedef = <FixtureDef argname='owner' scope='function' baseid='tests/test_factory.py'>
        ihook      = <_pytest.config.compat.PathAwareHookProxy object at 0x7eb6f15e2e40>
        parent_fixture = <FixtureDef argname='owner' scope='function' baseid='tests/test_factory.py'>
        request    = <SubRequest 'blueprint' for <Function test_get_passthrough_out_of_bounds>>
        requested_fixtures_that_should_finalize_us = [<FixtureDef argname='owner' scope='function' baseid='tests/test_factory.py'>]
        self       = <FixtureDef argname='blueprint' scope='function' baseid='tests/test_factory.py'>
/home/user/passthrough/.venv/lib/python3.12/site-packages/pluggy/_hooks.py:512: in __call__
    return self._hookexec(self.name, self._hookimpls.copy(), kwargs, firstresult)
           ^^^^^^^^^^^^^^^^^^^^^^^^^^^^^^^^^^^^^^^^^^^^^^^^^^^^^^^^^^^^^^^^^^^^^^
        firstresult = True
        kwargs     = {'fixturedef': <FixtureDef argname='blueprint' scope='function' baseid='tests/test_factory.py'>, 'request': <SubRequest 'blueprint' for <Function test_get_passthrough_out_of_bounds>>}
        self       = <HookCaller 'pytest_fixture_setup'>
/home/user/passthrough/.venv/lib/python3.12/site-packages/pluggy/_manager.py:120: in _hookexec
    return self._inner_hookexec(hook_name, methods, kwargs, firstresult)
           ^^^^^^^^^^^^^^^^^^^^^^^^^^^^^^^^^^^^^^^^^^^^^^^^^^^^^^^^^^^^^
        firstresult = True
        hook_name  = 'pytest_fixture_setup'
        kwargs     = {'fixturedef': <FixtureDef argname='blueprint' scope='function' baseid='tests/test_factory.py'>, 'request': <SubRequest 'blueprint' for <Function test_get_passthrough_out_of_bounds>>}
        methods    = [<HookImpl plugin_name='fixtures', plugin=<module '_pytest.fixtures' from '/home/user/passthrough/.venv/lib/python3.12...in=<module '_pytest.setuponly' from '/home/user/passthrough/.venv/lib/python3.12/site-packages/_pytest/setuponly.py'>>]
        self       = <_pytest.config.PytestPluginManager object at 0x7eb6f1460f50>
/home/user/passthrough/.venv/lib/python3.12/site-packages/pluggy/_callers.py:167: in _multicall
    raise exception
        __tracebackhide__ = True
        args       = [<FixtureDef argname='blueprint' scope='function' baseid='tests/test_factory.py'>, <SubRequest 'blueprint' for <Function test_get_passthrough_out_of_bounds>>]
        caller_kwargs = {'fixturedef': <FixtureDef argname='blueprint' scope='function' baseid='tests/test_factory.py'>, 'request': <SubRequest 'blueprint' for <Function test_get_passthrough_out_of_bounds>>}
        exception  = InvalidAddress('web3.py only accepts checksum addresses. The software that gave you this non-checksum address should b... accept lower safety, use Web3.to_checksum_address(lower_case_address).', '0x5fbdb2315678afecb367f032d93f642f64180aa3')
        firstresult = True
        function_gen = <generator object pytest_fixture_setup at 0x7eb6c1e8b2e0>
        hook_impl  = <HookImpl plugin_name='fixtures', plugin=<module '_pytest.fixtures' from '/home/user/passthrough/.venv/lib/python3.12/site-packages/_pytest/fixtures.py'>>
        hook_impls = [<HookImpl plugin_name='fixtures', plugin=<module '_pytest.fixtures' from '/home/user/passthrough/.venv/lib/python3.12...in=<module '_pytest.setuponly' from '/home/user/passthrough/.venv/lib/python3.12/site-packages/_pytest/setuponly.py'>>]
        hook_name  = 'pytest_fixture_setup'
        res        = None
        result     = None
        results    = []
        teardown   = <generator object pytest_fixture_setup at 0x7eb6c1e8b2e0>
        teardowns  = [<generator object pytest_fixture_setup at 0x7eb6c1e8b2e0>]
/home/user/passthrough/.venv/lib/python3.12/site-packages/pluggy/_callers.py:139: in _multicall
    teardown.throw(exception)
        __tracebackhide__ = True
        args       = [<FixtureDef argname='blueprint' scope='function' baseid='tests/test_factory.py'>, <SubRequest 'blueprint' for <Function test_get_passthrough_out_of_bounds>>]
        caller_kwargs = {'fixturedef': <FixtureDef argname='blueprint' scope='function' baseid='tests/test_factory.py'>, 'request': <SubRequest 'blueprint' for <Function test_get_passthrough_out_of_bounds>>}
        exception  = InvalidAddress('web3.py only accepts checksum addresses. The software that gave you this non-checksum address should b... accept lower safety, use Web3.to_checksum_address(lower_case_address).', '0x5fbdb2315678afecb367f032d93f642f64180aa3')
        firstresult = True
        function_gen = <generator object pytest_fixture_setup at 0x7eb6c1e8b2e0>
        hook_impl  = <HookImpl plugin_name='fixtures', plugin=<module '_pytest.fixtures' from '/home/user/passthrough/.venv/lib/python3.12/site-packages/_pytest/fixtures.py'>>
        hook_impls = [<HookImpl plugin_name='fixtures', plugin=<module '_pytest.fixtures' from '/home/user/passthrough/.venv/lib/python3.12...in=<module '_pytest.setuponly' from '/home/user/passthrough/.venv/lib/python3.12/site-packages/_pytest/setuponly.py'>>]
        hook_name  = 'pytest_fixture_setup'
        res        = None
        result     = None
        results    = []
        teardown   = <generator object pytest_fixture_setup at 0x7eb6c1e8b2e0>
        teardowns  = [<generator object pytest_fixture_setup at 0x7eb6c1e8b2e0>]
/home/user/passthrough/.venv/lib/python3.12/site-packages/_pytest/setuponly.py:36: in pytest_fixture_setup
    return (yield)
            ^^^^^
        fixturedef = <FixtureDef argname='blueprint' scope='function' baseid='tests/test_factory.py'>
        request    = <SubRequest 'blueprint' for <Function test_get_passthrough_out_of_bounds>>
/home/user/passthrough/.venv/lib/python3.12/site-packages/pluggy/_callers.py:121: in _multicall
    res = hook_impl.function(*args)
          ^^^^^^^^^^^^^^^^^^^^^^^^^
        __tracebackhide__ = True
        args       = [<FixtureDef argname='blueprint' scope='function' baseid='tests/test_factory.py'>, <SubRequest 'blueprint' for <Function test_get_passthrough_out_of_bounds>>]
        caller_kwargs = {'fixturedef': <FixtureDef argname='blueprint' scope='function' baseid='tests/test_factory.py'>, 'request': <SubRequest 'blueprint' for <Function test_get_passthrough_out_of_bounds>>}
        exception  = InvalidAddress('web3.py only accepts checksum addresses. The software that gave you this non-checksum address should b... accept lower safety, use Web3.to_checksum_address(lower_case_address).', '0x5fbdb2315678afecb367f032d93f642f64180aa3')
        firstresult = True
        function_gen = <generator object pytest_fixture_setup at 0x7eb6c1e8b2e0>
        hook_impl  = <HookImpl plugin_name='fixtures', plugin=<module '_pytest.fixtures' from '/home/user/passthrough/.venv/lib/python3.12/site-packages/_pytest/fixtures.py'>>
        hook_impls = [<HookImpl plugin_name='fixtures', plugin=<module '_pytest.fixtures' from '/home/user/passthrough/.venv/lib/python3.12...in=<module '_pytest.setuponly' from '/home/user/passthrough/.venv/lib/python3.12/site-packages/_pytest/setuponly.py'>>]
        hook_name  = 'pytest_fixture_setup'
        res        = None
        result     = None
        results    = []
        teardown   = <generator object pytest_fixture_setup at 0x7eb6c1e8b2e0>
        teardowns  = [<generator object pytest_fixture_setup at 0x7eb6c1e8b2e0>]
/home/user/passthrough/.venv/lib/python3.12/site-packages/_pytest/fixtures.py:1196: in pytest_fixture_setup
    result = call_fixture_func(fixturefunc, request, kwargs)
             ^^^^^^^^^^^^^^^^^^^^^^^^^^^^^^^^^^^^^^^^^^^^^^^
        argname    = 'owner'
        fixturedef = <FixtureDef argname='blueprint' scope='function' baseid='tests/test_factory.py'>
        fixturefunc = <function blueprint at 0x7eb6c27cea20>
        kwargs     = {'owner': <TestAccount_0 0xf39Fd6e51aad88F6F4ce6aB8827279cffFb92266>}
        my_cache_key = None
        request    = <SubRequest 'blueprint' for <Function test_get_passthrough_out_of_bounds>>
/home/user/passthrough/.venv/lib/python3.12/site-packages/_pytest/fixtures.py:930: in call_fixture_func
    fixture_result = fixturefunc(**kwargs)
                     ^^^^^^^^^^^^^^^^^^^^^
        fixturefunc = <function blueprint at 0x7eb6c27cea20>
        kwargs     = {'owner': <TestAccount_0 0xf39Fd6e51aad88F6F4ce6aB8827279cffFb92266>}
        request    = <SubRequest 'blueprint' for <Function test_get_passthrough_out_of_bounds>>
/home/user/passthrough/tests/test_factory.py:40: in blueprint
    return deploy_blueprint(project.Passthrough, owner)
           ^^^^^^^^^^^^^^^^^^^^^^^^^^^^^^^^^^^^^^^^^^^^
        deploy_blueprint = <function deploy_blueprint at 0x7eb6f115fce0>
        owner      = <TestAccount_0 0xf39Fd6e51aad88F6F4ce6aB8827279cffFb92266>
/home/user/passthrough/tests/conftest.py:60: in deploy_blueprint
    runtime_bytecode = web3.eth.get_code(temp_address)
                       ^^^^^^^^^^^^^^^^^^^^^^^^^^^^^^^
        contract_container = <Passthrough>
        contract_type = <ContractType Passthrough>
        init_code  = '0x611b865150346103a2576020611f645f395f51600a602082611f64015f395f51116103a257602081611f64015f395f515f81600a81116103a25...401aa1855820852887320f0d404c27938a631eb6e7268477bf82e4f8608ee65c859a4d311bf9191b8681183e1820a1657679706572830004030038'
        keccak     = <function keccak at 0x7eb6f0fd5b20>
        nonce      = 0
        receipt    = AttributeDict({'blockHash': HexBytes('0x58271d7bc60f8d86ba67ea77558086c6f965089d5833d46df9c61bc5c901703c'), 'blockNumb...sh': HexBytes('0x7af2175882a71fa8813fe5cb44583488df1652a3771d2041153745d27500e163'), 'transactionIndex': 0, 'type': 0})
        rlp        = <module 'rlp' from '/home/user/passthrough/.venv/lib/python3.12/site-packages/rlp/__init__.py'>
        rlp_encoded = b'\xd6\x94\xf3\x9f\xd6\xe5\x1a\xad\x88\xf6\xf4\xcej\xb8\x82ry\xcf\xff\xb9"f\x80'
        sender     = <TestAccount_0 0xf39Fd6e51aad88F6F4ce6aB8827279cffFb92266>
        temp_address = '0x5fbdb2315678afecb367f032d93f642f64180aa3'
        to_checksum_address = <function to_checksum_address at 0x7eb6f107d4e0>
        tx_dict    = {'data': '0x611b865150346103a2576020611f645f395f51600a602082611f64015f395f51116103a257602081611f64015f395f515f81600a81...706572830004030038', 'from': '0xf39Fd6e51aad88F6F4ce6aB8827279cffFb92266', 'gas': 3000000, 'gasPrice': 1000000000, ...}
        tx_hash    = HexBytes('0x7af2175882a71fa8813fe5cb44583488df1652a3771d2041153745d27500e163')
        web3       = <web3.main.Web3 object at 0x7eb6c234e4b0>
/home/user/passthrough/.venv/lib/python3.12/site-packages/web3/eth/eth.py:455: in get_code
    return self._get_code(account, block_identifier)
           ^^^^^^^^^^^^^^^^^^^^^^^^^^^^^^^^^^^^^^^^^
        account    = '0x5fbdb2315678afecb367f032d93f642f64180aa3'
        block_identifier = None
        self       = <web3.eth.eth.Eth object at 0x7eb6c1e167b0>
/home/user/passthrough/.venv/lib/python3.12/site-packages/web3/module.py:101: in caller
    (method_str, params), response_formatters = method.process_params(
        args       = ('0x5fbdb2315678afecb367f032d93f642f64180aa3', None)
        kwargs     = {}
        method     = <web3.method.Method object at 0x7eb6f1443320>
        module     = <web3.eth.eth.Eth object at 0x7eb6c1e167b0>
        w3         = <web3.main.Web3 object at 0x7eb6c234e4b0>
/home/user/passthrough/.venv/lib/python3.12/site-packages/web3/method.py:237: in process_params
    _apply_request_formatters(params, self.request_formatters(method)),
    ^^^^^^^^^^^^^^^^^^^^^^^^^^^^^^^^^^^^^^^^^^^^^^^^^^^^^^^^^^^^^^^^^^
        args       = ('0x5fbdb2315678afecb367f032d93f642f64180aa3', None)
        kwargs     = {}
        method     = 'eth_getCode'
        module     = <web3.eth.eth.Eth object at 0x7eb6c1e167b0>
        params     = ('0x5fbdb2315678afecb367f032d93f642f64180aa3', 'latest')
        response_formatters = (<class 'hexbytes.main.HexBytes'>, <cyfunction identity at 0x7eb6f0ec1840>, <cyfunction identity at 0x7eb6f0ec1840>)
        self       = <web3.method.Method object at 0x7eb6f1443320>
/home/user/passthrough/.venv/lib/python3.12/site-packages/eth_utils/functional.py:47: in inner
    return callback(fn(*args, **kwargs))
                    ^^^^^^^^^^^^^^^^^^^
        args       = (('0x5fbdb2315678afecb367f032d93f642f64180aa3', 'latest'), Compose(<function map_abi_data at 0x7eb6eed50d60>, <function apply_formatter_at_index at 0x7eb6f0e9b7e0>))
        callback   = <class 'tuple'>
        fn         = <function _apply_request_formatters at 0x7eb6ee874400>
        kwargs     = {}
/home/user/passthrough/.venv/lib/python3.12/site-packages/web3/method.py:64: in _apply_request_formatters
    formatted_params = pipe(params, request_formatters)
                       ^^^^^^^^^^^^^^^^^^^^^^^^^^^^^^^^
        params     = ('0x5fbdb2315678afecb367f032d93f642f64180aa3', 'latest')
        request_formatters = Compose(<function map_abi_data at 0x7eb6eed50d60>, <function apply_formatter_at_index at 0x7eb6f0e9b7e0>)
/home/user/passthrough/.venv/lib/python3.12/site-packages/web3/_utils/abi.py:613: in map_abi_data
    return pipe(
        data       = ('0x5fbdb2315678afecb367f032d93f642f64180aa3', 'latest')
        normalizers = [<function abi_bytes_to_hex at 0x7eb6eed6dc60>, <function abi_int_to_hex at 0x7eb6eed6de40>, <function abi_string_to_hex at 0x7eb6eed6df80>, <function abi_address_to_hex at 0x7eb6eed6e3e0>]
        types      = ['address', None]
/home/user/passthrough/.venv/lib/python3.12/site-packages/web3/_utils/abi.py:655: in data_tree_map
    return recursive_map(map_to_typed_data, data_tree)
           ^^^^^^^^^^^^^^^^^^^^^^^^^^^^^^^^^^^^^^^^^^^
        data_tree  = [ABITypedData(abi_type='address', data='0x5fbdb2315678afecb367f032d93f642f64180aa3'), ABITypedData(abi_type=None, data='latest')]
        func       = <function abi_address_to_hex at 0x7eb6eed6e3e0>
        map_to_typed_data = <function data_tree_map.<locals>.map_to_typed_data at 0x7eb6c1e9bb00>
/home/user/passthrough/.venv/lib/python3.12/site-packages/web3/_utils/decorators.py:38: in wrapped
    return to_wrap(*args)
           ^^^^^^^^^^^^^^
        add_call   = <built-in method add of set object at 0x7eb6eeee0ba0>
        already_called = set()
        args       = (<function data_tree_map.<locals>.map_to_typed_data at 0x7eb6c1e9bb00>, [ABITypedData(abi_type='address', data='0x5fbdb2315678afecb367f032d93f642f64180aa3'), ABITypedData(abi_type=None, data='latest')])
        remove_call = <built-in method remove of set object at 0x7eb6eeee0ba0>
        thread_local_args = (139324213223552, 139323402468096, 139323389943296)
        to_wrap    = <function recursive_map at 0x7eb6eecfef20>
/home/user/passthrough/.venv/lib/python3.12/site-packages/web3/_utils/formatters.py:89: in recursive_map
    items_mapped = map_collection(recurse, data)
                   ^^^^^^^^^^^^^^^^^^^^^^^^^^^^^
        data       = [ABITypedData(abi_type='address', data='0x5fbdb2315678afecb367f032d93f642f64180aa3'), ABITypedData(abi_type=None, data='latest')]
        func       = <function data_tree_map.<locals>.map_to_typed_data at 0x7eb6c1e9bb00>
        recurse    = <function recursive_map.<locals>.recurse at 0x7eb6c1e9bc40>
/home/user/passthrough/.venv/lib/python3.12/site-packages/web3/_utils/formatters.py:73: in map_collection
    return datatype(map(func, collection))
           ^^^^^^^^^^^^^^^^^^^^^^^^^^^^^^^
        collection = [ABITypedData(abi_type='address', data='0x5fbdb2315678afecb367f032d93f642f64180aa3'), ABITypedData(abi_type=None, data='latest')]
        datatype   = <class 'list'>
        func       = <function recursive_map.<locals>.recurse at 0x7eb6c1e9bc40>
/home/user/passthrough/.venv/lib/python3.12/site-packages/web3/_utils/formatters.py:87: in recurse
    return recursive_map(func, item)
           ^^^^^^^^^^^^^^^^^^^^^^^^^
        func       = <function data_tree_map.<locals>.map_to_typed_data at 0x7eb6c1e9bb00>
        item       = ABITypedData(abi_type='address', data='0x5fbdb2315678afecb367f032d93f642f64180aa3')
/home/user/passthrough/.venv/lib/python3.12/site-packages/web3/_utils/decorators.py:38: in wrapped
    return to_wrap(*args)
           ^^^^^^^^^^^^^^
        add_call   = <built-in method add of set object at 0x7eb6eeee0ba0>
        already_called = set()
        args       = (<function data_tree_map.<locals>.map_to_typed_data at 0x7eb6c1e9bb00>, ABITypedData(abi_type='address', data='0x5fbdb2315678afecb367f032d93f642f64180aa3'))
        remove_call = <built-in method remove of set object at 0x7eb6eeee0ba0>
        thread_local_args = (139324213223552, 139323402468096, 139323397241216)
        to_wrap    = <function recursive_map at 0x7eb6eecfef20>
/home/user/passthrough/.venv/lib/python3.12/site-packages/web3/_utils/formatters.py:90: in recursive_map
    return func(items_mapped)
           ^^^^^^^^^^^^^^^^^^
        data       = ABITypedData(abi_type='address', data='0x5fbdb2315678afecb367f032d93f642f64180aa3')
        func       = <function data_tree_map.<locals>.map_to_typed_data at 0x7eb6c1e9bb00>
        items_mapped = ABITypedData(abi_type='address', data='0x5fbdb2315678afecb367f032d93f642f64180aa3')
        recurse    = <function recursive_map.<locals>.recurse at 0x7eb6c1e9b600>
/home/user/passthrough/.venv/lib/python3.12/site-packages/web3/_utils/abi.py:651: in map_to_typed_data
    return ABITypedData(func(*elements))
                        ^^^^^^^^^^^^^^^
        elements   = ABITypedData(abi_type='address', data='0x5fbdb2315678afecb367f032d93f642f64180aa3')
        func       = <function abi_address_to_hex at 0x7eb6eed6e3e0>
/home/user/passthrough/.venv/lib/python3.12/site-packages/web3/_utils/normalizers.py:79: in wrapper
    modified = to_wrap(type_str, data)
               ^^^^^^^^^^^^^^^^^^^^^^^
        data       = '0x5fbdb2315678afecb367f032d93f642f64180aa3'
        to_wrap    = <function abi_address_to_hex at 0x7eb6eed6e340>
        type_str   = 'address'
/home/user/passthrough/.venv/lib/python3.12/site-packages/web3/_utils/normalizers.py:202: in abi_address_to_hex
    validate_address(data)
        data       = '0x5fbdb2315678afecb367f032d93f642f64180aa3'
        type_str   = 'address'
/home/user/passthrough/.venv/lib/python3.12/site-packages/web3/_utils/validation.py:201: in validate_address
    raise InvalidAddress(
E   web3.exceptions.InvalidAddress: ('web3.py only accepts checksum addresses. The software that gave you this non-checksum address should be considered unsafe, please file it as a bug on their platform. Try using an ENS name instead. Or, if you must accept lower safety, use Web3.to_checksum_address(lower_case_address).', '0x5fbdb2315678afecb367f032d93f642f64180aa3')
        value      = '0x5fbdb2315678afecb367f032d93f642f64180aa3'
_____________ ERROR at setup of test_anyone_can_create_passthrough _____________
/home/user/passthrough/.venv/lib/python3.12/site-packages/_pytest/runner.py:344: in from_call
    result: TResult | None = func()
                             ^^^^^^
        cls        = <class '_pytest.runner.CallInfo'>
        duration   = Duration(start=Instant(time=1763228724.763475, perf_count=285.956002025), stop=Instant(time=1763228724.835192, perf_count=286.02772105))
        excinfo    = <ExceptionInfo InvalidAddress('web3.py only accepts checksum addresses. The software that gave you this non-checksum a...wer safety, use Web3.to_checksum_address(lower_case_address).', '0x5fbdb2315678afecb367f032d93f642f64180aa3') tblen=44>
        func       = <function call_and_report.<locals>.<lambda> at 0x7eb6f119c860>
        instant    = Instant(time=1763228724.763475, perf_count=285.956002025)
        reraise    = (<class '_pytest.outcomes.Exit'>, <class 'KeyboardInterrupt'>)
        result     = None
        when       = 'setup'
/home/user/passthrough/.venv/lib/python3.12/site-packages/_pytest/runner.py:246: in <lambda>
    lambda: runtest_hook(item=item, **kwds), when=when, reraise=reraise
            ^^^^^^^^^^^^^^^^^^^^^^^^^^^^^^^
        item       = <Function test_anyone_can_create_passthrough>
        kwds       = {}
        runtest_hook = <HookCaller 'pytest_runtest_setup'>
/home/user/passthrough/.venv/lib/python3.12/site-packages/pluggy/_hooks.py:512: in __call__
    return self._hookexec(self.name, self._hookimpls.copy(), kwargs, firstresult)
           ^^^^^^^^^^^^^^^^^^^^^^^^^^^^^^^^^^^^^^^^^^^^^^^^^^^^^^^^^^^^^^^^^^^^^^
        firstresult = False
        kwargs     = {'item': <Function test_anyone_can_create_passthrough>}
        self       = <HookCaller 'pytest_runtest_setup'>
/home/user/passthrough/.venv/lib/python3.12/site-packages/pluggy/_manager.py:120: in _hookexec
    return self._inner_hookexec(hook_name, methods, kwargs, firstresult)
           ^^^^^^^^^^^^^^^^^^^^^^^^^^^^^^^^^^^^^^^^^^^^^^^^^^^^^^^^^^^^^
        firstresult = False
        hook_name  = 'pytest_runtest_setup'
        kwargs     = {'item': <Function test_anyone_can_create_passthrough>}
        methods    = [<HookImpl plugin_name='threadexception', plugin=<module '_pytest.threadexception' from '/home/user/passthrough/.venv/...pper name='/dev/null' mode='r' encoding='utf-8'>> _state='suspended' _in_suspended=False> _capture_fixture=None>>, ...]
        self       = <_pytest.config.PytestPluginManager object at 0x7eb6f1460f50>
/home/user/passthrough/.venv/lib/python3.12/site-packages/pluggy/_callers.py:167: in _multicall
    raise exception
        __tracebackhide__ = True
        args       = [<Function test_anyone_can_create_passthrough>]
        caller_kwargs = {'item': <Function test_anyone_can_create_passthrough>}
        exception  = InvalidAddress('web3.py only accepts checksum addresses. The software that gave you this non-checksum address should b... accept lower safety, use Web3.to_checksum_address(lower_case_address).', '0x5fbdb2315678afecb367f032d93f642f64180aa3')
        firstresult = False
        function_gen = <generator object CaptureManager.pytest_runtest_setup at 0x7eb6c195e6c0>
        hook_impl  = <HookImpl plugin_name='runner', plugin=<module '_pytest.runner' from '/home/user/passthrough/.venv/lib/python3.12/site-packages/_pytest/runner.py'>>
        hook_impls = [<HookImpl plugin_name='threadexception', plugin=<module '_pytest.threadexception' from '/home/user/passthrough/.venv/...pper name='/dev/null' mode='r' encoding='utf-8'>> _state='suspended' _in_suspended=False> _capture_fixture=None>>, ...]
        hook_name  = 'pytest_runtest_setup'
        res        = None
        result     = []
        results    = []
        teardown   = <generator object LoggingPlugin.pytest_runtest_setup at 0x7eb6c1b733d0>
        teardowns  = [<generator object LoggingPlugin.pytest_runtest_setup at 0x7eb6c1b733d0>, <generator object CaptureManager.pytest_runtest_setup at 0x7eb6c195e6c0>]
/home/user/passthrough/.venv/lib/python3.12/site-packages/pluggy/_callers.py:139: in _multicall
    teardown.throw(exception)
        __tracebackhide__ = True
        args       = [<Function test_anyone_can_create_passthrough>]
        caller_kwargs = {'item': <Function test_anyone_can_create_passthrough>}
        exception  = InvalidAddress('web3.py only accepts checksum addresses. The software that gave you this non-checksum address should b... accept lower safety, use Web3.to_checksum_address(lower_case_address).', '0x5fbdb2315678afecb367f032d93f642f64180aa3')
        firstresult = False
        function_gen = <generator object CaptureManager.pytest_runtest_setup at 0x7eb6c195e6c0>
        hook_impl  = <HookImpl plugin_name='runner', plugin=<module '_pytest.runner' from '/home/user/passthrough/.venv/lib/python3.12/site-packages/_pytest/runner.py'>>
        hook_impls = [<HookImpl plugin_name='threadexception', plugin=<module '_pytest.threadexception' from '/home/user/passthrough/.venv/...pper name='/dev/null' mode='r' encoding='utf-8'>> _state='suspended' _in_suspended=False> _capture_fixture=None>>, ...]
        hook_name  = 'pytest_runtest_setup'
        res        = None
        result     = []
        results    = []
        teardown   = <generator object LoggingPlugin.pytest_runtest_setup at 0x7eb6c1b733d0>
        teardowns  = [<generator object LoggingPlugin.pytest_runtest_setup at 0x7eb6c1b733d0>, <generator object CaptureManager.pytest_runtest_setup at 0x7eb6c195e6c0>]
/home/user/passthrough/.venv/lib/python3.12/site-packages/_pytest/logging.py:843: in pytest_runtest_setup
    yield
        empty      = {'setup': []}
        item       = <Function test_anyone_can_create_passthrough>
        self       = <_pytest.logging.LoggingPlugin object at 0x7eb6ee3dcf20>
/home/user/passthrough/.venv/lib/python3.12/site-packages/pluggy/_callers.py:139: in _multicall
    teardown.throw(exception)
        __tracebackhide__ = True
        args       = [<Function test_anyone_can_create_passthrough>]
        caller_kwargs = {'item': <Function test_anyone_can_create_passthrough>}
        exception  = InvalidAddress('web3.py only accepts checksum addresses. The software that gave you this non-checksum address should b... accept lower safety, use Web3.to_checksum_address(lower_case_address).', '0x5fbdb2315678afecb367f032d93f642f64180aa3')
        firstresult = False
        function_gen = <generator object CaptureManager.pytest_runtest_setup at 0x7eb6c195e6c0>
        hook_impl  = <HookImpl plugin_name='runner', plugin=<module '_pytest.runner' from '/home/user/passthrough/.venv/lib/python3.12/site-packages/_pytest/runner.py'>>
        hook_impls = [<HookImpl plugin_name='threadexception', plugin=<module '_pytest.threadexception' from '/home/user/passthrough/.venv/...pper name='/dev/null' mode='r' encoding='utf-8'>> _state='suspended' _in_suspended=False> _capture_fixture=None>>, ...]
        hook_name  = 'pytest_runtest_setup'
        res        = None
        result     = []
        results    = []
        teardown   = <generator object LoggingPlugin.pytest_runtest_setup at 0x7eb6c1b733d0>
        teardowns  = [<generator object LoggingPlugin.pytest_runtest_setup at 0x7eb6c1b733d0>, <generator object CaptureManager.pytest_runtest_setup at 0x7eb6c195e6c0>]
/home/user/passthrough/.venv/lib/python3.12/site-packages/_pytest/capture.py:895: in pytest_runtest_setup
    return (yield)
            ^^^^^
        item       = <Function test_anyone_can_create_passthrough>
        self       = <CaptureManager _method='fd' _global_capturing=<MultiCapture out=<FDCapture 1 oldfd=5 _state='suspended' tmpfile=<_io....xtIOWrapper name='/dev/null' mode='r' encoding='utf-8'>> _state='suspended' _in_suspended=False> _capture_fixture=None>
/home/user/passthrough/.venv/lib/python3.12/site-packages/pluggy/_callers.py:121: in _multicall
    res = hook_impl.function(*args)
          ^^^^^^^^^^^^^^^^^^^^^^^^^
        __tracebackhide__ = True
        args       = [<Function test_anyone_can_create_passthrough>]
        caller_kwargs = {'item': <Function test_anyone_can_create_passthrough>}
        exception  = InvalidAddress('web3.py only accepts checksum addresses. The software that gave you this non-checksum address should b... accept lower safety, use Web3.to_checksum_address(lower_case_address).', '0x5fbdb2315678afecb367f032d93f642f64180aa3')
        firstresult = False
        function_gen = <generator object CaptureManager.pytest_runtest_setup at 0x7eb6c195e6c0>
        hook_impl  = <HookImpl plugin_name='runner', plugin=<module '_pytest.runner' from '/home/user/passthrough/.venv/lib/python3.12/site-packages/_pytest/runner.py'>>
        hook_impls = [<HookImpl plugin_name='threadexception', plugin=<module '_pytest.threadexception' from '/home/user/passthrough/.venv/...pper name='/dev/null' mode='r' encoding='utf-8'>> _state='suspended' _in_suspended=False> _capture_fixture=None>>, ...]
        hook_name  = 'pytest_runtest_setup'
        res        = None
        result     = []
        results    = []
        teardown   = <generator object LoggingPlugin.pytest_runtest_setup at 0x7eb6c1b733d0>
        teardowns  = [<generator object LoggingPlugin.pytest_runtest_setup at 0x7eb6c1b733d0>, <generator object CaptureManager.pytest_runtest_setup at 0x7eb6c195e6c0>]
/home/user/passthrough/.venv/lib/python3.12/site-packages/_pytest/runner.py:164: in pytest_runtest_setup
    item.session._setupstate.setup(item)
        item       = <Function test_anyone_can_create_passthrough>
/home/user/passthrough/.venv/lib/python3.12/site-packages/_pytest/runner.py:514: in setup
    col.setup()
        col        = <Function test_anyone_can_create_passthrough>
        finalizers = [<bound method Node.teardown of <Module test_factory.py>>]
        item       = <Function test_anyone_can_create_passthrough>
        needed_collectors = [<Session  exitstatus=<ExitCode.OK: 0> testsfailed=12 testscollected=19>, <Dir passthrough>, <Dir tests>, <Module test_factory.py>, <Function test_anyone_can_create_passthrough>]
        self       = <_pytest.runner.SetupState object at 0x7eb6ee3c72c0>
/home/user/passthrough/.venv/lib/python3.12/site-packages/_pytest/python.py:1674: in setup
    self._request._fillfixtures()
        self       = <Function test_anyone_can_create_passthrough>
/home/user/passthrough/.venv/lib/python3.12/site-packages/_pytest/fixtures.py:720: in _fillfixtures
    item.funcargs[argname] = self.getfixturevalue(argname)
                             ^^^^^^^^^^^^^^^^^^^^^^^^^^^^^
        argname    = 'blueprint'
        item       = <Function test_anyone_can_create_passthrough>
        self       = <FixtureRequest for <Function test_anyone_can_create_passthrough>>
/home/user/passthrough/.venv/lib/python3.12/site-packages/_pytest/fixtures.py:549: in getfixturevalue
    fixturedef = self._get_active_fixturedef(argname)
                 ^^^^^^^^^^^^^^^^^^^^^^^^^^^^^^^^^^^^
        argname    = 'blueprint'
        self       = <FixtureRequest for <Function test_anyone_can_create_passthrough>>
/home/user/passthrough/.venv/lib/python3.12/site-packages/_pytest/fixtures.py:640: in _get_active_fixturedef
    fixturedef.execute(request=subrequest)
        argname    = 'blueprint'
        callspec   = None
        fixturedef = <FixtureDef argname='blueprint' scope='function' baseid='tests/test_factory.py'>
        fixturedefs = (<FixtureDef argname='blueprint' scope='function' baseid='tests/test_factory.py'>,)
        index      = -1
        param      = <NotSetType.token: 0>
        param_index = 0
        scope      = <Scope.Function: 'function'>
        self       = <FixtureRequest for <Function test_anyone_can_create_passthrough>>
        subrequest = <SubRequest 'blueprint' for <Function test_anyone_can_create_passthrough>>
/home/user/passthrough/.venv/lib/python3.12/site-packages/_pytest/fixtures.py:1128: in execute
    result = ihook.pytest_fixture_setup(fixturedef=self, request=request)
             ^^^^^^^^^^^^^^^^^^^^^^^^^^^^^^^^^^^^^^^^^^^^^^^^^^^^^^^^^^^^
        argname    = 'owner'
        finalizer  = functools.partial(<bound method FixtureDef.finish of <FixtureDef argname='blueprint' scope='function' baseid='tests/test_factory.py'>>, request=<SubRequest 'blueprint' for <Function test_anyone_can_create_passthrough>>)
        fixturedef = <FixtureDef argname='owner' scope='function' baseid='tests/test_factory.py'>
        ihook      = <_pytest.config.compat.PathAwareHookProxy object at 0x7eb6f15e2e40>
        parent_fixture = <FixtureDef argname='owner' scope='function' baseid='tests/test_factory.py'>
        request    = <SubRequest 'blueprint' for <Function test_anyone_can_create_passthrough>>
        requested_fixtures_that_should_finalize_us = [<FixtureDef argname='owner' scope='function' baseid='tests/test_factory.py'>]
        self       = <FixtureDef argname='blueprint' scope='function' baseid='tests/test_factory.py'>
/home/user/passthrough/.venv/lib/python3.12/site-packages/pluggy/_hooks.py:512: in __call__
    return self._hookexec(self.name, self._hookimpls.copy(), kwargs, firstresult)
           ^^^^^^^^^^^^^^^^^^^^^^^^^^^^^^^^^^^^^^^^^^^^^^^^^^^^^^^^^^^^^^^^^^^^^^
        firstresult = True
        kwargs     = {'fixturedef': <FixtureDef argname='blueprint' scope='function' baseid='tests/test_factory.py'>, 'request': <SubRequest 'blueprint' for <Function test_anyone_can_create_passthrough>>}
        self       = <HookCaller 'pytest_fixture_setup'>
/home/user/passthrough/.venv/lib/python3.12/site-packages/pluggy/_manager.py:120: in _hookexec
    return self._inner_hookexec(hook_name, methods, kwargs, firstresult)
           ^^^^^^^^^^^^^^^^^^^^^^^^^^^^^^^^^^^^^^^^^^^^^^^^^^^^^^^^^^^^^
        firstresult = True
        hook_name  = 'pytest_fixture_setup'
        kwargs     = {'fixturedef': <FixtureDef argname='blueprint' scope='function' baseid='tests/test_factory.py'>, 'request': <SubRequest 'blueprint' for <Function test_anyone_can_create_passthrough>>}
        methods    = [<HookImpl plugin_name='fixtures', plugin=<module '_pytest.fixtures' from '/home/user/passthrough/.venv/lib/python3.12...in=<module '_pytest.setuponly' from '/home/user/passthrough/.venv/lib/python3.12/site-packages/_pytest/setuponly.py'>>]
        self       = <_pytest.config.PytestPluginManager object at 0x7eb6f1460f50>
/home/user/passthrough/.venv/lib/python3.12/site-packages/pluggy/_callers.py:167: in _multicall
    raise exception
        __tracebackhide__ = True
        args       = [<FixtureDef argname='blueprint' scope='function' baseid='tests/test_factory.py'>, <SubRequest 'blueprint' for <Function test_anyone_can_create_passthrough>>]
        caller_kwargs = {'fixturedef': <FixtureDef argname='blueprint' scope='function' baseid='tests/test_factory.py'>, 'request': <SubRequest 'blueprint' for <Function test_anyone_can_create_passthrough>>}
        exception  = InvalidAddress('web3.py only accepts checksum addresses. The software that gave you this non-checksum address should b... accept lower safety, use Web3.to_checksum_address(lower_case_address).', '0x5fbdb2315678afecb367f032d93f642f64180aa3')
        firstresult = True
        function_gen = <generator object pytest_fixture_setup at 0x7eb6c1b72e30>
        hook_impl  = <HookImpl plugin_name='fixtures', plugin=<module '_pytest.fixtures' from '/home/user/passthrough/.venv/lib/python3.12/site-packages/_pytest/fixtures.py'>>
        hook_impls = [<HookImpl plugin_name='fixtures', plugin=<module '_pytest.fixtures' from '/home/user/passthrough/.venv/lib/python3.12...in=<module '_pytest.setuponly' from '/home/user/passthrough/.venv/lib/python3.12/site-packages/_pytest/setuponly.py'>>]
        hook_name  = 'pytest_fixture_setup'
        res        = None
        result     = None
        results    = []
        teardown   = <generator object pytest_fixture_setup at 0x7eb6c1b72e30>
        teardowns  = [<generator object pytest_fixture_setup at 0x7eb6c1b72e30>]
/home/user/passthrough/.venv/lib/python3.12/site-packages/pluggy/_callers.py:139: in _multicall
    teardown.throw(exception)
        __tracebackhide__ = True
        args       = [<FixtureDef argname='blueprint' scope='function' baseid='tests/test_factory.py'>, <SubRequest 'blueprint' for <Function test_anyone_can_create_passthrough>>]
        caller_kwargs = {'fixturedef': <FixtureDef argname='blueprint' scope='function' baseid='tests/test_factory.py'>, 'request': <SubRequest 'blueprint' for <Function test_anyone_can_create_passthrough>>}
        exception  = InvalidAddress('web3.py only accepts checksum addresses. The software that gave you this non-checksum address should b... accept lower safety, use Web3.to_checksum_address(lower_case_address).', '0x5fbdb2315678afecb367f032d93f642f64180aa3')
        firstresult = True
        function_gen = <generator object pytest_fixture_setup at 0x7eb6c1b72e30>
        hook_impl  = <HookImpl plugin_name='fixtures', plugin=<module '_pytest.fixtures' from '/home/user/passthrough/.venv/lib/python3.12/site-packages/_pytest/fixtures.py'>>
        hook_impls = [<HookImpl plugin_name='fixtures', plugin=<module '_pytest.fixtures' from '/home/user/passthrough/.venv/lib/python3.12...in=<module '_pytest.setuponly' from '/home/user/passthrough/.venv/lib/python3.12/site-packages/_pytest/setuponly.py'>>]
        hook_name  = 'pytest_fixture_setup'
        res        = None
        result     = None
        results    = []
        teardown   = <generator object pytest_fixture_setup at 0x7eb6c1b72e30>
        teardowns  = [<generator object pytest_fixture_setup at 0x7eb6c1b72e30>]
/home/user/passthrough/.venv/lib/python3.12/site-packages/_pytest/setuponly.py:36: in pytest_fixture_setup
    return (yield)
            ^^^^^
        fixturedef = <FixtureDef argname='blueprint' scope='function' baseid='tests/test_factory.py'>
        request    = <SubRequest 'blueprint' for <Function test_anyone_can_create_passthrough>>
/home/user/passthrough/.venv/lib/python3.12/site-packages/pluggy/_callers.py:121: in _multicall
    res = hook_impl.function(*args)
          ^^^^^^^^^^^^^^^^^^^^^^^^^
        __tracebackhide__ = True
        args       = [<FixtureDef argname='blueprint' scope='function' baseid='tests/test_factory.py'>, <SubRequest 'blueprint' for <Function test_anyone_can_create_passthrough>>]
        caller_kwargs = {'fixturedef': <FixtureDef argname='blueprint' scope='function' baseid='tests/test_factory.py'>, 'request': <SubRequest 'blueprint' for <Function test_anyone_can_create_passthrough>>}
        exception  = InvalidAddress('web3.py only accepts checksum addresses. The software that gave you this non-checksum address should b... accept lower safety, use Web3.to_checksum_address(lower_case_address).', '0x5fbdb2315678afecb367f032d93f642f64180aa3')
        firstresult = True
        function_gen = <generator object pytest_fixture_setup at 0x7eb6c1b72e30>
        hook_impl  = <HookImpl plugin_name='fixtures', plugin=<module '_pytest.fixtures' from '/home/user/passthrough/.venv/lib/python3.12/site-packages/_pytest/fixtures.py'>>
        hook_impls = [<HookImpl plugin_name='fixtures', plugin=<module '_pytest.fixtures' from '/home/user/passthrough/.venv/lib/python3.12...in=<module '_pytest.setuponly' from '/home/user/passthrough/.venv/lib/python3.12/site-packages/_pytest/setuponly.py'>>]
        hook_name  = 'pytest_fixture_setup'
        res        = None
        result     = None
        results    = []
        teardown   = <generator object pytest_fixture_setup at 0x7eb6c1b72e30>
        teardowns  = [<generator object pytest_fixture_setup at 0x7eb6c1b72e30>]
/home/user/passthrough/.venv/lib/python3.12/site-packages/_pytest/fixtures.py:1196: in pytest_fixture_setup
    result = call_fixture_func(fixturefunc, request, kwargs)
             ^^^^^^^^^^^^^^^^^^^^^^^^^^^^^^^^^^^^^^^^^^^^^^^
        argname    = 'owner'
        fixturedef = <FixtureDef argname='blueprint' scope='function' baseid='tests/test_factory.py'>
        fixturefunc = <function blueprint at 0x7eb6c27cea20>
        kwargs     = {'owner': <TestAccount_0 0xf39Fd6e51aad88F6F4ce6aB8827279cffFb92266>}
        my_cache_key = None
        request    = <SubRequest 'blueprint' for <Function test_anyone_can_create_passthrough>>
/home/user/passthrough/.venv/lib/python3.12/site-packages/_pytest/fixtures.py:930: in call_fixture_func
    fixture_result = fixturefunc(**kwargs)
                     ^^^^^^^^^^^^^^^^^^^^^
        fixturefunc = <function blueprint at 0x7eb6c27cea20>
        kwargs     = {'owner': <TestAccount_0 0xf39Fd6e51aad88F6F4ce6aB8827279cffFb92266>}
        request    = <SubRequest 'blueprint' for <Function test_anyone_can_create_passthrough>>
/home/user/passthrough/tests/test_factory.py:40: in blueprint
    return deploy_blueprint(project.Passthrough, owner)
           ^^^^^^^^^^^^^^^^^^^^^^^^^^^^^^^^^^^^^^^^^^^^
        deploy_blueprint = <function deploy_blueprint at 0x7eb6f115fce0>
        owner      = <TestAccount_0 0xf39Fd6e51aad88F6F4ce6aB8827279cffFb92266>
/home/user/passthrough/tests/conftest.py:60: in deploy_blueprint
    runtime_bytecode = web3.eth.get_code(temp_address)
                       ^^^^^^^^^^^^^^^^^^^^^^^^^^^^^^^
        contract_container = <Passthrough>
        contract_type = <ContractType Passthrough>
        init_code  = '0x611b865150346103a2576020611f645f395f51600a602082611f64015f395f51116103a257602081611f64015f395f515f81600a81116103a25...401aa1855820852887320f0d404c27938a631eb6e7268477bf82e4f8608ee65c859a4d311bf9191b8681183e1820a1657679706572830004030038'
        keccak     = <function keccak at 0x7eb6f0fd5b20>
        nonce      = 0
        receipt    = AttributeDict({'blockHash': HexBytes('0x0ba5cbfac4c3e82be19075791648ce538812b1e5802a714efcaab474842f8b41'), 'blockNumb...sh': HexBytes('0x7af2175882a71fa8813fe5cb44583488df1652a3771d2041153745d27500e163'), 'transactionIndex': 0, 'type': 0})
        rlp        = <module 'rlp' from '/home/user/passthrough/.venv/lib/python3.12/site-packages/rlp/__init__.py'>
        rlp_encoded = b'\xd6\x94\xf3\x9f\xd6\xe5\x1a\xad\x88\xf6\xf4\xcej\xb8\x82ry\xcf\xff\xb9"f\x80'
        sender     = <TestAccount_0 0xf39Fd6e51aad88F6F4ce6aB8827279cffFb92266>
        temp_address = '0x5fbdb2315678afecb367f032d93f642f64180aa3'
        to_checksum_address = <function to_checksum_address at 0x7eb6f107d4e0>
        tx_dict    = {'data': '0x611b865150346103a2576020611f645f395f51600a602082611f64015f395f51116103a257602081611f64015f395f515f81600a81...706572830004030038', 'from': '0xf39Fd6e51aad88F6F4ce6aB8827279cffFb92266', 'gas': 3000000, 'gasPrice': 1000000000, ...}
        tx_hash    = HexBytes('0x7af2175882a71fa8813fe5cb44583488df1652a3771d2041153745d27500e163')
        web3       = <web3.main.Web3 object at 0x7eb6c234e4b0>
/home/user/passthrough/.venv/lib/python3.12/site-packages/web3/eth/eth.py:455: in get_code
    return self._get_code(account, block_identifier)
           ^^^^^^^^^^^^^^^^^^^^^^^^^^^^^^^^^^^^^^^^^
        account    = '0x5fbdb2315678afecb367f032d93f642f64180aa3'
        block_identifier = None
        self       = <web3.eth.eth.Eth object at 0x7eb6c1e167b0>
/home/user/passthrough/.venv/lib/python3.12/site-packages/web3/module.py:101: in caller
    (method_str, params), response_formatters = method.process_params(
        args       = ('0x5fbdb2315678afecb367f032d93f642f64180aa3', None)
        kwargs     = {}
        method     = <web3.method.Method object at 0x7eb6f1443320>
        module     = <web3.eth.eth.Eth object at 0x7eb6c1e167b0>
        w3         = <web3.main.Web3 object at 0x7eb6c234e4b0>
/home/user/passthrough/.venv/lib/python3.12/site-packages/web3/method.py:237: in process_params
    _apply_request_formatters(params, self.request_formatters(method)),
    ^^^^^^^^^^^^^^^^^^^^^^^^^^^^^^^^^^^^^^^^^^^^^^^^^^^^^^^^^^^^^^^^^^
        args       = ('0x5fbdb2315678afecb367f032d93f642f64180aa3', None)
        kwargs     = {}
        method     = 'eth_getCode'
        module     = <web3.eth.eth.Eth object at 0x7eb6c1e167b0>
        params     = ('0x5fbdb2315678afecb367f032d93f642f64180aa3', 'latest')
        response_formatters = (<class 'hexbytes.main.HexBytes'>, <cyfunction identity at 0x7eb6f0ec1840>, <cyfunction identity at 0x7eb6f0ec1840>)
        self       = <web3.method.Method object at 0x7eb6f1443320>
/home/user/passthrough/.venv/lib/python3.12/site-packages/eth_utils/functional.py:47: in inner
    return callback(fn(*args, **kwargs))
                    ^^^^^^^^^^^^^^^^^^^
        args       = (('0x5fbdb2315678afecb367f032d93f642f64180aa3', 'latest'), Compose(<function map_abi_data at 0x7eb6eed50d60>, <function apply_formatter_at_index at 0x7eb6f0e9b7e0>))
        callback   = <class 'tuple'>
        fn         = <function _apply_request_formatters at 0x7eb6ee874400>
        kwargs     = {}
/home/user/passthrough/.venv/lib/python3.12/site-packages/web3/method.py:64: in _apply_request_formatters
    formatted_params = pipe(params, request_formatters)
                       ^^^^^^^^^^^^^^^^^^^^^^^^^^^^^^^^
        params     = ('0x5fbdb2315678afecb367f032d93f642f64180aa3', 'latest')
        request_formatters = Compose(<function map_abi_data at 0x7eb6eed50d60>, <function apply_formatter_at_index at 0x7eb6f0e9b7e0>)
/home/user/passthrough/.venv/lib/python3.12/site-packages/web3/_utils/abi.py:613: in map_abi_data
    return pipe(
        data       = ('0x5fbdb2315678afecb367f032d93f642f64180aa3', 'latest')
        normalizers = [<function abi_bytes_to_hex at 0x7eb6eed6dc60>, <function abi_int_to_hex at 0x7eb6eed6de40>, <function abi_string_to_hex at 0x7eb6eed6df80>, <function abi_address_to_hex at 0x7eb6eed6e3e0>]
        types      = ['address', None]
/home/user/passthrough/.venv/lib/python3.12/site-packages/web3/_utils/abi.py:655: in data_tree_map
    return recursive_map(map_to_typed_data, data_tree)
           ^^^^^^^^^^^^^^^^^^^^^^^^^^^^^^^^^^^^^^^^^^^
        data_tree  = [ABITypedData(abi_type='address', data='0x5fbdb2315678afecb367f032d93f642f64180aa3'), ABITypedData(abi_type=None, data='latest')]
        func       = <function abi_address_to_hex at 0x7eb6eed6e3e0>
        map_to_typed_data = <function data_tree_map.<locals>.map_to_typed_data at 0x7eb6c1902840>
/home/user/passthrough/.venv/lib/python3.12/site-packages/web3/_utils/decorators.py:38: in wrapped
    return to_wrap(*args)
           ^^^^^^^^^^^^^^
        add_call   = <built-in method add of set object at 0x7eb6eeee0ba0>
        already_called = set()
        args       = (<function data_tree_map.<locals>.map_to_typed_data at 0x7eb6c1902840>, [ABITypedData(abi_type='address', data='0x5fbdb2315678afecb367f032d93f642f64180aa3'), ABITypedData(abi_type=None, data='latest')])
        remove_call = <built-in method remove of set object at 0x7eb6eeee0ba0>
        thread_local_args = (139324213223552, 139323396597824, 139323386147264)
        to_wrap    = <function recursive_map at 0x7eb6eecfef20>
/home/user/passthrough/.venv/lib/python3.12/site-packages/web3/_utils/formatters.py:89: in recursive_map
    items_mapped = map_collection(recurse, data)
                   ^^^^^^^^^^^^^^^^^^^^^^^^^^^^^
        data       = [ABITypedData(abi_type='address', data='0x5fbdb2315678afecb367f032d93f642f64180aa3'), ABITypedData(abi_type=None, data='latest')]
        func       = <function data_tree_map.<locals>.map_to_typed_data at 0x7eb6c1902840>
        recurse    = <function recursive_map.<locals>.recurse at 0x7eb6c1902700>
/home/user/passthrough/.venv/lib/python3.12/site-packages/web3/_utils/formatters.py:73: in map_collection
    return datatype(map(func, collection))
           ^^^^^^^^^^^^^^^^^^^^^^^^^^^^^^^
        collection = [ABITypedData(abi_type='address', data='0x5fbdb2315678afecb367f032d93f642f64180aa3'), ABITypedData(abi_type=None, data='latest')]
        datatype   = <class 'list'>
        func       = <function recursive_map.<locals>.recurse at 0x7eb6c1902700>
/home/user/passthrough/.venv/lib/python3.12/site-packages/web3/_utils/formatters.py:87: in recurse
    return recursive_map(func, item)
           ^^^^^^^^^^^^^^^^^^^^^^^^^
        func       = <function data_tree_map.<locals>.map_to_typed_data at 0x7eb6c1902840>
        item       = ABITypedData(abi_type='address', data='0x5fbdb2315678afecb367f032d93f642f64180aa3')
/home/user/passthrough/.venv/lib/python3.12/site-packages/web3/_utils/decorators.py:38: in wrapped
    return to_wrap(*args)
           ^^^^^^^^^^^^^^
        add_call   = <built-in method add of set object at 0x7eb6eeee0ba0>
        already_called = set()
        args       = (<function data_tree_map.<locals>.map_to_typed_data at 0x7eb6c1902840>, ABITypedData(abi_type='address', data='0x5fbdb2315678afecb367f032d93f642f64180aa3'))
        remove_call = <built-in method remove of set object at 0x7eb6eeee0ba0>
        thread_local_args = (139324213223552, 139323396597824, 139323397431024)
        to_wrap    = <function recursive_map at 0x7eb6eecfef20>
/home/user/passthrough/.venv/lib/python3.12/site-packages/web3/_utils/formatters.py:90: in recursive_map
    return func(items_mapped)
           ^^^^^^^^^^^^^^^^^^
        data       = ABITypedData(abi_type='address', data='0x5fbdb2315678afecb367f032d93f642f64180aa3')
        func       = <function data_tree_map.<locals>.map_to_typed_data at 0x7eb6c1902840>
        items_mapped = ABITypedData(abi_type='address', data='0x5fbdb2315678afecb367f032d93f642f64180aa3')
        recurse    = <function recursive_map.<locals>.recurse at 0x7eb6c1bc05e0>
/home/user/passthrough/.venv/lib/python3.12/site-packages/web3/_utils/abi.py:651: in map_to_typed_data
    return ABITypedData(func(*elements))
                        ^^^^^^^^^^^^^^^
        elements   = ABITypedData(abi_type='address', data='0x5fbdb2315678afecb367f032d93f642f64180aa3')
        func       = <function abi_address_to_hex at 0x7eb6eed6e3e0>
/home/user/passthrough/.venv/lib/python3.12/site-packages/web3/_utils/normalizers.py:79: in wrapper
    modified = to_wrap(type_str, data)
               ^^^^^^^^^^^^^^^^^^^^^^^
        data       = '0x5fbdb2315678afecb367f032d93f642f64180aa3'
        to_wrap    = <function abi_address_to_hex at 0x7eb6eed6e340>
        type_str   = 'address'
/home/user/passthrough/.venv/lib/python3.12/site-packages/web3/_utils/normalizers.py:202: in abi_address_to_hex
    validate_address(data)
        data       = '0x5fbdb2315678afecb367f032d93f642f64180aa3'
        type_str   = 'address'
/home/user/passthrough/.venv/lib/python3.12/site-packages/web3/_utils/validation.py:201: in validate_address
    raise InvalidAddress(
E   web3.exceptions.InvalidAddress: ('web3.py only accepts checksum addresses. The software that gave you this non-checksum address should be considered unsafe, please file it as a bug on their platform. Try using an ENS name instead. Or, if you must accept lower safety, use Web3.to_checksum_address(lower_case_address).', '0x5fbdb2315678afecb367f032d93f642f64180aa3')
        value      = '0x5fbdb2315678afecb367f032d93f642f64180aa3'
___________ ERROR at setup of test_passthrough_shares_factory_admins ___________
/home/user/passthrough/.venv/lib/python3.12/site-packages/_pytest/runner.py:344: in from_call
    result: TResult | None = func()
                             ^^^^^^
        cls        = <class '_pytest.runner.CallInfo'>
        duration   = Duration(start=Instant(time=1763228725.2635362, perf_count=286.456063188), stop=Instant(time=1763228725.33215, perf_count=286.524677694))
        excinfo    = <ExceptionInfo InvalidAddress('web3.py only accepts checksum addresses. The software that gave you this non-checksum a...wer safety, use Web3.to_checksum_address(lower_case_address).', '0x5fbdb2315678afecb367f032d93f642f64180aa3') tblen=44>
        func       = <function call_and_report.<locals>.<lambda> at 0x7eb6c2182200>
        instant    = Instant(time=1763228725.2635362, perf_count=286.456063188)
        reraise    = (<class '_pytest.outcomes.Exit'>, <class 'KeyboardInterrupt'>)
        result     = None
        when       = 'setup'
/home/user/passthrough/.venv/lib/python3.12/site-packages/_pytest/runner.py:246: in <lambda>
    lambda: runtest_hook(item=item, **kwds), when=when, reraise=reraise
            ^^^^^^^^^^^^^^^^^^^^^^^^^^^^^^^
        item       = <Function test_passthrough_shares_factory_admins>
        kwds       = {}
        runtest_hook = <HookCaller 'pytest_runtest_setup'>
/home/user/passthrough/.venv/lib/python3.12/site-packages/pluggy/_hooks.py:512: in __call__
    return self._hookexec(self.name, self._hookimpls.copy(), kwargs, firstresult)
           ^^^^^^^^^^^^^^^^^^^^^^^^^^^^^^^^^^^^^^^^^^^^^^^^^^^^^^^^^^^^^^^^^^^^^^
        firstresult = False
        kwargs     = {'item': <Function test_passthrough_shares_factory_admins>}
        self       = <HookCaller 'pytest_runtest_setup'>
/home/user/passthrough/.venv/lib/python3.12/site-packages/pluggy/_manager.py:120: in _hookexec
    return self._inner_hookexec(hook_name, methods, kwargs, firstresult)
           ^^^^^^^^^^^^^^^^^^^^^^^^^^^^^^^^^^^^^^^^^^^^^^^^^^^^^^^^^^^^^
        firstresult = False
        hook_name  = 'pytest_runtest_setup'
        kwargs     = {'item': <Function test_passthrough_shares_factory_admins>}
        methods    = [<HookImpl plugin_name='threadexception', plugin=<module '_pytest.threadexception' from '/home/user/passthrough/.venv/...pper name='/dev/null' mode='r' encoding='utf-8'>> _state='suspended' _in_suspended=False> _capture_fixture=None>>, ...]
        self       = <_pytest.config.PytestPluginManager object at 0x7eb6f1460f50>
/home/user/passthrough/.venv/lib/python3.12/site-packages/pluggy/_callers.py:167: in _multicall
    raise exception
        __tracebackhide__ = True
        args       = [<Function test_passthrough_shares_factory_admins>]
        caller_kwargs = {'item': <Function test_passthrough_shares_factory_admins>}
        exception  = InvalidAddress('web3.py only accepts checksum addresses. The software that gave you this non-checksum address should b... accept lower safety, use Web3.to_checksum_address(lower_case_address).', '0x5fbdb2315678afecb367f032d93f642f64180aa3')
        firstresult = False
        function_gen = <generator object CaptureManager.pytest_runtest_setup at 0x7eb6c195db60>
        hook_impl  = <HookImpl plugin_name='runner', plugin=<module '_pytest.runner' from '/home/user/passthrough/.venv/lib/python3.12/site-packages/_pytest/runner.py'>>
        hook_impls = [<HookImpl plugin_name='threadexception', plugin=<module '_pytest.threadexception' from '/home/user/passthrough/.venv/...pper name='/dev/null' mode='r' encoding='utf-8'>> _state='suspended' _in_suspended=False> _capture_fixture=None>>, ...]
        hook_name  = 'pytest_runtest_setup'
        res        = None
        result     = []
        results    = []
        teardown   = <generator object LoggingPlugin.pytest_runtest_setup at 0x7eb6c1e89030>
        teardowns  = [<generator object LoggingPlugin.pytest_runtest_setup at 0x7eb6c1e89030>, <generator object CaptureManager.pytest_runtest_setup at 0x7eb6c195db60>]
/home/user/passthrough/.venv/lib/python3.12/site-packages/pluggy/_callers.py:139: in _multicall
    teardown.throw(exception)
        __tracebackhide__ = True
        args       = [<Function test_passthrough_shares_factory_admins>]
        caller_kwargs = {'item': <Function test_passthrough_shares_factory_admins>}
        exception  = InvalidAddress('web3.py only accepts checksum addresses. The software that gave you this non-checksum address should b... accept lower safety, use Web3.to_checksum_address(lower_case_address).', '0x5fbdb2315678afecb367f032d93f642f64180aa3')
        firstresult = False
        function_gen = <generator object CaptureManager.pytest_runtest_setup at 0x7eb6c195db60>
        hook_impl  = <HookImpl plugin_name='runner', plugin=<module '_pytest.runner' from '/home/user/passthrough/.venv/lib/python3.12/site-packages/_pytest/runner.py'>>
        hook_impls = [<HookImpl plugin_name='threadexception', plugin=<module '_pytest.threadexception' from '/home/user/passthrough/.venv/...pper name='/dev/null' mode='r' encoding='utf-8'>> _state='suspended' _in_suspended=False> _capture_fixture=None>>, ...]
        hook_name  = 'pytest_runtest_setup'
        res        = None
        result     = []
        results    = []
        teardown   = <generator object LoggingPlugin.pytest_runtest_setup at 0x7eb6c1e89030>
        teardowns  = [<generator object LoggingPlugin.pytest_runtest_setup at 0x7eb6c1e89030>, <generator object CaptureManager.pytest_runtest_setup at 0x7eb6c195db60>]
/home/user/passthrough/.venv/lib/python3.12/site-packages/_pytest/logging.py:843: in pytest_runtest_setup
    yield
        empty      = {'setup': []}
        item       = <Function test_passthrough_shares_factory_admins>
        self       = <_pytest.logging.LoggingPlugin object at 0x7eb6ee3dcf20>
/home/user/passthrough/.venv/lib/python3.12/site-packages/pluggy/_callers.py:139: in _multicall
    teardown.throw(exception)
        __tracebackhide__ = True
        args       = [<Function test_passthrough_shares_factory_admins>]
        caller_kwargs = {'item': <Function test_passthrough_shares_factory_admins>}
        exception  = InvalidAddress('web3.py only accepts checksum addresses. The software that gave you this non-checksum address should b... accept lower safety, use Web3.to_checksum_address(lower_case_address).', '0x5fbdb2315678afecb367f032d93f642f64180aa3')
        firstresult = False
        function_gen = <generator object CaptureManager.pytest_runtest_setup at 0x7eb6c195db60>
        hook_impl  = <HookImpl plugin_name='runner', plugin=<module '_pytest.runner' from '/home/user/passthrough/.venv/lib/python3.12/site-packages/_pytest/runner.py'>>
        hook_impls = [<HookImpl plugin_name='threadexception', plugin=<module '_pytest.threadexception' from '/home/user/passthrough/.venv/...pper name='/dev/null' mode='r' encoding='utf-8'>> _state='suspended' _in_suspended=False> _capture_fixture=None>>, ...]
        hook_name  = 'pytest_runtest_setup'
        res        = None
        result     = []
        results    = []
        teardown   = <generator object LoggingPlugin.pytest_runtest_setup at 0x7eb6c1e89030>
        teardowns  = [<generator object LoggingPlugin.pytest_runtest_setup at 0x7eb6c1e89030>, <generator object CaptureManager.pytest_runtest_setup at 0x7eb6c195db60>]
/home/user/passthrough/.venv/lib/python3.12/site-packages/_pytest/capture.py:895: in pytest_runtest_setup
    return (yield)
            ^^^^^
        item       = <Function test_passthrough_shares_factory_admins>
        self       = <CaptureManager _method='fd' _global_capturing=<MultiCapture out=<FDCapture 1 oldfd=5 _state='suspended' tmpfile=<_io....xtIOWrapper name='/dev/null' mode='r' encoding='utf-8'>> _state='suspended' _in_suspended=False> _capture_fixture=None>
/home/user/passthrough/.venv/lib/python3.12/site-packages/pluggy/_callers.py:121: in _multicall
    res = hook_impl.function(*args)
          ^^^^^^^^^^^^^^^^^^^^^^^^^
        __tracebackhide__ = True
        args       = [<Function test_passthrough_shares_factory_admins>]
        caller_kwargs = {'item': <Function test_passthrough_shares_factory_admins>}
        exception  = InvalidAddress('web3.py only accepts checksum addresses. The software that gave you this non-checksum address should b... accept lower safety, use Web3.to_checksum_address(lower_case_address).', '0x5fbdb2315678afecb367f032d93f642f64180aa3')
        firstresult = False
        function_gen = <generator object CaptureManager.pytest_runtest_setup at 0x7eb6c195db60>
        hook_impl  = <HookImpl plugin_name='runner', plugin=<module '_pytest.runner' from '/home/user/passthrough/.venv/lib/python3.12/site-packages/_pytest/runner.py'>>
        hook_impls = [<HookImpl plugin_name='threadexception', plugin=<module '_pytest.threadexception' from '/home/user/passthrough/.venv/...pper name='/dev/null' mode='r' encoding='utf-8'>> _state='suspended' _in_suspended=False> _capture_fixture=None>>, ...]
        hook_name  = 'pytest_runtest_setup'
        res        = None
        result     = []
        results    = []
        teardown   = <generator object LoggingPlugin.pytest_runtest_setup at 0x7eb6c1e89030>
        teardowns  = [<generator object LoggingPlugin.pytest_runtest_setup at 0x7eb6c1e89030>, <generator object CaptureManager.pytest_runtest_setup at 0x7eb6c195db60>]
/home/user/passthrough/.venv/lib/python3.12/site-packages/_pytest/runner.py:164: in pytest_runtest_setup
    item.session._setupstate.setup(item)
        item       = <Function test_passthrough_shares_factory_admins>
/home/user/passthrough/.venv/lib/python3.12/site-packages/_pytest/runner.py:514: in setup
    col.setup()
        col        = <Function test_passthrough_shares_factory_admins>
        finalizers = [<bound method Node.teardown of <Module test_factory.py>>]
        item       = <Function test_passthrough_shares_factory_admins>
        needed_collectors = [<Session  exitstatus=<ExitCode.OK: 0> testsfailed=13 testscollected=19>, <Dir passthrough>, <Dir tests>, <Module test_factory.py>, <Function test_passthrough_shares_factory_admins>]
        self       = <_pytest.runner.SetupState object at 0x7eb6ee3c72c0>
/home/user/passthrough/.venv/lib/python3.12/site-packages/_pytest/python.py:1674: in setup
    self._request._fillfixtures()
        self       = <Function test_passthrough_shares_factory_admins>
/home/user/passthrough/.venv/lib/python3.12/site-packages/_pytest/fixtures.py:720: in _fillfixtures
    item.funcargs[argname] = self.getfixturevalue(argname)
                             ^^^^^^^^^^^^^^^^^^^^^^^^^^^^^
        argname    = 'blueprint'
        item       = <Function test_passthrough_shares_factory_admins>
        self       = <FixtureRequest for <Function test_passthrough_shares_factory_admins>>
/home/user/passthrough/.venv/lib/python3.12/site-packages/_pytest/fixtures.py:549: in getfixturevalue
    fixturedef = self._get_active_fixturedef(argname)
                 ^^^^^^^^^^^^^^^^^^^^^^^^^^^^^^^^^^^^
        argname    = 'blueprint'
        self       = <FixtureRequest for <Function test_passthrough_shares_factory_admins>>
/home/user/passthrough/.venv/lib/python3.12/site-packages/_pytest/fixtures.py:640: in _get_active_fixturedef
    fixturedef.execute(request=subrequest)
        argname    = 'blueprint'
        callspec   = None
        fixturedef = <FixtureDef argname='blueprint' scope='function' baseid='tests/test_factory.py'>
        fixturedefs = (<FixtureDef argname='blueprint' scope='function' baseid='tests/test_factory.py'>,)
        index      = -1
        param      = <NotSetType.token: 0>
        param_index = 0
        scope      = <Scope.Function: 'function'>
        self       = <FixtureRequest for <Function test_passthrough_shares_factory_admins>>
        subrequest = <SubRequest 'blueprint' for <Function test_passthrough_shares_factory_admins>>
/home/user/passthrough/.venv/lib/python3.12/site-packages/_pytest/fixtures.py:1128: in execute
    result = ihook.pytest_fixture_setup(fixturedef=self, request=request)
             ^^^^^^^^^^^^^^^^^^^^^^^^^^^^^^^^^^^^^^^^^^^^^^^^^^^^^^^^^^^^
        argname    = 'owner'
        finalizer  = functools.partial(<bound method FixtureDef.finish of <FixtureDef argname='blueprint' scope='function' baseid='tests/test_factory.py'>>, request=<SubRequest 'blueprint' for <Function test_passthrough_shares_factory_admins>>)
        fixturedef = <FixtureDef argname='owner' scope='function' baseid='tests/test_factory.py'>
        ihook      = <_pytest.config.compat.PathAwareHookProxy object at 0x7eb6f15e2e40>
        parent_fixture = <FixtureDef argname='owner' scope='function' baseid='tests/test_factory.py'>
        request    = <SubRequest 'blueprint' for <Function test_passthrough_shares_factory_admins>>
        requested_fixtures_that_should_finalize_us = [<FixtureDef argname='owner' scope='function' baseid='tests/test_factory.py'>]
        self       = <FixtureDef argname='blueprint' scope='function' baseid='tests/test_factory.py'>
/home/user/passthrough/.venv/lib/python3.12/site-packages/pluggy/_hooks.py:512: in __call__
    return self._hookexec(self.name, self._hookimpls.copy(), kwargs, firstresult)
           ^^^^^^^^^^^^^^^^^^^^^^^^^^^^^^^^^^^^^^^^^^^^^^^^^^^^^^^^^^^^^^^^^^^^^^
        firstresult = True
        kwargs     = {'fixturedef': <FixtureDef argname='blueprint' scope='function' baseid='tests/test_factory.py'>, 'request': <SubRequest 'blueprint' for <Function test_passthrough_shares_factory_admins>>}
        self       = <HookCaller 'pytest_fixture_setup'>
/home/user/passthrough/.venv/lib/python3.12/site-packages/pluggy/_manager.py:120: in _hookexec
    return self._inner_hookexec(hook_name, methods, kwargs, firstresult)
           ^^^^^^^^^^^^^^^^^^^^^^^^^^^^^^^^^^^^^^^^^^^^^^^^^^^^^^^^^^^^^
        firstresult = True
        hook_name  = 'pytest_fixture_setup'
        kwargs     = {'fixturedef': <FixtureDef argname='blueprint' scope='function' baseid='tests/test_factory.py'>, 'request': <SubRequest 'blueprint' for <Function test_passthrough_shares_factory_admins>>}
        methods    = [<HookImpl plugin_name='fixtures', plugin=<module '_pytest.fixtures' from '/home/user/passthrough/.venv/lib/python3.12...in=<module '_pytest.setuponly' from '/home/user/passthrough/.venv/lib/python3.12/site-packages/_pytest/setuponly.py'>>]
        self       = <_pytest.config.PytestPluginManager object at 0x7eb6f1460f50>
/home/user/passthrough/.venv/lib/python3.12/site-packages/pluggy/_callers.py:167: in _multicall
    raise exception
        __tracebackhide__ = True
        args       = [<FixtureDef argname='blueprint' scope='function' baseid='tests/test_factory.py'>, <SubRequest 'blueprint' for <Function test_passthrough_shares_factory_admins>>]
        caller_kwargs = {'fixturedef': <FixtureDef argname='blueprint' scope='function' baseid='tests/test_factory.py'>, 'request': <SubRequest 'blueprint' for <Function test_passthrough_shares_factory_admins>>}
        exception  = InvalidAddress('web3.py only accepts checksum addresses. The software that gave you this non-checksum address should b... accept lower safety, use Web3.to_checksum_address(lower_case_address).', '0x5fbdb2315678afecb367f032d93f642f64180aa3')
        firstresult = True
        function_gen = <generator object pytest_fixture_setup at 0x7eb6c1e8a980>
        hook_impl  = <HookImpl plugin_name='fixtures', plugin=<module '_pytest.fixtures' from '/home/user/passthrough/.venv/lib/python3.12/site-packages/_pytest/fixtures.py'>>
        hook_impls = [<HookImpl plugin_name='fixtures', plugin=<module '_pytest.fixtures' from '/home/user/passthrough/.venv/lib/python3.12...in=<module '_pytest.setuponly' from '/home/user/passthrough/.venv/lib/python3.12/site-packages/_pytest/setuponly.py'>>]
        hook_name  = 'pytest_fixture_setup'
        res        = None
        result     = None
        results    = []
        teardown   = <generator object pytest_fixture_setup at 0x7eb6c1e8a980>
        teardowns  = [<generator object pytest_fixture_setup at 0x7eb6c1e8a980>]
/home/user/passthrough/.venv/lib/python3.12/site-packages/pluggy/_callers.py:139: in _multicall
    teardown.throw(exception)
        __tracebackhide__ = True
        args       = [<FixtureDef argname='blueprint' scope='function' baseid='tests/test_factory.py'>, <SubRequest 'blueprint' for <Function test_passthrough_shares_factory_admins>>]
        caller_kwargs = {'fixturedef': <FixtureDef argname='blueprint' scope='function' baseid='tests/test_factory.py'>, 'request': <SubRequest 'blueprint' for <Function test_passthrough_shares_factory_admins>>}
        exception  = InvalidAddress('web3.py only accepts checksum addresses. The software that gave you this non-checksum address should b... accept lower safety, use Web3.to_checksum_address(lower_case_address).', '0x5fbdb2315678afecb367f032d93f642f64180aa3')
        firstresult = True
        function_gen = <generator object pytest_fixture_setup at 0x7eb6c1e8a980>
        hook_impl  = <HookImpl plugin_name='fixtures', plugin=<module '_pytest.fixtures' from '/home/user/passthrough/.venv/lib/python3.12/site-packages/_pytest/fixtures.py'>>
        hook_impls = [<HookImpl plugin_name='fixtures', plugin=<module '_pytest.fixtures' from '/home/user/passthrough/.venv/lib/python3.12...in=<module '_pytest.setuponly' from '/home/user/passthrough/.venv/lib/python3.12/site-packages/_pytest/setuponly.py'>>]
        hook_name  = 'pytest_fixture_setup'
        res        = None
        result     = None
        results    = []
        teardown   = <generator object pytest_fixture_setup at 0x7eb6c1e8a980>
        teardowns  = [<generator object pytest_fixture_setup at 0x7eb6c1e8a980>]
/home/user/passthrough/.venv/lib/python3.12/site-packages/_pytest/setuponly.py:36: in pytest_fixture_setup
    return (yield)
            ^^^^^
        fixturedef = <FixtureDef argname='blueprint' scope='function' baseid='tests/test_factory.py'>
        request    = <SubRequest 'blueprint' for <Function test_passthrough_shares_factory_admins>>
/home/user/passthrough/.venv/lib/python3.12/site-packages/pluggy/_callers.py:121: in _multicall
    res = hook_impl.function(*args)
          ^^^^^^^^^^^^^^^^^^^^^^^^^
        __tracebackhide__ = True
        args       = [<FixtureDef argname='blueprint' scope='function' baseid='tests/test_factory.py'>, <SubRequest 'blueprint' for <Function test_passthrough_shares_factory_admins>>]
        caller_kwargs = {'fixturedef': <FixtureDef argname='blueprint' scope='function' baseid='tests/test_factory.py'>, 'request': <SubRequest 'blueprint' for <Function test_passthrough_shares_factory_admins>>}
        exception  = InvalidAddress('web3.py only accepts checksum addresses. The software that gave you this non-checksum address should b... accept lower safety, use Web3.to_checksum_address(lower_case_address).', '0x5fbdb2315678afecb367f032d93f642f64180aa3')
        firstresult = True
        function_gen = <generator object pytest_fixture_setup at 0x7eb6c1e8a980>
        hook_impl  = <HookImpl plugin_name='fixtures', plugin=<module '_pytest.fixtures' from '/home/user/passthrough/.venv/lib/python3.12/site-packages/_pytest/fixtures.py'>>
        hook_impls = [<HookImpl plugin_name='fixtures', plugin=<module '_pytest.fixtures' from '/home/user/passthrough/.venv/lib/python3.12...in=<module '_pytest.setuponly' from '/home/user/passthrough/.venv/lib/python3.12/site-packages/_pytest/setuponly.py'>>]
        hook_name  = 'pytest_fixture_setup'
        res        = None
        result     = None
        results    = []
        teardown   = <generator object pytest_fixture_setup at 0x7eb6c1e8a980>
        teardowns  = [<generator object pytest_fixture_setup at 0x7eb6c1e8a980>]
/home/user/passthrough/.venv/lib/python3.12/site-packages/_pytest/fixtures.py:1196: in pytest_fixture_setup
    result = call_fixture_func(fixturefunc, request, kwargs)
             ^^^^^^^^^^^^^^^^^^^^^^^^^^^^^^^^^^^^^^^^^^^^^^^
        argname    = 'owner'
        fixturedef = <FixtureDef argname='blueprint' scope='function' baseid='tests/test_factory.py'>
        fixturefunc = <function blueprint at 0x7eb6c27cea20>
        kwargs     = {'owner': <TestAccount_0 0xf39Fd6e51aad88F6F4ce6aB8827279cffFb92266>}
        my_cache_key = None
        request    = <SubRequest 'blueprint' for <Function test_passthrough_shares_factory_admins>>
/home/user/passthrough/.venv/lib/python3.12/site-packages/_pytest/fixtures.py:930: in call_fixture_func
    fixture_result = fixturefunc(**kwargs)
                     ^^^^^^^^^^^^^^^^^^^^^
        fixturefunc = <function blueprint at 0x7eb6c27cea20>
        kwargs     = {'owner': <TestAccount_0 0xf39Fd6e51aad88F6F4ce6aB8827279cffFb92266>}
        request    = <SubRequest 'blueprint' for <Function test_passthrough_shares_factory_admins>>
/home/user/passthrough/tests/test_factory.py:40: in blueprint
    return deploy_blueprint(project.Passthrough, owner)
           ^^^^^^^^^^^^^^^^^^^^^^^^^^^^^^^^^^^^^^^^^^^^
        deploy_blueprint = <function deploy_blueprint at 0x7eb6f115fce0>
        owner      = <TestAccount_0 0xf39Fd6e51aad88F6F4ce6aB8827279cffFb92266>
/home/user/passthrough/tests/conftest.py:60: in deploy_blueprint
    runtime_bytecode = web3.eth.get_code(temp_address)
                       ^^^^^^^^^^^^^^^^^^^^^^^^^^^^^^^
        contract_container = <Passthrough>
        contract_type = <ContractType Passthrough>
        init_code  = '0x611b865150346103a2576020611f645f395f51600a602082611f64015f395f51116103a257602081611f64015f395f515f81600a81116103a25...401aa1855820852887320f0d404c27938a631eb6e7268477bf82e4f8608ee65c859a4d311bf9191b8681183e1820a1657679706572830004030038'
        keccak     = <function keccak at 0x7eb6f0fd5b20>
        nonce      = 0
        receipt    = AttributeDict({'blockHash': HexBytes('0x1a214e83fc3b9d075b4b23eddb2937df58b001d84942e8b1a56c89e61549e6cd'), 'blockNumb...sh': HexBytes('0x7af2175882a71fa8813fe5cb44583488df1652a3771d2041153745d27500e163'), 'transactionIndex': 0, 'type': 0})
        rlp        = <module 'rlp' from '/home/user/passthrough/.venv/lib/python3.12/site-packages/rlp/__init__.py'>
        rlp_encoded = b'\xd6\x94\xf3\x9f\xd6\xe5\x1a\xad\x88\xf6\xf4\xcej\xb8\x82ry\xcf\xff\xb9"f\x80'
        sender     = <TestAccount_0 0xf39Fd6e51aad88F6F4ce6aB8827279cffFb92266>
        temp_address = '0x5fbdb2315678afecb367f032d93f642f64180aa3'
        to_checksum_address = <function to_checksum_address at 0x7eb6f107d4e0>
        tx_dict    = {'data': '0x611b865150346103a2576020611f645f395f51600a602082611f64015f395f51116103a257602081611f64015f395f515f81600a81...706572830004030038', 'from': '0xf39Fd6e51aad88F6F4ce6aB8827279cffFb92266', 'gas': 3000000, 'gasPrice': 1000000000, ...}
        tx_hash    = HexBytes('0x7af2175882a71fa8813fe5cb44583488df1652a3771d2041153745d27500e163')
        web3       = <web3.main.Web3 object at 0x7eb6c234e4b0>
/home/user/passthrough/.venv/lib/python3.12/site-packages/web3/eth/eth.py:455: in get_code
    return self._get_code(account, block_identifier)
           ^^^^^^^^^^^^^^^^^^^^^^^^^^^^^^^^^^^^^^^^^
        account    = '0x5fbdb2315678afecb367f032d93f642f64180aa3'
        block_identifier = None
        self       = <web3.eth.eth.Eth object at 0x7eb6c1e167b0>
/home/user/passthrough/.venv/lib/python3.12/site-packages/web3/module.py:101: in caller
    (method_str, params), response_formatters = method.process_params(
        args       = ('0x5fbdb2315678afecb367f032d93f642f64180aa3', None)
        kwargs     = {}
        method     = <web3.method.Method object at 0x7eb6f1443320>
        module     = <web3.eth.eth.Eth object at 0x7eb6c1e167b0>
        w3         = <web3.main.Web3 object at 0x7eb6c234e4b0>
/home/user/passthrough/.venv/lib/python3.12/site-packages/web3/method.py:237: in process_params
    _apply_request_formatters(params, self.request_formatters(method)),
    ^^^^^^^^^^^^^^^^^^^^^^^^^^^^^^^^^^^^^^^^^^^^^^^^^^^^^^^^^^^^^^^^^^
        args       = ('0x5fbdb2315678afecb367f032d93f642f64180aa3', None)
        kwargs     = {}
        method     = 'eth_getCode'
        module     = <web3.eth.eth.Eth object at 0x7eb6c1e167b0>
        params     = ('0x5fbdb2315678afecb367f032d93f642f64180aa3', 'latest')
        response_formatters = (<class 'hexbytes.main.HexBytes'>, <cyfunction identity at 0x7eb6f0ec1840>, <cyfunction identity at 0x7eb6f0ec1840>)
        self       = <web3.method.Method object at 0x7eb6f1443320>
/home/user/passthrough/.venv/lib/python3.12/site-packages/eth_utils/functional.py:47: in inner
    return callback(fn(*args, **kwargs))
                    ^^^^^^^^^^^^^^^^^^^
        args       = (('0x5fbdb2315678afecb367f032d93f642f64180aa3', 'latest'), Compose(<function map_abi_data at 0x7eb6eed50d60>, <function apply_formatter_at_index at 0x7eb6f0e9b7e0>))
        callback   = <class 'tuple'>
        fn         = <function _apply_request_formatters at 0x7eb6ee874400>
        kwargs     = {}
/home/user/passthrough/.venv/lib/python3.12/site-packages/web3/method.py:64: in _apply_request_formatters
    formatted_params = pipe(params, request_formatters)
                       ^^^^^^^^^^^^^^^^^^^^^^^^^^^^^^^^
        params     = ('0x5fbdb2315678afecb367f032d93f642f64180aa3', 'latest')
        request_formatters = Compose(<function map_abi_data at 0x7eb6eed50d60>, <function apply_formatter_at_index at 0x7eb6f0e9b7e0>)
/home/user/passthrough/.venv/lib/python3.12/site-packages/web3/_utils/abi.py:613: in map_abi_data
    return pipe(
        data       = ('0x5fbdb2315678afecb367f032d93f642f64180aa3', 'latest')
        normalizers = [<function abi_bytes_to_hex at 0x7eb6eed6dc60>, <function abi_int_to_hex at 0x7eb6eed6de40>, <function abi_string_to_hex at 0x7eb6eed6df80>, <function abi_address_to_hex at 0x7eb6eed6e3e0>]
        types      = ['address', None]
/home/user/passthrough/.venv/lib/python3.12/site-packages/web3/_utils/abi.py:655: in data_tree_map
    return recursive_map(map_to_typed_data, data_tree)
           ^^^^^^^^^^^^^^^^^^^^^^^^^^^^^^^^^^^^^^^^^^^
        data_tree  = [ABITypedData(abi_type='address', data='0x5fbdb2315678afecb367f032d93f642f64180aa3'), ABITypedData(abi_type=None, data='latest')]
        func       = <function abi_address_to_hex at 0x7eb6eed6e3e0>
        map_to_typed_data = <function data_tree_map.<locals>.map_to_typed_data at 0x7eb6c1972c00>
/home/user/passthrough/.venv/lib/python3.12/site-packages/web3/_utils/decorators.py:38: in wrapped
    return to_wrap(*args)
           ^^^^^^^^^^^^^^
        add_call   = <built-in method add of set object at 0x7eb6eeee0ba0>
        already_called = set()
        args       = (<function data_tree_map.<locals>.map_to_typed_data at 0x7eb6c1972c00>, [ABITypedData(abi_type='address', data='0x5fbdb2315678afecb367f032d93f642f64180aa3'), ABITypedData(abi_type=None, data='latest')])
        remove_call = <built-in method remove of set object at 0x7eb6eeee0ba0>
        thread_local_args = (139324213223552, 139323397057536, 139323395819648)
        to_wrap    = <function recursive_map at 0x7eb6eecfef20>
/home/user/passthrough/.venv/lib/python3.12/site-packages/web3/_utils/formatters.py:89: in recursive_map
    items_mapped = map_collection(recurse, data)
                   ^^^^^^^^^^^^^^^^^^^^^^^^^^^^^
        data       = [ABITypedData(abi_type='address', data='0x5fbdb2315678afecb367f032d93f642f64180aa3'), ABITypedData(abi_type=None, data='latest')]
        func       = <function data_tree_map.<locals>.map_to_typed_data at 0x7eb6c1972c00>
        recurse    = <function recursive_map.<locals>.recurse at 0x7eb6c1972d40>
/home/user/passthrough/.venv/lib/python3.12/site-packages/web3/_utils/formatters.py:73: in map_collection
    return datatype(map(func, collection))
           ^^^^^^^^^^^^^^^^^^^^^^^^^^^^^^^
        collection = [ABITypedData(abi_type='address', data='0x5fbdb2315678afecb367f032d93f642f64180aa3'), ABITypedData(abi_type=None, data='latest')]
        datatype   = <class 'list'>
        func       = <function recursive_map.<locals>.recurse at 0x7eb6c1972d40>
/home/user/passthrough/.venv/lib/python3.12/site-packages/web3/_utils/formatters.py:87: in recurse
    return recursive_map(func, item)
           ^^^^^^^^^^^^^^^^^^^^^^^^^
        func       = <function data_tree_map.<locals>.map_to_typed_data at 0x7eb6c1972c00>
        item       = ABITypedData(abi_type='address', data='0x5fbdb2315678afecb367f032d93f642f64180aa3')
/home/user/passthrough/.venv/lib/python3.12/site-packages/web3/_utils/decorators.py:38: in wrapped
    return to_wrap(*args)
           ^^^^^^^^^^^^^^
        add_call   = <built-in method add of set object at 0x7eb6eeee0ba0>
        already_called = set()
        args       = (<function data_tree_map.<locals>.map_to_typed_data at 0x7eb6c1972c00>, ABITypedData(abi_type='address', data='0x5fbdb2315678afecb367f032d93f642f64180aa3'))
        remove_call = <built-in method remove of set object at 0x7eb6eeee0ba0>
        thread_local_args = (139324213223552, 139323397057536, 139323397236736)
        to_wrap    = <function recursive_map at 0x7eb6eecfef20>
/home/user/passthrough/.venv/lib/python3.12/site-packages/web3/_utils/formatters.py:90: in recursive_map
    return func(items_mapped)
           ^^^^^^^^^^^^^^^^^^
        data       = ABITypedData(abi_type='address', data='0x5fbdb2315678afecb367f032d93f642f64180aa3')
        func       = <function data_tree_map.<locals>.map_to_typed_data at 0x7eb6c1972c00>
        items_mapped = ABITypedData(abi_type='address', data='0x5fbdb2315678afecb367f032d93f642f64180aa3')
        recurse    = <function recursive_map.<locals>.recurse at 0x7eb6c1972f20>
/home/user/passthrough/.venv/lib/python3.12/site-packages/web3/_utils/abi.py:651: in map_to_typed_data
    return ABITypedData(func(*elements))
                        ^^^^^^^^^^^^^^^
        elements   = ABITypedData(abi_type='address', data='0x5fbdb2315678afecb367f032d93f642f64180aa3')
        func       = <function abi_address_to_hex at 0x7eb6eed6e3e0>
/home/user/passthrough/.venv/lib/python3.12/site-packages/web3/_utils/normalizers.py:79: in wrapper
    modified = to_wrap(type_str, data)
               ^^^^^^^^^^^^^^^^^^^^^^^
        data       = '0x5fbdb2315678afecb367f032d93f642f64180aa3'
        to_wrap    = <function abi_address_to_hex at 0x7eb6eed6e340>
        type_str   = 'address'
/home/user/passthrough/.venv/lib/python3.12/site-packages/web3/_utils/normalizers.py:202: in abi_address_to_hex
    validate_address(data)
        data       = '0x5fbdb2315678afecb367f032d93f642f64180aa3'
        type_str   = 'address'
/home/user/passthrough/.venv/lib/python3.12/site-packages/web3/_utils/validation.py:201: in validate_address
    raise InvalidAddress(
E   web3.exceptions.InvalidAddress: ('web3.py only accepts checksum addresses. The software that gave you this non-checksum address should be considered unsafe, please file it as a bug on their platform. Try using an ENS name instead. Or, if you must accept lower safety, use Web3.to_checksum_address(lower_case_address).', '0x5fbdb2315678afecb367f032d93f642f64180aa3')
        value      = '0x5fbdb2315678afecb367f032d93f642f64180aa3'
_________ ERROR at setup of test_admin_change_affects_new_passthroughs _________
/home/user/passthrough/.venv/lib/python3.12/site-packages/_pytest/runner.py:344: in from_call
    result: TResult | None = func()
                             ^^^^^^
        cls        = <class '_pytest.runner.CallInfo'>
        duration   = Duration(start=Instant(time=1763228725.7166424, perf_count=286.909168762), stop=Instant(time=1763228725.7867522, perf_count=286.979279732))
        excinfo    = <ExceptionInfo InvalidAddress('web3.py only accepts checksum addresses. The software that gave you this non-checksum a...wer safety, use Web3.to_checksum_address(lower_case_address).', '0x5fbdb2315678afecb367f032d93f642f64180aa3') tblen=44>
        func       = <function call_and_report.<locals>.<lambda> at 0x7eb6c1973b00>
        instant    = Instant(time=1763228725.7166424, perf_count=286.909168762)
        reraise    = (<class '_pytest.outcomes.Exit'>, <class 'KeyboardInterrupt'>)
        result     = None
        when       = 'setup'
/home/user/passthrough/.venv/lib/python3.12/site-packages/_pytest/runner.py:246: in <lambda>
    lambda: runtest_hook(item=item, **kwds), when=when, reraise=reraise
            ^^^^^^^^^^^^^^^^^^^^^^^^^^^^^^^
        item       = <Function test_admin_change_affects_new_passthroughs>
        kwds       = {}
        runtest_hook = <HookCaller 'pytest_runtest_setup'>
/home/user/passthrough/.venv/lib/python3.12/site-packages/pluggy/_hooks.py:512: in __call__
    return self._hookexec(self.name, self._hookimpls.copy(), kwargs, firstresult)
           ^^^^^^^^^^^^^^^^^^^^^^^^^^^^^^^^^^^^^^^^^^^^^^^^^^^^^^^^^^^^^^^^^^^^^^
        firstresult = False
        kwargs     = {'item': <Function test_admin_change_affects_new_passthroughs>}
        self       = <HookCaller 'pytest_runtest_setup'>
/home/user/passthrough/.venv/lib/python3.12/site-packages/pluggy/_manager.py:120: in _hookexec
    return self._inner_hookexec(hook_name, methods, kwargs, firstresult)
           ^^^^^^^^^^^^^^^^^^^^^^^^^^^^^^^^^^^^^^^^^^^^^^^^^^^^^^^^^^^^^
        firstresult = False
        hook_name  = 'pytest_runtest_setup'
        kwargs     = {'item': <Function test_admin_change_affects_new_passthroughs>}
        methods    = [<HookImpl plugin_name='threadexception', plugin=<module '_pytest.threadexception' from '/home/user/passthrough/.venv/...pper name='/dev/null' mode='r' encoding='utf-8'>> _state='suspended' _in_suspended=False> _capture_fixture=None>>, ...]
        self       = <_pytest.config.PytestPluginManager object at 0x7eb6f1460f50>
/home/user/passthrough/.venv/lib/python3.12/site-packages/pluggy/_callers.py:167: in _multicall
    raise exception
        __tracebackhide__ = True
        args       = [<Function test_admin_change_affects_new_passthroughs>]
        caller_kwargs = {'item': <Function test_admin_change_affects_new_passthroughs>}
        exception  = InvalidAddress('web3.py only accepts checksum addresses. The software that gave you this non-checksum address should b... accept lower safety, use Web3.to_checksum_address(lower_case_address).', '0x5fbdb2315678afecb367f032d93f642f64180aa3')
        firstresult = False
        function_gen = <generator object CaptureManager.pytest_runtest_setup at 0x7eb6c1e72ea0>
        hook_impl  = <HookImpl plugin_name='runner', plugin=<module '_pytest.runner' from '/home/user/passthrough/.venv/lib/python3.12/site-packages/_pytest/runner.py'>>
        hook_impls = [<HookImpl plugin_name='threadexception', plugin=<module '_pytest.threadexception' from '/home/user/passthrough/.venv/...pper name='/dev/null' mode='r' encoding='utf-8'>> _state='suspended' _in_suspended=False> _capture_fixture=None>>, ...]
        hook_name  = 'pytest_runtest_setup'
        res        = None
        result     = []
        results    = []
        teardown   = <generator object LoggingPlugin.pytest_runtest_setup at 0x7eb6c1e8a890>
        teardowns  = [<generator object LoggingPlugin.pytest_runtest_setup at 0x7eb6c1e8a890>, <generator object CaptureManager.pytest_runtest_setup at 0x7eb6c1e72ea0>]
/home/user/passthrough/.venv/lib/python3.12/site-packages/pluggy/_callers.py:139: in _multicall
    teardown.throw(exception)
        __tracebackhide__ = True
        args       = [<Function test_admin_change_affects_new_passthroughs>]
        caller_kwargs = {'item': <Function test_admin_change_affects_new_passthroughs>}
        exception  = InvalidAddress('web3.py only accepts checksum addresses. The software that gave you this non-checksum address should b... accept lower safety, use Web3.to_checksum_address(lower_case_address).', '0x5fbdb2315678afecb367f032d93f642f64180aa3')
        firstresult = False
        function_gen = <generator object CaptureManager.pytest_runtest_setup at 0x7eb6c1e72ea0>
        hook_impl  = <HookImpl plugin_name='runner', plugin=<module '_pytest.runner' from '/home/user/passthrough/.venv/lib/python3.12/site-packages/_pytest/runner.py'>>
        hook_impls = [<HookImpl plugin_name='threadexception', plugin=<module '_pytest.threadexception' from '/home/user/passthrough/.venv/...pper name='/dev/null' mode='r' encoding='utf-8'>> _state='suspended' _in_suspended=False> _capture_fixture=None>>, ...]
        hook_name  = 'pytest_runtest_setup'
        res        = None
        result     = []
        results    = []
        teardown   = <generator object LoggingPlugin.pytest_runtest_setup at 0x7eb6c1e8a890>
        teardowns  = [<generator object LoggingPlugin.pytest_runtest_setup at 0x7eb6c1e8a890>, <generator object CaptureManager.pytest_runtest_setup at 0x7eb6c1e72ea0>]
/home/user/passthrough/.venv/lib/python3.12/site-packages/_pytest/logging.py:843: in pytest_runtest_setup
    yield
        empty      = {'setup': []}
        item       = <Function test_admin_change_affects_new_passthroughs>
        self       = <_pytest.logging.LoggingPlugin object at 0x7eb6ee3dcf20>
/home/user/passthrough/.venv/lib/python3.12/site-packages/pluggy/_callers.py:139: in _multicall
    teardown.throw(exception)
        __tracebackhide__ = True
        args       = [<Function test_admin_change_affects_new_passthroughs>]
        caller_kwargs = {'item': <Function test_admin_change_affects_new_passthroughs>}
        exception  = InvalidAddress('web3.py only accepts checksum addresses. The software that gave you this non-checksum address should b... accept lower safety, use Web3.to_checksum_address(lower_case_address).', '0x5fbdb2315678afecb367f032d93f642f64180aa3')
        firstresult = False
        function_gen = <generator object CaptureManager.pytest_runtest_setup at 0x7eb6c1e72ea0>
        hook_impl  = <HookImpl plugin_name='runner', plugin=<module '_pytest.runner' from '/home/user/passthrough/.venv/lib/python3.12/site-packages/_pytest/runner.py'>>
        hook_impls = [<HookImpl plugin_name='threadexception', plugin=<module '_pytest.threadexception' from '/home/user/passthrough/.venv/...pper name='/dev/null' mode='r' encoding='utf-8'>> _state='suspended' _in_suspended=False> _capture_fixture=None>>, ...]
        hook_name  = 'pytest_runtest_setup'
        res        = None
        result     = []
        results    = []
        teardown   = <generator object LoggingPlugin.pytest_runtest_setup at 0x7eb6c1e8a890>
        teardowns  = [<generator object LoggingPlugin.pytest_runtest_setup at 0x7eb6c1e8a890>, <generator object CaptureManager.pytest_runtest_setup at 0x7eb6c1e72ea0>]
/home/user/passthrough/.venv/lib/python3.12/site-packages/_pytest/capture.py:895: in pytest_runtest_setup
    return (yield)
            ^^^^^
        item       = <Function test_admin_change_affects_new_passthroughs>
        self       = <CaptureManager _method='fd' _global_capturing=<MultiCapture out=<FDCapture 1 oldfd=5 _state='suspended' tmpfile=<_io....xtIOWrapper name='/dev/null' mode='r' encoding='utf-8'>> _state='suspended' _in_suspended=False> _capture_fixture=None>
/home/user/passthrough/.venv/lib/python3.12/site-packages/pluggy/_callers.py:121: in _multicall
    res = hook_impl.function(*args)
          ^^^^^^^^^^^^^^^^^^^^^^^^^
        __tracebackhide__ = True
        args       = [<Function test_admin_change_affects_new_passthroughs>]
        caller_kwargs = {'item': <Function test_admin_change_affects_new_passthroughs>}
        exception  = InvalidAddress('web3.py only accepts checksum addresses. The software that gave you this non-checksum address should b... accept lower safety, use Web3.to_checksum_address(lower_case_address).', '0x5fbdb2315678afecb367f032d93f642f64180aa3')
        firstresult = False
        function_gen = <generator object CaptureManager.pytest_runtest_setup at 0x7eb6c1e72ea0>
        hook_impl  = <HookImpl plugin_name='runner', plugin=<module '_pytest.runner' from '/home/user/passthrough/.venv/lib/python3.12/site-packages/_pytest/runner.py'>>
        hook_impls = [<HookImpl plugin_name='threadexception', plugin=<module '_pytest.threadexception' from '/home/user/passthrough/.venv/...pper name='/dev/null' mode='r' encoding='utf-8'>> _state='suspended' _in_suspended=False> _capture_fixture=None>>, ...]
        hook_name  = 'pytest_runtest_setup'
        res        = None
        result     = []
        results    = []
        teardown   = <generator object LoggingPlugin.pytest_runtest_setup at 0x7eb6c1e8a890>
        teardowns  = [<generator object LoggingPlugin.pytest_runtest_setup at 0x7eb6c1e8a890>, <generator object CaptureManager.pytest_runtest_setup at 0x7eb6c1e72ea0>]
/home/user/passthrough/.venv/lib/python3.12/site-packages/_pytest/runner.py:164: in pytest_runtest_setup
    item.session._setupstate.setup(item)
        item       = <Function test_admin_change_affects_new_passthroughs>
/home/user/passthrough/.venv/lib/python3.12/site-packages/_pytest/runner.py:514: in setup
    col.setup()
        col        = <Function test_admin_change_affects_new_passthroughs>
        finalizers = [<bound method Node.teardown of <Module test_factory.py>>]
        item       = <Function test_admin_change_affects_new_passthroughs>
        needed_collectors = [<Session  exitstatus=<ExitCode.OK: 0> testsfailed=14 testscollected=19>, <Dir passthrough>, <Dir tests>, <Module test_factory.py>, <Function test_admin_change_affects_new_passthroughs>]
        self       = <_pytest.runner.SetupState object at 0x7eb6ee3c72c0>
/home/user/passthrough/.venv/lib/python3.12/site-packages/_pytest/python.py:1674: in setup
    self._request._fillfixtures()
        self       = <Function test_admin_change_affects_new_passthroughs>
/home/user/passthrough/.venv/lib/python3.12/site-packages/_pytest/fixtures.py:720: in _fillfixtures
    item.funcargs[argname] = self.getfixturevalue(argname)
                             ^^^^^^^^^^^^^^^^^^^^^^^^^^^^^
        argname    = 'blueprint'
        item       = <Function test_admin_change_affects_new_passthroughs>
        self       = <FixtureRequest for <Function test_admin_change_affects_new_passthroughs>>
/home/user/passthrough/.venv/lib/python3.12/site-packages/_pytest/fixtures.py:549: in getfixturevalue
    fixturedef = self._get_active_fixturedef(argname)
                 ^^^^^^^^^^^^^^^^^^^^^^^^^^^^^^^^^^^^
        argname    = 'blueprint'
        self       = <FixtureRequest for <Function test_admin_change_affects_new_passthroughs>>
/home/user/passthrough/.venv/lib/python3.12/site-packages/_pytest/fixtures.py:640: in _get_active_fixturedef
    fixturedef.execute(request=subrequest)
        argname    = 'blueprint'
        callspec   = None
        fixturedef = <FixtureDef argname='blueprint' scope='function' baseid='tests/test_factory.py'>
        fixturedefs = (<FixtureDef argname='blueprint' scope='function' baseid='tests/test_factory.py'>,)
        index      = -1
        param      = <NotSetType.token: 0>
        param_index = 0
        scope      = <Scope.Function: 'function'>
        self       = <FixtureRequest for <Function test_admin_change_affects_new_passthroughs>>
        subrequest = <SubRequest 'blueprint' for <Function test_admin_change_affects_new_passthroughs>>
/home/user/passthrough/.venv/lib/python3.12/site-packages/_pytest/fixtures.py:1128: in execute
    result = ihook.pytest_fixture_setup(fixturedef=self, request=request)
             ^^^^^^^^^^^^^^^^^^^^^^^^^^^^^^^^^^^^^^^^^^^^^^^^^^^^^^^^^^^^
        argname    = 'owner'
        finalizer  = functools.partial(<bound method FixtureDef.finish of <FixtureDef argname='blueprint' scope='function' baseid='tests/test_factory.py'>>, request=<SubRequest 'blueprint' for <Function test_admin_change_affects_new_passthroughs>>)
        fixturedef = <FixtureDef argname='owner' scope='function' baseid='tests/test_factory.py'>
        ihook      = <_pytest.config.compat.PathAwareHookProxy object at 0x7eb6f15e2e40>
        parent_fixture = <FixtureDef argname='owner' scope='function' baseid='tests/test_factory.py'>
        request    = <SubRequest 'blueprint' for <Function test_admin_change_affects_new_passthroughs>>
        requested_fixtures_that_should_finalize_us = [<FixtureDef argname='owner' scope='function' baseid='tests/test_factory.py'>]
        self       = <FixtureDef argname='blueprint' scope='function' baseid='tests/test_factory.py'>
/home/user/passthrough/.venv/lib/python3.12/site-packages/pluggy/_hooks.py:512: in __call__
    return self._hookexec(self.name, self._hookimpls.copy(), kwargs, firstresult)
           ^^^^^^^^^^^^^^^^^^^^^^^^^^^^^^^^^^^^^^^^^^^^^^^^^^^^^^^^^^^^^^^^^^^^^^
        firstresult = True
        kwargs     = {'fixturedef': <FixtureDef argname='blueprint' scope='function' baseid='tests/test_factory.py'>, 'request': <SubRequest 'blueprint' for <Function test_admin_change_affects_new_passthroughs>>}
        self       = <HookCaller 'pytest_fixture_setup'>
/home/user/passthrough/.venv/lib/python3.12/site-packages/pluggy/_manager.py:120: in _hookexec
    return self._inner_hookexec(hook_name, methods, kwargs, firstresult)
           ^^^^^^^^^^^^^^^^^^^^^^^^^^^^^^^^^^^^^^^^^^^^^^^^^^^^^^^^^^^^^
        firstresult = True
        hook_name  = 'pytest_fixture_setup'
        kwargs     = {'fixturedef': <FixtureDef argname='blueprint' scope='function' baseid='tests/test_factory.py'>, 'request': <SubRequest 'blueprint' for <Function test_admin_change_affects_new_passthroughs>>}
        methods    = [<HookImpl plugin_name='fixtures', plugin=<module '_pytest.fixtures' from '/home/user/passthrough/.venv/lib/python3.12...in=<module '_pytest.setuponly' from '/home/user/passthrough/.venv/lib/python3.12/site-packages/_pytest/setuponly.py'>>]
        self       = <_pytest.config.PytestPluginManager object at 0x7eb6f1460f50>
/home/user/passthrough/.venv/lib/python3.12/site-packages/pluggy/_callers.py:167: in _multicall
    raise exception
        __tracebackhide__ = True
        args       = [<FixtureDef argname='blueprint' scope='function' baseid='tests/test_factory.py'>, <SubRequest 'blueprint' for <Function test_admin_change_affects_new_passthroughs>>]
        caller_kwargs = {'fixturedef': <FixtureDef argname='blueprint' scope='function' baseid='tests/test_factory.py'>, 'request': <SubRequest 'blueprint' for <Function test_admin_change_affects_new_passthroughs>>}
        exception  = InvalidAddress('web3.py only accepts checksum addresses. The software that gave you this non-checksum address should b... accept lower safety, use Web3.to_checksum_address(lower_case_address).', '0x5fbdb2315678afecb367f032d93f642f64180aa3')
        firstresult = True
        function_gen = <generator object pytest_fixture_setup at 0x7eb6c1e8ae30>
        hook_impl  = <HookImpl plugin_name='fixtures', plugin=<module '_pytest.fixtures' from '/home/user/passthrough/.venv/lib/python3.12/site-packages/_pytest/fixtures.py'>>
        hook_impls = [<HookImpl plugin_name='fixtures', plugin=<module '_pytest.fixtures' from '/home/user/passthrough/.venv/lib/python3.12...in=<module '_pytest.setuponly' from '/home/user/passthrough/.venv/lib/python3.12/site-packages/_pytest/setuponly.py'>>]
        hook_name  = 'pytest_fixture_setup'
        res        = None
        result     = None
        results    = []
        teardown   = <generator object pytest_fixture_setup at 0x7eb6c1e8ae30>
        teardowns  = [<generator object pytest_fixture_setup at 0x7eb6c1e8ae30>]
/home/user/passthrough/.venv/lib/python3.12/site-packages/pluggy/_callers.py:139: in _multicall
    teardown.throw(exception)
        __tracebackhide__ = True
        args       = [<FixtureDef argname='blueprint' scope='function' baseid='tests/test_factory.py'>, <SubRequest 'blueprint' for <Function test_admin_change_affects_new_passthroughs>>]
        caller_kwargs = {'fixturedef': <FixtureDef argname='blueprint' scope='function' baseid='tests/test_factory.py'>, 'request': <SubRequest 'blueprint' for <Function test_admin_change_affects_new_passthroughs>>}
        exception  = InvalidAddress('web3.py only accepts checksum addresses. The software that gave you this non-checksum address should b... accept lower safety, use Web3.to_checksum_address(lower_case_address).', '0x5fbdb2315678afecb367f032d93f642f64180aa3')
        firstresult = True
        function_gen = <generator object pytest_fixture_setup at 0x7eb6c1e8ae30>
        hook_impl  = <HookImpl plugin_name='fixtures', plugin=<module '_pytest.fixtures' from '/home/user/passthrough/.venv/lib/python3.12/site-packages/_pytest/fixtures.py'>>
        hook_impls = [<HookImpl plugin_name='fixtures', plugin=<module '_pytest.fixtures' from '/home/user/passthrough/.venv/lib/python3.12...in=<module '_pytest.setuponly' from '/home/user/passthrough/.venv/lib/python3.12/site-packages/_pytest/setuponly.py'>>]
        hook_name  = 'pytest_fixture_setup'
        res        = None
        result     = None
        results    = []
        teardown   = <generator object pytest_fixture_setup at 0x7eb6c1e8ae30>
        teardowns  = [<generator object pytest_fixture_setup at 0x7eb6c1e8ae30>]
/home/user/passthrough/.venv/lib/python3.12/site-packages/_pytest/setuponly.py:36: in pytest_fixture_setup
    return (yield)
            ^^^^^
        fixturedef = <FixtureDef argname='blueprint' scope='function' baseid='tests/test_factory.py'>
        request    = <SubRequest 'blueprint' for <Function test_admin_change_affects_new_passthroughs>>
/home/user/passthrough/.venv/lib/python3.12/site-packages/pluggy/_callers.py:121: in _multicall
    res = hook_impl.function(*args)
          ^^^^^^^^^^^^^^^^^^^^^^^^^
        __tracebackhide__ = True
        args       = [<FixtureDef argname='blueprint' scope='function' baseid='tests/test_factory.py'>, <SubRequest 'blueprint' for <Function test_admin_change_affects_new_passthroughs>>]
        caller_kwargs = {'fixturedef': <FixtureDef argname='blueprint' scope='function' baseid='tests/test_factory.py'>, 'request': <SubRequest 'blueprint' for <Function test_admin_change_affects_new_passthroughs>>}
        exception  = InvalidAddress('web3.py only accepts checksum addresses. The software that gave you this non-checksum address should b... accept lower safety, use Web3.to_checksum_address(lower_case_address).', '0x5fbdb2315678afecb367f032d93f642f64180aa3')
        firstresult = True
        function_gen = <generator object pytest_fixture_setup at 0x7eb6c1e8ae30>
        hook_impl  = <HookImpl plugin_name='fixtures', plugin=<module '_pytest.fixtures' from '/home/user/passthrough/.venv/lib/python3.12/site-packages/_pytest/fixtures.py'>>
        hook_impls = [<HookImpl plugin_name='fixtures', plugin=<module '_pytest.fixtures' from '/home/user/passthrough/.venv/lib/python3.12...in=<module '_pytest.setuponly' from '/home/user/passthrough/.venv/lib/python3.12/site-packages/_pytest/setuponly.py'>>]
        hook_name  = 'pytest_fixture_setup'
        res        = None
        result     = None
        results    = []
        teardown   = <generator object pytest_fixture_setup at 0x7eb6c1e8ae30>
        teardowns  = [<generator object pytest_fixture_setup at 0x7eb6c1e8ae30>]
/home/user/passthrough/.venv/lib/python3.12/site-packages/_pytest/fixtures.py:1196: in pytest_fixture_setup
    result = call_fixture_func(fixturefunc, request, kwargs)
             ^^^^^^^^^^^^^^^^^^^^^^^^^^^^^^^^^^^^^^^^^^^^^^^
        argname    = 'owner'
        fixturedef = <FixtureDef argname='blueprint' scope='function' baseid='tests/test_factory.py'>
        fixturefunc = <function blueprint at 0x7eb6c27cea20>
        kwargs     = {'owner': <TestAccount_0 0xf39Fd6e51aad88F6F4ce6aB8827279cffFb92266>}
        my_cache_key = None
        request    = <SubRequest 'blueprint' for <Function test_admin_change_affects_new_passthroughs>>
/home/user/passthrough/.venv/lib/python3.12/site-packages/_pytest/fixtures.py:930: in call_fixture_func
    fixture_result = fixturefunc(**kwargs)
                     ^^^^^^^^^^^^^^^^^^^^^
        fixturefunc = <function blueprint at 0x7eb6c27cea20>
        kwargs     = {'owner': <TestAccount_0 0xf39Fd6e51aad88F6F4ce6aB8827279cffFb92266>}
        request    = <SubRequest 'blueprint' for <Function test_admin_change_affects_new_passthroughs>>
/home/user/passthrough/tests/test_factory.py:40: in blueprint
    return deploy_blueprint(project.Passthrough, owner)
           ^^^^^^^^^^^^^^^^^^^^^^^^^^^^^^^^^^^^^^^^^^^^
        deploy_blueprint = <function deploy_blueprint at 0x7eb6f115fce0>
        owner      = <TestAccount_0 0xf39Fd6e51aad88F6F4ce6aB8827279cffFb92266>
/home/user/passthrough/tests/conftest.py:60: in deploy_blueprint
    runtime_bytecode = web3.eth.get_code(temp_address)
                       ^^^^^^^^^^^^^^^^^^^^^^^^^^^^^^^
        contract_container = <Passthrough>
        contract_type = <ContractType Passthrough>
        init_code  = '0x611b865150346103a2576020611f645f395f51600a602082611f64015f395f51116103a257602081611f64015f395f515f81600a81116103a25...401aa1855820852887320f0d404c27938a631eb6e7268477bf82e4f8608ee65c859a4d311bf9191b8681183e1820a1657679706572830004030038'
        keccak     = <function keccak at 0x7eb6f0fd5b20>
        nonce      = 0
        receipt    = AttributeDict({'blockHash': HexBytes('0x004e3c6e17fc4f28b2a03544ed0798ac384055063eac5d5290be3ee9f80af92f'), 'blockNumb...sh': HexBytes('0x7af2175882a71fa8813fe5cb44583488df1652a3771d2041153745d27500e163'), 'transactionIndex': 0, 'type': 0})
        rlp        = <module 'rlp' from '/home/user/passthrough/.venv/lib/python3.12/site-packages/rlp/__init__.py'>
        rlp_encoded = b'\xd6\x94\xf3\x9f\xd6\xe5\x1a\xad\x88\xf6\xf4\xcej\xb8\x82ry\xcf\xff\xb9"f\x80'
        sender     = <TestAccount_0 0xf39Fd6e51aad88F6F4ce6aB8827279cffFb92266>
        temp_address = '0x5fbdb2315678afecb367f032d93f642f64180aa3'
        to_checksum_address = <function to_checksum_address at 0x7eb6f107d4e0>
        tx_dict    = {'data': '0x611b865150346103a2576020611f645f395f51600a602082611f64015f395f51116103a257602081611f64015f395f515f81600a81...706572830004030038', 'from': '0xf39Fd6e51aad88F6F4ce6aB8827279cffFb92266', 'gas': 3000000, 'gasPrice': 1000000000, ...}
        tx_hash    = HexBytes('0x7af2175882a71fa8813fe5cb44583488df1652a3771d2041153745d27500e163')
        web3       = <web3.main.Web3 object at 0x7eb6c234e4b0>
/home/user/passthrough/.venv/lib/python3.12/site-packages/web3/eth/eth.py:455: in get_code
    return self._get_code(account, block_identifier)
           ^^^^^^^^^^^^^^^^^^^^^^^^^^^^^^^^^^^^^^^^^
        account    = '0x5fbdb2315678afecb367f032d93f642f64180aa3'
        block_identifier = None
        self       = <web3.eth.eth.Eth object at 0x7eb6c1e167b0>
/home/user/passthrough/.venv/lib/python3.12/site-packages/web3/module.py:101: in caller
    (method_str, params), response_formatters = method.process_params(
        args       = ('0x5fbdb2315678afecb367f032d93f642f64180aa3', None)
        kwargs     = {}
        method     = <web3.method.Method object at 0x7eb6f1443320>
        module     = <web3.eth.eth.Eth object at 0x7eb6c1e167b0>
        w3         = <web3.main.Web3 object at 0x7eb6c234e4b0>
/home/user/passthrough/.venv/lib/python3.12/site-packages/web3/method.py:237: in process_params
    _apply_request_formatters(params, self.request_formatters(method)),
    ^^^^^^^^^^^^^^^^^^^^^^^^^^^^^^^^^^^^^^^^^^^^^^^^^^^^^^^^^^^^^^^^^^
        args       = ('0x5fbdb2315678afecb367f032d93f642f64180aa3', None)
        kwargs     = {}
        method     = 'eth_getCode'
        module     = <web3.eth.eth.Eth object at 0x7eb6c1e167b0>
        params     = ('0x5fbdb2315678afecb367f032d93f642f64180aa3', 'latest')
        response_formatters = (<class 'hexbytes.main.HexBytes'>, <cyfunction identity at 0x7eb6f0ec1840>, <cyfunction identity at 0x7eb6f0ec1840>)
        self       = <web3.method.Method object at 0x7eb6f1443320>
/home/user/passthrough/.venv/lib/python3.12/site-packages/eth_utils/functional.py:47: in inner
    return callback(fn(*args, **kwargs))
                    ^^^^^^^^^^^^^^^^^^^
        args       = (('0x5fbdb2315678afecb367f032d93f642f64180aa3', 'latest'), Compose(<function map_abi_data at 0x7eb6eed50d60>, <function apply_formatter_at_index at 0x7eb6f0e9b7e0>))
        callback   = <class 'tuple'>
        fn         = <function _apply_request_formatters at 0x7eb6ee874400>
        kwargs     = {}
/home/user/passthrough/.venv/lib/python3.12/site-packages/web3/method.py:64: in _apply_request_formatters
    formatted_params = pipe(params, request_formatters)
                       ^^^^^^^^^^^^^^^^^^^^^^^^^^^^^^^^
        params     = ('0x5fbdb2315678afecb367f032d93f642f64180aa3', 'latest')
        request_formatters = Compose(<function map_abi_data at 0x7eb6eed50d60>, <function apply_formatter_at_index at 0x7eb6f0e9b7e0>)
/home/user/passthrough/.venv/lib/python3.12/site-packages/web3/_utils/abi.py:613: in map_abi_data
    return pipe(
        data       = ('0x5fbdb2315678afecb367f032d93f642f64180aa3', 'latest')
        normalizers = [<function abi_bytes_to_hex at 0x7eb6eed6dc60>, <function abi_int_to_hex at 0x7eb6eed6de40>, <function abi_string_to_hex at 0x7eb6eed6df80>, <function abi_address_to_hex at 0x7eb6eed6e3e0>]
        types      = ['address', None]
/home/user/passthrough/.venv/lib/python3.12/site-packages/web3/_utils/abi.py:655: in data_tree_map
    return recursive_map(map_to_typed_data, data_tree)
           ^^^^^^^^^^^^^^^^^^^^^^^^^^^^^^^^^^^^^^^^^^^
        data_tree  = [ABITypedData(abi_type='address', data='0x5fbdb2315678afecb367f032d93f642f64180aa3'), ABITypedData(abi_type=None, data='latest')]
        func       = <function abi_address_to_hex at 0x7eb6eed6e3e0>
        map_to_typed_data = <function data_tree_map.<locals>.map_to_typed_data at 0x7eb6c1973880>
/home/user/passthrough/.venv/lib/python3.12/site-packages/web3/_utils/decorators.py:38: in wrapped
    return to_wrap(*args)
           ^^^^^^^^^^^^^^
        add_call   = <built-in method add of set object at 0x7eb6eeee0ba0>
        already_called = set()
        args       = (<function data_tree_map.<locals>.map_to_typed_data at 0x7eb6c1973880>, [ABITypedData(abi_type='address', data='0x5fbdb2315678afecb367f032d93f642f64180aa3'), ABITypedData(abi_type=None, data='latest')])
        remove_call = <built-in method remove of set object at 0x7eb6eeee0ba0>
        thread_local_args = (139324213223552, 139323397060736, 139323391492224)
        to_wrap    = <function recursive_map at 0x7eb6eecfef20>
/home/user/passthrough/.venv/lib/python3.12/site-packages/web3/_utils/formatters.py:89: in recursive_map
    items_mapped = map_collection(recurse, data)
                   ^^^^^^^^^^^^^^^^^^^^^^^^^^^^^
        data       = [ABITypedData(abi_type='address', data='0x5fbdb2315678afecb367f032d93f642f64180aa3'), ABITypedData(abi_type=None, data='latest')]
        func       = <function data_tree_map.<locals>.map_to_typed_data at 0x7eb6c1973880>
        recurse    = <function recursive_map.<locals>.recurse at 0x7eb6c1e98cc0>
/home/user/passthrough/.venv/lib/python3.12/site-packages/web3/_utils/formatters.py:73: in map_collection
    return datatype(map(func, collection))
           ^^^^^^^^^^^^^^^^^^^^^^^^^^^^^^^
        collection = [ABITypedData(abi_type='address', data='0x5fbdb2315678afecb367f032d93f642f64180aa3'), ABITypedData(abi_type=None, data='latest')]
        datatype   = <class 'list'>
        func       = <function recursive_map.<locals>.recurse at 0x7eb6c1e98cc0>
/home/user/passthrough/.venv/lib/python3.12/site-packages/web3/_utils/formatters.py:87: in recurse
    return recursive_map(func, item)
           ^^^^^^^^^^^^^^^^^^^^^^^^^
        func       = <function data_tree_map.<locals>.map_to_typed_data at 0x7eb6c1973880>
        item       = ABITypedData(abi_type='address', data='0x5fbdb2315678afecb367f032d93f642f64180aa3')
/home/user/passthrough/.venv/lib/python3.12/site-packages/web3/_utils/decorators.py:38: in wrapped
    return to_wrap(*args)
           ^^^^^^^^^^^^^^
        add_call   = <built-in method add of set object at 0x7eb6eeee0ba0>
        already_called = set()
        args       = (<function data_tree_map.<locals>.map_to_typed_data at 0x7eb6c1973880>, ABITypedData(abi_type='address', data='0x5fbdb2315678afecb367f032d93f642f64180aa3'))
        remove_call = <built-in method remove of set object at 0x7eb6eeee0ba0>
        thread_local_args = (139324213223552, 139323397060736, 139323397592544)
        to_wrap    = <function recursive_map at 0x7eb6eecfef20>
/home/user/passthrough/.venv/lib/python3.12/site-packages/web3/_utils/formatters.py:90: in recursive_map
    return func(items_mapped)
           ^^^^^^^^^^^^^^^^^^
        data       = ABITypedData(abi_type='address', data='0x5fbdb2315678afecb367f032d93f642f64180aa3')
        func       = <function data_tree_map.<locals>.map_to_typed_data at 0x7eb6c1973880>
        items_mapped = ABITypedData(abi_type='address', data='0x5fbdb2315678afecb367f032d93f642f64180aa3')
        recurse    = <function recursive_map.<locals>.recurse at 0x7eb6c1e99440>
/home/user/passthrough/.venv/lib/python3.12/site-packages/web3/_utils/abi.py:651: in map_to_typed_data
    return ABITypedData(func(*elements))
                        ^^^^^^^^^^^^^^^
        elements   = ABITypedData(abi_type='address', data='0x5fbdb2315678afecb367f032d93f642f64180aa3')
        func       = <function abi_address_to_hex at 0x7eb6eed6e3e0>
/home/user/passthrough/.venv/lib/python3.12/site-packages/web3/_utils/normalizers.py:79: in wrapper
    modified = to_wrap(type_str, data)
               ^^^^^^^^^^^^^^^^^^^^^^^
        data       = '0x5fbdb2315678afecb367f032d93f642f64180aa3'
        to_wrap    = <function abi_address_to_hex at 0x7eb6eed6e340>
        type_str   = 'address'
/home/user/passthrough/.venv/lib/python3.12/site-packages/web3/_utils/normalizers.py:202: in abi_address_to_hex
    validate_address(data)
        data       = '0x5fbdb2315678afecb367f032d93f642f64180aa3'
        type_str   = 'address'
/home/user/passthrough/.venv/lib/python3.12/site-packages/web3/_utils/validation.py:201: in validate_address
    raise InvalidAddress(
E   web3.exceptions.InvalidAddress: ('web3.py only accepts checksum addresses. The software that gave you this non-checksum address should be considered unsafe, please file it as a bug on their platform. Try using an ENS name instead. Or, if you must accept lower safety, use Web3.to_checksum_address(lower_case_address).', '0x5fbdb2315678afecb367f032d93f642f64180aa3')
        value      = '0x5fbdb2315678afecb367f032d93f642f64180aa3'
____________ ERROR at setup of test_deploy_multiple_gauges_scenario ____________
/home/user/passthrough/.venv/lib/python3.12/site-packages/_pytest/runner.py:344: in from_call
    result: TResult | None = func()
                             ^^^^^^
        cls        = <class '_pytest.runner.CallInfo'>
        duration   = Duration(start=Instant(time=1763228726.1940713, perf_count=287.386598242), stop=Instant(time=1763228726.2673814, perf_count=287.459909373))
        excinfo    = <ExceptionInfo InvalidAddress('web3.py only accepts checksum addresses. The software that gave you this non-checksum a...wer safety, use Web3.to_checksum_address(lower_case_address).', '0x5fbdb2315678afecb367f032d93f642f64180aa3') tblen=44>
        func       = <function call_and_report.<locals>.<lambda> at 0x7eb6c1e9bba0>
        instant    = Instant(time=1763228726.1940713, perf_count=287.386598242)
        reraise    = (<class '_pytest.outcomes.Exit'>, <class 'KeyboardInterrupt'>)
        result     = None
        when       = 'setup'
/home/user/passthrough/.venv/lib/python3.12/site-packages/_pytest/runner.py:246: in <lambda>
    lambda: runtest_hook(item=item, **kwds), when=when, reraise=reraise
            ^^^^^^^^^^^^^^^^^^^^^^^^^^^^^^^
        item       = <Function test_deploy_multiple_gauges_scenario>
        kwds       = {}
        runtest_hook = <HookCaller 'pytest_runtest_setup'>
/home/user/passthrough/.venv/lib/python3.12/site-packages/pluggy/_hooks.py:512: in __call__
    return self._hookexec(self.name, self._hookimpls.copy(), kwargs, firstresult)
           ^^^^^^^^^^^^^^^^^^^^^^^^^^^^^^^^^^^^^^^^^^^^^^^^^^^^^^^^^^^^^^^^^^^^^^
        firstresult = False
        kwargs     = {'item': <Function test_deploy_multiple_gauges_scenario>}
        self       = <HookCaller 'pytest_runtest_setup'>
/home/user/passthrough/.venv/lib/python3.12/site-packages/pluggy/_manager.py:120: in _hookexec
    return self._inner_hookexec(hook_name, methods, kwargs, firstresult)
           ^^^^^^^^^^^^^^^^^^^^^^^^^^^^^^^^^^^^^^^^^^^^^^^^^^^^^^^^^^^^^
        firstresult = False
        hook_name  = 'pytest_runtest_setup'
        kwargs     = {'item': <Function test_deploy_multiple_gauges_scenario>}
        methods    = [<HookImpl plugin_name='threadexception', plugin=<module '_pytest.threadexception' from '/home/user/passthrough/.venv/...pper name='/dev/null' mode='r' encoding='utf-8'>> _state='suspended' _in_suspended=False> _capture_fixture=None>>, ...]
        self       = <_pytest.config.PytestPluginManager object at 0x7eb6f1460f50>
/home/user/passthrough/.venv/lib/python3.12/site-packages/pluggy/_callers.py:167: in _multicall
    raise exception
        __tracebackhide__ = True
        args       = [<Function test_deploy_multiple_gauges_scenario>]
        caller_kwargs = {'item': <Function test_deploy_multiple_gauges_scenario>}
        exception  = InvalidAddress('web3.py only accepts checksum addresses. The software that gave you this non-checksum address should b... accept lower safety, use Web3.to_checksum_address(lower_case_address).', '0x5fbdb2315678afecb367f032d93f642f64180aa3')
        firstresult = False
        function_gen = <generator object CaptureManager.pytest_runtest_setup at 0x7eb6c1e72340>
        hook_impl  = <HookImpl plugin_name='runner', plugin=<module '_pytest.runner' from '/home/user/passthrough/.venv/lib/python3.12/site-packages/_pytest/runner.py'>>
        hook_impls = [<HookImpl plugin_name='threadexception', plugin=<module '_pytest.threadexception' from '/home/user/passthrough/.venv/...pper name='/dev/null' mode='r' encoding='utf-8'>> _state='suspended' _in_suspended=False> _capture_fixture=None>>, ...]
        hook_name  = 'pytest_runtest_setup'
        res        = None
        result     = []
        results    = []
        teardown   = <generator object LoggingPlugin.pytest_runtest_setup at 0x7eb6c1e8af20>
        teardowns  = [<generator object LoggingPlugin.pytest_runtest_setup at 0x7eb6c1e8af20>, <generator object CaptureManager.pytest_runtest_setup at 0x7eb6c1e72340>]
/home/user/passthrough/.venv/lib/python3.12/site-packages/pluggy/_callers.py:139: in _multicall
    teardown.throw(exception)
        __tracebackhide__ = True
        args       = [<Function test_deploy_multiple_gauges_scenario>]
        caller_kwargs = {'item': <Function test_deploy_multiple_gauges_scenario>}
        exception  = InvalidAddress('web3.py only accepts checksum addresses. The software that gave you this non-checksum address should b... accept lower safety, use Web3.to_checksum_address(lower_case_address).', '0x5fbdb2315678afecb367f032d93f642f64180aa3')
        firstresult = False
        function_gen = <generator object CaptureManager.pytest_runtest_setup at 0x7eb6c1e72340>
        hook_impl  = <HookImpl plugin_name='runner', plugin=<module '_pytest.runner' from '/home/user/passthrough/.venv/lib/python3.12/site-packages/_pytest/runner.py'>>
        hook_impls = [<HookImpl plugin_name='threadexception', plugin=<module '_pytest.threadexception' from '/home/user/passthrough/.venv/...pper name='/dev/null' mode='r' encoding='utf-8'>> _state='suspended' _in_suspended=False> _capture_fixture=None>>, ...]
        hook_name  = 'pytest_runtest_setup'
        res        = None
        result     = []
        results    = []
        teardown   = <generator object LoggingPlugin.pytest_runtest_setup at 0x7eb6c1e8af20>
        teardowns  = [<generator object LoggingPlugin.pytest_runtest_setup at 0x7eb6c1e8af20>, <generator object CaptureManager.pytest_runtest_setup at 0x7eb6c1e72340>]
/home/user/passthrough/.venv/lib/python3.12/site-packages/_pytest/logging.py:843: in pytest_runtest_setup
    yield
        empty      = {'setup': []}
        item       = <Function test_deploy_multiple_gauges_scenario>
        self       = <_pytest.logging.LoggingPlugin object at 0x7eb6ee3dcf20>
/home/user/passthrough/.venv/lib/python3.12/site-packages/pluggy/_callers.py:139: in _multicall
    teardown.throw(exception)
        __tracebackhide__ = True
        args       = [<Function test_deploy_multiple_gauges_scenario>]
        caller_kwargs = {'item': <Function test_deploy_multiple_gauges_scenario>}
        exception  = InvalidAddress('web3.py only accepts checksum addresses. The software that gave you this non-checksum address should b... accept lower safety, use Web3.to_checksum_address(lower_case_address).', '0x5fbdb2315678afecb367f032d93f642f64180aa3')
        firstresult = False
        function_gen = <generator object CaptureManager.pytest_runtest_setup at 0x7eb6c1e72340>
        hook_impl  = <HookImpl plugin_name='runner', plugin=<module '_pytest.runner' from '/home/user/passthrough/.venv/lib/python3.12/site-packages/_pytest/runner.py'>>
        hook_impls = [<HookImpl plugin_name='threadexception', plugin=<module '_pytest.threadexception' from '/home/user/passthrough/.venv/...pper name='/dev/null' mode='r' encoding='utf-8'>> _state='suspended' _in_suspended=False> _capture_fixture=None>>, ...]
        hook_name  = 'pytest_runtest_setup'
        res        = None
        result     = []
        results    = []
        teardown   = <generator object LoggingPlugin.pytest_runtest_setup at 0x7eb6c1e8af20>
        teardowns  = [<generator object LoggingPlugin.pytest_runtest_setup at 0x7eb6c1e8af20>, <generator object CaptureManager.pytest_runtest_setup at 0x7eb6c1e72340>]
/home/user/passthrough/.venv/lib/python3.12/site-packages/_pytest/capture.py:895: in pytest_runtest_setup
    return (yield)
            ^^^^^
        item       = <Function test_deploy_multiple_gauges_scenario>
        self       = <CaptureManager _method='fd' _global_capturing=<MultiCapture out=<FDCapture 1 oldfd=5 _state='suspended' tmpfile=<_io....xtIOWrapper name='/dev/null' mode='r' encoding='utf-8'>> _state='suspended' _in_suspended=False> _capture_fixture=None>
/home/user/passthrough/.venv/lib/python3.12/site-packages/pluggy/_callers.py:121: in _multicall
    res = hook_impl.function(*args)
          ^^^^^^^^^^^^^^^^^^^^^^^^^
        __tracebackhide__ = True
        args       = [<Function test_deploy_multiple_gauges_scenario>]
        caller_kwargs = {'item': <Function test_deploy_multiple_gauges_scenario>}
        exception  = InvalidAddress('web3.py only accepts checksum addresses. The software that gave you this non-checksum address should b... accept lower safety, use Web3.to_checksum_address(lower_case_address).', '0x5fbdb2315678afecb367f032d93f642f64180aa3')
        firstresult = False
        function_gen = <generator object CaptureManager.pytest_runtest_setup at 0x7eb6c1e72340>
        hook_impl  = <HookImpl plugin_name='runner', plugin=<module '_pytest.runner' from '/home/user/passthrough/.venv/lib/python3.12/site-packages/_pytest/runner.py'>>
        hook_impls = [<HookImpl plugin_name='threadexception', plugin=<module '_pytest.threadexception' from '/home/user/passthrough/.venv/...pper name='/dev/null' mode='r' encoding='utf-8'>> _state='suspended' _in_suspended=False> _capture_fixture=None>>, ...]
        hook_name  = 'pytest_runtest_setup'
        res        = None
        result     = []
        results    = []
        teardown   = <generator object LoggingPlugin.pytest_runtest_setup at 0x7eb6c1e8af20>
        teardowns  = [<generator object LoggingPlugin.pytest_runtest_setup at 0x7eb6c1e8af20>, <generator object CaptureManager.pytest_runtest_setup at 0x7eb6c1e72340>]
/home/user/passthrough/.venv/lib/python3.12/site-packages/_pytest/runner.py:164: in pytest_runtest_setup
    item.session._setupstate.setup(item)
        item       = <Function test_deploy_multiple_gauges_scenario>
/home/user/passthrough/.venv/lib/python3.12/site-packages/_pytest/runner.py:514: in setup
    col.setup()
        col        = <Function test_deploy_multiple_gauges_scenario>
        finalizers = [<bound method Node.teardown of <Dir tests>>]
        item       = <Function test_deploy_multiple_gauges_scenario>
        needed_collectors = [<Session  exitstatus=<ExitCode.OK: 0> testsfailed=15 testscollected=19>, <Dir passthrough>, <Dir tests>, <Module test_factory_integration.py>, <Function test_deploy_multiple_gauges_scenario>]
        self       = <_pytest.runner.SetupState object at 0x7eb6ee3c72c0>
/home/user/passthrough/.venv/lib/python3.12/site-packages/_pytest/python.py:1674: in setup
    self._request._fillfixtures()
        self       = <Function test_deploy_multiple_gauges_scenario>
/home/user/passthrough/.venv/lib/python3.12/site-packages/_pytest/fixtures.py:720: in _fillfixtures
    item.funcargs[argname] = self.getfixturevalue(argname)
                             ^^^^^^^^^^^^^^^^^^^^^^^^^^^^^
        argname    = 'blueprint'
        item       = <Function test_deploy_multiple_gauges_scenario>
        self       = <FixtureRequest for <Function test_deploy_multiple_gauges_scenario>>
/home/user/passthrough/.venv/lib/python3.12/site-packages/_pytest/fixtures.py:549: in getfixturevalue
    fixturedef = self._get_active_fixturedef(argname)
                 ^^^^^^^^^^^^^^^^^^^^^^^^^^^^^^^^^^^^
        argname    = 'blueprint'
        self       = <FixtureRequest for <Function test_deploy_multiple_gauges_scenario>>
/home/user/passthrough/.venv/lib/python3.12/site-packages/_pytest/fixtures.py:640: in _get_active_fixturedef
    fixturedef.execute(request=subrequest)
        argname    = 'blueprint'
        callspec   = None
        fixturedef = <FixtureDef argname='blueprint' scope='function' baseid='tests/test_factory_integration.py'>
        fixturedefs = (<FixtureDef argname='blueprint' scope='function' baseid='tests/test_factory_integration.py'>,)
        index      = -1
        param      = <NotSetType.token: 0>
        param_index = 0
        scope      = <Scope.Function: 'function'>
        self       = <FixtureRequest for <Function test_deploy_multiple_gauges_scenario>>
        subrequest = <SubRequest 'blueprint' for <Function test_deploy_multiple_gauges_scenario>>
/home/user/passthrough/.venv/lib/python3.12/site-packages/_pytest/fixtures.py:1128: in execute
    result = ihook.pytest_fixture_setup(fixturedef=self, request=request)
             ^^^^^^^^^^^^^^^^^^^^^^^^^^^^^^^^^^^^^^^^^^^^^^^^^^^^^^^^^^^^
        argname    = 'owner'
        finalizer  = functools.partial(<bound method FixtureDef.finish of <FixtureDef argname='blueprint' scope='function' baseid='tests/test_factory_integration.py'>>, request=<SubRequest 'blueprint' for <Function test_deploy_multiple_gauges_scenario>>)
        fixturedef = <FixtureDef argname='owner' scope='function' baseid='tests/test_factory_integration.py'>
        ihook      = <_pytest.config.compat.PathAwareHookProxy object at 0x7eb6f15e2e40>
        parent_fixture = <FixtureDef argname='owner' scope='function' baseid='tests/test_factory_integration.py'>
        request    = <SubRequest 'blueprint' for <Function test_deploy_multiple_gauges_scenario>>
        requested_fixtures_that_should_finalize_us = [<FixtureDef argname='owner' scope='function' baseid='tests/test_factory_integration.py'>]
        self       = <FixtureDef argname='blueprint' scope='function' baseid='tests/test_factory_integration.py'>
/home/user/passthrough/.venv/lib/python3.12/site-packages/pluggy/_hooks.py:512: in __call__
    return self._hookexec(self.name, self._hookimpls.copy(), kwargs, firstresult)
           ^^^^^^^^^^^^^^^^^^^^^^^^^^^^^^^^^^^^^^^^^^^^^^^^^^^^^^^^^^^^^^^^^^^^^^
        firstresult = True
        kwargs     = {'fixturedef': <FixtureDef argname='blueprint' scope='function' baseid='tests/test_factory_integration.py'>, 'request': <SubRequest 'blueprint' for <Function test_deploy_multiple_gauges_scenario>>}
        self       = <HookCaller 'pytest_fixture_setup'>
/home/user/passthrough/.venv/lib/python3.12/site-packages/pluggy/_manager.py:120: in _hookexec
    return self._inner_hookexec(hook_name, methods, kwargs, firstresult)
           ^^^^^^^^^^^^^^^^^^^^^^^^^^^^^^^^^^^^^^^^^^^^^^^^^^^^^^^^^^^^^
        firstresult = True
        hook_name  = 'pytest_fixture_setup'
        kwargs     = {'fixturedef': <FixtureDef argname='blueprint' scope='function' baseid='tests/test_factory_integration.py'>, 'request': <SubRequest 'blueprint' for <Function test_deploy_multiple_gauges_scenario>>}
        methods    = [<HookImpl plugin_name='fixtures', plugin=<module '_pytest.fixtures' from '/home/user/passthrough/.venv/lib/python3.12...in=<module '_pytest.setuponly' from '/home/user/passthrough/.venv/lib/python3.12/site-packages/_pytest/setuponly.py'>>]
        self       = <_pytest.config.PytestPluginManager object at 0x7eb6f1460f50>
/home/user/passthrough/.venv/lib/python3.12/site-packages/pluggy/_callers.py:167: in _multicall
    raise exception
        __tracebackhide__ = True
        args       = [<FixtureDef argname='blueprint' scope='function' baseid='tests/test_factory_integration.py'>, <SubRequest 'blueprint' for <Function test_deploy_multiple_gauges_scenario>>]
        caller_kwargs = {'fixturedef': <FixtureDef argname='blueprint' scope='function' baseid='tests/test_factory_integration.py'>, 'request': <SubRequest 'blueprint' for <Function test_deploy_multiple_gauges_scenario>>}
        exception  = InvalidAddress('web3.py only accepts checksum addresses. The software that gave you this non-checksum address should b... accept lower safety, use Web3.to_checksum_address(lower_case_address).', '0x5fbdb2315678afecb367f032d93f642f64180aa3')
        firstresult = True
        function_gen = <generator object pytest_fixture_setup at 0x7eb6c1e8bd30>
        hook_impl  = <HookImpl plugin_name='fixtures', plugin=<module '_pytest.fixtures' from '/home/user/passthrough/.venv/lib/python3.12/site-packages/_pytest/fixtures.py'>>
        hook_impls = [<HookImpl plugin_name='fixtures', plugin=<module '_pytest.fixtures' from '/home/user/passthrough/.venv/lib/python3.12...in=<module '_pytest.setuponly' from '/home/user/passthrough/.venv/lib/python3.12/site-packages/_pytest/setuponly.py'>>]
        hook_name  = 'pytest_fixture_setup'
        res        = None
        result     = None
        results    = []
        teardown   = <generator object pytest_fixture_setup at 0x7eb6c1e8bd30>
        teardowns  = [<generator object pytest_fixture_setup at 0x7eb6c1e8bd30>]
/home/user/passthrough/.venv/lib/python3.12/site-packages/pluggy/_callers.py:139: in _multicall
    teardown.throw(exception)
        __tracebackhide__ = True
        args       = [<FixtureDef argname='blueprint' scope='function' baseid='tests/test_factory_integration.py'>, <SubRequest 'blueprint' for <Function test_deploy_multiple_gauges_scenario>>]
        caller_kwargs = {'fixturedef': <FixtureDef argname='blueprint' scope='function' baseid='tests/test_factory_integration.py'>, 'request': <SubRequest 'blueprint' for <Function test_deploy_multiple_gauges_scenario>>}
        exception  = InvalidAddress('web3.py only accepts checksum addresses. The software that gave you this non-checksum address should b... accept lower safety, use Web3.to_checksum_address(lower_case_address).', '0x5fbdb2315678afecb367f032d93f642f64180aa3')
        firstresult = True
        function_gen = <generator object pytest_fixture_setup at 0x7eb6c1e8bd30>
        hook_impl  = <HookImpl plugin_name='fixtures', plugin=<module '_pytest.fixtures' from '/home/user/passthrough/.venv/lib/python3.12/site-packages/_pytest/fixtures.py'>>
        hook_impls = [<HookImpl plugin_name='fixtures', plugin=<module '_pytest.fixtures' from '/home/user/passthrough/.venv/lib/python3.12...in=<module '_pytest.setuponly' from '/home/user/passthrough/.venv/lib/python3.12/site-packages/_pytest/setuponly.py'>>]
        hook_name  = 'pytest_fixture_setup'
        res        = None
        result     = None
        results    = []
        teardown   = <generator object pytest_fixture_setup at 0x7eb6c1e8bd30>
        teardowns  = [<generator object pytest_fixture_setup at 0x7eb6c1e8bd30>]
/home/user/passthrough/.venv/lib/python3.12/site-packages/_pytest/setuponly.py:36: in pytest_fixture_setup
    return (yield)
            ^^^^^
        fixturedef = <FixtureDef argname='blueprint' scope='function' baseid='tests/test_factory_integration.py'>
        request    = <SubRequest 'blueprint' for <Function test_deploy_multiple_gauges_scenario>>
/home/user/passthrough/.venv/lib/python3.12/site-packages/pluggy/_callers.py:121: in _multicall
    res = hook_impl.function(*args)
          ^^^^^^^^^^^^^^^^^^^^^^^^^
        __tracebackhide__ = True
        args       = [<FixtureDef argname='blueprint' scope='function' baseid='tests/test_factory_integration.py'>, <SubRequest 'blueprint' for <Function test_deploy_multiple_gauges_scenario>>]
        caller_kwargs = {'fixturedef': <FixtureDef argname='blueprint' scope='function' baseid='tests/test_factory_integration.py'>, 'request': <SubRequest 'blueprint' for <Function test_deploy_multiple_gauges_scenario>>}
        exception  = InvalidAddress('web3.py only accepts checksum addresses. The software that gave you this non-checksum address should b... accept lower safety, use Web3.to_checksum_address(lower_case_address).', '0x5fbdb2315678afecb367f032d93f642f64180aa3')
        firstresult = True
        function_gen = <generator object pytest_fixture_setup at 0x7eb6c1e8bd30>
        hook_impl  = <HookImpl plugin_name='fixtures', plugin=<module '_pytest.fixtures' from '/home/user/passthrough/.venv/lib/python3.12/site-packages/_pytest/fixtures.py'>>
        hook_impls = [<HookImpl plugin_name='fixtures', plugin=<module '_pytest.fixtures' from '/home/user/passthrough/.venv/lib/python3.12...in=<module '_pytest.setuponly' from '/home/user/passthrough/.venv/lib/python3.12/site-packages/_pytest/setuponly.py'>>]
        hook_name  = 'pytest_fixture_setup'
        res        = None
        result     = None
        results    = []
        teardown   = <generator object pytest_fixture_setup at 0x7eb6c1e8bd30>
        teardowns  = [<generator object pytest_fixture_setup at 0x7eb6c1e8bd30>]
/home/user/passthrough/.venv/lib/python3.12/site-packages/_pytest/fixtures.py:1196: in pytest_fixture_setup
    result = call_fixture_func(fixturefunc, request, kwargs)
             ^^^^^^^^^^^^^^^^^^^^^^^^^^^^^^^^^^^^^^^^^^^^^^^
        argname    = 'owner'
        fixturedef = <FixtureDef argname='blueprint' scope='function' baseid='tests/test_factory_integration.py'>
        fixturefunc = <function blueprint at 0x7eb6c2107060>
        kwargs     = {'owner': <TestAccount_0 0xf39Fd6e51aad88F6F4ce6aB8827279cffFb92266>}
        my_cache_key = None
        request    = <SubRequest 'blueprint' for <Function test_deploy_multiple_gauges_scenario>>
/home/user/passthrough/.venv/lib/python3.12/site-packages/_pytest/fixtures.py:930: in call_fixture_func
    fixture_result = fixturefunc(**kwargs)
                     ^^^^^^^^^^^^^^^^^^^^^
        fixturefunc = <function blueprint at 0x7eb6c2107060>
        kwargs     = {'owner': <TestAccount_0 0xf39Fd6e51aad88F6F4ce6aB8827279cffFb92266>}
        request    = <SubRequest 'blueprint' for <Function test_deploy_multiple_gauges_scenario>>
/home/user/passthrough/tests/test_factory_integration.py:41: in blueprint
    return deploy_blueprint(project.Passthrough, owner)
           ^^^^^^^^^^^^^^^^^^^^^^^^^^^^^^^^^^^^^^^^^^^^
        deploy_blueprint = <function deploy_blueprint at 0x7eb6f115fce0>
        owner      = <TestAccount_0 0xf39Fd6e51aad88F6F4ce6aB8827279cffFb92266>
/home/user/passthrough/tests/conftest.py:60: in deploy_blueprint
    runtime_bytecode = web3.eth.get_code(temp_address)
                       ^^^^^^^^^^^^^^^^^^^^^^^^^^^^^^^
        contract_container = <Passthrough>
        contract_type = <ContractType Passthrough>
        init_code  = '0x611b865150346103a2576020611f645f395f51600a602082611f64015f395f51116103a257602081611f64015f395f515f81600a81116103a25...401aa1855820852887320f0d404c27938a631eb6e7268477bf82e4f8608ee65c859a4d311bf9191b8681183e1820a1657679706572830004030038'
        keccak     = <function keccak at 0x7eb6f0fd5b20>
        nonce      = 0
        receipt    = AttributeDict({'blockHash': HexBytes('0xb80bb65977ffff56e3c0e6a89ac4c99dc16e9b028d08e79e4315af71754711dd'), 'blockNumb...sh': HexBytes('0x7af2175882a71fa8813fe5cb44583488df1652a3771d2041153745d27500e163'), 'transactionIndex': 0, 'type': 0})
        rlp        = <module 'rlp' from '/home/user/passthrough/.venv/lib/python3.12/site-packages/rlp/__init__.py'>
        rlp_encoded = b'\xd6\x94\xf3\x9f\xd6\xe5\x1a\xad\x88\xf6\xf4\xcej\xb8\x82ry\xcf\xff\xb9"f\x80'
        sender     = <TestAccount_0 0xf39Fd6e51aad88F6F4ce6aB8827279cffFb92266>
        temp_address = '0x5fbdb2315678afecb367f032d93f642f64180aa3'
        to_checksum_address = <function to_checksum_address at 0x7eb6f107d4e0>
        tx_dict    = {'data': '0x611b865150346103a2576020611f645f395f51600a602082611f64015f395f51116103a257602081611f64015f395f515f81600a81...706572830004030038', 'from': '0xf39Fd6e51aad88F6F4ce6aB8827279cffFb92266', 'gas': 3000000, 'gasPrice': 1000000000, ...}
        tx_hash    = HexBytes('0x7af2175882a71fa8813fe5cb44583488df1652a3771d2041153745d27500e163')
        web3       = <web3.main.Web3 object at 0x7eb6c234e4b0>
/home/user/passthrough/.venv/lib/python3.12/site-packages/web3/eth/eth.py:455: in get_code
    return self._get_code(account, block_identifier)
           ^^^^^^^^^^^^^^^^^^^^^^^^^^^^^^^^^^^^^^^^^
        account    = '0x5fbdb2315678afecb367f032d93f642f64180aa3'
        block_identifier = None
        self       = <web3.eth.eth.Eth object at 0x7eb6c1e167b0>
/home/user/passthrough/.venv/lib/python3.12/site-packages/web3/module.py:101: in caller
    (method_str, params), response_formatters = method.process_params(
        args       = ('0x5fbdb2315678afecb367f032d93f642f64180aa3', None)
        kwargs     = {}
        method     = <web3.method.Method object at 0x7eb6f1443320>
        module     = <web3.eth.eth.Eth object at 0x7eb6c1e167b0>
        w3         = <web3.main.Web3 object at 0x7eb6c234e4b0>
/home/user/passthrough/.venv/lib/python3.12/site-packages/web3/method.py:237: in process_params
    _apply_request_formatters(params, self.request_formatters(method)),
    ^^^^^^^^^^^^^^^^^^^^^^^^^^^^^^^^^^^^^^^^^^^^^^^^^^^^^^^^^^^^^^^^^^
        args       = ('0x5fbdb2315678afecb367f032d93f642f64180aa3', None)
        kwargs     = {}
        method     = 'eth_getCode'
        module     = <web3.eth.eth.Eth object at 0x7eb6c1e167b0>
        params     = ('0x5fbdb2315678afecb367f032d93f642f64180aa3', 'latest')
        response_formatters = (<class 'hexbytes.main.HexBytes'>, <cyfunction identity at 0x7eb6f0ec1840>, <cyfunction identity at 0x7eb6f0ec1840>)
        self       = <web3.method.Method object at 0x7eb6f1443320>
/home/user/passthrough/.venv/lib/python3.12/site-packages/eth_utils/functional.py:47: in inner
    return callback(fn(*args, **kwargs))
                    ^^^^^^^^^^^^^^^^^^^
        args       = (('0x5fbdb2315678afecb367f032d93f642f64180aa3', 'latest'), Compose(<function map_abi_data at 0x7eb6eed50d60>, <function apply_formatter_at_index at 0x7eb6f0e9b7e0>))
        callback   = <class 'tuple'>
        fn         = <function _apply_request_formatters at 0x7eb6ee874400>
        kwargs     = {}
/home/user/passthrough/.venv/lib/python3.12/site-packages/web3/method.py:64: in _apply_request_formatters
    formatted_params = pipe(params, request_formatters)
                       ^^^^^^^^^^^^^^^^^^^^^^^^^^^^^^^^
        params     = ('0x5fbdb2315678afecb367f032d93f642f64180aa3', 'latest')
        request_formatters = Compose(<function map_abi_data at 0x7eb6eed50d60>, <function apply_formatter_at_index at 0x7eb6f0e9b7e0>)
/home/user/passthrough/.venv/lib/python3.12/site-packages/web3/_utils/abi.py:613: in map_abi_data
    return pipe(
        data       = ('0x5fbdb2315678afecb367f032d93f642f64180aa3', 'latest')
        normalizers = [<function abi_bytes_to_hex at 0x7eb6eed6dc60>, <function abi_int_to_hex at 0x7eb6eed6de40>, <function abi_string_to_hex at 0x7eb6eed6df80>, <function abi_address_to_hex at 0x7eb6eed6e3e0>]
        types      = ['address', None]
/home/user/passthrough/.venv/lib/python3.12/site-packages/web3/_utils/abi.py:655: in data_tree_map
    return recursive_map(map_to_typed_data, data_tree)
           ^^^^^^^^^^^^^^^^^^^^^^^^^^^^^^^^^^^^^^^^^^^
        data_tree  = [ABITypedData(abi_type='address', data='0x5fbdb2315678afecb367f032d93f642f64180aa3'), ABITypedData(abi_type=None, data='latest')]
        func       = <function abi_address_to_hex at 0x7eb6eed6e3e0>
        map_to_typed_data = <function data_tree_map.<locals>.map_to_typed_data at 0x7eb6c1e9af20>
/home/user/passthrough/.venv/lib/python3.12/site-packages/web3/_utils/decorators.py:38: in wrapped
    return to_wrap(*args)
           ^^^^^^^^^^^^^^
        add_call   = <built-in method add of set object at 0x7eb6eeee0ba0>
        already_called = set()
        args       = (<function data_tree_map.<locals>.map_to_typed_data at 0x7eb6c1e9af20>, [ABITypedData(abi_type='address', data='0x5fbdb2315678afecb367f032d93f642f64180aa3'), ABITypedData(abi_type=None, data='latest')])
        remove_call = <built-in method remove of set object at 0x7eb6eeee0ba0>
        thread_local_args = (139324213223552, 139323402465056, 139323392542656)
        to_wrap    = <function recursive_map at 0x7eb6eecfef20>
/home/user/passthrough/.venv/lib/python3.12/site-packages/web3/_utils/formatters.py:89: in recursive_map
    items_mapped = map_collection(recurse, data)
                   ^^^^^^^^^^^^^^^^^^^^^^^^^^^^^
        data       = [ABITypedData(abi_type='address', data='0x5fbdb2315678afecb367f032d93f642f64180aa3'), ABITypedData(abi_type=None, data='latest')]
        func       = <function data_tree_map.<locals>.map_to_typed_data at 0x7eb6c1e9af20>
        recurse    = <function recursive_map.<locals>.recurse at 0x7eb6c1e99760>
/home/user/passthrough/.venv/lib/python3.12/site-packages/web3/_utils/formatters.py:73: in map_collection
    return datatype(map(func, collection))
           ^^^^^^^^^^^^^^^^^^^^^^^^^^^^^^^
        collection = [ABITypedData(abi_type='address', data='0x5fbdb2315678afecb367f032d93f642f64180aa3'), ABITypedData(abi_type=None, data='latest')]
        datatype   = <class 'list'>
        func       = <function recursive_map.<locals>.recurse at 0x7eb6c1e99760>
/home/user/passthrough/.venv/lib/python3.12/site-packages/web3/_utils/formatters.py:87: in recurse
    return recursive_map(func, item)
           ^^^^^^^^^^^^^^^^^^^^^^^^^
        func       = <function data_tree_map.<locals>.map_to_typed_data at 0x7eb6c1e9af20>
        item       = ABITypedData(abi_type='address', data='0x5fbdb2315678afecb367f032d93f642f64180aa3')
/home/user/passthrough/.venv/lib/python3.12/site-packages/web3/_utils/decorators.py:38: in wrapped
    return to_wrap(*args)
           ^^^^^^^^^^^^^^
        add_call   = <built-in method add of set object at 0x7eb6eeee0ba0>
        already_called = set()
        args       = (<function data_tree_map.<locals>.map_to_typed_data at 0x7eb6c1e9af20>, ABITypedData(abi_type='address', data='0x5fbdb2315678afecb367f032d93f642f64180aa3'))
        remove_call = <built-in method remove of set object at 0x7eb6eeee0ba0>
        thread_local_args = (139324213223552, 139323402465056, 139323384871616)
        to_wrap    = <function recursive_map at 0x7eb6eecfef20>
/home/user/passthrough/.venv/lib/python3.12/site-packages/web3/_utils/formatters.py:90: in recursive_map
    return func(items_mapped)
           ^^^^^^^^^^^^^^^^^^
        data       = ABITypedData(abi_type='address', data='0x5fbdb2315678afecb367f032d93f642f64180aa3')
        func       = <function data_tree_map.<locals>.map_to_typed_data at 0x7eb6c1e9af20>
        items_mapped = ABITypedData(abi_type='address', data='0x5fbdb2315678afecb367f032d93f642f64180aa3')
        recurse    = <function recursive_map.<locals>.recurse at 0x7eb6c1e99e40>
/home/user/passthrough/.venv/lib/python3.12/site-packages/web3/_utils/abi.py:651: in map_to_typed_data
    return ABITypedData(func(*elements))
                        ^^^^^^^^^^^^^^^
        elements   = ABITypedData(abi_type='address', data='0x5fbdb2315678afecb367f032d93f642f64180aa3')
        func       = <function abi_address_to_hex at 0x7eb6eed6e3e0>
/home/user/passthrough/.venv/lib/python3.12/site-packages/web3/_utils/normalizers.py:79: in wrapper
    modified = to_wrap(type_str, data)
               ^^^^^^^^^^^^^^^^^^^^^^^
        data       = '0x5fbdb2315678afecb367f032d93f642f64180aa3'
        to_wrap    = <function abi_address_to_hex at 0x7eb6eed6e340>
        type_str   = 'address'
/home/user/passthrough/.venv/lib/python3.12/site-packages/web3/_utils/normalizers.py:202: in abi_address_to_hex
    validate_address(data)
        data       = '0x5fbdb2315678afecb367f032d93f642f64180aa3'
        type_str   = 'address'
/home/user/passthrough/.venv/lib/python3.12/site-packages/web3/_utils/validation.py:201: in validate_address
    raise InvalidAddress(
E   web3.exceptions.InvalidAddress: ('web3.py only accepts checksum addresses. The software that gave you this non-checksum address should be considered unsafe, please file it as a bug on their platform. Try using an ENS name instead. Or, if you must accept lower safety, use Web3.to_checksum_address(lower_case_address).', '0x5fbdb2315678afecb367f032d93f642f64180aa3')
        value      = '0x5fbdb2315678afecb367f032d93f642f64180aa3'
__________________ ERROR at setup of test_factory_gas_savings __________________
/home/user/passthrough/.venv/lib/python3.12/site-packages/_pytest/runner.py:344: in from_call
    result: TResult | None = func()
                             ^^^^^^
        cls        = <class '_pytest.runner.CallInfo'>
        duration   = Duration(start=Instant(time=1763228726.6851304, perf_count=287.877658158), stop=Instant(time=1763228726.7553003, perf_count=287.947827753))
        excinfo    = <ExceptionInfo InvalidAddress('web3.py only accepts checksum addresses. The software that gave you this non-checksum a...wer safety, use Web3.to_checksum_address(lower_case_address).', '0x5fbdb2315678afecb367f032d93f642f64180aa3') tblen=44>
        func       = <function call_and_report.<locals>.<lambda> at 0x7eb6c19d5b20>
        instant    = Instant(time=1763228726.6851304, perf_count=287.877658158)
        reraise    = (<class '_pytest.outcomes.Exit'>, <class 'KeyboardInterrupt'>)
        result     = None
        when       = 'setup'
/home/user/passthrough/.venv/lib/python3.12/site-packages/_pytest/runner.py:246: in <lambda>
    lambda: runtest_hook(item=item, **kwds), when=when, reraise=reraise
            ^^^^^^^^^^^^^^^^^^^^^^^^^^^^^^^
        item       = <Function test_factory_gas_savings>
        kwds       = {}
        runtest_hook = <HookCaller 'pytest_runtest_setup'>
/home/user/passthrough/.venv/lib/python3.12/site-packages/pluggy/_hooks.py:512: in __call__
    return self._hookexec(self.name, self._hookimpls.copy(), kwargs, firstresult)
           ^^^^^^^^^^^^^^^^^^^^^^^^^^^^^^^^^^^^^^^^^^^^^^^^^^^^^^^^^^^^^^^^^^^^^^
        firstresult = False
        kwargs     = {'item': <Function test_factory_gas_savings>}
        self       = <HookCaller 'pytest_runtest_setup'>
/home/user/passthrough/.venv/lib/python3.12/site-packages/pluggy/_manager.py:120: in _hookexec
    return self._inner_hookexec(hook_name, methods, kwargs, firstresult)
           ^^^^^^^^^^^^^^^^^^^^^^^^^^^^^^^^^^^^^^^^^^^^^^^^^^^^^^^^^^^^^
        firstresult = False
        hook_name  = 'pytest_runtest_setup'
        kwargs     = {'item': <Function test_factory_gas_savings>}
        methods    = [<HookImpl plugin_name='threadexception', plugin=<module '_pytest.threadexception' from '/home/user/passthrough/.venv/...pper name='/dev/null' mode='r' encoding='utf-8'>> _state='suspended' _in_suspended=False> _capture_fixture=None>>, ...]
        self       = <_pytest.config.PytestPluginManager object at 0x7eb6f1460f50>
/home/user/passthrough/.venv/lib/python3.12/site-packages/pluggy/_callers.py:167: in _multicall
    raise exception
        __tracebackhide__ = True
        args       = [<Function test_factory_gas_savings>]
        caller_kwargs = {'item': <Function test_factory_gas_savings>}
        exception  = InvalidAddress('web3.py only accepts checksum addresses. The software that gave you this non-checksum address should b... accept lower safety, use Web3.to_checksum_address(lower_case_address).', '0x5fbdb2315678afecb367f032d93f642f64180aa3')
        firstresult = False
        function_gen = <generator object CaptureManager.pytest_runtest_setup at 0x7eb6c1e725e0>
        hook_impl  = <HookImpl plugin_name='runner', plugin=<module '_pytest.runner' from '/home/user/passthrough/.venv/lib/python3.12/site-packages/_pytest/runner.py'>>
        hook_impls = [<HookImpl plugin_name='threadexception', plugin=<module '_pytest.threadexception' from '/home/user/passthrough/.venv/...pper name='/dev/null' mode='r' encoding='utf-8'>> _state='suspended' _in_suspended=False> _capture_fixture=None>>, ...]
        hook_name  = 'pytest_runtest_setup'
        res        = None
        result     = []
        results    = []
        teardown   = <generator object LoggingPlugin.pytest_runtest_setup at 0x7eb6c1e8bc40>
        teardowns  = [<generator object LoggingPlugin.pytest_runtest_setup at 0x7eb6c1e8bc40>, <generator object CaptureManager.pytest_runtest_setup at 0x7eb6c1e725e0>]
/home/user/passthrough/.venv/lib/python3.12/site-packages/pluggy/_callers.py:139: in _multicall
    teardown.throw(exception)
        __tracebackhide__ = True
        args       = [<Function test_factory_gas_savings>]
        caller_kwargs = {'item': <Function test_factory_gas_savings>}
        exception  = InvalidAddress('web3.py only accepts checksum addresses. The software that gave you this non-checksum address should b... accept lower safety, use Web3.to_checksum_address(lower_case_address).', '0x5fbdb2315678afecb367f032d93f642f64180aa3')
        firstresult = False
        function_gen = <generator object CaptureManager.pytest_runtest_setup at 0x7eb6c1e725e0>
        hook_impl  = <HookImpl plugin_name='runner', plugin=<module '_pytest.runner' from '/home/user/passthrough/.venv/lib/python3.12/site-packages/_pytest/runner.py'>>
        hook_impls = [<HookImpl plugin_name='threadexception', plugin=<module '_pytest.threadexception' from '/home/user/passthrough/.venv/...pper name='/dev/null' mode='r' encoding='utf-8'>> _state='suspended' _in_suspended=False> _capture_fixture=None>>, ...]
        hook_name  = 'pytest_runtest_setup'
        res        = None
        result     = []
        results    = []
        teardown   = <generator object LoggingPlugin.pytest_runtest_setup at 0x7eb6c1e8bc40>
        teardowns  = [<generator object LoggingPlugin.pytest_runtest_setup at 0x7eb6c1e8bc40>, <generator object CaptureManager.pytest_runtest_setup at 0x7eb6c1e725e0>]
/home/user/passthrough/.venv/lib/python3.12/site-packages/_pytest/logging.py:843: in pytest_runtest_setup
    yield
        empty      = {'setup': []}
        item       = <Function test_factory_gas_savings>
        self       = <_pytest.logging.LoggingPlugin object at 0x7eb6ee3dcf20>
/home/user/passthrough/.venv/lib/python3.12/site-packages/pluggy/_callers.py:139: in _multicall
    teardown.throw(exception)
        __tracebackhide__ = True
        args       = [<Function test_factory_gas_savings>]
        caller_kwargs = {'item': <Function test_factory_gas_savings>}
        exception  = InvalidAddress('web3.py only accepts checksum addresses. The software that gave you this non-checksum address should b... accept lower safety, use Web3.to_checksum_address(lower_case_address).', '0x5fbdb2315678afecb367f032d93f642f64180aa3')
        firstresult = False
        function_gen = <generator object CaptureManager.pytest_runtest_setup at 0x7eb6c1e725e0>
        hook_impl  = <HookImpl plugin_name='runner', plugin=<module '_pytest.runner' from '/home/user/passthrough/.venv/lib/python3.12/site-packages/_pytest/runner.py'>>
        hook_impls = [<HookImpl plugin_name='threadexception', plugin=<module '_pytest.threadexception' from '/home/user/passthrough/.venv/...pper name='/dev/null' mode='r' encoding='utf-8'>> _state='suspended' _in_suspended=False> _capture_fixture=None>>, ...]
        hook_name  = 'pytest_runtest_setup'
        res        = None
        result     = []
        results    = []
        teardown   = <generator object LoggingPlugin.pytest_runtest_setup at 0x7eb6c1e8bc40>
        teardowns  = [<generator object LoggingPlugin.pytest_runtest_setup at 0x7eb6c1e8bc40>, <generator object CaptureManager.pytest_runtest_setup at 0x7eb6c1e725e0>]
/home/user/passthrough/.venv/lib/python3.12/site-packages/_pytest/capture.py:895: in pytest_runtest_setup
    return (yield)
            ^^^^^
        item       = <Function test_factory_gas_savings>
        self       = <CaptureManager _method='fd' _global_capturing=<MultiCapture out=<FDCapture 1 oldfd=5 _state='suspended' tmpfile=<_io....xtIOWrapper name='/dev/null' mode='r' encoding='utf-8'>> _state='suspended' _in_suspended=False> _capture_fixture=None>
/home/user/passthrough/.venv/lib/python3.12/site-packages/pluggy/_callers.py:121: in _multicall
    res = hook_impl.function(*args)
          ^^^^^^^^^^^^^^^^^^^^^^^^^
        __tracebackhide__ = True
        args       = [<Function test_factory_gas_savings>]
        caller_kwargs = {'item': <Function test_factory_gas_savings>}
        exception  = InvalidAddress('web3.py only accepts checksum addresses. The software that gave you this non-checksum address should b... accept lower safety, use Web3.to_checksum_address(lower_case_address).', '0x5fbdb2315678afecb367f032d93f642f64180aa3')
        firstresult = False
        function_gen = <generator object CaptureManager.pytest_runtest_setup at 0x7eb6c1e725e0>
        hook_impl  = <HookImpl plugin_name='runner', plugin=<module '_pytest.runner' from '/home/user/passthrough/.venv/lib/python3.12/site-packages/_pytest/runner.py'>>
        hook_impls = [<HookImpl plugin_name='threadexception', plugin=<module '_pytest.threadexception' from '/home/user/passthrough/.venv/...pper name='/dev/null' mode='r' encoding='utf-8'>> _state='suspended' _in_suspended=False> _capture_fixture=None>>, ...]
        hook_name  = 'pytest_runtest_setup'
        res        = None
        result     = []
        results    = []
        teardown   = <generator object LoggingPlugin.pytest_runtest_setup at 0x7eb6c1e8bc40>
        teardowns  = [<generator object LoggingPlugin.pytest_runtest_setup at 0x7eb6c1e8bc40>, <generator object CaptureManager.pytest_runtest_setup at 0x7eb6c1e725e0>]
/home/user/passthrough/.venv/lib/python3.12/site-packages/_pytest/runner.py:164: in pytest_runtest_setup
    item.session._setupstate.setup(item)
        item       = <Function test_factory_gas_savings>
/home/user/passthrough/.venv/lib/python3.12/site-packages/_pytest/runner.py:514: in setup
    col.setup()
        col        = <Function test_factory_gas_savings>
        finalizers = [<bound method Node.teardown of <Module test_factory_integration.py>>]
        item       = <Function test_factory_gas_savings>
        needed_collectors = [<Session  exitstatus=<ExitCode.OK: 0> testsfailed=16 testscollected=19>, <Dir passthrough>, <Dir tests>, <Module test_factory_integration.py>, <Function test_factory_gas_savings>]
        self       = <_pytest.runner.SetupState object at 0x7eb6ee3c72c0>
/home/user/passthrough/.venv/lib/python3.12/site-packages/_pytest/python.py:1674: in setup
    self._request._fillfixtures()
        self       = <Function test_factory_gas_savings>
/home/user/passthrough/.venv/lib/python3.12/site-packages/_pytest/fixtures.py:720: in _fillfixtures
    item.funcargs[argname] = self.getfixturevalue(argname)
                             ^^^^^^^^^^^^^^^^^^^^^^^^^^^^^
        argname    = 'blueprint'
        item       = <Function test_factory_gas_savings>
        self       = <FixtureRequest for <Function test_factory_gas_savings>>
/home/user/passthrough/.venv/lib/python3.12/site-packages/_pytest/fixtures.py:549: in getfixturevalue
    fixturedef = self._get_active_fixturedef(argname)
                 ^^^^^^^^^^^^^^^^^^^^^^^^^^^^^^^^^^^^
        argname    = 'blueprint'
        self       = <FixtureRequest for <Function test_factory_gas_savings>>
/home/user/passthrough/.venv/lib/python3.12/site-packages/_pytest/fixtures.py:640: in _get_active_fixturedef
    fixturedef.execute(request=subrequest)
        argname    = 'blueprint'
        callspec   = None
        fixturedef = <FixtureDef argname='blueprint' scope='function' baseid='tests/test_factory_integration.py'>
        fixturedefs = (<FixtureDef argname='blueprint' scope='function' baseid='tests/test_factory_integration.py'>,)
        index      = -1
        param      = <NotSetType.token: 0>
        param_index = 0
        scope      = <Scope.Function: 'function'>
        self       = <FixtureRequest for <Function test_factory_gas_savings>>
        subrequest = <SubRequest 'blueprint' for <Function test_factory_gas_savings>>
/home/user/passthrough/.venv/lib/python3.12/site-packages/_pytest/fixtures.py:1128: in execute
    result = ihook.pytest_fixture_setup(fixturedef=self, request=request)
             ^^^^^^^^^^^^^^^^^^^^^^^^^^^^^^^^^^^^^^^^^^^^^^^^^^^^^^^^^^^^
        argname    = 'owner'
        finalizer  = functools.partial(<bound method FixtureDef.finish of <FixtureDef argname='blueprint' scope='function' baseid='tests/test_factory_integration.py'>>, request=<SubRequest 'blueprint' for <Function test_factory_gas_savings>>)
        fixturedef = <FixtureDef argname='owner' scope='function' baseid='tests/test_factory_integration.py'>
        ihook      = <_pytest.config.compat.PathAwareHookProxy object at 0x7eb6f15e2e40>
        parent_fixture = <FixtureDef argname='owner' scope='function' baseid='tests/test_factory_integration.py'>
        request    = <SubRequest 'blueprint' for <Function test_factory_gas_savings>>
        requested_fixtures_that_should_finalize_us = [<FixtureDef argname='owner' scope='function' baseid='tests/test_factory_integration.py'>]
        self       = <FixtureDef argname='blueprint' scope='function' baseid='tests/test_factory_integration.py'>
/home/user/passthrough/.venv/lib/python3.12/site-packages/pluggy/_hooks.py:512: in __call__
    return self._hookexec(self.name, self._hookimpls.copy(), kwargs, firstresult)
           ^^^^^^^^^^^^^^^^^^^^^^^^^^^^^^^^^^^^^^^^^^^^^^^^^^^^^^^^^^^^^^^^^^^^^^
        firstresult = True
        kwargs     = {'fixturedef': <FixtureDef argname='blueprint' scope='function' baseid='tests/test_factory_integration.py'>, 'request': <SubRequest 'blueprint' for <Function test_factory_gas_savings>>}
        self       = <HookCaller 'pytest_fixture_setup'>
/home/user/passthrough/.venv/lib/python3.12/site-packages/pluggy/_manager.py:120: in _hookexec
    return self._inner_hookexec(hook_name, methods, kwargs, firstresult)
           ^^^^^^^^^^^^^^^^^^^^^^^^^^^^^^^^^^^^^^^^^^^^^^^^^^^^^^^^^^^^^
        firstresult = True
        hook_name  = 'pytest_fixture_setup'
        kwargs     = {'fixturedef': <FixtureDef argname='blueprint' scope='function' baseid='tests/test_factory_integration.py'>, 'request': <SubRequest 'blueprint' for <Function test_factory_gas_savings>>}
        methods    = [<HookImpl plugin_name='fixtures', plugin=<module '_pytest.fixtures' from '/home/user/passthrough/.venv/lib/python3.12...in=<module '_pytest.setuponly' from '/home/user/passthrough/.venv/lib/python3.12/site-packages/_pytest/setuponly.py'>>]
        self       = <_pytest.config.PytestPluginManager object at 0x7eb6f1460f50>
/home/user/passthrough/.venv/lib/python3.12/site-packages/pluggy/_callers.py:167: in _multicall
    raise exception
        __tracebackhide__ = True
        args       = [<FixtureDef argname='blueprint' scope='function' baseid='tests/test_factory_integration.py'>, <SubRequest 'blueprint' for <Function test_factory_gas_savings>>]
        caller_kwargs = {'fixturedef': <FixtureDef argname='blueprint' scope='function' baseid='tests/test_factory_integration.py'>, 'request': <SubRequest 'blueprint' for <Function test_factory_gas_savings>>}
        exception  = InvalidAddress('web3.py only accepts checksum addresses. The software that gave you this non-checksum address should b... accept lower safety, use Web3.to_checksum_address(lower_case_address).', '0x5fbdb2315678afecb367f032d93f642f64180aa3')
        firstresult = True
        function_gen = <generator object pytest_fixture_setup at 0x7eb6c1e8ac50>
        hook_impl  = <HookImpl plugin_name='fixtures', plugin=<module '_pytest.fixtures' from '/home/user/passthrough/.venv/lib/python3.12/site-packages/_pytest/fixtures.py'>>
        hook_impls = [<HookImpl plugin_name='fixtures', plugin=<module '_pytest.fixtures' from '/home/user/passthrough/.venv/lib/python3.12...in=<module '_pytest.setuponly' from '/home/user/passthrough/.venv/lib/python3.12/site-packages/_pytest/setuponly.py'>>]
        hook_name  = 'pytest_fixture_setup'
        res        = None
        result     = None
        results    = []
        teardown   = <generator object pytest_fixture_setup at 0x7eb6c1e8ac50>
        teardowns  = [<generator object pytest_fixture_setup at 0x7eb6c1e8ac50>]
/home/user/passthrough/.venv/lib/python3.12/site-packages/pluggy/_callers.py:139: in _multicall
    teardown.throw(exception)
        __tracebackhide__ = True
        args       = [<FixtureDef argname='blueprint' scope='function' baseid='tests/test_factory_integration.py'>, <SubRequest 'blueprint' for <Function test_factory_gas_savings>>]
        caller_kwargs = {'fixturedef': <FixtureDef argname='blueprint' scope='function' baseid='tests/test_factory_integration.py'>, 'request': <SubRequest 'blueprint' for <Function test_factory_gas_savings>>}
        exception  = InvalidAddress('web3.py only accepts checksum addresses. The software that gave you this non-checksum address should b... accept lower safety, use Web3.to_checksum_address(lower_case_address).', '0x5fbdb2315678afecb367f032d93f642f64180aa3')
        firstresult = True
        function_gen = <generator object pytest_fixture_setup at 0x7eb6c1e8ac50>
        hook_impl  = <HookImpl plugin_name='fixtures', plugin=<module '_pytest.fixtures' from '/home/user/passthrough/.venv/lib/python3.12/site-packages/_pytest/fixtures.py'>>
        hook_impls = [<HookImpl plugin_name='fixtures', plugin=<module '_pytest.fixtures' from '/home/user/passthrough/.venv/lib/python3.12...in=<module '_pytest.setuponly' from '/home/user/passthrough/.venv/lib/python3.12/site-packages/_pytest/setuponly.py'>>]
        hook_name  = 'pytest_fixture_setup'
        res        = None
        result     = None
        results    = []
        teardown   = <generator object pytest_fixture_setup at 0x7eb6c1e8ac50>
        teardowns  = [<generator object pytest_fixture_setup at 0x7eb6c1e8ac50>]
/home/user/passthrough/.venv/lib/python3.12/site-packages/_pytest/setuponly.py:36: in pytest_fixture_setup
    return (yield)
            ^^^^^
        fixturedef = <FixtureDef argname='blueprint' scope='function' baseid='tests/test_factory_integration.py'>
        request    = <SubRequest 'blueprint' for <Function test_factory_gas_savings>>
/home/user/passthrough/.venv/lib/python3.12/site-packages/pluggy/_callers.py:121: in _multicall
    res = hook_impl.function(*args)
          ^^^^^^^^^^^^^^^^^^^^^^^^^
        __tracebackhide__ = True
        args       = [<FixtureDef argname='blueprint' scope='function' baseid='tests/test_factory_integration.py'>, <SubRequest 'blueprint' for <Function test_factory_gas_savings>>]
        caller_kwargs = {'fixturedef': <FixtureDef argname='blueprint' scope='function' baseid='tests/test_factory_integration.py'>, 'request': <SubRequest 'blueprint' for <Function test_factory_gas_savings>>}
        exception  = InvalidAddress('web3.py only accepts checksum addresses. The software that gave you this non-checksum address should b... accept lower safety, use Web3.to_checksum_address(lower_case_address).', '0x5fbdb2315678afecb367f032d93f642f64180aa3')
        firstresult = True
        function_gen = <generator object pytest_fixture_setup at 0x7eb6c1e8ac50>
        hook_impl  = <HookImpl plugin_name='fixtures', plugin=<module '_pytest.fixtures' from '/home/user/passthrough/.venv/lib/python3.12/site-packages/_pytest/fixtures.py'>>
        hook_impls = [<HookImpl plugin_name='fixtures', plugin=<module '_pytest.fixtures' from '/home/user/passthrough/.venv/lib/python3.12...in=<module '_pytest.setuponly' from '/home/user/passthrough/.venv/lib/python3.12/site-packages/_pytest/setuponly.py'>>]
        hook_name  = 'pytest_fixture_setup'
        res        = None
        result     = None
        results    = []
        teardown   = <generator object pytest_fixture_setup at 0x7eb6c1e8ac50>
        teardowns  = [<generator object pytest_fixture_setup at 0x7eb6c1e8ac50>]
/home/user/passthrough/.venv/lib/python3.12/site-packages/_pytest/fixtures.py:1196: in pytest_fixture_setup
    result = call_fixture_func(fixturefunc, request, kwargs)
             ^^^^^^^^^^^^^^^^^^^^^^^^^^^^^^^^^^^^^^^^^^^^^^^
        argname    = 'owner'
        fixturedef = <FixtureDef argname='blueprint' scope='function' baseid='tests/test_factory_integration.py'>
        fixturefunc = <function blueprint at 0x7eb6c2107060>
        kwargs     = {'owner': <TestAccount_0 0xf39Fd6e51aad88F6F4ce6aB8827279cffFb92266>}
        my_cache_key = None
        request    = <SubRequest 'blueprint' for <Function test_factory_gas_savings>>
/home/user/passthrough/.venv/lib/python3.12/site-packages/_pytest/fixtures.py:930: in call_fixture_func
    fixture_result = fixturefunc(**kwargs)
                     ^^^^^^^^^^^^^^^^^^^^^
        fixturefunc = <function blueprint at 0x7eb6c2107060>
        kwargs     = {'owner': <TestAccount_0 0xf39Fd6e51aad88F6F4ce6aB8827279cffFb92266>}
        request    = <SubRequest 'blueprint' for <Function test_factory_gas_savings>>
/home/user/passthrough/tests/test_factory_integration.py:41: in blueprint
    return deploy_blueprint(project.Passthrough, owner)
           ^^^^^^^^^^^^^^^^^^^^^^^^^^^^^^^^^^^^^^^^^^^^
        deploy_blueprint = <function deploy_blueprint at 0x7eb6f115fce0>
        owner      = <TestAccount_0 0xf39Fd6e51aad88F6F4ce6aB8827279cffFb92266>
/home/user/passthrough/tests/conftest.py:60: in deploy_blueprint
    runtime_bytecode = web3.eth.get_code(temp_address)
                       ^^^^^^^^^^^^^^^^^^^^^^^^^^^^^^^
        contract_container = <Passthrough>
        contract_type = <ContractType Passthrough>
        init_code  = '0x611b865150346103a2576020611f645f395f51600a602082611f64015f395f51116103a257602081611f64015f395f515f81600a81116103a25...401aa1855820852887320f0d404c27938a631eb6e7268477bf82e4f8608ee65c859a4d311bf9191b8681183e1820a1657679706572830004030038'
        keccak     = <function keccak at 0x7eb6f0fd5b20>
        nonce      = 0
        receipt    = AttributeDict({'blockHash': HexBytes('0x444bfb38598b506f678c78a209267f1feaf108348ad0438d4535b6bc5b2b9290'), 'blockNumb...sh': HexBytes('0x7af2175882a71fa8813fe5cb44583488df1652a3771d2041153745d27500e163'), 'transactionIndex': 0, 'type': 0})
        rlp        = <module 'rlp' from '/home/user/passthrough/.venv/lib/python3.12/site-packages/rlp/__init__.py'>
        rlp_encoded = b'\xd6\x94\xf3\x9f\xd6\xe5\x1a\xad\x88\xf6\xf4\xcej\xb8\x82ry\xcf\xff\xb9"f\x80'
        sender     = <TestAccount_0 0xf39Fd6e51aad88F6F4ce6aB8827279cffFb92266>
        temp_address = '0x5fbdb2315678afecb367f032d93f642f64180aa3'
        to_checksum_address = <function to_checksum_address at 0x7eb6f107d4e0>
        tx_dict    = {'data': '0x611b865150346103a2576020611f645f395f51600a602082611f64015f395f51116103a257602081611f64015f395f515f81600a81...706572830004030038', 'from': '0xf39Fd6e51aad88F6F4ce6aB8827279cffFb92266', 'gas': 3000000, 'gasPrice': 1000000000, ...}
        tx_hash    = HexBytes('0x7af2175882a71fa8813fe5cb44583488df1652a3771d2041153745d27500e163')
        web3       = <web3.main.Web3 object at 0x7eb6c234e4b0>
/home/user/passthrough/.venv/lib/python3.12/site-packages/web3/eth/eth.py:455: in get_code
    return self._get_code(account, block_identifier)
           ^^^^^^^^^^^^^^^^^^^^^^^^^^^^^^^^^^^^^^^^^
        account    = '0x5fbdb2315678afecb367f032d93f642f64180aa3'
        block_identifier = None
        self       = <web3.eth.eth.Eth object at 0x7eb6c1e167b0>
/home/user/passthrough/.venv/lib/python3.12/site-packages/web3/module.py:101: in caller
    (method_str, params), response_formatters = method.process_params(
        args       = ('0x5fbdb2315678afecb367f032d93f642f64180aa3', None)
        kwargs     = {}
        method     = <web3.method.Method object at 0x7eb6f1443320>
        module     = <web3.eth.eth.Eth object at 0x7eb6c1e167b0>
        w3         = <web3.main.Web3 object at 0x7eb6c234e4b0>
/home/user/passthrough/.venv/lib/python3.12/site-packages/web3/method.py:237: in process_params
    _apply_request_formatters(params, self.request_formatters(method)),
    ^^^^^^^^^^^^^^^^^^^^^^^^^^^^^^^^^^^^^^^^^^^^^^^^^^^^^^^^^^^^^^^^^^
        args       = ('0x5fbdb2315678afecb367f032d93f642f64180aa3', None)
        kwargs     = {}
        method     = 'eth_getCode'
        module     = <web3.eth.eth.Eth object at 0x7eb6c1e167b0>
        params     = ('0x5fbdb2315678afecb367f032d93f642f64180aa3', 'latest')
        response_formatters = (<class 'hexbytes.main.HexBytes'>, <cyfunction identity at 0x7eb6f0ec1840>, <cyfunction identity at 0x7eb6f0ec1840>)
        self       = <web3.method.Method object at 0x7eb6f1443320>
/home/user/passthrough/.venv/lib/python3.12/site-packages/eth_utils/functional.py:47: in inner
    return callback(fn(*args, **kwargs))
                    ^^^^^^^^^^^^^^^^^^^
        args       = (('0x5fbdb2315678afecb367f032d93f642f64180aa3', 'latest'), Compose(<function map_abi_data at 0x7eb6eed50d60>, <function apply_formatter_at_index at 0x7eb6f0e9b7e0>))
        callback   = <class 'tuple'>
        fn         = <function _apply_request_formatters at 0x7eb6ee874400>
        kwargs     = {}
/home/user/passthrough/.venv/lib/python3.12/site-packages/web3/method.py:64: in _apply_request_formatters
    formatted_params = pipe(params, request_formatters)
                       ^^^^^^^^^^^^^^^^^^^^^^^^^^^^^^^^
        params     = ('0x5fbdb2315678afecb367f032d93f642f64180aa3', 'latest')
        request_formatters = Compose(<function map_abi_data at 0x7eb6eed50d60>, <function apply_formatter_at_index at 0x7eb6f0e9b7e0>)
/home/user/passthrough/.venv/lib/python3.12/site-packages/web3/_utils/abi.py:613: in map_abi_data
    return pipe(
        data       = ('0x5fbdb2315678afecb367f032d93f642f64180aa3', 'latest')
        normalizers = [<function abi_bytes_to_hex at 0x7eb6eed6dc60>, <function abi_int_to_hex at 0x7eb6eed6de40>, <function abi_string_to_hex at 0x7eb6eed6df80>, <function abi_address_to_hex at 0x7eb6eed6e3e0>]
        types      = ['address', None]
/home/user/passthrough/.venv/lib/python3.12/site-packages/web3/_utils/abi.py:655: in data_tree_map
    return recursive_map(map_to_typed_data, data_tree)
           ^^^^^^^^^^^^^^^^^^^^^^^^^^^^^^^^^^^^^^^^^^^
        data_tree  = [ABITypedData(abi_type='address', data='0x5fbdb2315678afecb367f032d93f642f64180aa3'), ABITypedData(abi_type=None, data='latest')]
        func       = <function abi_address_to_hex at 0x7eb6eed6e3e0>
        map_to_typed_data = <function data_tree_map.<locals>.map_to_typed_data at 0x7eb6c19d5760>
/home/user/passthrough/.venv/lib/python3.12/site-packages/web3/_utils/decorators.py:38: in wrapped
    return to_wrap(*args)
           ^^^^^^^^^^^^^^
        add_call   = <built-in method add of set object at 0x7eb6eeee0ba0>
        already_called = set()
        args       = (<function data_tree_map.<locals>.map_to_typed_data at 0x7eb6c19d5760>, [ABITypedData(abi_type='address', data='0x5fbdb2315678afecb367f032d93f642f64180aa3'), ABITypedData(abi_type=None, data='latest')])
        remove_call = <built-in method remove of set object at 0x7eb6eeee0ba0>
        thread_local_args = (139324213223552, 139323397461856, 139323382433472)
        to_wrap    = <function recursive_map at 0x7eb6eecfef20>
/home/user/passthrough/.venv/lib/python3.12/site-packages/web3/_utils/formatters.py:89: in recursive_map
    items_mapped = map_collection(recurse, data)
                   ^^^^^^^^^^^^^^^^^^^^^^^^^^^^^
        data       = [ABITypedData(abi_type='address', data='0x5fbdb2315678afecb367f032d93f642f64180aa3'), ABITypedData(abi_type=None, data='latest')]
        func       = <function data_tree_map.<locals>.map_to_typed_data at 0x7eb6c19d5760>
        recurse    = <function recursive_map.<locals>.recurse at 0x7eb6c19d63e0>
/home/user/passthrough/.venv/lib/python3.12/site-packages/web3/_utils/formatters.py:73: in map_collection
    return datatype(map(func, collection))
           ^^^^^^^^^^^^^^^^^^^^^^^^^^^^^^^
        collection = [ABITypedData(abi_type='address', data='0x5fbdb2315678afecb367f032d93f642f64180aa3'), ABITypedData(abi_type=None, data='latest')]
        datatype   = <class 'list'>
        func       = <function recursive_map.<locals>.recurse at 0x7eb6c19d63e0>
/home/user/passthrough/.venv/lib/python3.12/site-packages/web3/_utils/formatters.py:87: in recurse
    return recursive_map(func, item)
           ^^^^^^^^^^^^^^^^^^^^^^^^^
        func       = <function data_tree_map.<locals>.map_to_typed_data at 0x7eb6c19d5760>
        item       = ABITypedData(abi_type='address', data='0x5fbdb2315678afecb367f032d93f642f64180aa3')
/home/user/passthrough/.venv/lib/python3.12/site-packages/web3/_utils/decorators.py:38: in wrapped
    return to_wrap(*args)
           ^^^^^^^^^^^^^^
        add_call   = <built-in method add of set object at 0x7eb6eeee0ba0>
        already_called = set()
        args       = (<function data_tree_map.<locals>.map_to_typed_data at 0x7eb6c19d5760>, ABITypedData(abi_type='address', data='0x5fbdb2315678afecb367f032d93f642f64180aa3'))
        remove_call = <built-in method remove of set object at 0x7eb6eeee0ba0>
        thread_local_args = (139324213223552, 139323397461856, 139323384524832)
        to_wrap    = <function recursive_map at 0x7eb6eecfef20>
/home/user/passthrough/.venv/lib/python3.12/site-packages/web3/_utils/formatters.py:90: in recursive_map
    return func(items_mapped)
           ^^^^^^^^^^^^^^^^^^
        data       = ABITypedData(abi_type='address', data='0x5fbdb2315678afecb367f032d93f642f64180aa3')
        func       = <function data_tree_map.<locals>.map_to_typed_data at 0x7eb6c19d5760>
        items_mapped = ABITypedData(abi_type='address', data='0x5fbdb2315678afecb367f032d93f642f64180aa3')
        recurse    = <function recursive_map.<locals>.recurse at 0x7eb6c19d4400>
/home/user/passthrough/.venv/lib/python3.12/site-packages/web3/_utils/abi.py:651: in map_to_typed_data
    return ABITypedData(func(*elements))
                        ^^^^^^^^^^^^^^^
        elements   = ABITypedData(abi_type='address', data='0x5fbdb2315678afecb367f032d93f642f64180aa3')
        func       = <function abi_address_to_hex at 0x7eb6eed6e3e0>
/home/user/passthrough/.venv/lib/python3.12/site-packages/web3/_utils/normalizers.py:79: in wrapper
    modified = to_wrap(type_str, data)
               ^^^^^^^^^^^^^^^^^^^^^^^
        data       = '0x5fbdb2315678afecb367f032d93f642f64180aa3'
        to_wrap    = <function abi_address_to_hex at 0x7eb6eed6e340>
        type_str   = 'address'
/home/user/passthrough/.venv/lib/python3.12/site-packages/web3/_utils/normalizers.py:202: in abi_address_to_hex
    validate_address(data)
        data       = '0x5fbdb2315678afecb367f032d93f642f64180aa3'
        type_str   = 'address'
/home/user/passthrough/.venv/lib/python3.12/site-packages/web3/_utils/validation.py:201: in validate_address
    raise InvalidAddress(
E   web3.exceptions.InvalidAddress: ('web3.py only accepts checksum addresses. The software that gave you this non-checksum address should be considered unsafe, please file it as a bug on their platform. Try using an ENS name instead. Or, if you must accept lower safety, use Web3.to_checksum_address(lower_case_address).', '0x5fbdb2315678afecb367f032d93f642f64180aa3')
        value      = '0x5fbdb2315678afecb367f032d93f642f64180aa3'
_____________ ERROR at setup of test_upgrade_blueprint_and_deploy ______________
/home/user/passthrough/.venv/lib/python3.12/site-packages/_pytest/runner.py:344: in from_call
    result: TResult | None = func()
                             ^^^^^^
        cls        = <class '_pytest.runner.CallInfo'>
        duration   = Duration(start=Instant(time=1763228727.2896664, perf_count=288.482192778), stop=Instant(time=1763228727.3580308, perf_count=288.550558642))
        excinfo    = <ExceptionInfo InvalidAddress('web3.py only accepts checksum addresses. The software that gave you this non-checksum a...wer safety, use Web3.to_checksum_address(lower_case_address).', '0x5fbdb2315678afecb367f032d93f642f64180aa3') tblen=44>
        func       = <function call_and_report.<locals>.<lambda> at 0x7eb6c1973560>
        instant    = Instant(time=1763228727.2896664, perf_count=288.482192778)
        reraise    = (<class '_pytest.outcomes.Exit'>, <class 'KeyboardInterrupt'>)
        result     = None
        when       = 'setup'
/home/user/passthrough/.venv/lib/python3.12/site-packages/_pytest/runner.py:246: in <lambda>
    lambda: runtest_hook(item=item, **kwds), when=when, reraise=reraise
            ^^^^^^^^^^^^^^^^^^^^^^^^^^^^^^^
        item       = <Function test_upgrade_blueprint_and_deploy>
        kwds       = {}
        runtest_hook = <HookCaller 'pytest_runtest_setup'>
/home/user/passthrough/.venv/lib/python3.12/site-packages/pluggy/_hooks.py:512: in __call__
    return self._hookexec(self.name, self._hookimpls.copy(), kwargs, firstresult)
           ^^^^^^^^^^^^^^^^^^^^^^^^^^^^^^^^^^^^^^^^^^^^^^^^^^^^^^^^^^^^^^^^^^^^^^
        firstresult = False
        kwargs     = {'item': <Function test_upgrade_blueprint_and_deploy>}
        self       = <HookCaller 'pytest_runtest_setup'>
/home/user/passthrough/.venv/lib/python3.12/site-packages/pluggy/_manager.py:120: in _hookexec
    return self._inner_hookexec(hook_name, methods, kwargs, firstresult)
           ^^^^^^^^^^^^^^^^^^^^^^^^^^^^^^^^^^^^^^^^^^^^^^^^^^^^^^^^^^^^^
        firstresult = False
        hook_name  = 'pytest_runtest_setup'
        kwargs     = {'item': <Function test_upgrade_blueprint_and_deploy>}
        methods    = [<HookImpl plugin_name='threadexception', plugin=<module '_pytest.threadexception' from '/home/user/passthrough/.venv/...pper name='/dev/null' mode='r' encoding='utf-8'>> _state='suspended' _in_suspended=False> _capture_fixture=None>>, ...]
        self       = <_pytest.config.PytestPluginManager object at 0x7eb6f1460f50>
/home/user/passthrough/.venv/lib/python3.12/site-packages/pluggy/_callers.py:167: in _multicall
    raise exception
        __tracebackhide__ = True
        args       = [<Function test_upgrade_blueprint_and_deploy>]
        caller_kwargs = {'item': <Function test_upgrade_blueprint_and_deploy>}
        exception  = InvalidAddress('web3.py only accepts checksum addresses. The software that gave you this non-checksum address should b... accept lower safety, use Web3.to_checksum_address(lower_case_address).', '0x5fbdb2315678afecb367f032d93f642f64180aa3')
        firstresult = False
        function_gen = <generator object CaptureManager.pytest_runtest_setup at 0x7eb6c195f5a0>
        hook_impl  = <HookImpl plugin_name='runner', plugin=<module '_pytest.runner' from '/home/user/passthrough/.venv/lib/python3.12/site-packages/_pytest/runner.py'>>
        hook_impls = [<HookImpl plugin_name='threadexception', plugin=<module '_pytest.threadexception' from '/home/user/passthrough/.venv/...pper name='/dev/null' mode='r' encoding='utf-8'>> _state='suspended' _in_suspended=False> _capture_fixture=None>>, ...]
        hook_name  = 'pytest_runtest_setup'
        res        = None
        result     = []
        results    = []
        teardown   = <generator object LoggingPlugin.pytest_runtest_setup at 0x7eb6c1b717b0>
        teardowns  = [<generator object LoggingPlugin.pytest_runtest_setup at 0x7eb6c1b717b0>, <generator object CaptureManager.pytest_runtest_setup at 0x7eb6c195f5a0>]
/home/user/passthrough/.venv/lib/python3.12/site-packages/pluggy/_callers.py:139: in _multicall
    teardown.throw(exception)
        __tracebackhide__ = True
        args       = [<Function test_upgrade_blueprint_and_deploy>]
        caller_kwargs = {'item': <Function test_upgrade_blueprint_and_deploy>}
        exception  = InvalidAddress('web3.py only accepts checksum addresses. The software that gave you this non-checksum address should b... accept lower safety, use Web3.to_checksum_address(lower_case_address).', '0x5fbdb2315678afecb367f032d93f642f64180aa3')
        firstresult = False
        function_gen = <generator object CaptureManager.pytest_runtest_setup at 0x7eb6c195f5a0>
        hook_impl  = <HookImpl plugin_name='runner', plugin=<module '_pytest.runner' from '/home/user/passthrough/.venv/lib/python3.12/site-packages/_pytest/runner.py'>>
        hook_impls = [<HookImpl plugin_name='threadexception', plugin=<module '_pytest.threadexception' from '/home/user/passthrough/.venv/...pper name='/dev/null' mode='r' encoding='utf-8'>> _state='suspended' _in_suspended=False> _capture_fixture=None>>, ...]
        hook_name  = 'pytest_runtest_setup'
        res        = None
        result     = []
        results    = []
        teardown   = <generator object LoggingPlugin.pytest_runtest_setup at 0x7eb6c1b717b0>
        teardowns  = [<generator object LoggingPlugin.pytest_runtest_setup at 0x7eb6c1b717b0>, <generator object CaptureManager.pytest_runtest_setup at 0x7eb6c195f5a0>]
/home/user/passthrough/.venv/lib/python3.12/site-packages/_pytest/logging.py:843: in pytest_runtest_setup
    yield
        empty      = {'setup': []}
        item       = <Function test_upgrade_blueprint_and_deploy>
        self       = <_pytest.logging.LoggingPlugin object at 0x7eb6ee3dcf20>
/home/user/passthrough/.venv/lib/python3.12/site-packages/pluggy/_callers.py:139: in _multicall
    teardown.throw(exception)
        __tracebackhide__ = True
        args       = [<Function test_upgrade_blueprint_and_deploy>]
        caller_kwargs = {'item': <Function test_upgrade_blueprint_and_deploy>}
        exception  = InvalidAddress('web3.py only accepts checksum addresses. The software that gave you this non-checksum address should b... accept lower safety, use Web3.to_checksum_address(lower_case_address).', '0x5fbdb2315678afecb367f032d93f642f64180aa3')
        firstresult = False
        function_gen = <generator object CaptureManager.pytest_runtest_setup at 0x7eb6c195f5a0>
        hook_impl  = <HookImpl plugin_name='runner', plugin=<module '_pytest.runner' from '/home/user/passthrough/.venv/lib/python3.12/site-packages/_pytest/runner.py'>>
        hook_impls = [<HookImpl plugin_name='threadexception', plugin=<module '_pytest.threadexception' from '/home/user/passthrough/.venv/...pper name='/dev/null' mode='r' encoding='utf-8'>> _state='suspended' _in_suspended=False> _capture_fixture=None>>, ...]
        hook_name  = 'pytest_runtest_setup'
        res        = None
        result     = []
        results    = []
        teardown   = <generator object LoggingPlugin.pytest_runtest_setup at 0x7eb6c1b717b0>
        teardowns  = [<generator object LoggingPlugin.pytest_runtest_setup at 0x7eb6c1b717b0>, <generator object CaptureManager.pytest_runtest_setup at 0x7eb6c195f5a0>]
/home/user/passthrough/.venv/lib/python3.12/site-packages/_pytest/capture.py:895: in pytest_runtest_setup
    return (yield)
            ^^^^^
        item       = <Function test_upgrade_blueprint_and_deploy>
        self       = <CaptureManager _method='fd' _global_capturing=<MultiCapture out=<FDCapture 1 oldfd=5 _state='suspended' tmpfile=<_io....xtIOWrapper name='/dev/null' mode='r' encoding='utf-8'>> _state='suspended' _in_suspended=False> _capture_fixture=None>
/home/user/passthrough/.venv/lib/python3.12/site-packages/pluggy/_callers.py:121: in _multicall
    res = hook_impl.function(*args)
          ^^^^^^^^^^^^^^^^^^^^^^^^^
        __tracebackhide__ = True
        args       = [<Function test_upgrade_blueprint_and_deploy>]
        caller_kwargs = {'item': <Function test_upgrade_blueprint_and_deploy>}
        exception  = InvalidAddress('web3.py only accepts checksum addresses. The software that gave you this non-checksum address should b... accept lower safety, use Web3.to_checksum_address(lower_case_address).', '0x5fbdb2315678afecb367f032d93f642f64180aa3')
        firstresult = False
        function_gen = <generator object CaptureManager.pytest_runtest_setup at 0x7eb6c195f5a0>
        hook_impl  = <HookImpl plugin_name='runner', plugin=<module '_pytest.runner' from '/home/user/passthrough/.venv/lib/python3.12/site-packages/_pytest/runner.py'>>
        hook_impls = [<HookImpl plugin_name='threadexception', plugin=<module '_pytest.threadexception' from '/home/user/passthrough/.venv/...pper name='/dev/null' mode='r' encoding='utf-8'>> _state='suspended' _in_suspended=False> _capture_fixture=None>>, ...]
        hook_name  = 'pytest_runtest_setup'
        res        = None
        result     = []
        results    = []
        teardown   = <generator object LoggingPlugin.pytest_runtest_setup at 0x7eb6c1b717b0>
        teardowns  = [<generator object LoggingPlugin.pytest_runtest_setup at 0x7eb6c1b717b0>, <generator object CaptureManager.pytest_runtest_setup at 0x7eb6c195f5a0>]
/home/user/passthrough/.venv/lib/python3.12/site-packages/_pytest/runner.py:164: in pytest_runtest_setup
    item.session._setupstate.setup(item)
        item       = <Function test_upgrade_blueprint_and_deploy>
/home/user/passthrough/.venv/lib/python3.12/site-packages/_pytest/runner.py:514: in setup
    col.setup()
        col        = <Function test_upgrade_blueprint_and_deploy>
        finalizers = [<bound method Node.teardown of <Module test_factory_integration.py>>]
        item       = <Function test_upgrade_blueprint_and_deploy>
        needed_collectors = [<Session  exitstatus=<ExitCode.OK: 0> testsfailed=17 testscollected=19>, <Dir passthrough>, <Dir tests>, <Module test_factory_integration.py>, <Function test_upgrade_blueprint_and_deploy>]
        self       = <_pytest.runner.SetupState object at 0x7eb6ee3c72c0>
/home/user/passthrough/.venv/lib/python3.12/site-packages/_pytest/python.py:1674: in setup
    self._request._fillfixtures()
        self       = <Function test_upgrade_blueprint_and_deploy>
/home/user/passthrough/.venv/lib/python3.12/site-packages/_pytest/fixtures.py:720: in _fillfixtures
    item.funcargs[argname] = self.getfixturevalue(argname)
                             ^^^^^^^^^^^^^^^^^^^^^^^^^^^^^
        argname    = 'blueprint'
        item       = <Function test_upgrade_blueprint_and_deploy>
        self       = <FixtureRequest for <Function test_upgrade_blueprint_and_deploy>>
/home/user/passthrough/.venv/lib/python3.12/site-packages/_pytest/fixtures.py:549: in getfixturevalue
    fixturedef = self._get_active_fixturedef(argname)
                 ^^^^^^^^^^^^^^^^^^^^^^^^^^^^^^^^^^^^
        argname    = 'blueprint'
        self       = <FixtureRequest for <Function test_upgrade_blueprint_and_deploy>>
/home/user/passthrough/.venv/lib/python3.12/site-packages/_pytest/fixtures.py:640: in _get_active_fixturedef
    fixturedef.execute(request=subrequest)
        argname    = 'blueprint'
        callspec   = None
        fixturedef = <FixtureDef argname='blueprint' scope='function' baseid='tests/test_factory_integration.py'>
        fixturedefs = (<FixtureDef argname='blueprint' scope='function' baseid='tests/test_factory_integration.py'>,)
        index      = -1
        param      = <NotSetType.token: 0>
        param_index = 0
        scope      = <Scope.Function: 'function'>
        self       = <FixtureRequest for <Function test_upgrade_blueprint_and_deploy>>
        subrequest = <SubRequest 'blueprint' for <Function test_upgrade_blueprint_and_deploy>>
/home/user/passthrough/.venv/lib/python3.12/site-packages/_pytest/fixtures.py:1128: in execute
    result = ihook.pytest_fixture_setup(fixturedef=self, request=request)
             ^^^^^^^^^^^^^^^^^^^^^^^^^^^^^^^^^^^^^^^^^^^^^^^^^^^^^^^^^^^^
        argname    = 'owner'
        finalizer  = functools.partial(<bound method FixtureDef.finish of <FixtureDef argname='blueprint' scope='function' baseid='tests/test_factory_integration.py'>>, request=<SubRequest 'blueprint' for <Function test_upgrade_blueprint_and_deploy>>)
        fixturedef = <FixtureDef argname='owner' scope='function' baseid='tests/test_factory_integration.py'>
        ihook      = <_pytest.config.compat.PathAwareHookProxy object at 0x7eb6f15e2e40>
        parent_fixture = <FixtureDef argname='owner' scope='function' baseid='tests/test_factory_integration.py'>
        request    = <SubRequest 'blueprint' for <Function test_upgrade_blueprint_and_deploy>>
        requested_fixtures_that_should_finalize_us = [<FixtureDef argname='owner' scope='function' baseid='tests/test_factory_integration.py'>]
        self       = <FixtureDef argname='blueprint' scope='function' baseid='tests/test_factory_integration.py'>
/home/user/passthrough/.venv/lib/python3.12/site-packages/pluggy/_hooks.py:512: in __call__
    return self._hookexec(self.name, self._hookimpls.copy(), kwargs, firstresult)
           ^^^^^^^^^^^^^^^^^^^^^^^^^^^^^^^^^^^^^^^^^^^^^^^^^^^^^^^^^^^^^^^^^^^^^^
        firstresult = True
        kwargs     = {'fixturedef': <FixtureDef argname='blueprint' scope='function' baseid='tests/test_factory_integration.py'>, 'request': <SubRequest 'blueprint' for <Function test_upgrade_blueprint_and_deploy>>}
        self       = <HookCaller 'pytest_fixture_setup'>
/home/user/passthrough/.venv/lib/python3.12/site-packages/pluggy/_manager.py:120: in _hookexec
    return self._inner_hookexec(hook_name, methods, kwargs, firstresult)
           ^^^^^^^^^^^^^^^^^^^^^^^^^^^^^^^^^^^^^^^^^^^^^^^^^^^^^^^^^^^^^
        firstresult = True
        hook_name  = 'pytest_fixture_setup'
        kwargs     = {'fixturedef': <FixtureDef argname='blueprint' scope='function' baseid='tests/test_factory_integration.py'>, 'request': <SubRequest 'blueprint' for <Function test_upgrade_blueprint_and_deploy>>}
        methods    = [<HookImpl plugin_name='fixtures', plugin=<module '_pytest.fixtures' from '/home/user/passthrough/.venv/lib/python3.12...in=<module '_pytest.setuponly' from '/home/user/passthrough/.venv/lib/python3.12/site-packages/_pytest/setuponly.py'>>]
        self       = <_pytest.config.PytestPluginManager object at 0x7eb6f1460f50>
/home/user/passthrough/.venv/lib/python3.12/site-packages/pluggy/_callers.py:167: in _multicall
    raise exception
        __tracebackhide__ = True
        args       = [<FixtureDef argname='blueprint' scope='function' baseid='tests/test_factory_integration.py'>, <SubRequest 'blueprint' for <Function test_upgrade_blueprint_and_deploy>>]
        caller_kwargs = {'fixturedef': <FixtureDef argname='blueprint' scope='function' baseid='tests/test_factory_integration.py'>, 'request': <SubRequest 'blueprint' for <Function test_upgrade_blueprint_and_deploy>>}
        exception  = InvalidAddress('web3.py only accepts checksum addresses. The software that gave you this non-checksum address should b... accept lower safety, use Web3.to_checksum_address(lower_case_address).', '0x5fbdb2315678afecb367f032d93f642f64180aa3')
        firstresult = True
        function_gen = <generator object pytest_fixture_setup at 0x7eb6c1b71b70>
        hook_impl  = <HookImpl plugin_name='fixtures', plugin=<module '_pytest.fixtures' from '/home/user/passthrough/.venv/lib/python3.12/site-packages/_pytest/fixtures.py'>>
        hook_impls = [<HookImpl plugin_name='fixtures', plugin=<module '_pytest.fixtures' from '/home/user/passthrough/.venv/lib/python3.12...in=<module '_pytest.setuponly' from '/home/user/passthrough/.venv/lib/python3.12/site-packages/_pytest/setuponly.py'>>]
        hook_name  = 'pytest_fixture_setup'
        res        = None
        result     = None
        results    = []
        teardown   = <generator object pytest_fixture_setup at 0x7eb6c1b71b70>
        teardowns  = [<generator object pytest_fixture_setup at 0x7eb6c1b71b70>]
/home/user/passthrough/.venv/lib/python3.12/site-packages/pluggy/_callers.py:139: in _multicall
    teardown.throw(exception)
        __tracebackhide__ = True
        args       = [<FixtureDef argname='blueprint' scope='function' baseid='tests/test_factory_integration.py'>, <SubRequest 'blueprint' for <Function test_upgrade_blueprint_and_deploy>>]
        caller_kwargs = {'fixturedef': <FixtureDef argname='blueprint' scope='function' baseid='tests/test_factory_integration.py'>, 'request': <SubRequest 'blueprint' for <Function test_upgrade_blueprint_and_deploy>>}
        exception  = InvalidAddress('web3.py only accepts checksum addresses. The software that gave you this non-checksum address should b... accept lower safety, use Web3.to_checksum_address(lower_case_address).', '0x5fbdb2315678afecb367f032d93f642f64180aa3')
        firstresult = True
        function_gen = <generator object pytest_fixture_setup at 0x7eb6c1b71b70>
        hook_impl  = <HookImpl plugin_name='fixtures', plugin=<module '_pytest.fixtures' from '/home/user/passthrough/.venv/lib/python3.12/site-packages/_pytest/fixtures.py'>>
        hook_impls = [<HookImpl plugin_name='fixtures', plugin=<module '_pytest.fixtures' from '/home/user/passthrough/.venv/lib/python3.12...in=<module '_pytest.setuponly' from '/home/user/passthrough/.venv/lib/python3.12/site-packages/_pytest/setuponly.py'>>]
        hook_name  = 'pytest_fixture_setup'
        res        = None
        result     = None
        results    = []
        teardown   = <generator object pytest_fixture_setup at 0x7eb6c1b71b70>
        teardowns  = [<generator object pytest_fixture_setup at 0x7eb6c1b71b70>]
/home/user/passthrough/.venv/lib/python3.12/site-packages/_pytest/setuponly.py:36: in pytest_fixture_setup
    return (yield)
            ^^^^^
        fixturedef = <FixtureDef argname='blueprint' scope='function' baseid='tests/test_factory_integration.py'>
        request    = <SubRequest 'blueprint' for <Function test_upgrade_blueprint_and_deploy>>
/home/user/passthrough/.venv/lib/python3.12/site-packages/pluggy/_callers.py:121: in _multicall
    res = hook_impl.function(*args)
          ^^^^^^^^^^^^^^^^^^^^^^^^^
        __tracebackhide__ = True
        args       = [<FixtureDef argname='blueprint' scope='function' baseid='tests/test_factory_integration.py'>, <SubRequest 'blueprint' for <Function test_upgrade_blueprint_and_deploy>>]
        caller_kwargs = {'fixturedef': <FixtureDef argname='blueprint' scope='function' baseid='tests/test_factory_integration.py'>, 'request': <SubRequest 'blueprint' for <Function test_upgrade_blueprint_and_deploy>>}
        exception  = InvalidAddress('web3.py only accepts checksum addresses. The software that gave you this non-checksum address should b... accept lower safety, use Web3.to_checksum_address(lower_case_address).', '0x5fbdb2315678afecb367f032d93f642f64180aa3')
        firstresult = True
        function_gen = <generator object pytest_fixture_setup at 0x7eb6c1b71b70>
        hook_impl  = <HookImpl plugin_name='fixtures', plugin=<module '_pytest.fixtures' from '/home/user/passthrough/.venv/lib/python3.12/site-packages/_pytest/fixtures.py'>>
        hook_impls = [<HookImpl plugin_name='fixtures', plugin=<module '_pytest.fixtures' from '/home/user/passthrough/.venv/lib/python3.12...in=<module '_pytest.setuponly' from '/home/user/passthrough/.venv/lib/python3.12/site-packages/_pytest/setuponly.py'>>]
        hook_name  = 'pytest_fixture_setup'
        res        = None
        result     = None
        results    = []
        teardown   = <generator object pytest_fixture_setup at 0x7eb6c1b71b70>
        teardowns  = [<generator object pytest_fixture_setup at 0x7eb6c1b71b70>]
/home/user/passthrough/.venv/lib/python3.12/site-packages/_pytest/fixtures.py:1196: in pytest_fixture_setup
    result = call_fixture_func(fixturefunc, request, kwargs)
             ^^^^^^^^^^^^^^^^^^^^^^^^^^^^^^^^^^^^^^^^^^^^^^^
        argname    = 'owner'
        fixturedef = <FixtureDef argname='blueprint' scope='function' baseid='tests/test_factory_integration.py'>
        fixturefunc = <function blueprint at 0x7eb6c2107060>
        kwargs     = {'owner': <TestAccount_0 0xf39Fd6e51aad88F6F4ce6aB8827279cffFb92266>}
        my_cache_key = None
        request    = <SubRequest 'blueprint' for <Function test_upgrade_blueprint_and_deploy>>
/home/user/passthrough/.venv/lib/python3.12/site-packages/_pytest/fixtures.py:930: in call_fixture_func
    fixture_result = fixturefunc(**kwargs)
                     ^^^^^^^^^^^^^^^^^^^^^
        fixturefunc = <function blueprint at 0x7eb6c2107060>
        kwargs     = {'owner': <TestAccount_0 0xf39Fd6e51aad88F6F4ce6aB8827279cffFb92266>}
        request    = <SubRequest 'blueprint' for <Function test_upgrade_blueprint_and_deploy>>
/home/user/passthrough/tests/test_factory_integration.py:41: in blueprint
    return deploy_blueprint(project.Passthrough, owner)
           ^^^^^^^^^^^^^^^^^^^^^^^^^^^^^^^^^^^^^^^^^^^^
        deploy_blueprint = <function deploy_blueprint at 0x7eb6f115fce0>
        owner      = <TestAccount_0 0xf39Fd6e51aad88F6F4ce6aB8827279cffFb92266>
/home/user/passthrough/tests/conftest.py:60: in deploy_blueprint
    runtime_bytecode = web3.eth.get_code(temp_address)
                       ^^^^^^^^^^^^^^^^^^^^^^^^^^^^^^^
        contract_container = <Passthrough>
        contract_type = <ContractType Passthrough>
        init_code  = '0x611b865150346103a2576020611f645f395f51600a602082611f64015f395f51116103a257602081611f64015f395f515f81600a81116103a25...401aa1855820852887320f0d404c27938a631eb6e7268477bf82e4f8608ee65c859a4d311bf9191b8681183e1820a1657679706572830004030038'
        keccak     = <function keccak at 0x7eb6f0fd5b20>
        nonce      = 0
        receipt    = AttributeDict({'blockHash': HexBytes('0x512c805f7e24dc4ed1ae0e03e9084fdf4819b1650111be534144dc4c1ee0a789'), 'blockNumb...sh': HexBytes('0x7af2175882a71fa8813fe5cb44583488df1652a3771d2041153745d27500e163'), 'transactionIndex': 0, 'type': 0})
        rlp        = <module 'rlp' from '/home/user/passthrough/.venv/lib/python3.12/site-packages/rlp/__init__.py'>
        rlp_encoded = b'\xd6\x94\xf3\x9f\xd6\xe5\x1a\xad\x88\xf6\xf4\xcej\xb8\x82ry\xcf\xff\xb9"f\x80'
        sender     = <TestAccount_0 0xf39Fd6e51aad88F6F4ce6aB8827279cffFb92266>
        temp_address = '0x5fbdb2315678afecb367f032d93f642f64180aa3'
        to_checksum_address = <function to_checksum_address at 0x7eb6f107d4e0>
        tx_dict    = {'data': '0x611b865150346103a2576020611f645f395f51600a602082611f64015f395f51116103a257602081611f64015f395f515f81600a81...706572830004030038', 'from': '0xf39Fd6e51aad88F6F4ce6aB8827279cffFb92266', 'gas': 3000000, 'gasPrice': 1000000000, ...}
        tx_hash    = HexBytes('0x7af2175882a71fa8813fe5cb44583488df1652a3771d2041153745d27500e163')
        web3       = <web3.main.Web3 object at 0x7eb6c234e4b0>
/home/user/passthrough/.venv/lib/python3.12/site-packages/web3/eth/eth.py:455: in get_code
    return self._get_code(account, block_identifier)
           ^^^^^^^^^^^^^^^^^^^^^^^^^^^^^^^^^^^^^^^^^
        account    = '0x5fbdb2315678afecb367f032d93f642f64180aa3'
        block_identifier = None
        self       = <web3.eth.eth.Eth object at 0x7eb6c1e167b0>
/home/user/passthrough/.venv/lib/python3.12/site-packages/web3/module.py:101: in caller
    (method_str, params), response_formatters = method.process_params(
        args       = ('0x5fbdb2315678afecb367f032d93f642f64180aa3', None)
        kwargs     = {}
        method     = <web3.method.Method object at 0x7eb6f1443320>
        module     = <web3.eth.eth.Eth object at 0x7eb6c1e167b0>
        w3         = <web3.main.Web3 object at 0x7eb6c234e4b0>
/home/user/passthrough/.venv/lib/python3.12/site-packages/web3/method.py:237: in process_params
    _apply_request_formatters(params, self.request_formatters(method)),
    ^^^^^^^^^^^^^^^^^^^^^^^^^^^^^^^^^^^^^^^^^^^^^^^^^^^^^^^^^^^^^^^^^^
        args       = ('0x5fbdb2315678afecb367f032d93f642f64180aa3', None)
        kwargs     = {}
        method     = 'eth_getCode'
        module     = <web3.eth.eth.Eth object at 0x7eb6c1e167b0>
        params     = ('0x5fbdb2315678afecb367f032d93f642f64180aa3', 'latest')
        response_formatters = (<class 'hexbytes.main.HexBytes'>, <cyfunction identity at 0x7eb6f0ec1840>, <cyfunction identity at 0x7eb6f0ec1840>)
        self       = <web3.method.Method object at 0x7eb6f1443320>
/home/user/passthrough/.venv/lib/python3.12/site-packages/eth_utils/functional.py:47: in inner
    return callback(fn(*args, **kwargs))
                    ^^^^^^^^^^^^^^^^^^^
        args       = (('0x5fbdb2315678afecb367f032d93f642f64180aa3', 'latest'), Compose(<function map_abi_data at 0x7eb6eed50d60>, <function apply_formatter_at_index at 0x7eb6f0e9b7e0>))
        callback   = <class 'tuple'>
        fn         = <function _apply_request_formatters at 0x7eb6ee874400>
        kwargs     = {}
/home/user/passthrough/.venv/lib/python3.12/site-packages/web3/method.py:64: in _apply_request_formatters
    formatted_params = pipe(params, request_formatters)
                       ^^^^^^^^^^^^^^^^^^^^^^^^^^^^^^^^
        params     = ('0x5fbdb2315678afecb367f032d93f642f64180aa3', 'latest')
        request_formatters = Compose(<function map_abi_data at 0x7eb6eed50d60>, <function apply_formatter_at_index at 0x7eb6f0e9b7e0>)
/home/user/passthrough/.venv/lib/python3.12/site-packages/web3/_utils/abi.py:613: in map_abi_data
    return pipe(
        data       = ('0x5fbdb2315678afecb367f032d93f642f64180aa3', 'latest')
        normalizers = [<function abi_bytes_to_hex at 0x7eb6eed6dc60>, <function abi_int_to_hex at 0x7eb6eed6de40>, <function abi_string_to_hex at 0x7eb6eed6df80>, <function abi_address_to_hex at 0x7eb6eed6e3e0>]
        types      = ['address', None]
/home/user/passthrough/.venv/lib/python3.12/site-packages/web3/_utils/abi.py:655: in data_tree_map
    return recursive_map(map_to_typed_data, data_tree)
           ^^^^^^^^^^^^^^^^^^^^^^^^^^^^^^^^^^^^^^^^^^^
        data_tree  = [ABITypedData(abi_type='address', data='0x5fbdb2315678afecb367f032d93f642f64180aa3'), ABITypedData(abi_type=None, data='latest')]
        func       = <function abi_address_to_hex at 0x7eb6eed6e3e0>
        map_to_typed_data = <function data_tree_map.<locals>.map_to_typed_data at 0x7eb6c1bc1620>
/home/user/passthrough/.venv/lib/python3.12/site-packages/web3/_utils/decorators.py:38: in wrapped
    return to_wrap(*args)
           ^^^^^^^^^^^^^^
        add_call   = <built-in method add of set object at 0x7eb6eeee0ba0>
        already_called = set()
        args       = (<function data_tree_map.<locals>.map_to_typed_data at 0x7eb6c1bc1620>, [ABITypedData(abi_type='address', data='0x5fbdb2315678afecb367f032d93f642f64180aa3'), ABITypedData(abi_type=None, data='latest')])
        remove_call = <built-in method remove of set object at 0x7eb6eeee0ba0>
        thread_local_args = (139324213223552, 139323399476768, 139323382918464)
        to_wrap    = <function recursive_map at 0x7eb6eecfef20>
/home/user/passthrough/.venv/lib/python3.12/site-packages/web3/_utils/formatters.py:89: in recursive_map
    items_mapped = map_collection(recurse, data)
                   ^^^^^^^^^^^^^^^^^^^^^^^^^^^^^
        data       = [ABITypedData(abi_type='address', data='0x5fbdb2315678afecb367f032d93f642f64180aa3'), ABITypedData(abi_type=None, data='latest')]
        func       = <function data_tree_map.<locals>.map_to_typed_data at 0x7eb6c1bc1620>
        recurse    = <function recursive_map.<locals>.recurse at 0x7eb6c1bc05e0>
/home/user/passthrough/.venv/lib/python3.12/site-packages/web3/_utils/formatters.py:73: in map_collection
    return datatype(map(func, collection))
           ^^^^^^^^^^^^^^^^^^^^^^^^^^^^^^^
        collection = [ABITypedData(abi_type='address', data='0x5fbdb2315678afecb367f032d93f642f64180aa3'), ABITypedData(abi_type=None, data='latest')]
        datatype   = <class 'list'>
        func       = <function recursive_map.<locals>.recurse at 0x7eb6c1bc05e0>
/home/user/passthrough/.venv/lib/python3.12/site-packages/web3/_utils/formatters.py:87: in recurse
    return recursive_map(func, item)
           ^^^^^^^^^^^^^^^^^^^^^^^^^
        func       = <function data_tree_map.<locals>.map_to_typed_data at 0x7eb6c1bc1620>
        item       = ABITypedData(abi_type='address', data='0x5fbdb2315678afecb367f032d93f642f64180aa3')
/home/user/passthrough/.venv/lib/python3.12/site-packages/web3/_utils/decorators.py:38: in wrapped
    return to_wrap(*args)
           ^^^^^^^^^^^^^^
        add_call   = <built-in method add of set object at 0x7eb6eeee0ba0>
        already_called = set()
        args       = (<function data_tree_map.<locals>.map_to_typed_data at 0x7eb6c1bc1620>, ABITypedData(abi_type='address', data='0x5fbdb2315678afecb367f032d93f642f64180aa3'))
        remove_call = <built-in method remove of set object at 0x7eb6eeee0ba0>
        thread_local_args = (139324213223552, 139323399476768, 139323397435584)
        to_wrap    = <function recursive_map at 0x7eb6eecfef20>
/home/user/passthrough/.venv/lib/python3.12/site-packages/web3/_utils/formatters.py:90: in recursive_map
    return func(items_mapped)
           ^^^^^^^^^^^^^^^^^^
        data       = ABITypedData(abi_type='address', data='0x5fbdb2315678afecb367f032d93f642f64180aa3')
        func       = <function data_tree_map.<locals>.map_to_typed_data at 0x7eb6c1bc1620>
        items_mapped = ABITypedData(abi_type='address', data='0x5fbdb2315678afecb367f032d93f642f64180aa3')
        recurse    = <function recursive_map.<locals>.recurse at 0x7eb6c1bc0720>
/home/user/passthrough/.venv/lib/python3.12/site-packages/web3/_utils/abi.py:651: in map_to_typed_data
    return ABITypedData(func(*elements))
                        ^^^^^^^^^^^^^^^
        elements   = ABITypedData(abi_type='address', data='0x5fbdb2315678afecb367f032d93f642f64180aa3')
        func       = <function abi_address_to_hex at 0x7eb6eed6e3e0>
/home/user/passthrough/.venv/lib/python3.12/site-packages/web3/_utils/normalizers.py:79: in wrapper
    modified = to_wrap(type_str, data)
               ^^^^^^^^^^^^^^^^^^^^^^^
        data       = '0x5fbdb2315678afecb367f032d93f642f64180aa3'
        to_wrap    = <function abi_address_to_hex at 0x7eb6eed6e340>
        type_str   = 'address'
/home/user/passthrough/.venv/lib/python3.12/site-packages/web3/_utils/normalizers.py:202: in abi_address_to_hex
    validate_address(data)
        data       = '0x5fbdb2315678afecb367f032d93f642f64180aa3'
        type_str   = 'address'
/home/user/passthrough/.venv/lib/python3.12/site-packages/web3/_utils/validation.py:201: in validate_address
    raise InvalidAddress(
E   web3.exceptions.InvalidAddress: ('web3.py only accepts checksum addresses. The software that gave you this non-checksum address should be considered unsafe, please file it as a bug on their platform. Try using an ENS name instead. Or, if you must accept lower safety, use Web3.to_checksum_address(lower_case_address).', '0x5fbdb2315678afecb367f032d93f642f64180aa3')
        value      = '0x5fbdb2315678afecb367f032d93f642f64180aa3'
______________ ERROR at setup of test_batch_deployment_simulation ______________
/home/user/passthrough/.venv/lib/python3.12/site-packages/_pytest/runner.py:344: in from_call
    result: TResult | None = func()
                             ^^^^^^
        cls        = <class '_pytest.runner.CallInfo'>
        duration   = Duration(start=Instant(time=1763228727.7231724, perf_count=288.915699072), stop=Instant(time=1763228727.7857187, perf_count=288.978246447))
        excinfo    = <ExceptionInfo InvalidAddress('web3.py only accepts checksum addresses. The software that gave you this non-checksum a...wer safety, use Web3.to_checksum_address(lower_case_address).', '0x5fbdb2315678afecb367f032d93f642f64180aa3') tblen=44>
        func       = <function call_and_report.<locals>.<lambda> at 0x7eb6c1973b00>
        instant    = Instant(time=1763228727.7231724, perf_count=288.915699072)
        reraise    = (<class '_pytest.outcomes.Exit'>, <class 'KeyboardInterrupt'>)
        result     = None
        when       = 'setup'
/home/user/passthrough/.venv/lib/python3.12/site-packages/_pytest/runner.py:246: in <lambda>
    lambda: runtest_hook(item=item, **kwds), when=when, reraise=reraise
            ^^^^^^^^^^^^^^^^^^^^^^^^^^^^^^^
        item       = <Function test_batch_deployment_simulation>
        kwds       = {}
        runtest_hook = <HookCaller 'pytest_runtest_setup'>
/home/user/passthrough/.venv/lib/python3.12/site-packages/pluggy/_hooks.py:512: in __call__
    return self._hookexec(self.name, self._hookimpls.copy(), kwargs, firstresult)
           ^^^^^^^^^^^^^^^^^^^^^^^^^^^^^^^^^^^^^^^^^^^^^^^^^^^^^^^^^^^^^^^^^^^^^^
        firstresult = False
        kwargs     = {'item': <Function test_batch_deployment_simulation>}
        self       = <HookCaller 'pytest_runtest_setup'>
/home/user/passthrough/.venv/lib/python3.12/site-packages/pluggy/_manager.py:120: in _hookexec
    return self._inner_hookexec(hook_name, methods, kwargs, firstresult)
           ^^^^^^^^^^^^^^^^^^^^^^^^^^^^^^^^^^^^^^^^^^^^^^^^^^^^^^^^^^^^^
        firstresult = False
        hook_name  = 'pytest_runtest_setup'
        kwargs     = {'item': <Function test_batch_deployment_simulation>}
        methods    = [<HookImpl plugin_name='threadexception', plugin=<module '_pytest.threadexception' from '/home/user/passthrough/.venv/...pper name='/dev/null' mode='r' encoding='utf-8'>> _state='suspended' _in_suspended=False> _capture_fixture=None>>, ...]
        self       = <_pytest.config.PytestPluginManager object at 0x7eb6f1460f50>
/home/user/passthrough/.venv/lib/python3.12/site-packages/pluggy/_callers.py:167: in _multicall
    raise exception
        __tracebackhide__ = True
        args       = [<Function test_batch_deployment_simulation>]
        caller_kwargs = {'item': <Function test_batch_deployment_simulation>}
        exception  = InvalidAddress('web3.py only accepts checksum addresses. The software that gave you this non-checksum address should b... accept lower safety, use Web3.to_checksum_address(lower_case_address).', '0x5fbdb2315678afecb367f032d93f642f64180aa3')
        firstresult = False
        function_gen = <generator object CaptureManager.pytest_runtest_setup at 0x7eb6c1e702e0>
        hook_impl  = <HookImpl plugin_name='runner', plugin=<module '_pytest.runner' from '/home/user/passthrough/.venv/lib/python3.12/site-packages/_pytest/runner.py'>>
        hook_impls = [<HookImpl plugin_name='threadexception', plugin=<module '_pytest.threadexception' from '/home/user/passthrough/.venv/...pper name='/dev/null' mode='r' encoding='utf-8'>> _state='suspended' _in_suspended=False> _capture_fixture=None>>, ...]
        hook_name  = 'pytest_runtest_setup'
        res        = None
        result     = []
        results    = []
        teardown   = <generator object LoggingPlugin.pytest_runtest_setup at 0x7eb6c1e8b5b0>
        teardowns  = [<generator object LoggingPlugin.pytest_runtest_setup at 0x7eb6c1e8b5b0>, <generator object CaptureManager.pytest_runtest_setup at 0x7eb6c1e702e0>]
/home/user/passthrough/.venv/lib/python3.12/site-packages/pluggy/_callers.py:139: in _multicall
    teardown.throw(exception)
        __tracebackhide__ = True
        args       = [<Function test_batch_deployment_simulation>]
        caller_kwargs = {'item': <Function test_batch_deployment_simulation>}
        exception  = InvalidAddress('web3.py only accepts checksum addresses. The software that gave you this non-checksum address should b... accept lower safety, use Web3.to_checksum_address(lower_case_address).', '0x5fbdb2315678afecb367f032d93f642f64180aa3')
        firstresult = False
        function_gen = <generator object CaptureManager.pytest_runtest_setup at 0x7eb6c1e702e0>
        hook_impl  = <HookImpl plugin_name='runner', plugin=<module '_pytest.runner' from '/home/user/passthrough/.venv/lib/python3.12/site-packages/_pytest/runner.py'>>
        hook_impls = [<HookImpl plugin_name='threadexception', plugin=<module '_pytest.threadexception' from '/home/user/passthrough/.venv/...pper name='/dev/null' mode='r' encoding='utf-8'>> _state='suspended' _in_suspended=False> _capture_fixture=None>>, ...]
        hook_name  = 'pytest_runtest_setup'
        res        = None
        result     = []
        results    = []
        teardown   = <generator object LoggingPlugin.pytest_runtest_setup at 0x7eb6c1e8b5b0>
        teardowns  = [<generator object LoggingPlugin.pytest_runtest_setup at 0x7eb6c1e8b5b0>, <generator object CaptureManager.pytest_runtest_setup at 0x7eb6c1e702e0>]
/home/user/passthrough/.venv/lib/python3.12/site-packages/_pytest/logging.py:843: in pytest_runtest_setup
    yield
        empty      = {'setup': []}
        item       = <Function test_batch_deployment_simulation>
        self       = <_pytest.logging.LoggingPlugin object at 0x7eb6ee3dcf20>
/home/user/passthrough/.venv/lib/python3.12/site-packages/pluggy/_callers.py:139: in _multicall
    teardown.throw(exception)
        __tracebackhide__ = True
        args       = [<Function test_batch_deployment_simulation>]
        caller_kwargs = {'item': <Function test_batch_deployment_simulation>}
        exception  = InvalidAddress('web3.py only accepts checksum addresses. The software that gave you this non-checksum address should b... accept lower safety, use Web3.to_checksum_address(lower_case_address).', '0x5fbdb2315678afecb367f032d93f642f64180aa3')
        firstresult = False
        function_gen = <generator object CaptureManager.pytest_runtest_setup at 0x7eb6c1e702e0>
        hook_impl  = <HookImpl plugin_name='runner', plugin=<module '_pytest.runner' from '/home/user/passthrough/.venv/lib/python3.12/site-packages/_pytest/runner.py'>>
        hook_impls = [<HookImpl plugin_name='threadexception', plugin=<module '_pytest.threadexception' from '/home/user/passthrough/.venv/...pper name='/dev/null' mode='r' encoding='utf-8'>> _state='suspended' _in_suspended=False> _capture_fixture=None>>, ...]
        hook_name  = 'pytest_runtest_setup'
        res        = None
        result     = []
        results    = []
        teardown   = <generator object LoggingPlugin.pytest_runtest_setup at 0x7eb6c1e8b5b0>
        teardowns  = [<generator object LoggingPlugin.pytest_runtest_setup at 0x7eb6c1e8b5b0>, <generator object CaptureManager.pytest_runtest_setup at 0x7eb6c1e702e0>]
/home/user/passthrough/.venv/lib/python3.12/site-packages/_pytest/capture.py:895: in pytest_runtest_setup
    return (yield)
            ^^^^^
        item       = <Function test_batch_deployment_simulation>
        self       = <CaptureManager _method='fd' _global_capturing=<MultiCapture out=<FDCapture 1 oldfd=5 _state='suspended' tmpfile=<_io....xtIOWrapper name='/dev/null' mode='r' encoding='utf-8'>> _state='suspended' _in_suspended=False> _capture_fixture=None>
/home/user/passthrough/.venv/lib/python3.12/site-packages/pluggy/_callers.py:121: in _multicall
    res = hook_impl.function(*args)
          ^^^^^^^^^^^^^^^^^^^^^^^^^
        __tracebackhide__ = True
        args       = [<Function test_batch_deployment_simulation>]
        caller_kwargs = {'item': <Function test_batch_deployment_simulation>}
        exception  = InvalidAddress('web3.py only accepts checksum addresses. The software that gave you this non-checksum address should b... accept lower safety, use Web3.to_checksum_address(lower_case_address).', '0x5fbdb2315678afecb367f032d93f642f64180aa3')
        firstresult = False
        function_gen = <generator object CaptureManager.pytest_runtest_setup at 0x7eb6c1e702e0>
        hook_impl  = <HookImpl plugin_name='runner', plugin=<module '_pytest.runner' from '/home/user/passthrough/.venv/lib/python3.12/site-packages/_pytest/runner.py'>>
        hook_impls = [<HookImpl plugin_name='threadexception', plugin=<module '_pytest.threadexception' from '/home/user/passthrough/.venv/...pper name='/dev/null' mode='r' encoding='utf-8'>> _state='suspended' _in_suspended=False> _capture_fixture=None>>, ...]
        hook_name  = 'pytest_runtest_setup'
        res        = None
        result     = []
        results    = []
        teardown   = <generator object LoggingPlugin.pytest_runtest_setup at 0x7eb6c1e8b5b0>
        teardowns  = [<generator object LoggingPlugin.pytest_runtest_setup at 0x7eb6c1e8b5b0>, <generator object CaptureManager.pytest_runtest_setup at 0x7eb6c1e702e0>]
/home/user/passthrough/.venv/lib/python3.12/site-packages/_pytest/runner.py:164: in pytest_runtest_setup
    item.session._setupstate.setup(item)
        item       = <Function test_batch_deployment_simulation>
/home/user/passthrough/.venv/lib/python3.12/site-packages/_pytest/runner.py:514: in setup
    col.setup()
        col        = <Function test_batch_deployment_simulation>
        finalizers = [<bound method Node.teardown of <Module test_factory_integration.py>>]
        item       = <Function test_batch_deployment_simulation>
        needed_collectors = [<Session  exitstatus=<ExitCode.OK: 0> testsfailed=18 testscollected=19>, <Dir passthrough>, <Dir tests>, <Module test_factory_integration.py>, <Function test_batch_deployment_simulation>]
        self       = <_pytest.runner.SetupState object at 0x7eb6ee3c72c0>
/home/user/passthrough/.venv/lib/python3.12/site-packages/_pytest/python.py:1674: in setup
    self._request._fillfixtures()
        self       = <Function test_batch_deployment_simulation>
/home/user/passthrough/.venv/lib/python3.12/site-packages/_pytest/fixtures.py:720: in _fillfixtures
    item.funcargs[argname] = self.getfixturevalue(argname)
                             ^^^^^^^^^^^^^^^^^^^^^^^^^^^^^
        argname    = 'blueprint'
        item       = <Function test_batch_deployment_simulation>
        self       = <FixtureRequest for <Function test_batch_deployment_simulation>>
/home/user/passthrough/.venv/lib/python3.12/site-packages/_pytest/fixtures.py:549: in getfixturevalue
    fixturedef = self._get_active_fixturedef(argname)
                 ^^^^^^^^^^^^^^^^^^^^^^^^^^^^^^^^^^^^
        argname    = 'blueprint'
        self       = <FixtureRequest for <Function test_batch_deployment_simulation>>
/home/user/passthrough/.venv/lib/python3.12/site-packages/_pytest/fixtures.py:640: in _get_active_fixturedef
    fixturedef.execute(request=subrequest)
        argname    = 'blueprint'
        callspec   = None
        fixturedef = <FixtureDef argname='blueprint' scope='function' baseid='tests/test_factory_integration.py'>
        fixturedefs = (<FixtureDef argname='blueprint' scope='function' baseid='tests/test_factory_integration.py'>,)
        index      = -1
        param      = <NotSetType.token: 0>
        param_index = 0
        scope      = <Scope.Function: 'function'>
        self       = <FixtureRequest for <Function test_batch_deployment_simulation>>
        subrequest = <SubRequest 'blueprint' for <Function test_batch_deployment_simulation>>
/home/user/passthrough/.venv/lib/python3.12/site-packages/_pytest/fixtures.py:1128: in execute
    result = ihook.pytest_fixture_setup(fixturedef=self, request=request)
             ^^^^^^^^^^^^^^^^^^^^^^^^^^^^^^^^^^^^^^^^^^^^^^^^^^^^^^^^^^^^
        argname    = 'owner'
        finalizer  = functools.partial(<bound method FixtureDef.finish of <FixtureDef argname='blueprint' scope='function' baseid='tests/test_factory_integration.py'>>, request=<SubRequest 'blueprint' for <Function test_batch_deployment_simulation>>)
        fixturedef = <FixtureDef argname='owner' scope='function' baseid='tests/test_factory_integration.py'>
        ihook      = <_pytest.config.compat.PathAwareHookProxy object at 0x7eb6f15e2e40>
        parent_fixture = <FixtureDef argname='owner' scope='function' baseid='tests/test_factory_integration.py'>
        request    = <SubRequest 'blueprint' for <Function test_batch_deployment_simulation>>
        requested_fixtures_that_should_finalize_us = [<FixtureDef argname='owner' scope='function' baseid='tests/test_factory_integration.py'>]
        self       = <FixtureDef argname='blueprint' scope='function' baseid='tests/test_factory_integration.py'>
/home/user/passthrough/.venv/lib/python3.12/site-packages/pluggy/_hooks.py:512: in __call__
    return self._hookexec(self.name, self._hookimpls.copy(), kwargs, firstresult)
           ^^^^^^^^^^^^^^^^^^^^^^^^^^^^^^^^^^^^^^^^^^^^^^^^^^^^^^^^^^^^^^^^^^^^^^
        firstresult = True
        kwargs     = {'fixturedef': <FixtureDef argname='blueprint' scope='function' baseid='tests/test_factory_integration.py'>, 'request': <SubRequest 'blueprint' for <Function test_batch_deployment_simulation>>}
        self       = <HookCaller 'pytest_fixture_setup'>
/home/user/passthrough/.venv/lib/python3.12/site-packages/pluggy/_manager.py:120: in _hookexec
    return self._inner_hookexec(hook_name, methods, kwargs, firstresult)
           ^^^^^^^^^^^^^^^^^^^^^^^^^^^^^^^^^^^^^^^^^^^^^^^^^^^^^^^^^^^^^
        firstresult = True
        hook_name  = 'pytest_fixture_setup'
        kwargs     = {'fixturedef': <FixtureDef argname='blueprint' scope='function' baseid='tests/test_factory_integration.py'>, 'request': <SubRequest 'blueprint' for <Function test_batch_deployment_simulation>>}
        methods    = [<HookImpl plugin_name='fixtures', plugin=<module '_pytest.fixtures' from '/home/user/passthrough/.venv/lib/python3.12...in=<module '_pytest.setuponly' from '/home/user/passthrough/.venv/lib/python3.12/site-packages/_pytest/setuponly.py'>>]
        self       = <_pytest.config.PytestPluginManager object at 0x7eb6f1460f50>
/home/user/passthrough/.venv/lib/python3.12/site-packages/pluggy/_callers.py:167: in _multicall
    raise exception
        __tracebackhide__ = True
        args       = [<FixtureDef argname='blueprint' scope='function' baseid='tests/test_factory_integration.py'>, <SubRequest 'blueprint' for <Function test_batch_deployment_simulation>>]
        caller_kwargs = {'fixturedef': <FixtureDef argname='blueprint' scope='function' baseid='tests/test_factory_integration.py'>, 'request': <SubRequest 'blueprint' for <Function test_batch_deployment_simulation>>}
        exception  = InvalidAddress('web3.py only accepts checksum addresses. The software that gave you this non-checksum address should b... accept lower safety, use Web3.to_checksum_address(lower_case_address).', '0x5fbdb2315678afecb367f032d93f642f64180aa3')
        firstresult = True
        function_gen = <generator object pytest_fixture_setup at 0x7eb6c1e8bd30>
        hook_impl  = <HookImpl plugin_name='fixtures', plugin=<module '_pytest.fixtures' from '/home/user/passthrough/.venv/lib/python3.12/site-packages/_pytest/fixtures.py'>>
        hook_impls = [<HookImpl plugin_name='fixtures', plugin=<module '_pytest.fixtures' from '/home/user/passthrough/.venv/lib/python3.12...in=<module '_pytest.setuponly' from '/home/user/passthrough/.venv/lib/python3.12/site-packages/_pytest/setuponly.py'>>]
        hook_name  = 'pytest_fixture_setup'
        res        = None
        result     = None
        results    = []
        teardown   = <generator object pytest_fixture_setup at 0x7eb6c1e8bd30>
        teardowns  = [<generator object pytest_fixture_setup at 0x7eb6c1e8bd30>]
/home/user/passthrough/.venv/lib/python3.12/site-packages/pluggy/_callers.py:139: in _multicall
    teardown.throw(exception)
        __tracebackhide__ = True
        args       = [<FixtureDef argname='blueprint' scope='function' baseid='tests/test_factory_integration.py'>, <SubRequest 'blueprint' for <Function test_batch_deployment_simulation>>]
        caller_kwargs = {'fixturedef': <FixtureDef argname='blueprint' scope='function' baseid='tests/test_factory_integration.py'>, 'request': <SubRequest 'blueprint' for <Function test_batch_deployment_simulation>>}
        exception  = InvalidAddress('web3.py only accepts checksum addresses. The software that gave you this non-checksum address should b... accept lower safety, use Web3.to_checksum_address(lower_case_address).', '0x5fbdb2315678afecb367f032d93f642f64180aa3')
        firstresult = True
        function_gen = <generator object pytest_fixture_setup at 0x7eb6c1e8bd30>
        hook_impl  = <HookImpl plugin_name='fixtures', plugin=<module '_pytest.fixtures' from '/home/user/passthrough/.venv/lib/python3.12/site-packages/_pytest/fixtures.py'>>
        hook_impls = [<HookImpl plugin_name='fixtures', plugin=<module '_pytest.fixtures' from '/home/user/passthrough/.venv/lib/python3.12...in=<module '_pytest.setuponly' from '/home/user/passthrough/.venv/lib/python3.12/site-packages/_pytest/setuponly.py'>>]
        hook_name  = 'pytest_fixture_setup'
        res        = None
        result     = None
        results    = []
        teardown   = <generator object pytest_fixture_setup at 0x7eb6c1e8bd30>
        teardowns  = [<generator object pytest_fixture_setup at 0x7eb6c1e8bd30>]
/home/user/passthrough/.venv/lib/python3.12/site-packages/_pytest/setuponly.py:36: in pytest_fixture_setup
    return (yield)
            ^^^^^
        fixturedef = <FixtureDef argname='blueprint' scope='function' baseid='tests/test_factory_integration.py'>
        request    = <SubRequest 'blueprint' for <Function test_batch_deployment_simulation>>
/home/user/passthrough/.venv/lib/python3.12/site-packages/pluggy/_callers.py:121: in _multicall
    res = hook_impl.function(*args)
          ^^^^^^^^^^^^^^^^^^^^^^^^^
        __tracebackhide__ = True
        args       = [<FixtureDef argname='blueprint' scope='function' baseid='tests/test_factory_integration.py'>, <SubRequest 'blueprint' for <Function test_batch_deployment_simulation>>]
        caller_kwargs = {'fixturedef': <FixtureDef argname='blueprint' scope='function' baseid='tests/test_factory_integration.py'>, 'request': <SubRequest 'blueprint' for <Function test_batch_deployment_simulation>>}
        exception  = InvalidAddress('web3.py only accepts checksum addresses. The software that gave you this non-checksum address should b... accept lower safety, use Web3.to_checksum_address(lower_case_address).', '0x5fbdb2315678afecb367f032d93f642f64180aa3')
        firstresult = True
        function_gen = <generator object pytest_fixture_setup at 0x7eb6c1e8bd30>
        hook_impl  = <HookImpl plugin_name='fixtures', plugin=<module '_pytest.fixtures' from '/home/user/passthrough/.venv/lib/python3.12/site-packages/_pytest/fixtures.py'>>
        hook_impls = [<HookImpl plugin_name='fixtures', plugin=<module '_pytest.fixtures' from '/home/user/passthrough/.venv/lib/python3.12...in=<module '_pytest.setuponly' from '/home/user/passthrough/.venv/lib/python3.12/site-packages/_pytest/setuponly.py'>>]
        hook_name  = 'pytest_fixture_setup'
        res        = None
        result     = None
        results    = []
        teardown   = <generator object pytest_fixture_setup at 0x7eb6c1e8bd30>
        teardowns  = [<generator object pytest_fixture_setup at 0x7eb6c1e8bd30>]
/home/user/passthrough/.venv/lib/python3.12/site-packages/_pytest/fixtures.py:1196: in pytest_fixture_setup
    result = call_fixture_func(fixturefunc, request, kwargs)
             ^^^^^^^^^^^^^^^^^^^^^^^^^^^^^^^^^^^^^^^^^^^^^^^
        argname    = 'owner'
        fixturedef = <FixtureDef argname='blueprint' scope='function' baseid='tests/test_factory_integration.py'>
        fixturefunc = <function blueprint at 0x7eb6c2107060>
        kwargs     = {'owner': <TestAccount_0 0xf39Fd6e51aad88F6F4ce6aB8827279cffFb92266>}
        my_cache_key = None
        request    = <SubRequest 'blueprint' for <Function test_batch_deployment_simulation>>
/home/user/passthrough/.venv/lib/python3.12/site-packages/_pytest/fixtures.py:930: in call_fixture_func
    fixture_result = fixturefunc(**kwargs)
                     ^^^^^^^^^^^^^^^^^^^^^
        fixturefunc = <function blueprint at 0x7eb6c2107060>
        kwargs     = {'owner': <TestAccount_0 0xf39Fd6e51aad88F6F4ce6aB8827279cffFb92266>}
        request    = <SubRequest 'blueprint' for <Function test_batch_deployment_simulation>>
/home/user/passthrough/tests/test_factory_integration.py:41: in blueprint
    return deploy_blueprint(project.Passthrough, owner)
           ^^^^^^^^^^^^^^^^^^^^^^^^^^^^^^^^^^^^^^^^^^^^
        deploy_blueprint = <function deploy_blueprint at 0x7eb6f115fce0>
        owner      = <TestAccount_0 0xf39Fd6e51aad88F6F4ce6aB8827279cffFb92266>
/home/user/passthrough/tests/conftest.py:60: in deploy_blueprint
    runtime_bytecode = web3.eth.get_code(temp_address)
                       ^^^^^^^^^^^^^^^^^^^^^^^^^^^^^^^
        contract_container = <Passthrough>
        contract_type = <ContractType Passthrough>
        init_code  = '0x611b865150346103a2576020611f645f395f51600a602082611f64015f395f51116103a257602081611f64015f395f515f81600a81116103a25...401aa1855820852887320f0d404c27938a631eb6e7268477bf82e4f8608ee65c859a4d311bf9191b8681183e1820a1657679706572830004030038'
        keccak     = <function keccak at 0x7eb6f0fd5b20>
        nonce      = 0
        receipt    = AttributeDict({'blockHash': HexBytes('0x860decf6aec2a0b3e406f0bd084bdb828134efeb818a28cbf9f5068231013244'), 'blockNumb...sh': HexBytes('0x7af2175882a71fa8813fe5cb44583488df1652a3771d2041153745d27500e163'), 'transactionIndex': 0, 'type': 0})
        rlp        = <module 'rlp' from '/home/user/passthrough/.venv/lib/python3.12/site-packages/rlp/__init__.py'>
        rlp_encoded = b'\xd6\x94\xf3\x9f\xd6\xe5\x1a\xad\x88\xf6\xf4\xcej\xb8\x82ry\xcf\xff\xb9"f\x80'
        sender     = <TestAccount_0 0xf39Fd6e51aad88F6F4ce6aB8827279cffFb92266>
        temp_address = '0x5fbdb2315678afecb367f032d93f642f64180aa3'
        to_checksum_address = <function to_checksum_address at 0x7eb6f107d4e0>
        tx_dict    = {'data': '0x611b865150346103a2576020611f645f395f51600a602082611f64015f395f51116103a257602081611f64015f395f515f81600a81...706572830004030038', 'from': '0xf39Fd6e51aad88F6F4ce6aB8827279cffFb92266', 'gas': 3000000, 'gasPrice': 1000000000, ...}
        tx_hash    = HexBytes('0x7af2175882a71fa8813fe5cb44583488df1652a3771d2041153745d27500e163')
        web3       = <web3.main.Web3 object at 0x7eb6c234e4b0>
/home/user/passthrough/.venv/lib/python3.12/site-packages/web3/eth/eth.py:455: in get_code
    return self._get_code(account, block_identifier)
           ^^^^^^^^^^^^^^^^^^^^^^^^^^^^^^^^^^^^^^^^^
        account    = '0x5fbdb2315678afecb367f032d93f642f64180aa3'
        block_identifier = None
        self       = <web3.eth.eth.Eth object at 0x7eb6c1e167b0>
/home/user/passthrough/.venv/lib/python3.12/site-packages/web3/module.py:101: in caller
    (method_str, params), response_formatters = method.process_params(
        args       = ('0x5fbdb2315678afecb367f032d93f642f64180aa3', None)
        kwargs     = {}
        method     = <web3.method.Method object at 0x7eb6f1443320>
        module     = <web3.eth.eth.Eth object at 0x7eb6c1e167b0>
        w3         = <web3.main.Web3 object at 0x7eb6c234e4b0>
/home/user/passthrough/.venv/lib/python3.12/site-packages/web3/method.py:237: in process_params
    _apply_request_formatters(params, self.request_formatters(method)),
    ^^^^^^^^^^^^^^^^^^^^^^^^^^^^^^^^^^^^^^^^^^^^^^^^^^^^^^^^^^^^^^^^^^
        args       = ('0x5fbdb2315678afecb367f032d93f642f64180aa3', None)
        kwargs     = {}
        method     = 'eth_getCode'
        module     = <web3.eth.eth.Eth object at 0x7eb6c1e167b0>
        params     = ('0x5fbdb2315678afecb367f032d93f642f64180aa3', 'latest')
        response_formatters = (<class 'hexbytes.main.HexBytes'>, <cyfunction identity at 0x7eb6f0ec1840>, <cyfunction identity at 0x7eb6f0ec1840>)
        self       = <web3.method.Method object at 0x7eb6f1443320>
/home/user/passthrough/.venv/lib/python3.12/site-packages/eth_utils/functional.py:47: in inner
    return callback(fn(*args, **kwargs))
                    ^^^^^^^^^^^^^^^^^^^
        args       = (('0x5fbdb2315678afecb367f032d93f642f64180aa3', 'latest'), Compose(<function map_abi_data at 0x7eb6eed50d60>, <function apply_formatter_at_index at 0x7eb6f0e9b7e0>))
        callback   = <class 'tuple'>
        fn         = <function _apply_request_formatters at 0x7eb6ee874400>
        kwargs     = {}
/home/user/passthrough/.venv/lib/python3.12/site-packages/web3/method.py:64: in _apply_request_formatters
    formatted_params = pipe(params, request_formatters)
                       ^^^^^^^^^^^^^^^^^^^^^^^^^^^^^^^^
        params     = ('0x5fbdb2315678afecb367f032d93f642f64180aa3', 'latest')
        request_formatters = Compose(<function map_abi_data at 0x7eb6eed50d60>, <function apply_formatter_at_index at 0x7eb6f0e9b7e0>)
/home/user/passthrough/.venv/lib/python3.12/site-packages/web3/_utils/abi.py:613: in map_abi_data
    return pipe(
        data       = ('0x5fbdb2315678afecb367f032d93f642f64180aa3', 'latest')
        normalizers = [<function abi_bytes_to_hex at 0x7eb6eed6dc60>, <function abi_int_to_hex at 0x7eb6eed6de40>, <function abi_string_to_hex at 0x7eb6eed6df80>, <function abi_address_to_hex at 0x7eb6eed6e3e0>]
        types      = ['address', None]
/home/user/passthrough/.venv/lib/python3.12/site-packages/web3/_utils/abi.py:655: in data_tree_map
    return recursive_map(map_to_typed_data, data_tree)
           ^^^^^^^^^^^^^^^^^^^^^^^^^^^^^^^^^^^^^^^^^^^
        data_tree  = [ABITypedData(abi_type='address', data='0x5fbdb2315678afecb367f032d93f642f64180aa3'), ABITypedData(abi_type=None, data='latest')]
        func       = <function abi_address_to_hex at 0x7eb6eed6e3e0>
        map_to_typed_data = <function data_tree_map.<locals>.map_to_typed_data at 0x7eb6c1972c00>
/home/user/passthrough/.venv/lib/python3.12/site-packages/web3/_utils/decorators.py:38: in wrapped
    return to_wrap(*args)
           ^^^^^^^^^^^^^^
        add_call   = <built-in method add of set object at 0x7eb6eeee0ba0>
        already_called = set()
        args       = (<function data_tree_map.<locals>.map_to_typed_data at 0x7eb6c1972c00>, [ABITypedData(abi_type='address', data='0x5fbdb2315678afecb367f032d93f642f64180aa3'), ABITypedData(abi_type=None, data='latest')])
        remove_call = <built-in method remove of set object at 0x7eb6eeee0ba0>
        thread_local_args = (139324213223552, 139323397057536, 139323386564160)
        to_wrap    = <function recursive_map at 0x7eb6eecfef20>
/home/user/passthrough/.venv/lib/python3.12/site-packages/web3/_utils/formatters.py:89: in recursive_map
    items_mapped = map_collection(recurse, data)
                   ^^^^^^^^^^^^^^^^^^^^^^^^^^^^^
        data       = [ABITypedData(abi_type='address', data='0x5fbdb2315678afecb367f032d93f642f64180aa3'), ABITypedData(abi_type=None, data='latest')]
        func       = <function data_tree_map.<locals>.map_to_typed_data at 0x7eb6c1972c00>
        recurse    = <function recursive_map.<locals>.recurse at 0x7eb6c1e98cc0>
/home/user/passthrough/.venv/lib/python3.12/site-packages/web3/_utils/formatters.py:73: in map_collection
    return datatype(map(func, collection))
           ^^^^^^^^^^^^^^^^^^^^^^^^^^^^^^^
        collection = [ABITypedData(abi_type='address', data='0x5fbdb2315678afecb367f032d93f642f64180aa3'), ABITypedData(abi_type=None, data='latest')]
        datatype   = <class 'list'>
        func       = <function recursive_map.<locals>.recurse at 0x7eb6c1e98cc0>
/home/user/passthrough/.venv/lib/python3.12/site-packages/web3/_utils/formatters.py:87: in recurse
    return recursive_map(func, item)
           ^^^^^^^^^^^^^^^^^^^^^^^^^
        func       = <function data_tree_map.<locals>.map_to_typed_data at 0x7eb6c1972c00>
        item       = ABITypedData(abi_type='address', data='0x5fbdb2315678afecb367f032d93f642f64180aa3')
/home/user/passthrough/.venv/lib/python3.12/site-packages/web3/_utils/decorators.py:38: in wrapped
    return to_wrap(*args)
           ^^^^^^^^^^^^^^
        add_call   = <built-in method add of set object at 0x7eb6eeee0ba0>
        already_called = set()
        args       = (<function data_tree_map.<locals>.map_to_typed_data at 0x7eb6c1972c00>, ABITypedData(abi_type='address', data='0x5fbdb2315678afecb367f032d93f642f64180aa3'))
        remove_call = <built-in method remove of set object at 0x7eb6eeee0ba0>
        thread_local_args = (139324213223552, 139323397057536, 139323384870416)
        to_wrap    = <function recursive_map at 0x7eb6eecfef20>
/home/user/passthrough/.venv/lib/python3.12/site-packages/web3/_utils/formatters.py:90: in recursive_map
    return func(items_mapped)
           ^^^^^^^^^^^^^^^^^^
        data       = ABITypedData(abi_type='address', data='0x5fbdb2315678afecb367f032d93f642f64180aa3')
        func       = <function data_tree_map.<locals>.map_to_typed_data at 0x7eb6c1972c00>
        items_mapped = ABITypedData(abi_type='address', data='0x5fbdb2315678afecb367f032d93f642f64180aa3')
        recurse    = <function recursive_map.<locals>.recurse at 0x7eb6c1e99760>
/home/user/passthrough/.venv/lib/python3.12/site-packages/web3/_utils/abi.py:651: in map_to_typed_data
    return ABITypedData(func(*elements))
                        ^^^^^^^^^^^^^^^
        elements   = ABITypedData(abi_type='address', data='0x5fbdb2315678afecb367f032d93f642f64180aa3')
        func       = <function abi_address_to_hex at 0x7eb6eed6e3e0>
/home/user/passthrough/.venv/lib/python3.12/site-packages/web3/_utils/normalizers.py:79: in wrapper
    modified = to_wrap(type_str, data)
               ^^^^^^^^^^^^^^^^^^^^^^^
        data       = '0x5fbdb2315678afecb367f032d93f642f64180aa3'
        to_wrap    = <function abi_address_to_hex at 0x7eb6eed6e340>
        type_str   = 'address'
/home/user/passthrough/.venv/lib/python3.12/site-packages/web3/_utils/normalizers.py:202: in abi_address_to_hex
    validate_address(data)
        data       = '0x5fbdb2315678afecb367f032d93f642f64180aa3'
        type_str   = 'address'
/home/user/passthrough/.venv/lib/python3.12/site-packages/web3/_utils/validation.py:201: in validate_address
    raise InvalidAddress(
E   web3.exceptions.InvalidAddress: ('web3.py only accepts checksum addresses. The software that gave you this non-checksum address should be considered unsafe, please file it as a bug on their platform. Try using an ENS name instead. Or, if you must accept lower safety, use Web3.to_checksum_address(lower_case_address).', '0x5fbdb2315678afecb367f032d93f642f64180aa3')
        value      = '0x5fbdb2315678afecb367f032d93f642f64180aa3'
_____________ ERROR at setup of test_centralized_admin_management ______________
/home/user/passthrough/.venv/lib/python3.12/site-packages/_pytest/runner.py:344: in from_call
    result: TResult | None = func()
                             ^^^^^^
        cls        = <class '_pytest.runner.CallInfo'>
        duration   = Duration(start=Instant(time=1763228728.1623147, perf_count=289.354842106), stop=Instant(time=1763228728.2329793, perf_count=289.425506528))
        excinfo    = <ExceptionInfo InvalidAddress('web3.py only accepts checksum addresses. The software that gave you this non-checksum a...wer safety, use Web3.to_checksum_address(lower_case_address).', '0x5fbdb2315678afecb367f032d93f642f64180aa3') tblen=44>
        func       = <function call_and_report.<locals>.<lambda> at 0x7eb6c1e994e0>
        instant    = Instant(time=1763228728.1623147, perf_count=289.354842106)
        reraise    = (<class '_pytest.outcomes.Exit'>, <class 'KeyboardInterrupt'>)
        result     = None
        when       = 'setup'
/home/user/passthrough/.venv/lib/python3.12/site-packages/_pytest/runner.py:246: in <lambda>
    lambda: runtest_hook(item=item, **kwds), when=when, reraise=reraise
            ^^^^^^^^^^^^^^^^^^^^^^^^^^^^^^^
        item       = <Function test_centralized_admin_management>
        kwds       = {}
        runtest_hook = <HookCaller 'pytest_runtest_setup'>
/home/user/passthrough/.venv/lib/python3.12/site-packages/pluggy/_hooks.py:512: in __call__
    return self._hookexec(self.name, self._hookimpls.copy(), kwargs, firstresult)
           ^^^^^^^^^^^^^^^^^^^^^^^^^^^^^^^^^^^^^^^^^^^^^^^^^^^^^^^^^^^^^^^^^^^^^^
        firstresult = False
        kwargs     = {'item': <Function test_centralized_admin_management>}
        self       = <HookCaller 'pytest_runtest_setup'>
/home/user/passthrough/.venv/lib/python3.12/site-packages/pluggy/_manager.py:120: in _hookexec
    return self._inner_hookexec(hook_name, methods, kwargs, firstresult)
           ^^^^^^^^^^^^^^^^^^^^^^^^^^^^^^^^^^^^^^^^^^^^^^^^^^^^^^^^^^^^^
        firstresult = False
        hook_name  = 'pytest_runtest_setup'
        kwargs     = {'item': <Function test_centralized_admin_management>}
        methods    = [<HookImpl plugin_name='threadexception', plugin=<module '_pytest.threadexception' from '/home/user/passthrough/.venv/...pper name='/dev/null' mode='r' encoding='utf-8'>> _state='suspended' _in_suspended=False> _capture_fixture=None>>, ...]
        self       = <_pytest.config.PytestPluginManager object at 0x7eb6f1460f50>
/home/user/passthrough/.venv/lib/python3.12/site-packages/pluggy/_callers.py:167: in _multicall
    raise exception
        __tracebackhide__ = True
        args       = [<Function test_centralized_admin_management>]
        caller_kwargs = {'item': <Function test_centralized_admin_management>}
        exception  = InvalidAddress('web3.py only accepts checksum addresses. The software that gave you this non-checksum address should b... accept lower safety, use Web3.to_checksum_address(lower_case_address).', '0x5fbdb2315678afecb367f032d93f642f64180aa3')
        firstresult = False
        function_gen = <generator object CaptureManager.pytest_runtest_setup at 0x7eb6c1e72340>
        hook_impl  = <HookImpl plugin_name='runner', plugin=<module '_pytest.runner' from '/home/user/passthrough/.venv/lib/python3.12/site-packages/_pytest/runner.py'>>
        hook_impls = [<HookImpl plugin_name='threadexception', plugin=<module '_pytest.threadexception' from '/home/user/passthrough/.venv/...pper name='/dev/null' mode='r' encoding='utf-8'>> _state='suspended' _in_suspended=False> _capture_fixture=None>>, ...]
        hook_name  = 'pytest_runtest_setup'
        res        = None
        result     = []
        results    = []
        teardown   = <generator object LoggingPlugin.pytest_runtest_setup at 0x7eb6c1e89120>
        teardowns  = [<generator object LoggingPlugin.pytest_runtest_setup at 0x7eb6c1e89120>, <generator object CaptureManager.pytest_runtest_setup at 0x7eb6c1e72340>]
/home/user/passthrough/.venv/lib/python3.12/site-packages/pluggy/_callers.py:139: in _multicall
    teardown.throw(exception)
        __tracebackhide__ = True
        args       = [<Function test_centralized_admin_management>]
        caller_kwargs = {'item': <Function test_centralized_admin_management>}
        exception  = InvalidAddress('web3.py only accepts checksum addresses. The software that gave you this non-checksum address should b... accept lower safety, use Web3.to_checksum_address(lower_case_address).', '0x5fbdb2315678afecb367f032d93f642f64180aa3')
        firstresult = False
        function_gen = <generator object CaptureManager.pytest_runtest_setup at 0x7eb6c1e72340>
        hook_impl  = <HookImpl plugin_name='runner', plugin=<module '_pytest.runner' from '/home/user/passthrough/.venv/lib/python3.12/site-packages/_pytest/runner.py'>>
        hook_impls = [<HookImpl plugin_name='threadexception', plugin=<module '_pytest.threadexception' from '/home/user/passthrough/.venv/...pper name='/dev/null' mode='r' encoding='utf-8'>> _state='suspended' _in_suspended=False> _capture_fixture=None>>, ...]
        hook_name  = 'pytest_runtest_setup'
        res        = None
        result     = []
        results    = []
        teardown   = <generator object LoggingPlugin.pytest_runtest_setup at 0x7eb6c1e89120>
        teardowns  = [<generator object LoggingPlugin.pytest_runtest_setup at 0x7eb6c1e89120>, <generator object CaptureManager.pytest_runtest_setup at 0x7eb6c1e72340>]
/home/user/passthrough/.venv/lib/python3.12/site-packages/_pytest/logging.py:843: in pytest_runtest_setup
    yield
        empty      = {'setup': []}
        item       = <Function test_centralized_admin_management>
        self       = <_pytest.logging.LoggingPlugin object at 0x7eb6ee3dcf20>
/home/user/passthrough/.venv/lib/python3.12/site-packages/pluggy/_callers.py:139: in _multicall
    teardown.throw(exception)
        __tracebackhide__ = True
        args       = [<Function test_centralized_admin_management>]
        caller_kwargs = {'item': <Function test_centralized_admin_management>}
        exception  = InvalidAddress('web3.py only accepts checksum addresses. The software that gave you this non-checksum address should b... accept lower safety, use Web3.to_checksum_address(lower_case_address).', '0x5fbdb2315678afecb367f032d93f642f64180aa3')
        firstresult = False
        function_gen = <generator object CaptureManager.pytest_runtest_setup at 0x7eb6c1e72340>
        hook_impl  = <HookImpl plugin_name='runner', plugin=<module '_pytest.runner' from '/home/user/passthrough/.venv/lib/python3.12/site-packages/_pytest/runner.py'>>
        hook_impls = [<HookImpl plugin_name='threadexception', plugin=<module '_pytest.threadexception' from '/home/user/passthrough/.venv/...pper name='/dev/null' mode='r' encoding='utf-8'>> _state='suspended' _in_suspended=False> _capture_fixture=None>>, ...]
        hook_name  = 'pytest_runtest_setup'
        res        = None
        result     = []
        results    = []
        teardown   = <generator object LoggingPlugin.pytest_runtest_setup at 0x7eb6c1e89120>
        teardowns  = [<generator object LoggingPlugin.pytest_runtest_setup at 0x7eb6c1e89120>, <generator object CaptureManager.pytest_runtest_setup at 0x7eb6c1e72340>]
/home/user/passthrough/.venv/lib/python3.12/site-packages/_pytest/capture.py:895: in pytest_runtest_setup
    return (yield)
            ^^^^^
        item       = <Function test_centralized_admin_management>
        self       = <CaptureManager _method='fd' _global_capturing=<MultiCapture out=<FDCapture 1 oldfd=5 _state='suspended' tmpfile=<_io....xtIOWrapper name='/dev/null' mode='r' encoding='utf-8'>> _state='suspended' _in_suspended=False> _capture_fixture=None>
/home/user/passthrough/.venv/lib/python3.12/site-packages/pluggy/_callers.py:121: in _multicall
    res = hook_impl.function(*args)
          ^^^^^^^^^^^^^^^^^^^^^^^^^
        __tracebackhide__ = True
        args       = [<Function test_centralized_admin_management>]
        caller_kwargs = {'item': <Function test_centralized_admin_management>}
        exception  = InvalidAddress('web3.py only accepts checksum addresses. The software that gave you this non-checksum address should b... accept lower safety, use Web3.to_checksum_address(lower_case_address).', '0x5fbdb2315678afecb367f032d93f642f64180aa3')
        firstresult = False
        function_gen = <generator object CaptureManager.pytest_runtest_setup at 0x7eb6c1e72340>
        hook_impl  = <HookImpl plugin_name='runner', plugin=<module '_pytest.runner' from '/home/user/passthrough/.venv/lib/python3.12/site-packages/_pytest/runner.py'>>
        hook_impls = [<HookImpl plugin_name='threadexception', plugin=<module '_pytest.threadexception' from '/home/user/passthrough/.venv/...pper name='/dev/null' mode='r' encoding='utf-8'>> _state='suspended' _in_suspended=False> _capture_fixture=None>>, ...]
        hook_name  = 'pytest_runtest_setup'
        res        = None
        result     = []
        results    = []
        teardown   = <generator object LoggingPlugin.pytest_runtest_setup at 0x7eb6c1e89120>
        teardowns  = [<generator object LoggingPlugin.pytest_runtest_setup at 0x7eb6c1e89120>, <generator object CaptureManager.pytest_runtest_setup at 0x7eb6c1e72340>]
/home/user/passthrough/.venv/lib/python3.12/site-packages/_pytest/runner.py:164: in pytest_runtest_setup
    item.session._setupstate.setup(item)
        item       = <Function test_centralized_admin_management>
/home/user/passthrough/.venv/lib/python3.12/site-packages/_pytest/runner.py:514: in setup
    col.setup()
        col        = <Function test_centralized_admin_management>
        finalizers = [<bound method Node.teardown of <Module test_factory_integration.py>>]
        item       = <Function test_centralized_admin_management>
        needed_collectors = [<Session  exitstatus=<ExitCode.OK: 0> testsfailed=19 testscollected=19>, <Dir passthrough>, <Dir tests>, <Module test_factory_integration.py>, <Function test_centralized_admin_management>]
        self       = <_pytest.runner.SetupState object at 0x7eb6ee3c72c0>
/home/user/passthrough/.venv/lib/python3.12/site-packages/_pytest/python.py:1674: in setup
    self._request._fillfixtures()
        self       = <Function test_centralized_admin_management>
/home/user/passthrough/.venv/lib/python3.12/site-packages/_pytest/fixtures.py:720: in _fillfixtures
    item.funcargs[argname] = self.getfixturevalue(argname)
                             ^^^^^^^^^^^^^^^^^^^^^^^^^^^^^
        argname    = 'blueprint'
        item       = <Function test_centralized_admin_management>
        self       = <FixtureRequest for <Function test_centralized_admin_management>>
/home/user/passthrough/.venv/lib/python3.12/site-packages/_pytest/fixtures.py:549: in getfixturevalue
    fixturedef = self._get_active_fixturedef(argname)
                 ^^^^^^^^^^^^^^^^^^^^^^^^^^^^^^^^^^^^
        argname    = 'blueprint'
        self       = <FixtureRequest for <Function test_centralized_admin_management>>
/home/user/passthrough/.venv/lib/python3.12/site-packages/_pytest/fixtures.py:640: in _get_active_fixturedef
    fixturedef.execute(request=subrequest)
        argname    = 'blueprint'
        callspec   = None
        fixturedef = <FixtureDef argname='blueprint' scope='function' baseid='tests/test_factory_integration.py'>
        fixturedefs = (<FixtureDef argname='blueprint' scope='function' baseid='tests/test_factory_integration.py'>,)
        index      = -1
        param      = <NotSetType.token: 0>
        param_index = 0
        scope      = <Scope.Function: 'function'>
        self       = <FixtureRequest for <Function test_centralized_admin_management>>
        subrequest = <SubRequest 'blueprint' for <Function test_centralized_admin_management>>
/home/user/passthrough/.venv/lib/python3.12/site-packages/_pytest/fixtures.py:1128: in execute
    result = ihook.pytest_fixture_setup(fixturedef=self, request=request)
             ^^^^^^^^^^^^^^^^^^^^^^^^^^^^^^^^^^^^^^^^^^^^^^^^^^^^^^^^^^^^
        argname    = 'owner'
        finalizer  = functools.partial(<bound method FixtureDef.finish of <FixtureDef argname='blueprint' scope='function' baseid='tests/test_factory_integration.py'>>, request=<SubRequest 'blueprint' for <Function test_centralized_admin_management>>)
        fixturedef = <FixtureDef argname='owner' scope='function' baseid='tests/test_factory_integration.py'>
        ihook      = <_pytest.config.compat.PathAwareHookProxy object at 0x7eb6f15e2e40>
        parent_fixture = <FixtureDef argname='owner' scope='function' baseid='tests/test_factory_integration.py'>
        request    = <SubRequest 'blueprint' for <Function test_centralized_admin_management>>
        requested_fixtures_that_should_finalize_us = [<FixtureDef argname='owner' scope='function' baseid='tests/test_factory_integration.py'>]
        self       = <FixtureDef argname='blueprint' scope='function' baseid='tests/test_factory_integration.py'>
/home/user/passthrough/.venv/lib/python3.12/site-packages/pluggy/_hooks.py:512: in __call__
    return self._hookexec(self.name, self._hookimpls.copy(), kwargs, firstresult)
           ^^^^^^^^^^^^^^^^^^^^^^^^^^^^^^^^^^^^^^^^^^^^^^^^^^^^^^^^^^^^^^^^^^^^^^
        firstresult = True
        kwargs     = {'fixturedef': <FixtureDef argname='blueprint' scope='function' baseid='tests/test_factory_integration.py'>, 'request': <SubRequest 'blueprint' for <Function test_centralized_admin_management>>}
        self       = <HookCaller 'pytest_fixture_setup'>
/home/user/passthrough/.venv/lib/python3.12/site-packages/pluggy/_manager.py:120: in _hookexec
    return self._inner_hookexec(hook_name, methods, kwargs, firstresult)
           ^^^^^^^^^^^^^^^^^^^^^^^^^^^^^^^^^^^^^^^^^^^^^^^^^^^^^^^^^^^^^
        firstresult = True
        hook_name  = 'pytest_fixture_setup'
        kwargs     = {'fixturedef': <FixtureDef argname='blueprint' scope='function' baseid='tests/test_factory_integration.py'>, 'request': <SubRequest 'blueprint' for <Function test_centralized_admin_management>>}
        methods    = [<HookImpl plugin_name='fixtures', plugin=<module '_pytest.fixtures' from '/home/user/passthrough/.venv/lib/python3.12...in=<module '_pytest.setuponly' from '/home/user/passthrough/.venv/lib/python3.12/site-packages/_pytest/setuponly.py'>>]
        self       = <_pytest.config.PytestPluginManager object at 0x7eb6f1460f50>
/home/user/passthrough/.venv/lib/python3.12/site-packages/pluggy/_callers.py:167: in _multicall
    raise exception
        __tracebackhide__ = True
        args       = [<FixtureDef argname='blueprint' scope='function' baseid='tests/test_factory_integration.py'>, <SubRequest 'blueprint' for <Function test_centralized_admin_management>>]
        caller_kwargs = {'fixturedef': <FixtureDef argname='blueprint' scope='function' baseid='tests/test_factory_integration.py'>, 'request': <SubRequest 'blueprint' for <Function test_centralized_admin_management>>}
        exception  = InvalidAddress('web3.py only accepts checksum addresses. The software that gave you this non-checksum address should b... accept lower safety, use Web3.to_checksum_address(lower_case_address).', '0x5fbdb2315678afecb367f032d93f642f64180aa3')
        firstresult = True
        function_gen = <generator object pytest_fixture_setup at 0x7eb6c1e8b100>
        hook_impl  = <HookImpl plugin_name='fixtures', plugin=<module '_pytest.fixtures' from '/home/user/passthrough/.venv/lib/python3.12/site-packages/_pytest/fixtures.py'>>
        hook_impls = [<HookImpl plugin_name='fixtures', plugin=<module '_pytest.fixtures' from '/home/user/passthrough/.venv/lib/python3.12...in=<module '_pytest.setuponly' from '/home/user/passthrough/.venv/lib/python3.12/site-packages/_pytest/setuponly.py'>>]
        hook_name  = 'pytest_fixture_setup'
        res        = None
        result     = None
        results    = []
        teardown   = <generator object pytest_fixture_setup at 0x7eb6c1e8b100>
        teardowns  = [<generator object pytest_fixture_setup at 0x7eb6c1e8b100>]
/home/user/passthrough/.venv/lib/python3.12/site-packages/pluggy/_callers.py:139: in _multicall
    teardown.throw(exception)
        __tracebackhide__ = True
        args       = [<FixtureDef argname='blueprint' scope='function' baseid='tests/test_factory_integration.py'>, <SubRequest 'blueprint' for <Function test_centralized_admin_management>>]
        caller_kwargs = {'fixturedef': <FixtureDef argname='blueprint' scope='function' baseid='tests/test_factory_integration.py'>, 'request': <SubRequest 'blueprint' for <Function test_centralized_admin_management>>}
        exception  = InvalidAddress('web3.py only accepts checksum addresses. The software that gave you this non-checksum address should b... accept lower safety, use Web3.to_checksum_address(lower_case_address).', '0x5fbdb2315678afecb367f032d93f642f64180aa3')
        firstresult = True
        function_gen = <generator object pytest_fixture_setup at 0x7eb6c1e8b100>
        hook_impl  = <HookImpl plugin_name='fixtures', plugin=<module '_pytest.fixtures' from '/home/user/passthrough/.venv/lib/python3.12/site-packages/_pytest/fixtures.py'>>
        hook_impls = [<HookImpl plugin_name='fixtures', plugin=<module '_pytest.fixtures' from '/home/user/passthrough/.venv/lib/python3.12...in=<module '_pytest.setuponly' from '/home/user/passthrough/.venv/lib/python3.12/site-packages/_pytest/setuponly.py'>>]
        hook_name  = 'pytest_fixture_setup'
        res        = None
        result     = None
        results    = []
        teardown   = <generator object pytest_fixture_setup at 0x7eb6c1e8b100>
        teardowns  = [<generator object pytest_fixture_setup at 0x7eb6c1e8b100>]
/home/user/passthrough/.venv/lib/python3.12/site-packages/_pytest/setuponly.py:36: in pytest_fixture_setup
    return (yield)
            ^^^^^
        fixturedef = <FixtureDef argname='blueprint' scope='function' baseid='tests/test_factory_integration.py'>
        request    = <SubRequest 'blueprint' for <Function test_centralized_admin_management>>
/home/user/passthrough/.venv/lib/python3.12/site-packages/pluggy/_callers.py:121: in _multicall
    res = hook_impl.function(*args)
          ^^^^^^^^^^^^^^^^^^^^^^^^^
        __tracebackhide__ = True
        args       = [<FixtureDef argname='blueprint' scope='function' baseid='tests/test_factory_integration.py'>, <SubRequest 'blueprint' for <Function test_centralized_admin_management>>]
        caller_kwargs = {'fixturedef': <FixtureDef argname='blueprint' scope='function' baseid='tests/test_factory_integration.py'>, 'request': <SubRequest 'blueprint' for <Function test_centralized_admin_management>>}
        exception  = InvalidAddress('web3.py only accepts checksum addresses. The software that gave you this non-checksum address should b... accept lower safety, use Web3.to_checksum_address(lower_case_address).', '0x5fbdb2315678afecb367f032d93f642f64180aa3')
        firstresult = True
        function_gen = <generator object pytest_fixture_setup at 0x7eb6c1e8b100>
        hook_impl  = <HookImpl plugin_name='fixtures', plugin=<module '_pytest.fixtures' from '/home/user/passthrough/.venv/lib/python3.12/site-packages/_pytest/fixtures.py'>>
        hook_impls = [<HookImpl plugin_name='fixtures', plugin=<module '_pytest.fixtures' from '/home/user/passthrough/.venv/lib/python3.12...in=<module '_pytest.setuponly' from '/home/user/passthrough/.venv/lib/python3.12/site-packages/_pytest/setuponly.py'>>]
        hook_name  = 'pytest_fixture_setup'
        res        = None
        result     = None
        results    = []
        teardown   = <generator object pytest_fixture_setup at 0x7eb6c1e8b100>
        teardowns  = [<generator object pytest_fixture_setup at 0x7eb6c1e8b100>]
/home/user/passthrough/.venv/lib/python3.12/site-packages/_pytest/fixtures.py:1196: in pytest_fixture_setup
    result = call_fixture_func(fixturefunc, request, kwargs)
             ^^^^^^^^^^^^^^^^^^^^^^^^^^^^^^^^^^^^^^^^^^^^^^^
        argname    = 'owner'
        fixturedef = <FixtureDef argname='blueprint' scope='function' baseid='tests/test_factory_integration.py'>
        fixturefunc = <function blueprint at 0x7eb6c2107060>
        kwargs     = {'owner': <TestAccount_0 0xf39Fd6e51aad88F6F4ce6aB8827279cffFb92266>}
        my_cache_key = None
        request    = <SubRequest 'blueprint' for <Function test_centralized_admin_management>>
/home/user/passthrough/.venv/lib/python3.12/site-packages/_pytest/fixtures.py:930: in call_fixture_func
    fixture_result = fixturefunc(**kwargs)
                     ^^^^^^^^^^^^^^^^^^^^^
        fixturefunc = <function blueprint at 0x7eb6c2107060>
        kwargs     = {'owner': <TestAccount_0 0xf39Fd6e51aad88F6F4ce6aB8827279cffFb92266>}
        request    = <SubRequest 'blueprint' for <Function test_centralized_admin_management>>
/home/user/passthrough/tests/test_factory_integration.py:41: in blueprint
    return deploy_blueprint(project.Passthrough, owner)
           ^^^^^^^^^^^^^^^^^^^^^^^^^^^^^^^^^^^^^^^^^^^^
        deploy_blueprint = <function deploy_blueprint at 0x7eb6f115fce0>
        owner      = <TestAccount_0 0xf39Fd6e51aad88F6F4ce6aB8827279cffFb92266>
/home/user/passthrough/tests/conftest.py:60: in deploy_blueprint
    runtime_bytecode = web3.eth.get_code(temp_address)
                       ^^^^^^^^^^^^^^^^^^^^^^^^^^^^^^^
        contract_container = <Passthrough>
        contract_type = <ContractType Passthrough>
        init_code  = '0x611b865150346103a2576020611f645f395f51600a602082611f64015f395f51116103a257602081611f64015f395f515f81600a81116103a25...401aa1855820852887320f0d404c27938a631eb6e7268477bf82e4f8608ee65c859a4d311bf9191b8681183e1820a1657679706572830004030038'
        keccak     = <function keccak at 0x7eb6f0fd5b20>
        nonce      = 0
        receipt    = AttributeDict({'blockHash': HexBytes('0xd5e85a054b91ba3c3f74152927686c139c63e542e493124639daabba5e4a171a'), 'blockNumb...sh': HexBytes('0x7af2175882a71fa8813fe5cb44583488df1652a3771d2041153745d27500e163'), 'transactionIndex': 0, 'type': 0})
        rlp        = <module 'rlp' from '/home/user/passthrough/.venv/lib/python3.12/site-packages/rlp/__init__.py'>
        rlp_encoded = b'\xd6\x94\xf3\x9f\xd6\xe5\x1a\xad\x88\xf6\xf4\xcej\xb8\x82ry\xcf\xff\xb9"f\x80'
        sender     = <TestAccount_0 0xf39Fd6e51aad88F6F4ce6aB8827279cffFb92266>
        temp_address = '0x5fbdb2315678afecb367f032d93f642f64180aa3'
        to_checksum_address = <function to_checksum_address at 0x7eb6f107d4e0>
        tx_dict    = {'data': '0x611b865150346103a2576020611f645f395f51600a602082611f64015f395f51116103a257602081611f64015f395f515f81600a81...706572830004030038', 'from': '0xf39Fd6e51aad88F6F4ce6aB8827279cffFb92266', 'gas': 3000000, 'gasPrice': 1000000000, ...}
        tx_hash    = HexBytes('0x7af2175882a71fa8813fe5cb44583488df1652a3771d2041153745d27500e163')
        web3       = <web3.main.Web3 object at 0x7eb6c234e4b0>
/home/user/passthrough/.venv/lib/python3.12/site-packages/web3/eth/eth.py:455: in get_code
    return self._get_code(account, block_identifier)
           ^^^^^^^^^^^^^^^^^^^^^^^^^^^^^^^^^^^^^^^^^
        account    = '0x5fbdb2315678afecb367f032d93f642f64180aa3'
        block_identifier = None
        self       = <web3.eth.eth.Eth object at 0x7eb6c1e167b0>
/home/user/passthrough/.venv/lib/python3.12/site-packages/web3/module.py:101: in caller
    (method_str, params), response_formatters = method.process_params(
        args       = ('0x5fbdb2315678afecb367f032d93f642f64180aa3', None)
        kwargs     = {}
        method     = <web3.method.Method object at 0x7eb6f1443320>
        module     = <web3.eth.eth.Eth object at 0x7eb6c1e167b0>
        w3         = <web3.main.Web3 object at 0x7eb6c234e4b0>
/home/user/passthrough/.venv/lib/python3.12/site-packages/web3/method.py:237: in process_params
    _apply_request_formatters(params, self.request_formatters(method)),
    ^^^^^^^^^^^^^^^^^^^^^^^^^^^^^^^^^^^^^^^^^^^^^^^^^^^^^^^^^^^^^^^^^^
        args       = ('0x5fbdb2315678afecb367f032d93f642f64180aa3', None)
        kwargs     = {}
        method     = 'eth_getCode'
        module     = <web3.eth.eth.Eth object at 0x7eb6c1e167b0>
        params     = ('0x5fbdb2315678afecb367f032d93f642f64180aa3', 'latest')
        response_formatters = (<class 'hexbytes.main.HexBytes'>, <cyfunction identity at 0x7eb6f0ec1840>, <cyfunction identity at 0x7eb6f0ec1840>)
        self       = <web3.method.Method object at 0x7eb6f1443320>
/home/user/passthrough/.venv/lib/python3.12/site-packages/eth_utils/functional.py:47: in inner
    return callback(fn(*args, **kwargs))
                    ^^^^^^^^^^^^^^^^^^^
        args       = (('0x5fbdb2315678afecb367f032d93f642f64180aa3', 'latest'), Compose(<function map_abi_data at 0x7eb6eed50d60>, <function apply_formatter_at_index at 0x7eb6f0e9b7e0>))
        callback   = <class 'tuple'>
        fn         = <function _apply_request_formatters at 0x7eb6ee874400>
        kwargs     = {}
/home/user/passthrough/.venv/lib/python3.12/site-packages/web3/method.py:64: in _apply_request_formatters
    formatted_params = pipe(params, request_formatters)
                       ^^^^^^^^^^^^^^^^^^^^^^^^^^^^^^^^
        params     = ('0x5fbdb2315678afecb367f032d93f642f64180aa3', 'latest')
        request_formatters = Compose(<function map_abi_data at 0x7eb6eed50d60>, <function apply_formatter_at_index at 0x7eb6f0e9b7e0>)
/home/user/passthrough/.venv/lib/python3.12/site-packages/web3/_utils/abi.py:613: in map_abi_data
    return pipe(
        data       = ('0x5fbdb2315678afecb367f032d93f642f64180aa3', 'latest')
        normalizers = [<function abi_bytes_to_hex at 0x7eb6eed6dc60>, <function abi_int_to_hex at 0x7eb6eed6de40>, <function abi_string_to_hex at 0x7eb6eed6df80>, <function abi_address_to_hex at 0x7eb6eed6e3e0>]
        types      = ['address', None]
/home/user/passthrough/.venv/lib/python3.12/site-packages/web3/_utils/abi.py:655: in data_tree_map
    return recursive_map(map_to_typed_data, data_tree)
           ^^^^^^^^^^^^^^^^^^^^^^^^^^^^^^^^^^^^^^^^^^^
        data_tree  = [ABITypedData(abi_type='address', data='0x5fbdb2315678afecb367f032d93f642f64180aa3'), ABITypedData(abi_type=None, data='latest')]
        func       = <function abi_address_to_hex at 0x7eb6eed6e3e0>
        map_to_typed_data = <function data_tree_map.<locals>.map_to_typed_data at 0x7eb6c1e998a0>
/home/user/passthrough/.venv/lib/python3.12/site-packages/web3/_utils/decorators.py:38: in wrapped
    return to_wrap(*args)
           ^^^^^^^^^^^^^^
        add_call   = <built-in method add of set object at 0x7eb6eeee0ba0>
        already_called = set()
        args       = (<function data_tree_map.<locals>.map_to_typed_data at 0x7eb6c1e998a0>, [ABITypedData(abi_type='address', data='0x5fbdb2315678afecb367f032d93f642f64180aa3'), ABITypedData(abi_type=None, data='latest')])
        remove_call = <built-in method remove of set object at 0x7eb6eeee0ba0>
        thread_local_args = (139324213223552, 139323402459296, 139323382613632)
        to_wrap    = <function recursive_map at 0x7eb6eecfef20>
/home/user/passthrough/.venv/lib/python3.12/site-packages/web3/_utils/formatters.py:89: in recursive_map
    items_mapped = map_collection(recurse, data)
                   ^^^^^^^^^^^^^^^^^^^^^^^^^^^^^
        data       = [ABITypedData(abi_type='address', data='0x5fbdb2315678afecb367f032d93f642f64180aa3'), ABITypedData(abi_type=None, data='latest')]
        func       = <function data_tree_map.<locals>.map_to_typed_data at 0x7eb6c1e998a0>
        recurse    = <function recursive_map.<locals>.recurse at 0x7eb6c1e9bf60>
/home/user/passthrough/.venv/lib/python3.12/site-packages/web3/_utils/formatters.py:73: in map_collection
    return datatype(map(func, collection))
           ^^^^^^^^^^^^^^^^^^^^^^^^^^^^^^^
        collection = [ABITypedData(abi_type='address', data='0x5fbdb2315678afecb367f032d93f642f64180aa3'), ABITypedData(abi_type=None, data='latest')]
        datatype   = <class 'list'>
        func       = <function recursive_map.<locals>.recurse at 0x7eb6c1e9bf60>
/home/user/passthrough/.venv/lib/python3.12/site-packages/web3/_utils/formatters.py:87: in recurse
    return recursive_map(func, item)
           ^^^^^^^^^^^^^^^^^^^^^^^^^
        func       = <function data_tree_map.<locals>.map_to_typed_data at 0x7eb6c1e998a0>
        item       = ABITypedData(abi_type='address', data='0x5fbdb2315678afecb367f032d93f642f64180aa3')
/home/user/passthrough/.venv/lib/python3.12/site-packages/web3/_utils/decorators.py:38: in wrapped
    return to_wrap(*args)
           ^^^^^^^^^^^^^^
        add_call   = <built-in method add of set object at 0x7eb6eeee0ba0>
        already_called = set()
        args       = (<function data_tree_map.<locals>.map_to_typed_data at 0x7eb6c1e998a0>, ABITypedData(abi_type='address', data='0x5fbdb2315678afecb367f032d93f642f64180aa3'))
        remove_call = <built-in method remove of set object at 0x7eb6eeee0ba0>
        thread_local_args = (139324213223552, 139323402459296, 139323384525872)
        to_wrap    = <function recursive_map at 0x7eb6eecfef20>
/home/user/passthrough/.venv/lib/python3.12/site-packages/web3/_utils/formatters.py:90: in recursive_map
    return func(items_mapped)
           ^^^^^^^^^^^^^^^^^^
        data       = ABITypedData(abi_type='address', data='0x5fbdb2315678afecb367f032d93f642f64180aa3')
        func       = <function data_tree_map.<locals>.map_to_typed_data at 0x7eb6c1e998a0>
        items_mapped = ABITypedData(abi_type='address', data='0x5fbdb2315678afecb367f032d93f642f64180aa3')
        recurse    = <function recursive_map.<locals>.recurse at 0x7eb6c1e9aca0>
/home/user/passthrough/.venv/lib/python3.12/site-packages/web3/_utils/abi.py:651: in map_to_typed_data
    return ABITypedData(func(*elements))
                        ^^^^^^^^^^^^^^^
        elements   = ABITypedData(abi_type='address', data='0x5fbdb2315678afecb367f032d93f642f64180aa3')
        func       = <function abi_address_to_hex at 0x7eb6eed6e3e0>
/home/user/passthrough/.venv/lib/python3.12/site-packages/web3/_utils/normalizers.py:79: in wrapper
    modified = to_wrap(type_str, data)
               ^^^^^^^^^^^^^^^^^^^^^^^
        data       = '0x5fbdb2315678afecb367f032d93f642f64180aa3'
        to_wrap    = <function abi_address_to_hex at 0x7eb6eed6e340>
        type_str   = 'address'
/home/user/passthrough/.venv/lib/python3.12/site-packages/web3/_utils/normalizers.py:202: in abi_address_to_hex
    validate_address(data)
        data       = '0x5fbdb2315678afecb367f032d93f642f64180aa3'
        type_str   = 'address'
/home/user/passthrough/.venv/lib/python3.12/site-packages/web3/_utils/validation.py:201: in validate_address
    raise InvalidAddress(
E   web3.exceptions.InvalidAddress: ('web3.py only accepts checksum addresses. The software that gave you this non-checksum address should be considered unsafe, please file it as a bug on their platform. Try using an ENS name instead. Or, if you must accept lower safety, use Web3.to_checksum_address(lower_case_address).', '0x5fbdb2315678afecb367f032d93f642f64180aa3')
        value      = '0x5fbdb2315678afecb367f032d93f642f64180aa3'
=========================== short test summary info ============================
ERROR tests/test_factory.py::test_factory_deployment - web3.exceptions.Invali...
ERROR tests/test_factory.py::test_create_passthrough - web3.exceptions.Invali...
ERROR tests/test_factory.py::test_multiple_passthroughs - web3.exceptions.Inv...
ERROR tests/test_factory.py::test_passthrough_functionality - web3.exceptions...
ERROR tests/test_factory.py::test_set_blueprint - web3.exceptions.InvalidAddr...
ERROR tests/test_factory.py::test_set_ownership_admin - web3.exceptions.Inval...
ERROR tests/test_factory.py::test_set_parameter_admin - web3.exceptions.Inval...
ERROR tests/test_factory.py::test_transfer_ownership - web3.exceptions.Invali...
ERROR tests/test_factory.py::test_transfer_ownership_access_control - web3.ex...
ERROR tests/test_factory.py::test_transfer_ownership_zero_address - web3.exce...
ERROR tests/test_factory.py::test_get_passthrough_out_of_bounds - web3.except...
ERROR tests/test_factory.py::test_anyone_can_create_passthrough - web3.except...
ERROR tests/test_factory.py::test_passthrough_shares_factory_admins - web3.ex...
ERROR tests/test_factory.py::test_admin_change_affects_new_passthroughs - web...
ERROR tests/test_factory_integration.py::test_deploy_multiple_gauges_scenario
ERROR tests/test_factory_integration.py::test_factory_gas_savings - web3.exce...
ERROR tests/test_factory_integration.py::test_upgrade_blueprint_and_deploy - ...
ERROR tests/test_factory_integration.py::test_batch_deployment_simulation - w...
ERROR tests/test_factory_integration.py::test_centralized_admin_management - ...
============================= 19 errors in 13.94s ==============================
